nohup: ignoring input
wandb: [wandb.login()] Loaded credentials for https://api.wandb.ai from /home/gauranshi/.netrc.
wandb: Currently logged in as: anant-jain (dcll-iiitd) to https://api.wandb.ai. Use `wandb login --relogin` to force relogin
wandb: WARNING Using a boolean value for 'reinit' is deprecated. Use 'return_previous' or 'finish_previous' instead.
wandb: setting up run j2dh678t
wandb: Tracking run with wandb version 0.28.2
wandb: Run data is saved locally in /mnt/disk1/slakshna/atlas_opt/wandb/run-20260922_142650-j2dh678t
wandb: Run `wandb offline` to turn off syncing.
wandb: Syncing run muon_sam_frob
wandb: ⭐️ View project at https://wandb.ai/dcll-iiitd/CIFAR10-CNN-Optimizers
wandb: 🚀 View run at https://wandb.ai/dcll-iiitd/CIFAR10-CNN-Optimizers/runs/j2dh678t
wandb: updating run metadata
wandb: uploading output.log; uploading wandb-summary.json; uploading config.yaml
wandb: uploading history steps 6-6, summary, console lines 11-11
wandb: 
wandb: Run history:
wandb:          epoch ▁▂▃▅▆▇█
wandb:         time_s █▂▁▁▁▁▁
wandb: train/accuracy ▁▃▅▆▇██
wandb:     train/loss █▇▅▃▂▂▁
wandb:   val/accuracy ▁▄▅▆▇██
wandb:       val/loss █▆▄▃▂▁▁
wandb: val/perplexity ▁▁▁▁▁▁▁
wandb: 
wandb: Run summary:
wandb:          epoch 7
wandb:         time_s 24.27369
wandb: train/accuracy 38.764
wandb:     train/loss 0.67359
wandb:   val/accuracy 77.16
wandb:       val/loss 0.66057
wandb: val/perplexity 0
wandb: 
wandb: 🚀 View run muon_sam_frob at: https://wandb.ai/dcll-iiitd/CIFAR10-CNN-Optimizers/runs/j2dh678t
wandb: ⭐️ View project at: https://wandb.ai/dcll-iiitd/CIFAR10-CNN-Optimizers
wandb: Synced 5 W&B file(s), 0 media file(s), 0 artifact file(s) and 0 other file(s)
wandb: Find logs at: ./wandb/run-20260922_142650-j2dh678t/logs
wandb: setting up run v9fm0jdw
wandb: Tracking run with wandb version 0.28.2
wandb: Run data is saved locally in /mnt/disk1/slakshna/atlas_opt/wandb/run-20260922_143015-v9fm0jdw
wandb: Run `wandb offline` to turn off syncing.
wandb: Syncing run muon_sam_stale
wandb: ⭐️ View project at https://wandb.ai/dcll-iiitd/CIFAR10-CNN-Optimizers
wandb: 🚀 View run at https://wandb.ai/dcll-iiitd/CIFAR10-CNN-Optimizers/runs/v9fm0jdw
wandb: updating run metadata
wandb: uploading output.log; uploading wandb-summary.json; uploading config.yaml
wandb: uploading config.yaml
wandb: uploading history steps 6-6, summary, console lines 11-11
wandb: 
wandb: Run history:
wandb:          epoch ▁▂▃▅▆▇█
wandb:         time_s ▇▂▁▂▄▅█
wandb: train/accuracy ▁▃▅▆▇██
wandb:     train/loss █▇▅▃▂▂▁
wandb:   val/accuracy ▁▄▅▆▇██
wandb:       val/loss █▆▄▃▂▁▁
wandb: val/perplexity ▁▁▁▁▁▁▁
wandb: 
wandb: Run summary:
wandb:          epoch 7
wandb:         time_s 22.48053
wandb: train/accuracy 38.639
wandb:     train/loss 0.67712
wandb:   val/accuracy 76.61
wandb:       val/loss 0.67464
wandb: val/perplexity 0
wandb: 
wandb: 🚀 View run muon_sam_stale at: https://wandb.ai/dcll-iiitd/CIFAR10-CNN-Optimizers/runs/v9fm0jdw
wandb: ⭐️ View project at: https://wandb.ai/dcll-iiitd/CIFAR10-CNN-Optimizers
wandb: Synced 5 W&B file(s), 0 media file(s), 0 artifact file(s) and 0 other file(s)
wandb: Find logs at: ./wandb/run-20260922_143015-v9fm0jdw/logs

>>> Running Benchmark for Optimizers: ['muon_sam_frob', 'muon_sam_stale'] across 1 configs <<<


######################################################################
# Config: cifar10_cnn | Optimizer: MUON_SAM_FROB | Epochs: 7
######################################################################
  Instantiating Airbench CNN (num_classes=10)...
  Loading CIFAR-10 vision dataset...
  CIFAR-10 Train: 50,000 | Val: 10,000

  Starting training [cifar10_cnn] with optimizer [muon_sam_frob] for 7 epochs...
  [MUON_SAM_FROB] Epoch  1/7 | Train Loss: 2.3937 | Train Acc: 5.50% | Val Loss: 2.3693 | Val Acc: 10.60% | Time: 25.5s
  [MUON_SAM_FROB] Epoch  2/7 | Train Loss: 2.0717 | Train Acc: 13.98% | Val Loss: 1.8535 | Val Acc: 36.93% | Time: 24.5s
  [MUON_SAM_FROB] Epoch  3/7 | Train Loss: 1.6173 | Train Acc: 22.94% | Val Loss: 1.4109 | Val Acc: 51.26% | Time: 24.3s
  [MUON_SAM_FROB] Epoch  4/7 | Train Loss: 1.2364 | Train Acc: 29.13% | Val Loss: 1.0965 | Val Acc: 62.00% | Time: 24.3s
  [MUON_SAM_FROB] Epoch  5/7 | Train Loss: 0.9751 | Train Acc: 33.58% | Val Loss: 0.8920 | Val Acc: 69.09% | Time: 24.3s
  [MUON_SAM_FROB] Epoch  6/7 | Train Loss: 0.7992 | Train Acc: 36.52% | Val Loss: 0.7654 | Val Acc: 73.20% | Time: 24.3s
  [MUON_SAM_FROB] Epoch  7/7 | Train Loss: 0.6736 | Train Acc: 38.76% | Val Loss: 0.6606 | Val Acc: 77.16% | Time: 24.3s

######################################################################
# Config: cifar10_cnn | Optimizer: MUON_SAM_STALE | Epochs: 7
######################################################################
  Instantiating Airbench CNN (num_classes=10)...
  Loading CIFAR-10 vision dataset...
  CIFAR-10 Train: 50,000 | Val: 10,000

  Starting training [cifar10_cnn] with optimizer [muon_sam_stale] for 7 epochs...
  [MUON_SAM_STALE] Epoch  1/7 | Train Loss: 2.4041 | Train Acc: 5.41% | Val Loss: 2.3694 | Val Acc: 10.57% | Time: 22.4s
  [MUON_SAM_STALE] Epoch  2/7 | Train Loss: 2.0773 | Train Acc: 13.82% | Val Loss: 1.8568 | Val Acc: 37.01% | Time: 22.3s
  [MUON_SAM_STALE] Epoch  3/7 | Train Loss: 1.6192 | Train Acc: 22.92% | Val Loss: 1.4152 | Val Acc: 51.25% | Time: 22.2s
  [MUON_SAM_STALE] Epoch  4/7 | Train Loss: 1.2384 | Train Acc: 29.11% | Val Loss: 1.1166 | Val Acc: 60.91% | Time: 22.3s
  [MUON_SAM_STALE] Epoch  5/7 | Train Loss: 0.9769 | Train Acc: 33.48% | Val Loss: 0.9030 | Val Acc: 68.50% | Time: 22.3s
  [MUON_SAM_STALE] Epoch  6/7 | Train Loss: 0.8022 | Train Acc: 36.45% | Val Loss: 0.7788 | Val Acc: 72.61% | Time: 22.4s
  [MUON_SAM_STALE] Epoch  7/7 | Train Loss: 0.6771 | Train Acc: 38.64% | Val Loss: 0.6746 | Val Acc: 76.61% | Time: 22.5s

  [Single CSV Saved]: logs/cifar10_cnn_logs.csv
  [Unified Comparison Plot Saved]: logs/cifar10_cnn_plot.png

================================================================================
                      ALL BENCHMARKS COMPLETED SUCCESSFULLY
================================================================================
  cifar10_cnn                         | Opt: muon_sam_frob  | Loss: 0.6736 | Val Acc (%)   : 77.16 | Time: 171.4s
  cifar10_cnn                         | Opt: muon_sam_stale | Loss: 0.6771 | Val Acc (%)   : 76.61 | Time: 156.3s

Detailed master summary saved to logs/all_experiments_summary.csv
================================================================================

