nohup: ignoring input
wandb: [wandb.login()] Loaded credentials for https://api.wandb.ai from /home/gauranshi/.netrc.
wandb: Currently logged in as: anant-jain (dcll-iiitd) to https://api.wandb.ai. Use `wandb login --relogin` to force relogin
wandb: WARNING Using a boolean value for 'reinit' is deprecated. Use 'return_previous' or 'finish_previous' instead.
wandb: setting up run 2bujdb7j
wandb: Tracking run with wandb version 0.28.2
wandb: Run data is saved locally in /mnt/disk1/slakshna/atlas_opt/wandb/run-20260923_131007-2bujdb7j
wandb: Run `wandb offline` to turn off syncing.
wandb: Syncing run fsam_muon
wandb: ⭐️ View project at https://wandb.ai/dcll-iiitd/NanoGPT-FineWeb-Optimizers
wandb: 🚀 View run at https://wandb.ai/dcll-iiitd/NanoGPT-FineWeb-Optimizers/runs/2bujdb7j
2026-09-23 13:10:10.344487: E external/local_xla/xla/stream_executor/cuda/cuda_fft.cc:467] Unable to register cuFFT factory: Attempting to register factory for plugin cuFFT when one has already been registered
WARNING: All log messages before absl::InitializeLog() is called are written to STDERR
E0000 00:00:1790169010.367587  736574 cuda_dnn.cc:8579] Unable to register cuDNN factory: Attempting to register factory for plugin cuDNN when one has already been registered
E0000 00:00:1790169010.375239  736574 cuda_blas.cc:1407] Unable to register cuBLAS factory: Attempting to register factory for plugin cuBLAS when one has already been registered
W0000 00:00:1790169010.393994  736574 computation_placer.cc:177] computation placer already registered. Please check linkage and avoid linking the same target more than once.
W0000 00:00:1790169010.394046  736574 computation_placer.cc:177] computation placer already registered. Please check linkage and avoid linking the same target more than once.
W0000 00:00:1790169010.394051  736574 computation_placer.cc:177] computation placer already registered. Please check linkage and avoid linking the same target more than once.
W0000 00:00:1790169010.394055  736574 computation_placer.cc:177] computation placer already registered. Please check linkage and avoid linking the same target more than once.
2026-09-23 13:10:10.398944: I tensorflow/core/platform/cpu_feature_guard.cc:210] This TensorFlow binary is optimized to use available CPU instructions in performance-critical operations.
To enable the following instructions: AVX2 FMA, in other operations, rebuild TensorFlow with the appropriate compiler flags.
Token indices sequence length is longer than the specified maximum sequence length for this model (1055 > 1024). Running this sequence through the model will result in indexing errors
`loss_type=None` was set in the config but it is unrecognized. Using the default loss: `ForCausalLMLoss`.
wandb: updating run metadata
wandb: uploading wandb-summary.json; uploading config.yaml
wandb: uploading wandb-summary.json; uploading config.yaml; uploading history steps 14-14, summary, console lines 21-21
wandb: uploading wandb-summary.json; uploading config.yaml
wandb: 
wandb: Run history:
wandb:          epoch ▁▁▂▃▃▃▄▅▅▅▆▇▇▇█
wandb:         time_s ██▆▆▅▄▆▆▅▆▆▆▆▂▁
wandb: train/accuracy ▁▂▄▄▅▅▅▆▆▆▇▇▇██
wandb:     train/loss █▇▆▅▄▄▃▃▂▂▂▂▁▁▁
wandb:   val/accuracy ▁▃▄▄▅▅▅▆▆▆▇▇▇██
wandb:       val/loss █▇▅▅▄▄▃▃▂▂▂▂▁▁▁
wandb: val/perplexity █▆▃▂▁▁▁▁▁▁▁▁▁▁▁
wandb: 
wandb: Run summary:
wandb:          epoch 15
wandb:         time_s 1471.4494
wandb: train/accuracy 27.42827
wandb:     train/loss 4.43331
wandb:   val/accuracy 29.05113
wandb:       val/loss 4.25012
wandb: val/perplexity 70.11407
wandb: 
wandb: 🚀 View run fsam_muon at: https://wandb.ai/dcll-iiitd/NanoGPT-FineWeb-Optimizers/runs/2bujdb7j
wandb: ⭐️ View project at: https://wandb.ai/dcll-iiitd/NanoGPT-FineWeb-Optimizers
wandb: Synced 5 W&B file(s), 0 media file(s), 0 artifact file(s) and 0 other file(s)
wandb: Find logs at: ./wandb/run-20260923_131007-2bujdb7j/logs

>>> Running Benchmark for Optimizers: ['fsam_muon'] across 1 configs <<<


######################################################################
# Config: nanogpt_fineweb | Optimizer: FSAM_MUON | Epochs: 15
######################################################################
  Loading CPT model architecture: gpt2 in bfloat16...
  Streaming CPT corpus: HuggingFaceFW/fineweb-edu (sample-10BT) (max_len=512)...
  Streaming DataLoaders ready.

  Starting training [nanogpt_fineweb] with optimizer [fsam_muon] for 15 epochs...
  [FSAM_MUON   ] Epoch  1/15 | Train Loss: 11.0214 | Train Acc: 0.00% | Val Loss: 11.0258 | Val Acc: 0.00% | Time: 1482.0s
  [FSAM_MUON   ] Epoch  2/15 | Train Loss: 10.2427 | Train Acc: 4.88% | Val Loss: 9.5903 | Val Acc: 7.78% | Time: 1481.2s
  [FSAM_MUON   ] Epoch  3/15 | Train Loss: 8.9953 | Train Acc: 10.46% | Val Loss: 8.5242 | Val Acc: 12.37% | Time: 1479.5s
  [FSAM_MUON   ] Epoch  4/15 | Train Loss: 8.1182 | Train Acc: 13.41% | Val Loss: 7.8116 | Val Acc: 14.42% | Time: 1479.2s
  [FSAM_MUON   ] Epoch  5/15 | Train Loss: 7.5144 | Train Acc: 14.84% | Val Loss: 7.2639 | Val Acc: 15.63% | Time: 1478.1s
  [FSAM_MUON   ] Epoch  6/15 | Train Loss: 7.0240 | Train Acc: 15.87% | Val Loss: 6.7868 | Val Acc: 16.67% | Time: 1476.0s
  [FSAM_MUON   ] Epoch  7/15 | Train Loss: 6.5875 | Train Acc: 16.97% | Val Loss: 6.3542 | Val Acc: 17.83% | Time: 1478.7s
  [FSAM_MUON   ] Epoch  8/15 | Train Loss: 6.1906 | Train Acc: 18.12% | Val Loss: 5.9603 | Val Acc: 19.11% | Time: 1478.8s
  [FSAM_MUON   ] Epoch  9/15 | Train Loss: 5.8263 | Train Acc: 19.43% | Val Loss: 5.5990 | Val Acc: 20.61% | Time: 1477.7s
  [FSAM_MUON   ] Epoch 10/15 | Train Loss: 5.4994 | Train Acc: 20.94% | Val Loss: 5.2766 | Val Acc: 22.33% | Time: 1478.6s
  [FSAM_MUON   ] Epoch 11/15 | Train Loss: 5.2124 | Train Acc: 22.45% | Val Loss: 5.0080 | Val Acc: 23.72% | Time: 1478.9s
  [FSAM_MUON   ] Epoch 12/15 | Train Loss: 4.9723 | Train Acc: 23.82% | Val Loss: 4.7774 | Val Acc: 25.27% | Time: 1479.4s
  [FSAM_MUON   ] Epoch 13/15 | Train Loss: 4.7689 | Train Acc: 25.09% | Val Loss: 4.5792 | Val Acc: 26.60% | Time: 1478.4s
  [FSAM_MUON   ] Epoch 14/15 | Train Loss: 4.5901 | Train Acc: 26.30% | Val Loss: 4.4040 | Val Acc: 27.85% | Time: 1473.6s
  [FSAM_MUON   ] Epoch 15/15 | Train Loss: 4.4333 | Train Acc: 27.43% | Val Loss: 4.2501 | Val Acc: 29.05% | Time: 1471.4s

  [Single CSV Saved]: logs/nanogpt_fineweb_logs.csv
  [Unified Comparison Plot Saved]: logs/nanogpt_fineweb_plot.png

================================================================================
                      ALL BENCHMARKS COMPLETED SUCCESSFULLY
================================================================================
  nanogpt_fineweb                     | Opt: fsam_muon      | Loss: 4.4333 | Perplexity    : 70.11 | Time: 22171.7s

Detailed master summary saved to logs/all_experiments_summary.csv
================================================================================

