nohup: ignoring input
wandb: [wandb.login()] Loaded credentials for https://api.wandb.ai from /home/gauranshi/.netrc.
wandb: Currently logged in as: anant-jain (dcll-iiitd) to https://api.wandb.ai. Use `wandb login --relogin` to force relogin
wandb: WARNING Using a boolean value for 'reinit' is deprecated. Use 'return_previous' or 'finish_previous' instead.
wandb: setting up run cddvyzdr
wandb: Tracking run with wandb version 0.28.2
wandb: Run data is saved locally in /mnt/disk1/slakshna/atlas_opt/wandb/run-20260923_131025-cddvyzdr
wandb: Run `wandb offline` to turn off syncing.
wandb: Syncing run fsam_muon
wandb: ⭐️ View project at https://wandb.ai/dcll-iiitd/Pythia70M-Fineweb-optimizers
wandb: 🚀 View run at https://wandb.ai/dcll-iiitd/Pythia70M-Fineweb-optimizers/runs/cddvyzdr
2026-09-23 13:10:27.514183: E external/local_xla/xla/stream_executor/cuda/cuda_fft.cc:467] Unable to register cuFFT factory: Attempting to register factory for plugin cuFFT when one has already been registered
WARNING: All log messages before absl::InitializeLog() is called are written to STDERR
E0000 00:00:1790169027.535915  736961 cuda_dnn.cc:8579] Unable to register cuDNN factory: Attempting to register factory for plugin cuDNN when one has already been registered
E0000 00:00:1790169027.543083  736961 cuda_blas.cc:1407] Unable to register cuBLAS factory: Attempting to register factory for plugin cuBLAS when one has already been registered
W0000 00:00:1790169027.561195  736961 computation_placer.cc:177] computation placer already registered. Please check linkage and avoid linking the same target more than once.
W0000 00:00:1790169027.561240  736961 computation_placer.cc:177] computation placer already registered. Please check linkage and avoid linking the same target more than once.
W0000 00:00:1790169027.561245  736961 computation_placer.cc:177] computation placer already registered. Please check linkage and avoid linking the same target more than once.
W0000 00:00:1790169027.561249  736961 computation_placer.cc:177] computation placer already registered. Please check linkage and avoid linking the same target more than once.
2026-09-23 13:10:27.566022: I tensorflow/core/platform/cpu_feature_guard.cc:210] This TensorFlow binary is optimized to use available CPU instructions in performance-critical operations.
To enable the following instructions: AVX2 FMA, in other operations, rebuild TensorFlow with the appropriate compiler flags.
wandb: updating run metadata
wandb: uploading output.log; uploading wandb-summary.json; uploading config.yaml
wandb: uploading output.log; uploading wandb-summary.json
wandb: uploading history steps 13-13, summary, console lines 18-18
wandb: 
wandb: Run history:
wandb:          epoch ▁▂▂▃▃▄▄▅▅▆▆▇▇█
wandb:         time_s ▆▁▄▄▆▄▄▄█▅▄▄▆▅
wandb: train/accuracy ▁▂▄▄▅▅▅▅▆▆▇▇██
wandb:     train/loss ██▆▅▄▄▃▃▂▂▂▁▁▁
wandb:   val/accuracy ▁▄▄▄▅▅▅▆▆▇▇▇██
wandb:       val/loss █▇▆▅▄▄▃▃▂▂▂▁▁▁
wandb: val/perplexity ██▃▂▁▁▁▁▁▁▁▁▁▁
wandb: 
wandb: Run summary:
wandb:          epoch 14
wandb:         time_s 516.17593
wandb: train/accuracy 28.67454
wandb:     train/loss 4.36887
wandb:   val/accuracy 29.23728
wandb:       val/loss 4.29347
wandb: val/perplexity 73.2198
wandb: 
wandb: 🚀 View run fsam_muon at: https://wandb.ai/dcll-iiitd/Pythia70M-Fineweb-optimizers/runs/cddvyzdr
wandb: ⭐️ View project at: https://wandb.ai/dcll-iiitd/Pythia70M-Fineweb-optimizers
wandb: Synced 5 W&B file(s), 0 media file(s), 0 artifact file(s) and 0 other file(s)
wandb: Find logs at: ./wandb/run-20260923_131025-cddvyzdr/logs

>>> Running Benchmark for Optimizers: ['fsam_muon'] across 1 configs <<<


######################################################################
# Config: pythia70m_pretrain_chinchilla | Optimizer: FSAM_MUON | Epochs: 14
######################################################################
  Loading CPT model architecture: EleutherAI/pythia-70m in bfloat16...
  Streaming CPT corpus: HuggingFaceFW/fineweb-edu (sample-10BT) (max_len=512)...
  Streaming DataLoaders ready.

  Starting training [pythia70m_pretrain_chinchilla] with optimizer [fsam_muon] for 14 epochs...
  [FSAM_MUON   ] Epoch  1/14 | Train Loss: 10.9548 | Train Acc: 0.00% | Val Loss: 10.9574 | Val Acc: 0.00% | Time: 517.4s
  [FSAM_MUON   ] Epoch  2/14 | Train Loss: 10.5011 | Train Acc: 5.88% | Val Loss: 10.0934 | Val Acc: 10.61% | Time: 512.0s
  [FSAM_MUON   ] Epoch  3/14 | Train Loss: 9.3911 | Train Acc: 11.98% | Val Loss: 8.8768 | Val Acc: 12.75% | Time: 515.6s
  [FSAM_MUON   ] Epoch  4/14 | Train Loss: 8.3646 | Train Acc: 13.59% | Val Loss: 8.0141 | Val Acc: 14.06% | Time: 515.0s
  [FSAM_MUON   ] Epoch  5/14 | Train Loss: 7.6431 | Train Acc: 14.73% | Val Loss: 7.3895 | Val Acc: 15.09% | Time: 517.3s
  [FSAM_MUON   ] Epoch  6/14 | Train Loss: 7.0794 | Train Acc: 15.77% | Val Loss: 6.8633 | Val Acc: 16.20% | Time: 515.8s
  [FSAM_MUON   ] Epoch  7/14 | Train Loss: 6.5950 | Train Acc: 16.86% | Val Loss: 6.4069 | Val Acc: 17.39% | Time: 515.2s
  [FSAM_MUON   ] Epoch  8/14 | Train Loss: 6.1618 | Train Acc: 18.31% | Val Loss: 5.9781 | Val Acc: 19.08% | Time: 516.0s
  [FSAM_MUON   ] Epoch  9/14 | Train Loss: 5.7320 | Train Acc: 20.32% | Val Loss: 5.5483 | Val Acc: 21.17% | Time: 520.2s
  [FSAM_MUON   ] Epoch 10/14 | Train Loss: 5.3416 | Train Acc: 22.32% | Val Loss: 5.1961 | Val Acc: 22.98% | Time: 516.3s
  [FSAM_MUON   ] Epoch 11/14 | Train Loss: 5.0261 | Train Acc: 24.04% | Val Loss: 4.9093 | Val Acc: 24.68% | Time: 515.4s
  [FSAM_MUON   ] Epoch 12/14 | Train Loss: 4.7678 | Train Acc: 25.64% | Val Loss: 4.6735 | Val Acc: 26.16% | Time: 515.7s
  [FSAM_MUON   ] Epoch 13/14 | Train Loss: 4.5552 | Train Acc: 27.15% | Val Loss: 4.4725 | Val Acc: 27.75% | Time: 517.6s
  [FSAM_MUON   ] Epoch 14/14 | Train Loss: 4.3689 | Train Acc: 28.67% | Val Loss: 4.2935 | Val Acc: 29.24% | Time: 516.2s

  [Single CSV Saved]: logs/pythia70m_pretrain_chinchilla_logs.csv
  [Unified Comparison Plot Saved]: logs/pythia70m_pretrain_chinchilla_plot.png

================================================================================
                      ALL BENCHMARKS COMPLETED SUCCESSFULLY
================================================================================
  pythia70m_pretrain_chinchilla       | Opt: fsam_muon      | Loss: 4.3689 | Perplexity    : 73.22 | Time: 7225.4s

Detailed master summary saved to logs/all_experiments_summary.csv
================================================================================

