nohup: ignoring input
wandb: [wandb.login()] Loaded credentials for https://api.wandb.ai from /home/gauranshi/.netrc.
wandb: Currently logged in as: anant-jain (dcll-iiitd) to https://api.wandb.ai. Use `wandb login --relogin` to force relogin
wandb: WARNING Using a boolean value for 'reinit' is deprecated. Use 'return_previous' or 'finish_previous' instead.
wandb: setting up run ldswb3n0
wandb: Tracking run with wandb version 0.28.2
wandb: Run data is saved locally in /mnt/disk1/slakshna/atlas_opt/wandb/run-20260923_123110-ldswb3n0
wandb: Run `wandb offline` to turn off syncing.
wandb: Syncing run fsam_muon
wandb: ⭐️ View project at https://wandb.ai/dcll-iiitd/CIFAR10-CNN-Optimizers
wandb: 🚀 View run at https://wandb.ai/dcll-iiitd/CIFAR10-CNN-Optimizers/runs/ldswb3n0
wandb: updating run metadata
wandb: uploading config.yaml; uploading output.log; uploading wandb-summary.json
wandb: uploading output.log; uploading wandb-summary.json
wandb: uploading history steps 6-6, summary, console lines 11-11
wandb: 
wandb: Run history:
wandb:          epoch ▁▂▃▅▆▇█
wandb:         time_s █▂▂▁▂▁▁
wandb: train/accuracy ▁▃▄▆▇▇█
wandb:     train/loss █▇▅▄▂▂▁
wandb:   val/accuracy ▁▄▅▆▇██
wandb:       val/loss █▆▄▃▂▁▁
wandb: val/perplexity ▁▁▁▁▁▁▁
wandb: 
wandb: Run summary:
wandb:          epoch 7
wandb:         time_s 24.26634
wandb: train/accuracy 37.425
wandb:     train/loss 0.74932
wandb:   val/accuracy 74.62
wandb:       val/loss 0.71973
wandb: val/perplexity 0
wandb: 
wandb: 🚀 View run fsam_muon at: https://wandb.ai/dcll-iiitd/CIFAR10-CNN-Optimizers/runs/ldswb3n0
wandb: ⭐️ View project at: https://wandb.ai/dcll-iiitd/CIFAR10-CNN-Optimizers
wandb: Synced 5 W&B file(s), 0 media file(s), 0 artifact file(s) and 0 other file(s)
wandb: Find logs at: ./wandb/run-20260923_123110-ldswb3n0/logs

>>> Running Benchmark for Optimizers: ['fsam_muon'] across 1 configs <<<


######################################################################
# Config: cifar10_cnn | Optimizer: FSAM_MUON | Epochs: 7
######################################################################
  Instantiating Airbench CNN (num_classes=10)...
  Loading CIFAR-10 vision dataset...
  CIFAR-10 Train: 50,000 | Val: 10,000

  Starting training [cifar10_cnn] with optimizer [fsam_muon] for 7 epochs...
  [FSAM_MUON   ] Epoch  1/7 | Train Loss: 2.3937 | Train Acc: 5.50% | Val Loss: 2.3690 | Val Acc: 10.65% | Time: 25.3s
  [FSAM_MUON   ] Epoch  2/7 | Train Loss: 2.1269 | Train Acc: 12.71% | Val Loss: 1.9351 | Val Acc: 34.71% | Time: 24.4s
  [FSAM_MUON   ] Epoch  3/7 | Train Loss: 1.7163 | Train Acc: 21.43% | Val Loss: 1.5261 | Val Acc: 47.62% | Time: 24.3s
  [FSAM_MUON   ] Epoch  4/7 | Train Loss: 1.3538 | Train Acc: 27.30% | Val Loss: 1.2068 | Val Acc: 58.16% | Time: 24.3s
  [FSAM_MUON   ] Epoch  5/7 | Train Loss: 1.0753 | Train Acc: 31.96% | Val Loss: 0.9741 | Val Acc: 66.51% | Time: 24.4s
  [FSAM_MUON   ] Epoch  6/7 | Train Loss: 0.8859 | Train Acc: 35.11% | Val Loss: 0.8292 | Val Acc: 71.27% | Time: 24.3s
  [FSAM_MUON   ] Epoch  7/7 | Train Loss: 0.7493 | Train Acc: 37.42% | Val Loss: 0.7197 | Val Acc: 74.62% | Time: 24.3s

  [Single CSV Saved]: logs/cifar10_cnn_logs.csv
  [Unified Comparison Plot Saved]: logs/cifar10_cnn_plot.png

================================================================================
                      ALL BENCHMARKS COMPLETED SUCCESSFULLY
================================================================================
  cifar10_cnn                         | Opt: fsam_muon      | Loss: 0.7493 | Val Acc (%)   : 74.62 | Time: 171.3s

Detailed master summary saved to logs/all_experiments_summary.csv
================================================================================

