nohup: ignoring input

>>> Running Benchmark for Optimizers: ['sgd'] across 1 configs <<<


######################################################################
# Config: cifar10_cnn | Optimizer: SGD | Epochs: 7
######################################################################
wandb: [wandb.login()] Loaded credentials for https://api.wandb.ai from /home/gauranshi/.netrc.
wandb: Currently logged in as: anant-jain (dcll-iiitd) to https://api.wandb.ai. Use `wandb login --relogin` to force relogin
wandb: WARNING Using a boolean value for 'reinit' is deprecated. Use 'return_previous' or 'finish_previous' instead.
wandb: setting up run pc1zrhda
wandb: Tracking run with wandb version 0.28.2
wandb: Run data is saved locally in /mnt/disk1/slakshna/atlas_opt/wandb/run-20260922_101603-pc1zrhda
wandb: Run `wandb offline` to turn off syncing.
wandb: Syncing run sgd
wandb: ⭐️ View project at https://wandb.ai/dcll-iiitd/CIFAR10-CNN-Optimizers
wandb: 🚀 View run at https://wandb.ai/dcll-iiitd/CIFAR10-CNN-Optimizers/runs/pc1zrhda
  Instantiating Airbench CNN (num_classes=10)...
  Loading CIFAR-10 vision dataset...
  CIFAR-10 Train: 50,000 | Val: 10,000

  Starting training [cifar10_cnn] with optimizer [sgd] for 7 epochs...
  [SGD         ] Epoch  1/7 | Train Loss: 2.3937 | Train Acc: 11.01% | Val Loss: 2.3690 | Val Acc: 10.69% | Time: 23.5s
  [SGD         ] Epoch  2/7 | Train Loss: 1.8267 | Train Acc: 34.52% | Val Loss: 1.6567 | Val Acc: 39.70% | Time: 22.1s
  [SGD         ] Epoch  3/7 | Train Loss: 1.4700 | Train Acc: 48.05% | Val Loss: 1.3771 | Val Acc: 49.89% | Time: 22.0s
  [SGD         ] Epoch  4/7 | Train Loss: 1.2877 | Train Acc: 54.66% | Val Loss: 1.2608 | Val Acc: 54.74% | Time: 22.0s
  [SGD         ] Epoch  5/7 | Train Loss: 1.1904 | Train Acc: 58.33% | Val Loss: 1.1915 | Val Acc: 57.36% | Time: 22.1s
  [SGD         ] Epoch  6/7 | Train Loss: 1.1173 | Train Acc: 60.85% | Val Loss: 1.1621 | Val Acc: 58.23% | Time: 22.1s
  [SGD         ] Epoch  7/7 | Train Loss: 1.0571 | Train Acc: 62.96% | Val Loss: 1.1096 | Val Acc: 60.99% | Time: 22.0s
wandb: updating run metadata
wandb: uploading output.log; uploading wandb-summary.json; uploading config.yaml
wandb: uploading wandb-summary.json; uploading config.yaml
wandb: uploading history steps 6-6, summary, console lines 11-11
wandb: 
wandb: Run history:
wandb:          epoch ▁▂▃▅▆▇█
wandb:         time_s █▁▁▁▂▁▁
wandb: train/accuracy ▁▄▆▇▇██
wandb:     train/loss █▅▃▂▂▁▁
wandb:   val/accuracy ▁▅▆▇▇██
wandb:       val/loss █▄▂▂▁▁▁
wandb: val/perplexity ▁▁▁▁▁▁▁
wandb: 
wandb: Run summary:
wandb:          epoch 7
wandb:         time_s 21.99297
wandb: train/accuracy 62.964
wandb:     train/loss 1.05707
wandb:   val/accuracy 60.99
wandb:       val/loss 1.1096
wandb: val/perplexity 0
wandb: 
wandb: 🚀 View run sgd at: https://wandb.ai/dcll-iiitd/CIFAR10-CNN-Optimizers/runs/pc1zrhda
wandb: ⭐️ View project at: https://wandb.ai/dcll-iiitd/CIFAR10-CNN-Optimizers
wandb: Synced 5 W&B file(s), 0 media file(s), 0 artifact file(s) and 0 other file(s)
wandb: Find logs at: ./wandb/run-20260922_101603-pc1zrhda/logs

  [Single CSV Saved]: logs/cifar10_cnn_logs.csv
  [Unified Comparison Plot Saved]: logs/cifar10_cnn_plot.png

================================================================================
                      ALL BENCHMARKS COMPLETED SUCCESSFULLY
================================================================================
  cifar10_cnn                         | Opt: sgd            | Loss: 1.0571 | Val Acc (%)   : 60.99 | Time: 155.8s

Detailed master summary saved to logs/all_experiments_summary.csv
================================================================================

