nohup: ignoring input
wandb: [wandb.login()] Loaded credentials for https://api.wandb.ai from /home/gauranshi/.netrc.
wandb: Currently logged in as: anant-jain (dcll-iiitd) to https://api.wandb.ai. Use `wandb login --relogin` to force relogin
wandb: WARNING Using a boolean value for 'reinit' is deprecated. Use 'return_previous' or 'finish_previous' instead.
wandb: setting up run 2yvejs9b
wandb: Tracking run with wandb version 0.28.2
wandb: Run data is saved locally in /mnt/disk1/slakshna/atlas_opt/wandb/run-20260919_182308-2yvejs9b
wandb: Run `wandb offline` to turn off syncing.
wandb: Syncing run muon_sam
wandb: ⭐️ View project at https://wandb.ai/dcll-iiitd/CIFAR10-CNN-Optimizers
wandb: 🚀 View run at https://wandb.ai/dcll-iiitd/CIFAR10-CNN-Optimizers/runs/2yvejs9b
wandb: updating run metadata
wandb: uploading output.log; uploading wandb-summary.json; uploading config.yaml
wandb: uploading wandb-summary.json; uploading config.yaml
wandb: uploading history steps 6-6, summary, console lines 11-11
wandb: 
wandb: Run history:
wandb:          epoch ▁▂▃▅▆▇█
wandb:         time_s █▂▂▃▂▂▁
wandb: train/accuracy ▁▂▄▆▇▇█
wandb:     train/loss █▇▅▄▃▂▁
wandb:   val/accuracy ▁▃▅▆▇██
wandb:       val/loss █▆▅▃▂▂▁
wandb: val/perplexity ▁▁▁▁▁▁▁
wandb: 
wandb: Run summary:
wandb:          epoch 7
wandb:         time_s 24.53346
wandb: train/accuracy 34.671
wandb:     train/loss 0.91663
wandb:   val/accuracy 69.37
wandb:       val/loss 0.88122
wandb: val/perplexity 0
wandb: 
wandb: 🚀 View run muon_sam at: https://wandb.ai/dcll-iiitd/CIFAR10-CNN-Optimizers/runs/2yvejs9b
wandb: ⭐️ View project at: https://wandb.ai/dcll-iiitd/CIFAR10-CNN-Optimizers
wandb: Synced 5 W&B file(s), 0 media file(s), 0 artifact file(s) and 0 other file(s)
wandb: Find logs at: ./wandb/run-20260919_182308-2yvejs9b/logs

>>> Running Benchmark for Optimizers: ['muon_sam'] across 1 configs <<<


######################################################################
# Config: cifar10_cnn | Optimizer: MUON_SAM | Epochs: 7
######################################################################
  Instantiating Airbench CNN (num_classes=10)...
  Loading CIFAR-10 vision dataset...
  CIFAR-10 Train: 50,000 | Val: 10,000

  Starting training [cifar10_cnn] with optimizer [muon_sam] for 7 epochs...
  [MUON_SAM    ] Epoch  1/7 | Train Loss: 2.3937 | Train Acc: 5.50% | Val Loss: 2.3699 | Val Acc: 10.64% | Time: 25.6s
  [MUON_SAM    ] Epoch  2/7 | Train Loss: 2.1992 | Train Acc: 10.57% | Val Loss: 2.0475 | Val Acc: 29.59% | Time: 24.7s
  [MUON_SAM    ] Epoch  3/7 | Train Loss: 1.8516 | Train Acc: 19.24% | Val Loss: 1.6905 | Val Acc: 42.88% | Time: 24.7s
  [MUON_SAM    ] Epoch  4/7 | Train Loss: 1.5376 | Train Acc: 24.38% | Val Loss: 1.3923 | Val Acc: 51.99% | Time: 24.8s
  [MUON_SAM    ] Epoch  5/7 | Train Loss: 1.2658 | Train Acc: 28.85% | Val Loss: 1.1477 | Val Acc: 60.60% | Time: 24.7s
  [MUON_SAM    ] Epoch  6/7 | Train Loss: 1.0617 | Train Acc: 32.22% | Val Loss: 0.9908 | Val Acc: 65.92% | Time: 24.7s
  [MUON_SAM    ] Epoch  7/7 | Train Loss: 0.9166 | Train Acc: 34.67% | Val Loss: 0.8812 | Val Acc: 69.37% | Time: 24.5s

  [Single CSV Saved]: logs/cifar10_cnn_logs.csv
  [Unified Comparison Plot Saved]: logs/cifar10_cnn_plot.png

================================================================================
                      ALL BENCHMARKS COMPLETED SUCCESSFULLY
================================================================================
  cifar10_cnn                         | Opt: muon_sam       | Loss: 0.9166 | Val Acc (%)   : 69.37 | Time: 173.6s

Detailed master summary saved to logs/all_experiments_summary.csv
================================================================================

