nohup: ignoring input
wandb: [wandb.login()] Loaded credentials for https://api.wandb.ai from /home/gauranshi/.netrc.
wandb: Currently logged in as: anant-jain (dcll-iiitd) to https://api.wandb.ai. Use `wandb login --relogin` to force relogin
wandb: WARNING Using a boolean value for 'reinit' is deprecated. Use 'return_previous' or 'finish_previous' instead.
wandb: setting up run l1l4f278
wandb: Tracking run with wandb version 0.28.2
wandb: Run data is saved locally in /mnt/disk1/slakshna/atlas_opt/wandb/run-20260923_113117-l1l4f278
wandb: Run `wandb offline` to turn off syncing.
wandb: Syncing run sgd
wandb: ⭐️ View project at https://wandb.ai/dcll-iiitd/NanoGPT-FineWeb-Optimizers
wandb: 🚀 View run at https://wandb.ai/dcll-iiitd/NanoGPT-FineWeb-Optimizers/runs/l1l4f278
2026-09-23 11:31:18.940836: E external/local_xla/xla/stream_executor/cuda/cuda_fft.cc:467] Unable to register cuFFT factory: Attempting to register factory for plugin cuFFT when one has already been registered
WARNING: All log messages before absl::InitializeLog() is called are written to STDERR
E0000 00:00:1790163078.962563  716571 cuda_dnn.cc:8579] Unable to register cuDNN factory: Attempting to register factory for plugin cuDNN when one has already been registered
E0000 00:00:1790163078.969710  716571 cuda_blas.cc:1407] Unable to register cuBLAS factory: Attempting to register factory for plugin cuBLAS when one has already been registered
W0000 00:00:1790163078.987787  716571 computation_placer.cc:177] computation placer already registered. Please check linkage and avoid linking the same target more than once.
W0000 00:00:1790163078.987835  716571 computation_placer.cc:177] computation placer already registered. Please check linkage and avoid linking the same target more than once.
W0000 00:00:1790163078.987841  716571 computation_placer.cc:177] computation placer already registered. Please check linkage and avoid linking the same target more than once.
W0000 00:00:1790163078.987845  716571 computation_placer.cc:177] computation placer already registered. Please check linkage and avoid linking the same target more than once.
2026-09-23 11:31:18.992637: I tensorflow/core/platform/cpu_feature_guard.cc:210] This TensorFlow binary is optimized to use available CPU instructions in performance-critical operations.
To enable the following instructions: AVX2 FMA, in other operations, rebuild TensorFlow with the appropriate compiler flags.
Token indices sequence length is longer than the specified maximum sequence length for this model (1055 > 1024). Running this sequence through the model will result in indexing errors
`loss_type=None` was set in the config but it is unrecognized. Using the default loss: `ForCausalLMLoss`.
wandb: updating run metadata
wandb: uploading output.log; uploading wandb-summary.json; uploading config.yaml
wandb: uploading output.log; uploading config.yaml
wandb: uploading history steps 14-14, summary, console lines 21-21
wandb: 
wandb: Run history:
wandb:          epoch ▁▁▂▃▃▃▄▅▅▅▆▇▇▇█
wandb:         time_s ▄▁▅▄▅▄▄▅▆▇▇▆▇█▆
wandb: train/accuracy ▁▃▄▆▆▆▇▇▇▇▇████
wandb:     train/loss █▆▄▃▂▂▂▂▂▂▁▁▁▁▁
wandb:   val/accuracy ▁▄▅▆▆▆▇▇▇▇▇████
wandb:       val/loss █▄▃▃▂▂▂▂▂▂▁▁▁▁▁
wandb: val/perplexity █▄▂▂▂▁▁▁▁▁▁▁▁▁▁
wandb: 
wandb: Run summary:
wandb:          epoch 15
wandb:         time_s 772.43011
wandb: train/accuracy 13.21312
wandb:     train/loss 7.31386
wandb:   val/accuracy 13.60739
wandb:       val/loss 7.29542
wandb: val/perplexity 1473.53595
wandb: 
wandb: 🚀 View run sgd at: https://wandb.ai/dcll-iiitd/NanoGPT-FineWeb-Optimizers/runs/l1l4f278
wandb: ⭐️ View project at: https://wandb.ai/dcll-iiitd/NanoGPT-FineWeb-Optimizers
wandb: Synced 5 W&B file(s), 0 media file(s), 0 artifact file(s) and 0 other file(s)
wandb: Find logs at: ./wandb/run-20260923_113117-l1l4f278/logs

>>> Running Benchmark for Optimizers: ['sgd'] across 1 configs <<<


######################################################################
# Config: nanogpt_fineweb | Optimizer: SGD | Epochs: 15
######################################################################
  Loading CPT model architecture: gpt2 in bfloat16...
  Streaming CPT corpus: HuggingFaceFW/fineweb-edu (sample-10BT) (max_len=512)...
  Streaming DataLoaders ready.

  Starting training [nanogpt_fineweb] with optimizer [sgd] for 15 epochs...
  [SGD         ] Epoch  1/15 | Train Loss: 11.0215 | Train Acc: 0.00% | Val Loss: 11.0258 | Val Acc: 0.00% | Time: 771.0s
  [SGD         ] Epoch  2/15 | Train Loss: 9.8014 | Train Acc: 4.05% | Val Loss: 9.1382 | Val Acc: 5.15% | Time: 769.2s
  [SGD         ] Epoch  3/15 | Train Loss: 8.7290 | Train Acc: 6.55% | Val Loss: 8.4896 | Val Acc: 7.91% | Time: 771.7s
  [SGD         ] Epoch  4/15 | Train Loss: 8.2822 | Train Acc: 8.79% | Val Loss: 8.1870 | Val Acc: 9.39% | Time: 771.3s
  [SGD         ] Epoch  5/15 | Train Loss: 8.0659 | Train Acc: 9.67% | Val Loss: 8.0215 | Val Acc: 10.07% | Time: 771.6s
  [SGD         ] Epoch  6/15 | Train Loss: 7.9258 | Train Acc: 10.29% | Val Loss: 7.8943 | Val Acc: 10.63% | Time: 771.3s
  [SGD         ] Epoch  7/15 | Train Loss: 7.8143 | Train Acc: 10.77% | Val Loss: 7.7901 | Val Acc: 11.08% | Time: 770.9s
  [SGD         ] Epoch  8/15 | Train Loss: 7.7268 | Train Acc: 11.16% | Val Loss: 7.7082 | Val Acc: 11.47% | Time: 771.9s
  [SGD         ] Epoch  9/15 | Train Loss: 7.6517 | Train Acc: 11.49% | Val Loss: 7.6336 | Val Acc: 11.78% | Time: 772.6s
  [SGD         ] Epoch 10/15 | Train Loss: 7.5814 | Train Acc: 11.81% | Val Loss: 7.5630 | Val Acc: 12.13% | Time: 772.8s
  [SGD         ] Epoch 11/15 | Train Loss: 7.5168 | Train Acc: 12.12% | Val Loss: 7.4981 | Val Acc: 12.44% | Time: 772.7s
  [SGD         ] Epoch 12/15 | Train Loss: 7.4599 | Train Acc: 12.40% | Val Loss: 7.4430 | Val Acc: 12.72% | Time: 772.1s
  [SGD         ] Epoch 13/15 | Train Loss: 7.4111 | Train Acc: 12.66% | Val Loss: 7.3949 | Val Acc: 13.02% | Time: 772.9s
  [SGD         ] Epoch 14/15 | Train Loss: 7.3620 | Train Acc: 12.93% | Val Loss: 7.3438 | Val Acc: 13.37% | Time: 773.5s
  [SGD         ] Epoch 15/15 | Train Loss: 7.3139 | Train Acc: 13.21% | Val Loss: 7.2954 | Val Acc: 13.61% | Time: 772.4s

  [Single CSV Saved]: logs/nanogpt_fineweb_logs.csv
  [Unified Comparison Plot Saved]: logs/nanogpt_fineweb_plot.png

================================================================================
                      ALL BENCHMARKS COMPLETED SUCCESSFULLY
================================================================================
  nanogpt_fineweb                     | Opt: sgd            | Loss: 7.3139 | Perplexity    : 1473.54 | Time: 11577.9s

Detailed master summary saved to logs/all_experiments_summary.csv
================================================================================

