nohup: ignoring input

>>> Running Benchmark for Optimizers: ['sgd'] across 1 configs <<<


######################################################################
# Config: nanogpt_fineweb | Optimizer: SGD | Epochs: 15
######################################################################
wandb: [wandb.login()] Loaded credentials for https://api.wandb.ai from /home/gauranshi/.netrc.
wandb: Currently logged in as: anant-jain (dcll-iiitd) to https://api.wandb.ai. Use `wandb login --relogin` to force relogin
wandb: WARNING Using a boolean value for 'reinit' is deprecated. Use 'return_previous' or 'finish_previous' instead.
wandb: setting up run ua96gmkt
wandb: Tracking run with wandb version 0.28.2
wandb: Run data is saved locally in /mnt/disk1/slakshna/atlas_opt/wandb/run-20260922_101613-ua96gmkt
wandb: Run `wandb offline` to turn off syncing.
wandb: Syncing run sgd
wandb: ⭐️ View project at https://wandb.ai/dcll-iiitd/NanoGPT-FineWeb-Optimizers
wandb: 🚀 View run at https://wandb.ai/dcll-iiitd/NanoGPT-FineWeb-Optimizers/runs/ua96gmkt
  Loading CPT model architecture: gpt2 in bfloat16...
2026-09-22 10:16:16.437435: E external/local_xla/xla/stream_executor/cuda/cuda_fft.cc:467] Unable to register cuFFT factory: Attempting to register factory for plugin cuFFT when one has already been registered
WARNING: All log messages before absl::InitializeLog() is called are written to STDERR
E0000 00:00:1790072176.459423  530284 cuda_dnn.cc:8579] Unable to register cuDNN factory: Attempting to register factory for plugin cuDNN when one has already been registered
E0000 00:00:1790072176.466772  530284 cuda_blas.cc:1407] Unable to register cuBLAS factory: Attempting to register factory for plugin cuBLAS when one has already been registered
W0000 00:00:1790072176.485316  530284 computation_placer.cc:177] computation placer already registered. Please check linkage and avoid linking the same target more than once.
W0000 00:00:1790072176.485356  530284 computation_placer.cc:177] computation placer already registered. Please check linkage and avoid linking the same target more than once.
W0000 00:00:1790072176.485362  530284 computation_placer.cc:177] computation placer already registered. Please check linkage and avoid linking the same target more than once.
W0000 00:00:1790072176.485367  530284 computation_placer.cc:177] computation placer already registered. Please check linkage and avoid linking the same target more than once.
2026-09-22 10:16:16.490228: I tensorflow/core/platform/cpu_feature_guard.cc:210] This TensorFlow binary is optimized to use available CPU instructions in performance-critical operations.
To enable the following instructions: AVX2 FMA, in other operations, rebuild TensorFlow with the appropriate compiler flags.
  Streaming CPT corpus: HuggingFaceFW/fineweb-edu (sample-10BT) (max_len=512)...
  Streaming DataLoaders ready.

  Starting training [nanogpt_fineweb] with optimizer [sgd] for 15 epochs...
Token indices sequence length is longer than the specified maximum sequence length for this model (1055 > 1024). Running this sequence through the model will result in indexing errors
`loss_type=None` was set in the config but it is unrecognized. Using the default loss: `ForCausalLMLoss`.
  [SGD         ] Epoch  1/15 | Train Loss: 11.0215 | Train Acc: 0.00% | Val Loss: 11.0258 | Val Acc: 0.00% | Time: 767.7s
  [SGD         ] Epoch  2/15 | Train Loss: 9.8014 | Train Acc: 4.05% | Val Loss: 9.1383 | Val Acc: 5.16% | Time: 764.4s
  [SGD         ] Epoch  3/15 | Train Loss: 8.7290 | Train Acc: 6.55% | Val Loss: 8.4896 | Val Acc: 7.91% | Time: 766.1s
  [SGD         ] Epoch  4/15 | Train Loss: 8.2822 | Train Acc: 8.79% | Val Loss: 8.1870 | Val Acc: 9.39% | Time: 765.1s
  [SGD         ] Epoch  5/15 | Train Loss: 8.0659 | Train Acc: 9.67% | Val Loss: 8.0215 | Val Acc: 10.07% | Time: 765.6s
  [SGD         ] Epoch  6/15 | Train Loss: 7.9258 | Train Acc: 10.29% | Val Loss: 7.8943 | Val Acc: 10.63% | Time: 767.5s
  [SGD         ] Epoch  7/15 | Train Loss: 7.8143 | Train Acc: 10.77% | Val Loss: 7.7901 | Val Acc: 11.08% | Time: 765.7s
  [SGD         ] Epoch  8/15 | Train Loss: 7.7266 | Train Acc: 11.16% | Val Loss: 7.7079 | Val Acc: 11.48% | Time: 764.4s
  [SGD         ] Epoch  9/15 | Train Loss: 7.6509 | Train Acc: 11.50% | Val Loss: 7.6330 | Val Acc: 11.77% | Time: 768.0s
  [SGD         ] Epoch 10/15 | Train Loss: 7.5808 | Train Acc: 11.81% | Val Loss: 7.5622 | Val Acc: 12.15% | Time: 765.2s
  [SGD         ] Epoch 11/15 | Train Loss: 7.5175 | Train Acc: 12.12% | Val Loss: 7.4995 | Val Acc: 12.44% | Time: 764.7s
  [SGD         ] Epoch 12/15 | Train Loss: 7.4603 | Train Acc: 12.40% | Val Loss: 7.4429 | Val Acc: 12.73% | Time: 769.2s
  [SGD         ] Epoch 13/15 | Train Loss: 7.4102 | Train Acc: 12.66% | Val Loss: 7.3927 | Val Acc: 13.02% | Time: 765.7s
  [SGD         ] Epoch 14/15 | Train Loss: 7.3619 | Train Acc: 12.93% | Val Loss: 7.3449 | Val Acc: 13.33% | Time: 765.8s
  [SGD         ] Epoch 15/15 | Train Loss: 7.3141 | Train Acc: 13.21% | Val Loss: 7.2956 | Val Acc: 13.59% | Time: 766.4s
wandb: updating run metadata
wandb: uploading history steps 14-14, summary, console lines 21-21; uploading output.log; uploading wandb-summary.json; uploading config.yaml
wandb: uploading history steps 14-14, summary, console lines 21-21; uploading output.log; uploading wandb-summary.json
wandb: uploading data
wandb: 
wandb: Run history:
wandb:          epoch ▁▁▂▃▃▃▄▅▅▅▆▇▇▇█
wandb:         time_s ▆▁▃▂▃▅▃▁▆▂▁█▃▃▄
wandb: train/accuracy ▁▃▄▆▆▆▇▇▇▇▇████
wandb:     train/loss █▆▄▃▂▂▂▂▂▂▁▁▁▁▁
wandb:   val/accuracy ▁▄▅▆▆▆▇▇▇▇▇████
wandb:       val/loss █▄▃▃▂▂▂▂▂▂▁▁▁▁▁
wandb: val/perplexity █▄▂▂▂▁▁▁▁▁▁▁▁▁▁
wandb: 
wandb: Run summary:
wandb:          epoch 15
wandb:         time_s 766.38974
wandb: train/accuracy 13.20936
wandb:     train/loss 7.31407
wandb:   val/accuracy 13.58782
wandb:       val/loss 7.29564
wandb: val/perplexity 1473.85918
wandb: 
wandb: 🚀 View run sgd at: https://wandb.ai/dcll-iiitd/NanoGPT-FineWeb-Optimizers/runs/ua96gmkt
wandb: ⭐️ View project at: https://wandb.ai/dcll-iiitd/NanoGPT-FineWeb-Optimizers
wandb: Synced 5 W&B file(s), 0 media file(s), 0 artifact file(s) and 0 other file(s)
wandb: Find logs at: ./wandb/run-20260922_101613-ua96gmkt/logs

  [Single CSV Saved]: logs/nanogpt_fineweb_logs.csv
  [Unified Comparison Plot Saved]: logs/nanogpt_fineweb_plot.png

================================================================================
                      ALL BENCHMARKS COMPLETED SUCCESSFULLY
================================================================================
  nanogpt_fineweb                     | Opt: sgd            | Loss: 7.3141 | Perplexity    : 1473.86 | Time: 11491.5s

Detailed master summary saved to logs/all_experiments_summary.csv
================================================================================

