Using device: cuda

>>> Running Benchmark for Optimizers: ['atlas', 'muon', 'adam', 'sgd'] across 1 configs <<<


######################################################################
# Config: paper1_exp4_cifar10_batch_scaling | Optimizer: ATLAS | Epochs: 2
######################################################################
  Instantiating Airbench CNN (num_classes=10)...
  Loading CIFAR-10 vision dataset...
  CIFAR-10 Train: 50,000 | Val: 10,000

============================================================
  [Atlas Hyperparameter Tuning] Finding Optimal (lr, rho, adam_lr)
============================================================
  Instantiating Airbench CNN (num_classes=10)...
  Trial 1/4: lr=0.035  rho=0.006  adam_lr=0.001 -> End Loss: 2.1362
  Instantiating Airbench CNN (num_classes=10)...
  Trial 2/4: lr=0.04   rho=0.008  adam_lr=0.001 -> End Loss: 2.1338
  Instantiating Airbench CNN (num_classes=10)...
  Trial 3/4: lr=0.03   rho=0.005  adam_lr=0.001 -> End Loss: 2.1265
  Instantiating Airbench CNN (num_classes=10)...
  Trial 4/4: lr=0.045  rho=0.008  adam_lr=0.001 -> End Loss: 2.1536

  [Optimal Atlas Config Selected]: lr=0.03, rho=0.005, adam_lr=0.001
============================================================


  Starting training [paper1_exp4_cifar10_batch_scaling] with optimizer [atlas] for 2 epochs...
  [ATLAS] Epoch  1/2 | Train Loss: 2.4745 | Val Loss: 2.3759 | Val Acc (%): 10.50 | Time: 17.8s
  [ATLAS] Epoch  2/2 | Train Loss: 2.2434 | Val Loss: 2.0198 | Val Acc (%): 31.39 | Time: 17.7s

######################################################################
# Config: paper1_exp4_cifar10_batch_scaling | Optimizer: MUON | Epochs: 2
######################################################################
  Instantiating Airbench CNN (num_classes=10)...
  Loading CIFAR-10 vision dataset...
  CIFAR-10 Train: 50,000 | Val: 10,000

  Starting training [paper1_exp4_cifar10_batch_scaling] with optimizer [muon] for 2 epochs...
  [MUON ] Epoch  1/2 | Train Loss: 2.3990 | Val Loss: 2.3712 | Val Acc (%): 10.59 | Time: 17.2s
  [MUON ] Epoch  2/2 | Train Loss: 2.2450 | Val Loss: 2.1005 | Val Acc (%): 25.16 | Time: 17.4s

######################################################################
# Config: paper1_exp4_cifar10_batch_scaling | Optimizer: ADAM | Epochs: 2
######################################################################
  Instantiating Airbench CNN (num_classes=10)...
  Loading CIFAR-10 vision dataset...
  CIFAR-10 Train: 50,000 | Val: 10,000

  Starting training [paper1_exp4_cifar10_batch_scaling] with optimizer [adam] for 2 epochs...
  [ADAM ] Epoch  1/2 | Train Loss: 2.3990 | Val Loss: 2.3712 | Val Acc (%): 10.59 | Time: 16.4s
  [ADAM ] Epoch  2/2 | Train Loss: 2.0001 | Val Loss: 1.8098 | Val Acc (%): 35.01 | Time: 16.4s

######################################################################
# Config: paper1_exp4_cifar10_batch_scaling | Optimizer: SGD | Epochs: 2
######################################################################
  Instantiating Airbench CNN (num_classes=10)...
  Loading CIFAR-10 vision dataset...
  CIFAR-10 Train: 50,000 | Val: 10,000

  Starting training [paper1_exp4_cifar10_batch_scaling] with optimizer [sgd] for 2 epochs...
  [SGD  ] Epoch  1/2 | Train Loss: 2.3990 | Val Loss: 2.3712 | Val Acc (%): 10.59 | Time: 16.4s
  [SGD  ] Epoch  2/2 | Train Loss: 2.3852 | Val Loss: 2.3501 | Val Acc (%): 10.95 | Time: 16.2s

  [Single CSV Saved]: logs/paper1_exp4_cifar10_batch_scaling_logs.csv
  [Unified Comparison Plot Saved]: logs/paper1_exp4_cifar10_batch_scaling_plot.png

================================================================================
                      ALL BENCHMARKS COMPLETED SUCCESSFULLY
================================================================================
  paper1_exp4_cifar10_batch_scaling   | Opt: atlas          | Loss: 2.2434 | Val Acc (%)   : 31.39 | Time: 35.6s
  paper1_exp4_cifar10_batch_scaling   | Opt: muon           | Loss: 2.2450 | Val Acc (%)   : 25.16 | Time: 34.6s
  paper1_exp4_cifar10_batch_scaling   | Opt: adam           | Loss: 2.0001 | Val Acc (%)   : 35.01 | Time: 32.7s
  paper1_exp4_cifar10_batch_scaling   | Opt: sgd            | Loss: 2.3852 | Val Acc (%)   : 10.95 | Time: 32.6s

Detailed master summary saved to logs/all_experiments_summary.csv
================================================================================

