Using device: cuda

>>> Running Benchmark for Optimizers: ['atlas', 'muon', 'adam', 'sgd'] across 1 configs <<<


######################################################################
# Config: paper1_exp1_nanogpt_fineweb | Optimizer: ATLAS | Epochs: 2
######################################################################
  Loading CPT model architecture: gpt2 in bfloat16...
  Initialized model architecture from config (gpt2) in bfloat16.
  Total trainable parameters: 124.4M
  Preparing CPT corpus (max_len=512, vocab_size=50257)...
  CPT Train batches: 22 | Val batches: 4

============================================================
  [Atlas Hyperparameter Tuning] Finding Optimal (lr, rho, adam_lr)
============================================================
  Loading CPT model architecture: gpt2 in bfloat16...
  Initialized model architecture from config (gpt2) in bfloat16.
  Total trainable parameters: 124.4M
`loss_type=None` was set in the config but it is unrecognized. Using the default loss: `ForCausalLMLoss`.
  Trial 1/4: lr=0.035  rho=0.008  adam_lr=0.003 -> End Loss: 0.2998
  Loading CPT model architecture: gpt2 in bfloat16...
  Initialized model architecture from config (gpt2) in bfloat16.
  Total trainable parameters: 124.4M
  Trial 2/4: lr=0.038  rho=0.006  adam_lr=0.003 -> End Loss: 0.3016
  Loading CPT model architecture: gpt2 in bfloat16...
  Initialized model architecture from config (gpt2) in bfloat16.
  Total trainable parameters: 124.4M
  Trial 3/4: lr=0.0325 rho=0.005  adam_lr=0.003 -> End Loss: 0.2979
  Loading CPT model architecture: gpt2 in bfloat16...
  Initialized model architecture from config (gpt2) in bfloat16.
  Total trainable parameters: 124.4M
  Trial 4/4: lr=0.04   rho=0.008  adam_lr=0.003 -> End Loss: 0.3015

  [Optimal Atlas Config Selected]: lr=0.0325, rho=0.005, adam_lr=0.003
============================================================


  Starting training [paper1_exp1_nanogpt_fineweb] with optimizer [atlas] for 2 epochs...
  [ATLAS] Epoch  1/2 | Train Loss: 12.2583 | Val Loss: 11.0031 | Perplexity: 22026.47 | Time: 12.4s
  [ATLAS] Epoch  2/2 | Train Loss: 12.2033 | Val Loss: 8.9574 | Perplexity: 7764.77 | Time: 6.2s

######################################################################
# Config: paper1_exp1_nanogpt_fineweb | Optimizer: MUON | Epochs: 2
######################################################################
  Loading CPT model architecture: gpt2 in bfloat16...
  Initialized model architecture from config (gpt2) in bfloat16.
  Total trainable parameters: 124.4M
  Preparing CPT corpus (max_len=512, vocab_size=50257)...
  CPT Train batches: 22 | Val batches: 4

  Starting training [paper1_exp1_nanogpt_fineweb] with optimizer [muon] for 2 epochs...
  [MUON ] Epoch  1/2 | Train Loss: 10.9990 | Val Loss: 11.0031 | Perplexity: 22026.47 | Time: 6.1s
  [MUON ] Epoch  2/2 | Train Loss: 10.9971 | Val Loss: 8.1629 | Perplexity: 3508.46 | Time: 6.1s

######################################################################
# Config: paper1_exp1_nanogpt_fineweb | Optimizer: ADAM | Epochs: 2
######################################################################
  Loading CPT model architecture: gpt2 in bfloat16...
  Initialized model architecture from config (gpt2) in bfloat16.
  Total trainable parameters: 124.4M
  Preparing CPT corpus (max_len=512, vocab_size=50257)...
  CPT Train batches: 22 | Val batches: 4

  Starting training [paper1_exp1_nanogpt_fineweb] with optimizer [adam] for 2 epochs...
  [ADAM ] Epoch  1/2 | Train Loss: 10.9990 | Val Loss: 11.0031 | Perplexity: 22026.47 | Time: 6.1s
  [ADAM ] Epoch  2/2 | Train Loss: 10.9971 | Val Loss: 9.8147 | Perplexity: 18300.46 | Time: 6.1s

######################################################################
# Config: paper1_exp1_nanogpt_fineweb | Optimizer: SGD | Epochs: 2
######################################################################
  Loading CPT model architecture: gpt2 in bfloat16...
  Initialized model architecture from config (gpt2) in bfloat16.
  Total trainable parameters: 124.4M
  Preparing CPT corpus (max_len=512, vocab_size=50257)...
  CPT Train batches: 22 | Val batches: 4

  Starting training [paper1_exp1_nanogpt_fineweb] with optimizer [sgd] for 2 epochs...
  [SGD  ] Epoch  1/2 | Train Loss: 10.9990 | Val Loss: 11.0031 | Perplexity: 22026.47 | Time: 6.1s
  [SGD  ] Epoch  2/2 | Train Loss: 10.9971 | Val Loss: 11.0030 | Perplexity: 22026.47 | Time: 6.1s

  [Single CSV Saved]: logs/paper1_exp1_nanogpt_fineweb_logs.csv
  [Unified Comparison Plot Saved]: logs/paper1_exp1_nanogpt_fineweb_plot.png

================================================================================
                      ALL BENCHMARKS COMPLETED SUCCESSFULLY
================================================================================
  paper1_exp1_nanogpt_fineweb         | Opt: atlas          | Loss: 12.2033 | Perplexity    : 7764.77 | Time: 18.7s
  paper1_exp1_nanogpt_fineweb         | Opt: muon           | Loss: 10.9971 | Perplexity    : 3508.46 | Time: 12.3s
  paper1_exp1_nanogpt_fineweb         | Opt: adam           | Loss: 10.9971 | Perplexity    : 18300.46 | Time: 12.2s
  paper1_exp1_nanogpt_fineweb         | Opt: sgd            | Loss: 10.9971 | Perplexity    : 22026.47 | Time: 12.2s

Detailed master summary saved to logs/all_experiments_summary.csv
================================================================================

