
>>> Synthetic Heavy-Tailed Sweep: algorithms=['atlas', 'atlas_random', 'atlas_raw', 'fsam', 'muon_sam'] alphas=[1.2, 1.6, 2.0] seeds=[0, 1, 2, 3, 4] wandb=on, best-only (synthetic-experiment-alpha{alpha}) <<<

[atlas        ] alpha=1.2 lr=0.005 rho=0.01 seed=0
[atlas        ] alpha=1.2 lr=0.005 rho=0.01 seed=1
[atlas        ] alpha=1.2 lr=0.005 rho=0.01 seed=2
[atlas        ] alpha=1.2 lr=0.005 rho=0.01 seed=3
[atlas        ] alpha=1.2 lr=0.005 rho=0.01 seed=4
[atlas        ] alpha=1.2 lr=0.005 rho=0.02 seed=0
[atlas        ] alpha=1.2 lr=0.005 rho=0.02 seed=1
[atlas        ] alpha=1.2 lr=0.005 rho=0.02 seed=2
[atlas        ] alpha=1.2 lr=0.005 rho=0.02 seed=3
[atlas        ] alpha=1.2 lr=0.005 rho=0.02 seed=4
[atlas        ] alpha=1.2 lr=0.005 rho=0.05 seed=0
[atlas        ] alpha=1.2 lr=0.005 rho=0.05 seed=1
[atlas        ] alpha=1.2 lr=0.005 rho=0.05 seed=2
[atlas        ] alpha=1.2 lr=0.005 rho=0.05 seed=3
[atlas        ] alpha=1.2 lr=0.005 rho=0.05 seed=4
[atlas        ] alpha=1.2 lr=0.005 rho=0.1 seed=0
[atlas        ] alpha=1.2 lr=0.005 rho=0.1 seed=1
[atlas        ] alpha=1.2 lr=0.005 rho=0.1 seed=2
[atlas        ] alpha=1.2 lr=0.005 rho=0.1 seed=3
[atlas        ] alpha=1.2 lr=0.005 rho=0.1 seed=4
[atlas        ] alpha=1.2 lr=0.01 rho=0.01 seed=0
[atlas        ] alpha=1.2 lr=0.01 rho=0.01 seed=1
[atlas        ] alpha=1.2 lr=0.01 rho=0.01 seed=2
[atlas        ] alpha=1.2 lr=0.01 rho=0.01 seed=3
[atlas        ] alpha=1.2 lr=0.01 rho=0.01 seed=4
[atlas        ] alpha=1.2 lr=0.01 rho=0.02 seed=0
[atlas        ] alpha=1.2 lr=0.01 rho=0.02 seed=1
[atlas        ] alpha=1.2 lr=0.01 rho=0.02 seed=2
[atlas        ] alpha=1.2 lr=0.01 rho=0.02 seed=3
[atlas        ] alpha=1.2 lr=0.01 rho=0.02 seed=4
[atlas        ] alpha=1.2 lr=0.01 rho=0.05 seed=0
[atlas        ] alpha=1.2 lr=0.01 rho=0.05 seed=1
[atlas        ] alpha=1.2 lr=0.01 rho=0.05 seed=2
[atlas        ] alpha=1.2 lr=0.01 rho=0.05 seed=3
[atlas        ] alpha=1.2 lr=0.01 rho=0.05 seed=4
[atlas        ] alpha=1.2 lr=0.01 rho=0.1 seed=0
[atlas        ] alpha=1.2 lr=0.01 rho=0.1 seed=1
[atlas        ] alpha=1.2 lr=0.01 rho=0.1 seed=2
[atlas        ] alpha=1.2 lr=0.01 rho=0.1 seed=3
[atlas        ] alpha=1.2 lr=0.01 rho=0.1 seed=4
[atlas        ] alpha=1.2 lr=0.02 rho=0.01 seed=0
[atlas        ] alpha=1.2 lr=0.02 rho=0.01 seed=1
[atlas        ] alpha=1.2 lr=0.02 rho=0.01 seed=2
[atlas        ] alpha=1.2 lr=0.02 rho=0.01 seed=3
[atlas        ] alpha=1.2 lr=0.02 rho=0.01 seed=4
[atlas        ] alpha=1.2 lr=0.02 rho=0.02 seed=0
[atlas        ] alpha=1.2 lr=0.02 rho=0.02 seed=1
[atlas        ] alpha=1.2 lr=0.02 rho=0.02 seed=2
[atlas        ] alpha=1.2 lr=0.02 rho=0.02 seed=3
[atlas        ] alpha=1.2 lr=0.02 rho=0.02 seed=4
[atlas        ] alpha=1.2 lr=0.02 rho=0.05 seed=0
[atlas        ] alpha=1.2 lr=0.02 rho=0.05 seed=1
[atlas        ] alpha=1.2 lr=0.02 rho=0.05 seed=2
[atlas        ] alpha=1.2 lr=0.02 rho=0.05 seed=3
[atlas        ] alpha=1.2 lr=0.02 rho=0.05 seed=4
[atlas        ] alpha=1.2 lr=0.02 rho=0.1 seed=0
[atlas        ] alpha=1.2 lr=0.02 rho=0.1 seed=1
[atlas        ] alpha=1.2 lr=0.02 rho=0.1 seed=2
[atlas        ] alpha=1.2 lr=0.02 rho=0.1 seed=3
[atlas        ] alpha=1.2 lr=0.02 rho=0.1 seed=4
[atlas        ] alpha=1.2 lr=0.05 rho=0.01 seed=0
[atlas        ] alpha=1.2 lr=0.05 rho=0.01 seed=1
[atlas        ] alpha=1.2 lr=0.05 rho=0.01 seed=2
[atlas        ] alpha=1.2 lr=0.05 rho=0.01 seed=3
[atlas        ] alpha=1.2 lr=0.05 rho=0.01 seed=4
[atlas        ] alpha=1.2 lr=0.05 rho=0.02 seed=0
[atlas        ] alpha=1.2 lr=0.05 rho=0.02 seed=1
[atlas        ] alpha=1.2 lr=0.05 rho=0.02 seed=2
[atlas        ] alpha=1.2 lr=0.05 rho=0.02 seed=3
[atlas        ] alpha=1.2 lr=0.05 rho=0.02 seed=4
[atlas        ] alpha=1.2 lr=0.05 rho=0.05 seed=0
[atlas        ] alpha=1.2 lr=0.05 rho=0.05 seed=1
[atlas        ] alpha=1.2 lr=0.05 rho=0.05 seed=2
[atlas        ] alpha=1.2 lr=0.05 rho=0.05 seed=3
[atlas        ] alpha=1.2 lr=0.05 rho=0.05 seed=4
[atlas        ] alpha=1.2 lr=0.05 rho=0.1 seed=0
[atlas        ] alpha=1.2 lr=0.05 rho=0.1 seed=1
[atlas        ] alpha=1.2 lr=0.05 rho=0.1 seed=2
[atlas        ] alpha=1.2 lr=0.05 rho=0.1 seed=3
[atlas        ] alpha=1.2 lr=0.05 rho=0.1 seed=4
[atlas        ] alpha=1.6 lr=0.005 rho=0.01 seed=0
[atlas        ] alpha=1.6 lr=0.005 rho=0.01 seed=1
[atlas        ] alpha=1.6 lr=0.005 rho=0.01 seed=2
[atlas        ] alpha=1.6 lr=0.005 rho=0.01 seed=3
[atlas        ] alpha=1.6 lr=0.005 rho=0.01 seed=4
[atlas        ] alpha=1.6 lr=0.005 rho=0.02 seed=0
[atlas        ] alpha=1.6 lr=0.005 rho=0.02 seed=1
[atlas        ] alpha=1.6 lr=0.005 rho=0.02 seed=2
[atlas        ] alpha=1.6 lr=0.005 rho=0.02 seed=3
[atlas        ] alpha=1.6 lr=0.005 rho=0.02 seed=4
[atlas        ] alpha=1.6 lr=0.005 rho=0.05 seed=0
[atlas        ] alpha=1.6 lr=0.005 rho=0.05 seed=1
[atlas        ] alpha=1.6 lr=0.005 rho=0.05 seed=2
[atlas        ] alpha=1.6 lr=0.005 rho=0.05 seed=3
[atlas        ] alpha=1.6 lr=0.005 rho=0.05 seed=4
[atlas        ] alpha=1.6 lr=0.005 rho=0.1 seed=0
[atlas        ] alpha=1.6 lr=0.005 rho=0.1 seed=1
[atlas        ] alpha=1.6 lr=0.005 rho=0.1 seed=2
[atlas        ] alpha=1.6 lr=0.005 rho=0.1 seed=3
[atlas        ] alpha=1.6 lr=0.005 rho=0.1 seed=4
[atlas        ] alpha=1.6 lr=0.01 rho=0.01 seed=0
[atlas        ] alpha=1.6 lr=0.01 rho=0.01 seed=1
[atlas        ] alpha=1.6 lr=0.01 rho=0.01 seed=2
[atlas        ] alpha=1.6 lr=0.01 rho=0.01 seed=3
[atlas        ] alpha=1.6 lr=0.01 rho=0.01 seed=4
[atlas        ] alpha=1.6 lr=0.01 rho=0.02 seed=0
[atlas        ] alpha=1.6 lr=0.01 rho=0.02 seed=1
[atlas        ] alpha=1.6 lr=0.01 rho=0.02 seed=2
[atlas        ] alpha=1.6 lr=0.01 rho=0.02 seed=3
[atlas        ] alpha=1.6 lr=0.01 rho=0.02 seed=4
[atlas        ] alpha=1.6 lr=0.01 rho=0.05 seed=0
[atlas        ] alpha=1.6 lr=0.01 rho=0.05 seed=1
[atlas        ] alpha=1.6 lr=0.01 rho=0.05 seed=2
[atlas        ] alpha=1.6 lr=0.01 rho=0.05 seed=3
[atlas        ] alpha=1.6 lr=0.01 rho=0.05 seed=4
[atlas        ] alpha=1.6 lr=0.01 rho=0.1 seed=0
[atlas        ] alpha=1.6 lr=0.01 rho=0.1 seed=1
[atlas        ] alpha=1.6 lr=0.01 rho=0.1 seed=2
[atlas        ] alpha=1.6 lr=0.01 rho=0.1 seed=3
[atlas        ] alpha=1.6 lr=0.01 rho=0.1 seed=4
[atlas        ] alpha=1.6 lr=0.02 rho=0.01 seed=0
[atlas        ] alpha=1.6 lr=0.02 rho=0.01 seed=1
[atlas        ] alpha=1.6 lr=0.02 rho=0.01 seed=2
[atlas        ] alpha=1.6 lr=0.02 rho=0.01 seed=3
[atlas        ] alpha=1.6 lr=0.02 rho=0.01 seed=4
[atlas        ] alpha=1.6 lr=0.02 rho=0.02 seed=0
[atlas        ] alpha=1.6 lr=0.02 rho=0.02 seed=1
[atlas        ] alpha=1.6 lr=0.02 rho=0.02 seed=2
[atlas        ] alpha=1.6 lr=0.02 rho=0.02 seed=3
[atlas        ] alpha=1.6 lr=0.02 rho=0.02 seed=4
[atlas        ] alpha=1.6 lr=0.02 rho=0.05 seed=0
[atlas        ] alpha=1.6 lr=0.02 rho=0.05 seed=1
[atlas        ] alpha=1.6 lr=0.02 rho=0.05 seed=2
[atlas        ] alpha=1.6 lr=0.02 rho=0.05 seed=3
[atlas        ] alpha=1.6 lr=0.02 rho=0.05 seed=4
[atlas        ] alpha=1.6 lr=0.02 rho=0.1 seed=0
[atlas        ] alpha=1.6 lr=0.02 rho=0.1 seed=1
[atlas        ] alpha=1.6 lr=0.02 rho=0.1 seed=2
[atlas        ] alpha=1.6 lr=0.02 rho=0.1 seed=3
[atlas        ] alpha=1.6 lr=0.02 rho=0.1 seed=4
[atlas        ] alpha=1.6 lr=0.05 rho=0.01 seed=0
[atlas        ] alpha=1.6 lr=0.05 rho=0.01 seed=1
[atlas        ] alpha=1.6 lr=0.05 rho=0.01 seed=2
[atlas        ] alpha=1.6 lr=0.05 rho=0.01 seed=3
[atlas        ] alpha=1.6 lr=0.05 rho=0.01 seed=4
[atlas        ] alpha=1.6 lr=0.05 rho=0.02 seed=0
[atlas        ] alpha=1.6 lr=0.05 rho=0.02 seed=1
[atlas        ] alpha=1.6 lr=0.05 rho=0.02 seed=2
[atlas        ] alpha=1.6 lr=0.05 rho=0.02 seed=3
[atlas        ] alpha=1.6 lr=0.05 rho=0.02 seed=4
[atlas        ] alpha=1.6 lr=0.05 rho=0.05 seed=0
[atlas        ] alpha=1.6 lr=0.05 rho=0.05 seed=1
[atlas        ] alpha=1.6 lr=0.05 rho=0.05 seed=2
[atlas        ] alpha=1.6 lr=0.05 rho=0.05 seed=3
[atlas        ] alpha=1.6 lr=0.05 rho=0.05 seed=4
[atlas        ] alpha=1.6 lr=0.05 rho=0.1 seed=0
[atlas        ] alpha=1.6 lr=0.05 rho=0.1 seed=1
[atlas        ] alpha=1.6 lr=0.05 rho=0.1 seed=2
[atlas        ] alpha=1.6 lr=0.05 rho=0.1 seed=3
[atlas        ] alpha=1.6 lr=0.05 rho=0.1 seed=4
[atlas        ] alpha=2.0 lr=0.005 rho=0.01 seed=0
[atlas        ] alpha=2.0 lr=0.005 rho=0.01 seed=1
[atlas        ] alpha=2.0 lr=0.005 rho=0.01 seed=2
[atlas        ] alpha=2.0 lr=0.005 rho=0.01 seed=3
[atlas        ] alpha=2.0 lr=0.005 rho=0.01 seed=4
[atlas        ] alpha=2.0 lr=0.005 rho=0.02 seed=0
[atlas        ] alpha=2.0 lr=0.005 rho=0.02 seed=1
[atlas        ] alpha=2.0 lr=0.005 rho=0.02 seed=2
[atlas        ] alpha=2.0 lr=0.005 rho=0.02 seed=3
[atlas        ] alpha=2.0 lr=0.005 rho=0.02 seed=4
[atlas        ] alpha=2.0 lr=0.005 rho=0.05 seed=0
[atlas        ] alpha=2.0 lr=0.005 rho=0.05 seed=1
[atlas        ] alpha=2.0 lr=0.005 rho=0.05 seed=2
[atlas        ] alpha=2.0 lr=0.005 rho=0.05 seed=3
[atlas        ] alpha=2.0 lr=0.005 rho=0.05 seed=4
[atlas        ] alpha=2.0 lr=0.005 rho=0.1 seed=0
[atlas        ] alpha=2.0 lr=0.005 rho=0.1 seed=1
[atlas        ] alpha=2.0 lr=0.005 rho=0.1 seed=2
[atlas        ] alpha=2.0 lr=0.005 rho=0.1 seed=3
[atlas        ] alpha=2.0 lr=0.005 rho=0.1 seed=4
[atlas        ] alpha=2.0 lr=0.01 rho=0.01 seed=0
[atlas        ] alpha=2.0 lr=0.01 rho=0.01 seed=1
[atlas        ] alpha=2.0 lr=0.01 rho=0.01 seed=2
[atlas        ] alpha=2.0 lr=0.01 rho=0.01 seed=3
[atlas        ] alpha=2.0 lr=0.01 rho=0.01 seed=4
[atlas        ] alpha=2.0 lr=0.01 rho=0.02 seed=0
[atlas        ] alpha=2.0 lr=0.01 rho=0.02 seed=1
[atlas        ] alpha=2.0 lr=0.01 rho=0.02 seed=2
[atlas        ] alpha=2.0 lr=0.01 rho=0.02 seed=3
[atlas        ] alpha=2.0 lr=0.01 rho=0.02 seed=4
[atlas        ] alpha=2.0 lr=0.01 rho=0.05 seed=0
[atlas        ] alpha=2.0 lr=0.01 rho=0.05 seed=1
[atlas        ] alpha=2.0 lr=0.01 rho=0.05 seed=2
[atlas        ] alpha=2.0 lr=0.01 rho=0.05 seed=3
[atlas        ] alpha=2.0 lr=0.01 rho=0.05 seed=4
[atlas        ] alpha=2.0 lr=0.01 rho=0.1 seed=0
[atlas        ] alpha=2.0 lr=0.01 rho=0.1 seed=1
[atlas        ] alpha=2.0 lr=0.01 rho=0.1 seed=2
[atlas        ] alpha=2.0 lr=0.01 rho=0.1 seed=3
[atlas        ] alpha=2.0 lr=0.01 rho=0.1 seed=4
[atlas        ] alpha=2.0 lr=0.02 rho=0.01 seed=0
[atlas        ] alpha=2.0 lr=0.02 rho=0.01 seed=1
[atlas        ] alpha=2.0 lr=0.02 rho=0.01 seed=2
[atlas        ] alpha=2.0 lr=0.02 rho=0.01 seed=3
[atlas        ] alpha=2.0 lr=0.02 rho=0.01 seed=4
[atlas        ] alpha=2.0 lr=0.02 rho=0.02 seed=0
[atlas        ] alpha=2.0 lr=0.02 rho=0.02 seed=1
[atlas        ] alpha=2.0 lr=0.02 rho=0.02 seed=2
[atlas        ] alpha=2.0 lr=0.02 rho=0.02 seed=3
[atlas        ] alpha=2.0 lr=0.02 rho=0.02 seed=4
[atlas        ] alpha=2.0 lr=0.02 rho=0.05 seed=0
[atlas        ] alpha=2.0 lr=0.02 rho=0.05 seed=1
[atlas        ] alpha=2.0 lr=0.02 rho=0.05 seed=2
[atlas        ] alpha=2.0 lr=0.02 rho=0.05 seed=3
[atlas        ] alpha=2.0 lr=0.02 rho=0.05 seed=4
[atlas        ] alpha=2.0 lr=0.02 rho=0.1 seed=0
[atlas        ] alpha=2.0 lr=0.02 rho=0.1 seed=1
[atlas        ] alpha=2.0 lr=0.02 rho=0.1 seed=2
[atlas        ] alpha=2.0 lr=0.02 rho=0.1 seed=3
[atlas        ] alpha=2.0 lr=0.02 rho=0.1 seed=4
[atlas        ] alpha=2.0 lr=0.05 rho=0.01 seed=0
[atlas        ] alpha=2.0 lr=0.05 rho=0.01 seed=1
[atlas        ] alpha=2.0 lr=0.05 rho=0.01 seed=2
[atlas        ] alpha=2.0 lr=0.05 rho=0.01 seed=3
[atlas        ] alpha=2.0 lr=0.05 rho=0.01 seed=4
[atlas        ] alpha=2.0 lr=0.05 rho=0.02 seed=0
[atlas        ] alpha=2.0 lr=0.05 rho=0.02 seed=1
[atlas        ] alpha=2.0 lr=0.05 rho=0.02 seed=2
[atlas        ] alpha=2.0 lr=0.05 rho=0.02 seed=3
[atlas        ] alpha=2.0 lr=0.05 rho=0.02 seed=4
[atlas        ] alpha=2.0 lr=0.05 rho=0.05 seed=0
[atlas        ] alpha=2.0 lr=0.05 rho=0.05 seed=1
[atlas        ] alpha=2.0 lr=0.05 rho=0.05 seed=2
[atlas        ] alpha=2.0 lr=0.05 rho=0.05 seed=3
[atlas        ] alpha=2.0 lr=0.05 rho=0.05 seed=4
[atlas        ] alpha=2.0 lr=0.05 rho=0.1 seed=0
[atlas        ] alpha=2.0 lr=0.05 rho=0.1 seed=1
[atlas        ] alpha=2.0 lr=0.05 rho=0.1 seed=2
[atlas        ] alpha=2.0 lr=0.05 rho=0.1 seed=3
[atlas        ] alpha=2.0 lr=0.05 rho=0.1 seed=4
[atlas_random ] alpha=1.2 lr=0.005 rho=0.01 seed=0
[atlas_random ] alpha=1.2 lr=0.005 rho=0.01 seed=1
[atlas_random ] alpha=1.2 lr=0.005 rho=0.01 seed=2
[atlas_random ] alpha=1.2 lr=0.005 rho=0.01 seed=3
[atlas_random ] alpha=1.2 lr=0.005 rho=0.01 seed=4
[atlas_random ] alpha=1.2 lr=0.005 rho=0.02 seed=0
[atlas_random ] alpha=1.2 lr=0.005 rho=0.02 seed=1
[atlas_random ] alpha=1.2 lr=0.005 rho=0.02 seed=2
[atlas_random ] alpha=1.2 lr=0.005 rho=0.02 seed=3
[atlas_random ] alpha=1.2 lr=0.005 rho=0.02 seed=4
[atlas_random ] alpha=1.2 lr=0.005 rho=0.05 seed=0
[atlas_random ] alpha=1.2 lr=0.005 rho=0.05 seed=1
[atlas_random ] alpha=1.2 lr=0.005 rho=0.05 seed=2
[atlas_random ] alpha=1.2 lr=0.005 rho=0.05 seed=3
[atlas_random ] alpha=1.2 lr=0.005 rho=0.05 seed=4
[atlas_random ] alpha=1.2 lr=0.005 rho=0.1 seed=0
[atlas_random ] alpha=1.2 lr=0.005 rho=0.1 seed=1
[atlas_random ] alpha=1.2 lr=0.005 rho=0.1 seed=2
[atlas_random ] alpha=1.2 lr=0.005 rho=0.1 seed=3
[atlas_random ] alpha=1.2 lr=0.005 rho=0.1 seed=4
[atlas_random ] alpha=1.2 lr=0.01 rho=0.01 seed=0
[atlas_random ] alpha=1.2 lr=0.01 rho=0.01 seed=1
[atlas_random ] alpha=1.2 lr=0.01 rho=0.01 seed=2
[atlas_random ] alpha=1.2 lr=0.01 rho=0.01 seed=3
[atlas_random ] alpha=1.2 lr=0.01 rho=0.01 seed=4
[atlas_random ] alpha=1.2 lr=0.01 rho=0.02 seed=0
[atlas_random ] alpha=1.2 lr=0.01 rho=0.02 seed=1
[atlas_random ] alpha=1.2 lr=0.01 rho=0.02 seed=2
[atlas_random ] alpha=1.2 lr=0.01 rho=0.02 seed=3
[atlas_random ] alpha=1.2 lr=0.01 rho=0.02 seed=4
[atlas_random ] alpha=1.2 lr=0.01 rho=0.05 seed=0
[atlas_random ] alpha=1.2 lr=0.01 rho=0.05 seed=1
[atlas_random ] alpha=1.2 lr=0.01 rho=0.05 seed=2
[atlas_random ] alpha=1.2 lr=0.01 rho=0.05 seed=3
[atlas_random ] alpha=1.2 lr=0.01 rho=0.05 seed=4
[atlas_random ] alpha=1.2 lr=0.01 rho=0.1 seed=0
[atlas_random ] alpha=1.2 lr=0.01 rho=0.1 seed=1
[atlas_random ] alpha=1.2 lr=0.01 rho=0.1 seed=2
[atlas_random ] alpha=1.2 lr=0.01 rho=0.1 seed=3
[atlas_random ] alpha=1.2 lr=0.01 rho=0.1 seed=4
[atlas_random ] alpha=1.2 lr=0.02 rho=0.01 seed=0
[atlas_random ] alpha=1.2 lr=0.02 rho=0.01 seed=1
[atlas_random ] alpha=1.2 lr=0.02 rho=0.01 seed=2
[atlas_random ] alpha=1.2 lr=0.02 rho=0.01 seed=3
[atlas_random ] alpha=1.2 lr=0.02 rho=0.01 seed=4
[atlas_random ] alpha=1.2 lr=0.02 rho=0.02 seed=0
[atlas_random ] alpha=1.2 lr=0.02 rho=0.02 seed=1
[atlas_random ] alpha=1.2 lr=0.02 rho=0.02 seed=2
[atlas_random ] alpha=1.2 lr=0.02 rho=0.02 seed=3
[atlas_random ] alpha=1.2 lr=0.02 rho=0.02 seed=4
[atlas_random ] alpha=1.2 lr=0.02 rho=0.05 seed=0
[atlas_random ] alpha=1.2 lr=0.02 rho=0.05 seed=1
[atlas_random ] alpha=1.2 lr=0.02 rho=0.05 seed=2
[atlas_random ] alpha=1.2 lr=0.02 rho=0.05 seed=3
[atlas_random ] alpha=1.2 lr=0.02 rho=0.05 seed=4
[atlas_random ] alpha=1.2 lr=0.02 rho=0.1 seed=0
[atlas_random ] alpha=1.2 lr=0.02 rho=0.1 seed=1
[atlas_random ] alpha=1.2 lr=0.02 rho=0.1 seed=2
[atlas_random ] alpha=1.2 lr=0.02 rho=0.1 seed=3
[atlas_random ] alpha=1.2 lr=0.02 rho=0.1 seed=4
[atlas_random ] alpha=1.2 lr=0.05 rho=0.01 seed=0
[atlas_random ] alpha=1.2 lr=0.05 rho=0.01 seed=1
[atlas_random ] alpha=1.2 lr=0.05 rho=0.01 seed=2
[atlas_random ] alpha=1.2 lr=0.05 rho=0.01 seed=3
[atlas_random ] alpha=1.2 lr=0.05 rho=0.01 seed=4
[atlas_random ] alpha=1.2 lr=0.05 rho=0.02 seed=0
[atlas_random ] alpha=1.2 lr=0.05 rho=0.02 seed=1
[atlas_random ] alpha=1.2 lr=0.05 rho=0.02 seed=2
[atlas_random ] alpha=1.2 lr=0.05 rho=0.02 seed=3
[atlas_random ] alpha=1.2 lr=0.05 rho=0.02 seed=4
[atlas_random ] alpha=1.2 lr=0.05 rho=0.05 seed=0
[atlas_random ] alpha=1.2 lr=0.05 rho=0.05 seed=1
[atlas_random ] alpha=1.2 lr=0.05 rho=0.05 seed=2
[atlas_random ] alpha=1.2 lr=0.05 rho=0.05 seed=3
[atlas_random ] alpha=1.2 lr=0.05 rho=0.05 seed=4
[atlas_random ] alpha=1.2 lr=0.05 rho=0.1 seed=0
[atlas_random ] alpha=1.2 lr=0.05 rho=0.1 seed=1
[atlas_random ] alpha=1.2 lr=0.05 rho=0.1 seed=2
[atlas_random ] alpha=1.2 lr=0.05 rho=0.1 seed=3
[atlas_random ] alpha=1.2 lr=0.05 rho=0.1 seed=4
[atlas_random ] alpha=1.6 lr=0.005 rho=0.01 seed=0
[atlas_random ] alpha=1.6 lr=0.005 rho=0.01 seed=1
[atlas_random ] alpha=1.6 lr=0.005 rho=0.01 seed=2
[atlas_random ] alpha=1.6 lr=0.005 rho=0.01 seed=3
[atlas_random ] alpha=1.6 lr=0.005 rho=0.01 seed=4
[atlas_random ] alpha=1.6 lr=0.005 rho=0.02 seed=0
[atlas_random ] alpha=1.6 lr=0.005 rho=0.02 seed=1
[atlas_random ] alpha=1.6 lr=0.005 rho=0.02 seed=2
[atlas_random ] alpha=1.6 lr=0.005 rho=0.02 seed=3
[atlas_random ] alpha=1.6 lr=0.005 rho=0.02 seed=4
[atlas_random ] alpha=1.6 lr=0.005 rho=0.05 seed=0
[atlas_random ] alpha=1.6 lr=0.005 rho=0.05 seed=1
[atlas_random ] alpha=1.6 lr=0.005 rho=0.05 seed=2
[atlas_random ] alpha=1.6 lr=0.005 rho=0.05 seed=3
[atlas_random ] alpha=1.6 lr=0.005 rho=0.05 seed=4
[atlas_random ] alpha=1.6 lr=0.005 rho=0.1 seed=0
[atlas_random ] alpha=1.6 lr=0.005 rho=0.1 seed=1
[atlas_random ] alpha=1.6 lr=0.005 rho=0.1 seed=2
[atlas_random ] alpha=1.6 lr=0.005 rho=0.1 seed=3
[atlas_random ] alpha=1.6 lr=0.005 rho=0.1 seed=4
[atlas_random ] alpha=1.6 lr=0.01 rho=0.01 seed=0
[atlas_random ] alpha=1.6 lr=0.01 rho=0.01 seed=1
[atlas_random ] alpha=1.6 lr=0.01 rho=0.01 seed=2
[atlas_random ] alpha=1.6 lr=0.01 rho=0.01 seed=3
[atlas_random ] alpha=1.6 lr=0.01 rho=0.01 seed=4
[atlas_random ] alpha=1.6 lr=0.01 rho=0.02 seed=0
[atlas_random ] alpha=1.6 lr=0.01 rho=0.02 seed=1
[atlas_random ] alpha=1.6 lr=0.01 rho=0.02 seed=2
[atlas_random ] alpha=1.6 lr=0.01 rho=0.02 seed=3
[atlas_random ] alpha=1.6 lr=0.01 rho=0.02 seed=4
[atlas_random ] alpha=1.6 lr=0.01 rho=0.05 seed=0
[atlas_random ] alpha=1.6 lr=0.01 rho=0.05 seed=1
[atlas_random ] alpha=1.6 lr=0.01 rho=0.05 seed=2
[atlas_random ] alpha=1.6 lr=0.01 rho=0.05 seed=3
[atlas_random ] alpha=1.6 lr=0.01 rho=0.05 seed=4
[atlas_random ] alpha=1.6 lr=0.01 rho=0.1 seed=0
[atlas_random ] alpha=1.6 lr=0.01 rho=0.1 seed=1
[atlas_random ] alpha=1.6 lr=0.01 rho=0.1 seed=2
[atlas_random ] alpha=1.6 lr=0.01 rho=0.1 seed=3
[atlas_random ] alpha=1.6 lr=0.01 rho=0.1 seed=4
[atlas_random ] alpha=1.6 lr=0.02 rho=0.01 seed=0
[atlas_random ] alpha=1.6 lr=0.02 rho=0.01 seed=1
[atlas_random ] alpha=1.6 lr=0.02 rho=0.01 seed=2
[atlas_random ] alpha=1.6 lr=0.02 rho=0.01 seed=3
[atlas_random ] alpha=1.6 lr=0.02 rho=0.01 seed=4
[atlas_random ] alpha=1.6 lr=0.02 rho=0.02 seed=0
[atlas_random ] alpha=1.6 lr=0.02 rho=0.02 seed=1
[atlas_random ] alpha=1.6 lr=0.02 rho=0.02 seed=2
[atlas_random ] alpha=1.6 lr=0.02 rho=0.02 seed=3
[atlas_random ] alpha=1.6 lr=0.02 rho=0.02 seed=4
[atlas_random ] alpha=1.6 lr=0.02 rho=0.05 seed=0
[atlas_random ] alpha=1.6 lr=0.02 rho=0.05 seed=1
[atlas_random ] alpha=1.6 lr=0.02 rho=0.05 seed=2
[atlas_random ] alpha=1.6 lr=0.02 rho=0.05 seed=3
[atlas_random ] alpha=1.6 lr=0.02 rho=0.05 seed=4
[atlas_random ] alpha=1.6 lr=0.02 rho=0.1 seed=0
[atlas_random ] alpha=1.6 lr=0.02 rho=0.1 seed=1
[atlas_random ] alpha=1.6 lr=0.02 rho=0.1 seed=2
[atlas_random ] alpha=1.6 lr=0.02 rho=0.1 seed=3
[atlas_random ] alpha=1.6 lr=0.02 rho=0.1 seed=4
[atlas_random ] alpha=1.6 lr=0.05 rho=0.01 seed=0
[atlas_random ] alpha=1.6 lr=0.05 rho=0.01 seed=1
[atlas_random ] alpha=1.6 lr=0.05 rho=0.01 seed=2
[atlas_random ] alpha=1.6 lr=0.05 rho=0.01 seed=3
[atlas_random ] alpha=1.6 lr=0.05 rho=0.01 seed=4
[atlas_random ] alpha=1.6 lr=0.05 rho=0.02 seed=0
[atlas_random ] alpha=1.6 lr=0.05 rho=0.02 seed=1
[atlas_random ] alpha=1.6 lr=0.05 rho=0.02 seed=2
[atlas_random ] alpha=1.6 lr=0.05 rho=0.02 seed=3
[atlas_random ] alpha=1.6 lr=0.05 rho=0.02 seed=4
[atlas_random ] alpha=1.6 lr=0.05 rho=0.05 seed=0
[atlas_random ] alpha=1.6 lr=0.05 rho=0.05 seed=1
[atlas_random ] alpha=1.6 lr=0.05 rho=0.05 seed=2
[atlas_random ] alpha=1.6 lr=0.05 rho=0.05 seed=3
[atlas_random ] alpha=1.6 lr=0.05 rho=0.05 seed=4
[atlas_random ] alpha=1.6 lr=0.05 rho=0.1 seed=0
[atlas_random ] alpha=1.6 lr=0.05 rho=0.1 seed=1
[atlas_random ] alpha=1.6 lr=0.05 rho=0.1 seed=2
[atlas_random ] alpha=1.6 lr=0.05 rho=0.1 seed=3
[atlas_random ] alpha=1.6 lr=0.05 rho=0.1 seed=4
[atlas_random ] alpha=2.0 lr=0.005 rho=0.01 seed=0
[atlas_random ] alpha=2.0 lr=0.005 rho=0.01 seed=1
[atlas_random ] alpha=2.0 lr=0.005 rho=0.01 seed=2
[atlas_random ] alpha=2.0 lr=0.005 rho=0.01 seed=3
[atlas_random ] alpha=2.0 lr=0.005 rho=0.01 seed=4
[atlas_random ] alpha=2.0 lr=0.005 rho=0.02 seed=0
[atlas_random ] alpha=2.0 lr=0.005 rho=0.02 seed=1
[atlas_random ] alpha=2.0 lr=0.005 rho=0.02 seed=2
[atlas_random ] alpha=2.0 lr=0.005 rho=0.02 seed=3
[atlas_random ] alpha=2.0 lr=0.005 rho=0.02 seed=4
[atlas_random ] alpha=2.0 lr=0.005 rho=0.05 seed=0
[atlas_random ] alpha=2.0 lr=0.005 rho=0.05 seed=1
[atlas_random ] alpha=2.0 lr=0.005 rho=0.05 seed=2
[atlas_random ] alpha=2.0 lr=0.005 rho=0.05 seed=3
[atlas_random ] alpha=2.0 lr=0.005 rho=0.05 seed=4
[atlas_random ] alpha=2.0 lr=0.005 rho=0.1 seed=0
[atlas_random ] alpha=2.0 lr=0.005 rho=0.1 seed=1
[atlas_random ] alpha=2.0 lr=0.005 rho=0.1 seed=2
[atlas_random ] alpha=2.0 lr=0.005 rho=0.1 seed=3
[atlas_random ] alpha=2.0 lr=0.005 rho=0.1 seed=4
[atlas_random ] alpha=2.0 lr=0.01 rho=0.01 seed=0
[atlas_random ] alpha=2.0 lr=0.01 rho=0.01 seed=1
[atlas_random ] alpha=2.0 lr=0.01 rho=0.01 seed=2
[atlas_random ] alpha=2.0 lr=0.01 rho=0.01 seed=3
[atlas_random ] alpha=2.0 lr=0.01 rho=0.01 seed=4
[atlas_random ] alpha=2.0 lr=0.01 rho=0.02 seed=0
[atlas_random ] alpha=2.0 lr=0.01 rho=0.02 seed=1
[atlas_random ] alpha=2.0 lr=0.01 rho=0.02 seed=2
[atlas_random ] alpha=2.0 lr=0.01 rho=0.02 seed=3
[atlas_random ] alpha=2.0 lr=0.01 rho=0.02 seed=4
[atlas_random ] alpha=2.0 lr=0.01 rho=0.05 seed=0
[atlas_random ] alpha=2.0 lr=0.01 rho=0.05 seed=1
[atlas_random ] alpha=2.0 lr=0.01 rho=0.05 seed=2
[atlas_random ] alpha=2.0 lr=0.01 rho=0.05 seed=3
[atlas_random ] alpha=2.0 lr=0.01 rho=0.05 seed=4
[atlas_random ] alpha=2.0 lr=0.01 rho=0.1 seed=0
[atlas_random ] alpha=2.0 lr=0.01 rho=0.1 seed=1
[atlas_random ] alpha=2.0 lr=0.01 rho=0.1 seed=2
[atlas_random ] alpha=2.0 lr=0.01 rho=0.1 seed=3
[atlas_random ] alpha=2.0 lr=0.01 rho=0.1 seed=4
[atlas_random ] alpha=2.0 lr=0.02 rho=0.01 seed=0
[atlas_random ] alpha=2.0 lr=0.02 rho=0.01 seed=1
[atlas_random ] alpha=2.0 lr=0.02 rho=0.01 seed=2
[atlas_random ] alpha=2.0 lr=0.02 rho=0.01 seed=3
[atlas_random ] alpha=2.0 lr=0.02 rho=0.01 seed=4
[atlas_random ] alpha=2.0 lr=0.02 rho=0.02 seed=0
[atlas_random ] alpha=2.0 lr=0.02 rho=0.02 seed=1
[atlas_random ] alpha=2.0 lr=0.02 rho=0.02 seed=2
[atlas_random ] alpha=2.0 lr=0.02 rho=0.02 seed=3
[atlas_random ] alpha=2.0 lr=0.02 rho=0.02 seed=4
[atlas_random ] alpha=2.0 lr=0.02 rho=0.05 seed=0
[atlas_random ] alpha=2.0 lr=0.02 rho=0.05 seed=1
[atlas_random ] alpha=2.0 lr=0.02 rho=0.05 seed=2
[atlas_random ] alpha=2.0 lr=0.02 rho=0.05 seed=3
[atlas_random ] alpha=2.0 lr=0.02 rho=0.05 seed=4
[atlas_random ] alpha=2.0 lr=0.02 rho=0.1 seed=0
[atlas_random ] alpha=2.0 lr=0.02 rho=0.1 seed=1
[atlas_random ] alpha=2.0 lr=0.02 rho=0.1 seed=2
[atlas_random ] alpha=2.0 lr=0.02 rho=0.1 seed=3
[atlas_random ] alpha=2.0 lr=0.02 rho=0.1 seed=4
[atlas_random ] alpha=2.0 lr=0.05 rho=0.01 seed=0
[atlas_random ] alpha=2.0 lr=0.05 rho=0.01 seed=1
[atlas_random ] alpha=2.0 lr=0.05 rho=0.01 seed=2
[atlas_random ] alpha=2.0 lr=0.05 rho=0.01 seed=3
[atlas_random ] alpha=2.0 lr=0.05 rho=0.01 seed=4
[atlas_random ] alpha=2.0 lr=0.05 rho=0.02 seed=0
[atlas_random ] alpha=2.0 lr=0.05 rho=0.02 seed=1
[atlas_random ] alpha=2.0 lr=0.05 rho=0.02 seed=2
[atlas_random ] alpha=2.0 lr=0.05 rho=0.02 seed=3
[atlas_random ] alpha=2.0 lr=0.05 rho=0.02 seed=4
[atlas_random ] alpha=2.0 lr=0.05 rho=0.05 seed=0
[atlas_random ] alpha=2.0 lr=0.05 rho=0.05 seed=1
[atlas_random ] alpha=2.0 lr=0.05 rho=0.05 seed=2
[atlas_random ] alpha=2.0 lr=0.05 rho=0.05 seed=3
[atlas_random ] alpha=2.0 lr=0.05 rho=0.05 seed=4
[atlas_random ] alpha=2.0 lr=0.05 rho=0.1 seed=0
[atlas_random ] alpha=2.0 lr=0.05 rho=0.1 seed=1
[atlas_random ] alpha=2.0 lr=0.05 rho=0.1 seed=2
[atlas_random ] alpha=2.0 lr=0.05 rho=0.1 seed=3
[atlas_random ] alpha=2.0 lr=0.05 rho=0.1 seed=4
[atlas_raw    ] alpha=1.2 lr=0.005 rho=0.01 seed=0
[atlas_raw    ] alpha=1.2 lr=0.005 rho=0.01 seed=1
[atlas_raw    ] alpha=1.2 lr=0.005 rho=0.01 seed=2
[atlas_raw    ] alpha=1.2 lr=0.005 rho=0.01 seed=3
[atlas_raw    ] alpha=1.2 lr=0.005 rho=0.01 seed=4
[atlas_raw    ] alpha=1.2 lr=0.005 rho=0.02 seed=0
[atlas_raw    ] alpha=1.2 lr=0.005 rho=0.02 seed=1
[atlas_raw    ] alpha=1.2 lr=0.005 rho=0.02 seed=2
[atlas_raw    ] alpha=1.2 lr=0.005 rho=0.02 seed=3
[atlas_raw    ] alpha=1.2 lr=0.005 rho=0.02 seed=4
[atlas_raw    ] alpha=1.2 lr=0.005 rho=0.05 seed=0
[atlas_raw    ] alpha=1.2 lr=0.005 rho=0.05 seed=1
[atlas_raw    ] alpha=1.2 lr=0.005 rho=0.05 seed=2
[atlas_raw    ] alpha=1.2 lr=0.005 rho=0.05 seed=3
[atlas_raw    ] alpha=1.2 lr=0.005 rho=0.05 seed=4
[atlas_raw    ] alpha=1.2 lr=0.005 rho=0.1 seed=0
[atlas_raw    ] alpha=1.2 lr=0.005 rho=0.1 seed=1
[atlas_raw    ] alpha=1.2 lr=0.005 rho=0.1 seed=2
[atlas_raw    ] alpha=1.2 lr=0.005 rho=0.1 seed=3
[atlas_raw    ] alpha=1.2 lr=0.005 rho=0.1 seed=4
[atlas_raw    ] alpha=1.2 lr=0.01 rho=0.01 seed=0
[atlas_raw    ] alpha=1.2 lr=0.01 rho=0.01 seed=1
[atlas_raw    ] alpha=1.2 lr=0.01 rho=0.01 seed=2
[atlas_raw    ] alpha=1.2 lr=0.01 rho=0.01 seed=3
[atlas_raw    ] alpha=1.2 lr=0.01 rho=0.01 seed=4
[atlas_raw    ] alpha=1.2 lr=0.01 rho=0.02 seed=0
[atlas_raw    ] alpha=1.2 lr=0.01 rho=0.02 seed=1
[atlas_raw    ] alpha=1.2 lr=0.01 rho=0.02 seed=2
[atlas_raw    ] alpha=1.2 lr=0.01 rho=0.02 seed=3
[atlas_raw    ] alpha=1.2 lr=0.01 rho=0.02 seed=4
[atlas_raw    ] alpha=1.2 lr=0.01 rho=0.05 seed=0
[atlas_raw    ] alpha=1.2 lr=0.01 rho=0.05 seed=1
[atlas_raw    ] alpha=1.2 lr=0.01 rho=0.05 seed=2
[atlas_raw    ] alpha=1.2 lr=0.01 rho=0.05 seed=3
[atlas_raw    ] alpha=1.2 lr=0.01 rho=0.05 seed=4
[atlas_raw    ] alpha=1.2 lr=0.01 rho=0.1 seed=0
[atlas_raw    ] alpha=1.2 lr=0.01 rho=0.1 seed=1
[atlas_raw    ] alpha=1.2 lr=0.01 rho=0.1 seed=2
[atlas_raw    ] alpha=1.2 lr=0.01 rho=0.1 seed=3
[atlas_raw    ] alpha=1.2 lr=0.01 rho=0.1 seed=4
[atlas_raw    ] alpha=1.2 lr=0.02 rho=0.01 seed=0
[atlas_raw    ] alpha=1.2 lr=0.02 rho=0.01 seed=1
[atlas_raw    ] alpha=1.2 lr=0.02 rho=0.01 seed=2
[atlas_raw    ] alpha=1.2 lr=0.02 rho=0.01 seed=3
[atlas_raw    ] alpha=1.2 lr=0.02 rho=0.01 seed=4
[atlas_raw    ] alpha=1.2 lr=0.02 rho=0.02 seed=0
[atlas_raw    ] alpha=1.2 lr=0.02 rho=0.02 seed=1
[atlas_raw    ] alpha=1.2 lr=0.02 rho=0.02 seed=2
[atlas_raw    ] alpha=1.2 lr=0.02 rho=0.02 seed=3
[atlas_raw    ] alpha=1.2 lr=0.02 rho=0.02 seed=4
[atlas_raw    ] alpha=1.2 lr=0.02 rho=0.05 seed=0
[atlas_raw    ] alpha=1.2 lr=0.02 rho=0.05 seed=1
[atlas_raw    ] alpha=1.2 lr=0.02 rho=0.05 seed=2
[atlas_raw    ] alpha=1.2 lr=0.02 rho=0.05 seed=3
[atlas_raw    ] alpha=1.2 lr=0.02 rho=0.05 seed=4
[atlas_raw    ] alpha=1.2 lr=0.02 rho=0.1 seed=0
[atlas_raw    ] alpha=1.2 lr=0.02 rho=0.1 seed=1
[atlas_raw    ] alpha=1.2 lr=0.02 rho=0.1 seed=2
[atlas_raw    ] alpha=1.2 lr=0.02 rho=0.1 seed=3
[atlas_raw    ] alpha=1.2 lr=0.02 rho=0.1 seed=4
[atlas_raw    ] alpha=1.2 lr=0.05 rho=0.01 seed=0
[atlas_raw    ] alpha=1.2 lr=0.05 rho=0.01 seed=1
[atlas_raw    ] alpha=1.2 lr=0.05 rho=0.01 seed=2
[atlas_raw    ] alpha=1.2 lr=0.05 rho=0.01 seed=3
[atlas_raw    ] alpha=1.2 lr=0.05 rho=0.01 seed=4
[atlas_raw    ] alpha=1.2 lr=0.05 rho=0.02 seed=0
[atlas_raw    ] alpha=1.2 lr=0.05 rho=0.02 seed=1
[atlas_raw    ] alpha=1.2 lr=0.05 rho=0.02 seed=2
[atlas_raw    ] alpha=1.2 lr=0.05 rho=0.02 seed=3
[atlas_raw    ] alpha=1.2 lr=0.05 rho=0.02 seed=4
[atlas_raw    ] alpha=1.2 lr=0.05 rho=0.05 seed=0
[atlas_raw    ] alpha=1.2 lr=0.05 rho=0.05 seed=1
[atlas_raw    ] alpha=1.2 lr=0.05 rho=0.05 seed=2
[atlas_raw    ] alpha=1.2 lr=0.05 rho=0.05 seed=3
[atlas_raw    ] alpha=1.2 lr=0.05 rho=0.05 seed=4
[atlas_raw    ] alpha=1.2 lr=0.05 rho=0.1 seed=0
[atlas_raw    ] alpha=1.2 lr=0.05 rho=0.1 seed=1
[atlas_raw    ] alpha=1.2 lr=0.05 rho=0.1 seed=2
[atlas_raw    ] alpha=1.2 lr=0.05 rho=0.1 seed=3
[atlas_raw    ] alpha=1.2 lr=0.05 rho=0.1 seed=4
[atlas_raw    ] alpha=1.6 lr=0.005 rho=0.01 seed=0
[atlas_raw    ] alpha=1.6 lr=0.005 rho=0.01 seed=1
[atlas_raw    ] alpha=1.6 lr=0.005 rho=0.01 seed=2
[atlas_raw    ] alpha=1.6 lr=0.005 rho=0.01 seed=3
[atlas_raw    ] alpha=1.6 lr=0.005 rho=0.01 seed=4
[atlas_raw    ] alpha=1.6 lr=0.005 rho=0.02 seed=0
[atlas_raw    ] alpha=1.6 lr=0.005 rho=0.02 seed=1
[atlas_raw    ] alpha=1.6 lr=0.005 rho=0.02 seed=2
[atlas_raw    ] alpha=1.6 lr=0.005 rho=0.02 seed=3
[atlas_raw    ] alpha=1.6 lr=0.005 rho=0.02 seed=4
[atlas_raw    ] alpha=1.6 lr=0.005 rho=0.05 seed=0
[atlas_raw    ] alpha=1.6 lr=0.005 rho=0.05 seed=1
[atlas_raw    ] alpha=1.6 lr=0.005 rho=0.05 seed=2
[atlas_raw    ] alpha=1.6 lr=0.005 rho=0.05 seed=3
[atlas_raw    ] alpha=1.6 lr=0.005 rho=0.05 seed=4
[atlas_raw    ] alpha=1.6 lr=0.005 rho=0.1 seed=0
[atlas_raw    ] alpha=1.6 lr=0.005 rho=0.1 seed=1
[atlas_raw    ] alpha=1.6 lr=0.005 rho=0.1 seed=2
[atlas_raw    ] alpha=1.6 lr=0.005 rho=0.1 seed=3
[atlas_raw    ] alpha=1.6 lr=0.005 rho=0.1 seed=4
[atlas_raw    ] alpha=1.6 lr=0.01 rho=0.01 seed=0
[atlas_raw    ] alpha=1.6 lr=0.01 rho=0.01 seed=1
[atlas_raw    ] alpha=1.6 lr=0.01 rho=0.01 seed=2
[atlas_raw    ] alpha=1.6 lr=0.01 rho=0.01 seed=3
[atlas_raw    ] alpha=1.6 lr=0.01 rho=0.01 seed=4
[atlas_raw    ] alpha=1.6 lr=0.01 rho=0.02 seed=0
[atlas_raw    ] alpha=1.6 lr=0.01 rho=0.02 seed=1
[atlas_raw    ] alpha=1.6 lr=0.01 rho=0.02 seed=2
[atlas_raw    ] alpha=1.6 lr=0.01 rho=0.02 seed=3
[atlas_raw    ] alpha=1.6 lr=0.01 rho=0.02 seed=4
[atlas_raw    ] alpha=1.6 lr=0.01 rho=0.05 seed=0
[atlas_raw    ] alpha=1.6 lr=0.01 rho=0.05 seed=1
[atlas_raw    ] alpha=1.6 lr=0.01 rho=0.05 seed=2
[atlas_raw    ] alpha=1.6 lr=0.01 rho=0.05 seed=3
[atlas_raw    ] alpha=1.6 lr=0.01 rho=0.05 seed=4
[atlas_raw    ] alpha=1.6 lr=0.01 rho=0.1 seed=0
[atlas_raw    ] alpha=1.6 lr=0.01 rho=0.1 seed=1
[atlas_raw    ] alpha=1.6 lr=0.01 rho=0.1 seed=2
[atlas_raw    ] alpha=1.6 lr=0.01 rho=0.1 seed=3
[atlas_raw    ] alpha=1.6 lr=0.01 rho=0.1 seed=4
[atlas_raw    ] alpha=1.6 lr=0.02 rho=0.01 seed=0
[atlas_raw    ] alpha=1.6 lr=0.02 rho=0.01 seed=1
[atlas_raw    ] alpha=1.6 lr=0.02 rho=0.01 seed=2
[atlas_raw    ] alpha=1.6 lr=0.02 rho=0.01 seed=3
[atlas_raw    ] alpha=1.6 lr=0.02 rho=0.01 seed=4
[atlas_raw    ] alpha=1.6 lr=0.02 rho=0.02 seed=0
[atlas_raw    ] alpha=1.6 lr=0.02 rho=0.02 seed=1
[atlas_raw    ] alpha=1.6 lr=0.02 rho=0.02 seed=2
[atlas_raw    ] alpha=1.6 lr=0.02 rho=0.02 seed=3
[atlas_raw    ] alpha=1.6 lr=0.02 rho=0.02 seed=4
[atlas_raw    ] alpha=1.6 lr=0.02 rho=0.05 seed=0
[atlas_raw    ] alpha=1.6 lr=0.02 rho=0.05 seed=1
[atlas_raw    ] alpha=1.6 lr=0.02 rho=0.05 seed=2
[atlas_raw    ] alpha=1.6 lr=0.02 rho=0.05 seed=3
[atlas_raw    ] alpha=1.6 lr=0.02 rho=0.05 seed=4
[atlas_raw    ] alpha=1.6 lr=0.02 rho=0.1 seed=0
[atlas_raw    ] alpha=1.6 lr=0.02 rho=0.1 seed=1
[atlas_raw    ] alpha=1.6 lr=0.02 rho=0.1 seed=2
[atlas_raw    ] alpha=1.6 lr=0.02 rho=0.1 seed=3
[atlas_raw    ] alpha=1.6 lr=0.02 rho=0.1 seed=4
[atlas_raw    ] alpha=1.6 lr=0.05 rho=0.01 seed=0
[atlas_raw    ] alpha=1.6 lr=0.05 rho=0.01 seed=1
[atlas_raw    ] alpha=1.6 lr=0.05 rho=0.01 seed=2
[atlas_raw    ] alpha=1.6 lr=0.05 rho=0.01 seed=3
[atlas_raw    ] alpha=1.6 lr=0.05 rho=0.01 seed=4
[atlas_raw    ] alpha=1.6 lr=0.05 rho=0.02 seed=0
[atlas_raw    ] alpha=1.6 lr=0.05 rho=0.02 seed=1
[atlas_raw    ] alpha=1.6 lr=0.05 rho=0.02 seed=2
[atlas_raw    ] alpha=1.6 lr=0.05 rho=0.02 seed=3
[atlas_raw    ] alpha=1.6 lr=0.05 rho=0.02 seed=4
[atlas_raw    ] alpha=1.6 lr=0.05 rho=0.05 seed=0
[atlas_raw    ] alpha=1.6 lr=0.05 rho=0.05 seed=1
[atlas_raw    ] alpha=1.6 lr=0.05 rho=0.05 seed=2
[atlas_raw    ] alpha=1.6 lr=0.05 rho=0.05 seed=3
[atlas_raw    ] alpha=1.6 lr=0.05 rho=0.05 seed=4
[atlas_raw    ] alpha=1.6 lr=0.05 rho=0.1 seed=0
[atlas_raw    ] alpha=1.6 lr=0.05 rho=0.1 seed=1
[atlas_raw    ] alpha=1.6 lr=0.05 rho=0.1 seed=2
[atlas_raw    ] alpha=1.6 lr=0.05 rho=0.1 seed=3
[atlas_raw    ] alpha=1.6 lr=0.05 rho=0.1 seed=4
[atlas_raw    ] alpha=2.0 lr=0.005 rho=0.01 seed=0
[atlas_raw    ] alpha=2.0 lr=0.005 rho=0.01 seed=1
[atlas_raw    ] alpha=2.0 lr=0.005 rho=0.01 seed=2
[atlas_raw    ] alpha=2.0 lr=0.005 rho=0.01 seed=3
[atlas_raw    ] alpha=2.0 lr=0.005 rho=0.01 seed=4
[atlas_raw    ] alpha=2.0 lr=0.005 rho=0.02 seed=0
[atlas_raw    ] alpha=2.0 lr=0.005 rho=0.02 seed=1
[atlas_raw    ] alpha=2.0 lr=0.005 rho=0.02 seed=2
[atlas_raw    ] alpha=2.0 lr=0.005 rho=0.02 seed=3
[atlas_raw    ] alpha=2.0 lr=0.005 rho=0.02 seed=4
[atlas_raw    ] alpha=2.0 lr=0.005 rho=0.05 seed=0
[atlas_raw    ] alpha=2.0 lr=0.005 rho=0.05 seed=1
[atlas_raw    ] alpha=2.0 lr=0.005 rho=0.05 seed=2
[atlas_raw    ] alpha=2.0 lr=0.005 rho=0.05 seed=3
[atlas_raw    ] alpha=2.0 lr=0.005 rho=0.05 seed=4
[atlas_raw    ] alpha=2.0 lr=0.005 rho=0.1 seed=0
[atlas_raw    ] alpha=2.0 lr=0.005 rho=0.1 seed=1
[atlas_raw    ] alpha=2.0 lr=0.005 rho=0.1 seed=2
[atlas_raw    ] alpha=2.0 lr=0.005 rho=0.1 seed=3
[atlas_raw    ] alpha=2.0 lr=0.005 rho=0.1 seed=4
[atlas_raw    ] alpha=2.0 lr=0.01 rho=0.01 seed=0
[atlas_raw    ] alpha=2.0 lr=0.01 rho=0.01 seed=1
[atlas_raw    ] alpha=2.0 lr=0.01 rho=0.01 seed=2
[atlas_raw    ] alpha=2.0 lr=0.01 rho=0.01 seed=3
[atlas_raw    ] alpha=2.0 lr=0.01 rho=0.01 seed=4
[atlas_raw    ] alpha=2.0 lr=0.01 rho=0.02 seed=0
[atlas_raw    ] alpha=2.0 lr=0.01 rho=0.02 seed=1
[atlas_raw    ] alpha=2.0 lr=0.01 rho=0.02 seed=2
[atlas_raw    ] alpha=2.0 lr=0.01 rho=0.02 seed=3
[atlas_raw    ] alpha=2.0 lr=0.01 rho=0.02 seed=4
[atlas_raw    ] alpha=2.0 lr=0.01 rho=0.05 seed=0
[atlas_raw    ] alpha=2.0 lr=0.01 rho=0.05 seed=1
[atlas_raw    ] alpha=2.0 lr=0.01 rho=0.05 seed=2
[atlas_raw    ] alpha=2.0 lr=0.01 rho=0.05 seed=3
[atlas_raw    ] alpha=2.0 lr=0.01 rho=0.05 seed=4
[atlas_raw    ] alpha=2.0 lr=0.01 rho=0.1 seed=0
[atlas_raw    ] alpha=2.0 lr=0.01 rho=0.1 seed=1
[atlas_raw    ] alpha=2.0 lr=0.01 rho=0.1 seed=2
[atlas_raw    ] alpha=2.0 lr=0.01 rho=0.1 seed=3
[atlas_raw    ] alpha=2.0 lr=0.01 rho=0.1 seed=4
[atlas_raw    ] alpha=2.0 lr=0.02 rho=0.01 seed=0
[atlas_raw    ] alpha=2.0 lr=0.02 rho=0.01 seed=1
[atlas_raw    ] alpha=2.0 lr=0.02 rho=0.01 seed=2
[atlas_raw    ] alpha=2.0 lr=0.02 rho=0.01 seed=3
[atlas_raw    ] alpha=2.0 lr=0.02 rho=0.01 seed=4
[atlas_raw    ] alpha=2.0 lr=0.02 rho=0.02 seed=0
[atlas_raw    ] alpha=2.0 lr=0.02 rho=0.02 seed=1
[atlas_raw    ] alpha=2.0 lr=0.02 rho=0.02 seed=2
[atlas_raw    ] alpha=2.0 lr=0.02 rho=0.02 seed=3
[atlas_raw    ] alpha=2.0 lr=0.02 rho=0.02 seed=4
[atlas_raw    ] alpha=2.0 lr=0.02 rho=0.05 seed=0
[atlas_raw    ] alpha=2.0 lr=0.02 rho=0.05 seed=1
[atlas_raw    ] alpha=2.0 lr=0.02 rho=0.05 seed=2
[atlas_raw    ] alpha=2.0 lr=0.02 rho=0.05 seed=3
[atlas_raw    ] alpha=2.0 lr=0.02 rho=0.05 seed=4
[atlas_raw    ] alpha=2.0 lr=0.02 rho=0.1 seed=0
[atlas_raw    ] alpha=2.0 lr=0.02 rho=0.1 seed=1
[atlas_raw    ] alpha=2.0 lr=0.02 rho=0.1 seed=2
[atlas_raw    ] alpha=2.0 lr=0.02 rho=0.1 seed=3
[atlas_raw    ] alpha=2.0 lr=0.02 rho=0.1 seed=4
[atlas_raw    ] alpha=2.0 lr=0.05 rho=0.01 seed=0
[atlas_raw    ] alpha=2.0 lr=0.05 rho=0.01 seed=1
[atlas_raw    ] alpha=2.0 lr=0.05 rho=0.01 seed=2
[atlas_raw    ] alpha=2.0 lr=0.05 rho=0.01 seed=3
[atlas_raw    ] alpha=2.0 lr=0.05 rho=0.01 seed=4
[atlas_raw    ] alpha=2.0 lr=0.05 rho=0.02 seed=0
[atlas_raw    ] alpha=2.0 lr=0.05 rho=0.02 seed=1
[atlas_raw    ] alpha=2.0 lr=0.05 rho=0.02 seed=2
[atlas_raw    ] alpha=2.0 lr=0.05 rho=0.02 seed=3
[atlas_raw    ] alpha=2.0 lr=0.05 rho=0.02 seed=4
[atlas_raw    ] alpha=2.0 lr=0.05 rho=0.05 seed=0
[atlas_raw    ] alpha=2.0 lr=0.05 rho=0.05 seed=1
[atlas_raw    ] alpha=2.0 lr=0.05 rho=0.05 seed=2
[atlas_raw    ] alpha=2.0 lr=0.05 rho=0.05 seed=3
[atlas_raw    ] alpha=2.0 lr=0.05 rho=0.05 seed=4
[atlas_raw    ] alpha=2.0 lr=0.05 rho=0.1 seed=0
[atlas_raw    ] alpha=2.0 lr=0.05 rho=0.1 seed=1
[atlas_raw    ] alpha=2.0 lr=0.05 rho=0.1 seed=2
[atlas_raw    ] alpha=2.0 lr=0.05 rho=0.1 seed=3
[atlas_raw    ] alpha=2.0 lr=0.05 rho=0.1 seed=4
[fsam         ] alpha=1.2 lr=0.003 rho=0.01 seed=0
[fsam         ] alpha=1.2 lr=0.003 rho=0.01 seed=1
[fsam         ] alpha=1.2 lr=0.003 rho=0.01 seed=2
[fsam         ] alpha=1.2 lr=0.003 rho=0.01 seed=3
[fsam         ] alpha=1.2 lr=0.003 rho=0.01 seed=4
[fsam         ] alpha=1.2 lr=0.003 rho=0.02 seed=0
[fsam         ] alpha=1.2 lr=0.003 rho=0.02 seed=1
[fsam         ] alpha=1.2 lr=0.003 rho=0.02 seed=2
[fsam         ] alpha=1.2 lr=0.003 rho=0.02 seed=3
[fsam         ] alpha=1.2 lr=0.003 rho=0.02 seed=4
[fsam         ] alpha=1.2 lr=0.003 rho=0.05 seed=0
[fsam         ] alpha=1.2 lr=0.003 rho=0.05 seed=1
[fsam         ] alpha=1.2 lr=0.003 rho=0.05 seed=2
[fsam         ] alpha=1.2 lr=0.003 rho=0.05 seed=3
[fsam         ] alpha=1.2 lr=0.003 rho=0.05 seed=4
[fsam         ] alpha=1.2 lr=0.003 rho=0.1 seed=0
[fsam         ] alpha=1.2 lr=0.003 rho=0.1 seed=1
[fsam         ] alpha=1.2 lr=0.003 rho=0.1 seed=2
[fsam         ] alpha=1.2 lr=0.003 rho=0.1 seed=3
[fsam         ] alpha=1.2 lr=0.003 rho=0.1 seed=4
[fsam         ] alpha=1.2 lr=0.01 rho=0.01 seed=0
[fsam         ] alpha=1.2 lr=0.01 rho=0.01 seed=1
[fsam         ] alpha=1.2 lr=0.01 rho=0.01 seed=2
[fsam         ] alpha=1.2 lr=0.01 rho=0.01 seed=3
[fsam         ] alpha=1.2 lr=0.01 rho=0.01 seed=4
[fsam         ] alpha=1.2 lr=0.01 rho=0.02 seed=0
[fsam         ] alpha=1.2 lr=0.01 rho=0.02 seed=1
[fsam         ] alpha=1.2 lr=0.01 rho=0.02 seed=2
[fsam         ] alpha=1.2 lr=0.01 rho=0.02 seed=3
[fsam         ] alpha=1.2 lr=0.01 rho=0.02 seed=4
[fsam         ] alpha=1.2 lr=0.01 rho=0.05 seed=0
[fsam         ] alpha=1.2 lr=0.01 rho=0.05 seed=1
[fsam         ] alpha=1.2 lr=0.01 rho=0.05 seed=2
[fsam         ] alpha=1.2 lr=0.01 rho=0.05 seed=3
[fsam         ] alpha=1.2 lr=0.01 rho=0.05 seed=4
[fsam         ] alpha=1.2 lr=0.01 rho=0.1 seed=0
[fsam         ] alpha=1.2 lr=0.01 rho=0.1 seed=1
[fsam         ] alpha=1.2 lr=0.01 rho=0.1 seed=2
[fsam         ] alpha=1.2 lr=0.01 rho=0.1 seed=3
[fsam         ] alpha=1.2 lr=0.01 rho=0.1 seed=4
[fsam         ] alpha=1.2 lr=0.03 rho=0.01 seed=0
[fsam         ] alpha=1.2 lr=0.03 rho=0.01 seed=1
[fsam         ] alpha=1.2 lr=0.03 rho=0.01 seed=2
[fsam         ] alpha=1.2 lr=0.03 rho=0.01 seed=3
[fsam         ] alpha=1.2 lr=0.03 rho=0.01 seed=4
[fsam         ] alpha=1.2 lr=0.03 rho=0.02 seed=0
[fsam         ] alpha=1.2 lr=0.03 rho=0.02 seed=1
[fsam         ] alpha=1.2 lr=0.03 rho=0.02 seed=2
[fsam         ] alpha=1.2 lr=0.03 rho=0.02 seed=3
[fsam         ] alpha=1.2 lr=0.03 rho=0.02 seed=4
[fsam         ] alpha=1.2 lr=0.03 rho=0.05 seed=0
[fsam         ] alpha=1.2 lr=0.03 rho=0.05 seed=1
[fsam         ] alpha=1.2 lr=0.03 rho=0.05 seed=2
[fsam         ] alpha=1.2 lr=0.03 rho=0.05 seed=3
[fsam         ] alpha=1.2 lr=0.03 rho=0.05 seed=4
[fsam         ] alpha=1.2 lr=0.03 rho=0.1 seed=0
[fsam         ] alpha=1.2 lr=0.03 rho=0.1 seed=1
[fsam         ] alpha=1.2 lr=0.03 rho=0.1 seed=2
[fsam         ] alpha=1.2 lr=0.03 rho=0.1 seed=3
[fsam         ] alpha=1.2 lr=0.03 rho=0.1 seed=4
[fsam         ] alpha=1.2 lr=0.1 rho=0.01 seed=0
[fsam         ] alpha=1.2 lr=0.1 rho=0.01 seed=1
[fsam         ] alpha=1.2 lr=0.1 rho=0.01 seed=2
[fsam         ] alpha=1.2 lr=0.1 rho=0.01 seed=3
[fsam         ] alpha=1.2 lr=0.1 rho=0.01 seed=4
[fsam         ] alpha=1.2 lr=0.1 rho=0.02 seed=0
[fsam         ] alpha=1.2 lr=0.1 rho=0.02 seed=1
[fsam         ] alpha=1.2 lr=0.1 rho=0.02 seed=2
[fsam         ] alpha=1.2 lr=0.1 rho=0.02 seed=3
[fsam         ] alpha=1.2 lr=0.1 rho=0.02 seed=4
[fsam         ] alpha=1.2 lr=0.1 rho=0.05 seed=0
[fsam         ] alpha=1.2 lr=0.1 rho=0.05 seed=1
[fsam         ] alpha=1.2 lr=0.1 rho=0.05 seed=2
[fsam         ] alpha=1.2 lr=0.1 rho=0.05 seed=3
[fsam         ] alpha=1.2 lr=0.1 rho=0.05 seed=4
[fsam         ] alpha=1.2 lr=0.1 rho=0.1 seed=0
[fsam         ] alpha=1.2 lr=0.1 rho=0.1 seed=1
[fsam         ] alpha=1.2 lr=0.1 rho=0.1 seed=2
[fsam         ] alpha=1.2 lr=0.1 rho=0.1 seed=3
[fsam         ] alpha=1.2 lr=0.1 rho=0.1 seed=4
[fsam         ] alpha=1.6 lr=0.003 rho=0.01 seed=0
[fsam         ] alpha=1.6 lr=0.003 rho=0.01 seed=1
[fsam         ] alpha=1.6 lr=0.003 rho=0.01 seed=2
[fsam         ] alpha=1.6 lr=0.003 rho=0.01 seed=3
[fsam         ] alpha=1.6 lr=0.003 rho=0.01 seed=4
[fsam         ] alpha=1.6 lr=0.003 rho=0.02 seed=0
[fsam         ] alpha=1.6 lr=0.003 rho=0.02 seed=1
[fsam         ] alpha=1.6 lr=0.003 rho=0.02 seed=2
[fsam         ] alpha=1.6 lr=0.003 rho=0.02 seed=3
[fsam         ] alpha=1.6 lr=0.003 rho=0.02 seed=4
[fsam         ] alpha=1.6 lr=0.003 rho=0.05 seed=0
[fsam         ] alpha=1.6 lr=0.003 rho=0.05 seed=1
[fsam         ] alpha=1.6 lr=0.003 rho=0.05 seed=2
[fsam         ] alpha=1.6 lr=0.003 rho=0.05 seed=3
[fsam         ] alpha=1.6 lr=0.003 rho=0.05 seed=4
[fsam         ] alpha=1.6 lr=0.003 rho=0.1 seed=0
[fsam         ] alpha=1.6 lr=0.003 rho=0.1 seed=1
[fsam         ] alpha=1.6 lr=0.003 rho=0.1 seed=2
[fsam         ] alpha=1.6 lr=0.003 rho=0.1 seed=3
[fsam         ] alpha=1.6 lr=0.003 rho=0.1 seed=4
[fsam         ] alpha=1.6 lr=0.01 rho=0.01 seed=0
[fsam         ] alpha=1.6 lr=0.01 rho=0.01 seed=1
[fsam         ] alpha=1.6 lr=0.01 rho=0.01 seed=2
[fsam         ] alpha=1.6 lr=0.01 rho=0.01 seed=3
[fsam         ] alpha=1.6 lr=0.01 rho=0.01 seed=4
[fsam         ] alpha=1.6 lr=0.01 rho=0.02 seed=0
[fsam         ] alpha=1.6 lr=0.01 rho=0.02 seed=1
[fsam         ] alpha=1.6 lr=0.01 rho=0.02 seed=2
[fsam         ] alpha=1.6 lr=0.01 rho=0.02 seed=3
[fsam         ] alpha=1.6 lr=0.01 rho=0.02 seed=4
[fsam         ] alpha=1.6 lr=0.01 rho=0.05 seed=0
[fsam         ] alpha=1.6 lr=0.01 rho=0.05 seed=1
[fsam         ] alpha=1.6 lr=0.01 rho=0.05 seed=2
[fsam         ] alpha=1.6 lr=0.01 rho=0.05 seed=3
[fsam         ] alpha=1.6 lr=0.01 rho=0.05 seed=4
[fsam         ] alpha=1.6 lr=0.01 rho=0.1 seed=0
[fsam         ] alpha=1.6 lr=0.01 rho=0.1 seed=1
[fsam         ] alpha=1.6 lr=0.01 rho=0.1 seed=2
[fsam         ] alpha=1.6 lr=0.01 rho=0.1 seed=3
[fsam         ] alpha=1.6 lr=0.01 rho=0.1 seed=4
[fsam         ] alpha=1.6 lr=0.03 rho=0.01 seed=0
[fsam         ] alpha=1.6 lr=0.03 rho=0.01 seed=1
[fsam         ] alpha=1.6 lr=0.03 rho=0.01 seed=2
[fsam         ] alpha=1.6 lr=0.03 rho=0.01 seed=3
[fsam         ] alpha=1.6 lr=0.03 rho=0.01 seed=4
[fsam         ] alpha=1.6 lr=0.03 rho=0.02 seed=0
[fsam         ] alpha=1.6 lr=0.03 rho=0.02 seed=1
[fsam         ] alpha=1.6 lr=0.03 rho=0.02 seed=2
[fsam         ] alpha=1.6 lr=0.03 rho=0.02 seed=3
[fsam         ] alpha=1.6 lr=0.03 rho=0.02 seed=4
[fsam         ] alpha=1.6 lr=0.03 rho=0.05 seed=0
[fsam         ] alpha=1.6 lr=0.03 rho=0.05 seed=1
[fsam         ] alpha=1.6 lr=0.03 rho=0.05 seed=2
[fsam         ] alpha=1.6 lr=0.03 rho=0.05 seed=3
[fsam         ] alpha=1.6 lr=0.03 rho=0.05 seed=4
[fsam         ] alpha=1.6 lr=0.03 rho=0.1 seed=0
[fsam         ] alpha=1.6 lr=0.03 rho=0.1 seed=1
[fsam         ] alpha=1.6 lr=0.03 rho=0.1 seed=2
[fsam         ] alpha=1.6 lr=0.03 rho=0.1 seed=3
[fsam         ] alpha=1.6 lr=0.03 rho=0.1 seed=4
[fsam         ] alpha=1.6 lr=0.1 rho=0.01 seed=0
[fsam         ] alpha=1.6 lr=0.1 rho=0.01 seed=1
[fsam         ] alpha=1.6 lr=0.1 rho=0.01 seed=2
[fsam         ] alpha=1.6 lr=0.1 rho=0.01 seed=3
[fsam         ] alpha=1.6 lr=0.1 rho=0.01 seed=4
[fsam         ] alpha=1.6 lr=0.1 rho=0.02 seed=0
[fsam         ] alpha=1.6 lr=0.1 rho=0.02 seed=1
[fsam         ] alpha=1.6 lr=0.1 rho=0.02 seed=2
[fsam         ] alpha=1.6 lr=0.1 rho=0.02 seed=3
[fsam         ] alpha=1.6 lr=0.1 rho=0.02 seed=4
[fsam         ] alpha=1.6 lr=0.1 rho=0.05 seed=0
[fsam         ] alpha=1.6 lr=0.1 rho=0.05 seed=1
[fsam         ] alpha=1.6 lr=0.1 rho=0.05 seed=2
[fsam         ] alpha=1.6 lr=0.1 rho=0.05 seed=3
[fsam         ] alpha=1.6 lr=0.1 rho=0.05 seed=4
[fsam         ] alpha=1.6 lr=0.1 rho=0.1 seed=0
[fsam         ] alpha=1.6 lr=0.1 rho=0.1 seed=1
[fsam         ] alpha=1.6 lr=0.1 rho=0.1 seed=2
[fsam         ] alpha=1.6 lr=0.1 rho=0.1 seed=3
[fsam         ] alpha=1.6 lr=0.1 rho=0.1 seed=4
[fsam         ] alpha=2.0 lr=0.003 rho=0.01 seed=0
[fsam         ] alpha=2.0 lr=0.003 rho=0.01 seed=1
[fsam         ] alpha=2.0 lr=0.003 rho=0.01 seed=2
[fsam         ] alpha=2.0 lr=0.003 rho=0.01 seed=3
[fsam         ] alpha=2.0 lr=0.003 rho=0.01 seed=4
[fsam         ] alpha=2.0 lr=0.003 rho=0.02 seed=0
[fsam         ] alpha=2.0 lr=0.003 rho=0.02 seed=1
[fsam         ] alpha=2.0 lr=0.003 rho=0.02 seed=2
[fsam         ] alpha=2.0 lr=0.003 rho=0.02 seed=3
[fsam         ] alpha=2.0 lr=0.003 rho=0.02 seed=4
[fsam         ] alpha=2.0 lr=0.003 rho=0.05 seed=0
[fsam         ] alpha=2.0 lr=0.003 rho=0.05 seed=1
[fsam         ] alpha=2.0 lr=0.003 rho=0.05 seed=2
[fsam         ] alpha=2.0 lr=0.003 rho=0.05 seed=3
[fsam         ] alpha=2.0 lr=0.003 rho=0.05 seed=4
[fsam         ] alpha=2.0 lr=0.003 rho=0.1 seed=0
[fsam         ] alpha=2.0 lr=0.003 rho=0.1 seed=1
[fsam         ] alpha=2.0 lr=0.003 rho=0.1 seed=2
[fsam         ] alpha=2.0 lr=0.003 rho=0.1 seed=3
[fsam         ] alpha=2.0 lr=0.003 rho=0.1 seed=4
[fsam         ] alpha=2.0 lr=0.01 rho=0.01 seed=0
[fsam         ] alpha=2.0 lr=0.01 rho=0.01 seed=1
[fsam         ] alpha=2.0 lr=0.01 rho=0.01 seed=2
[fsam         ] alpha=2.0 lr=0.01 rho=0.01 seed=3
[fsam         ] alpha=2.0 lr=0.01 rho=0.01 seed=4
[fsam         ] alpha=2.0 lr=0.01 rho=0.02 seed=0
[fsam         ] alpha=2.0 lr=0.01 rho=0.02 seed=1
[fsam         ] alpha=2.0 lr=0.01 rho=0.02 seed=2
[fsam         ] alpha=2.0 lr=0.01 rho=0.02 seed=3
[fsam         ] alpha=2.0 lr=0.01 rho=0.02 seed=4
[fsam         ] alpha=2.0 lr=0.01 rho=0.05 seed=0
[fsam         ] alpha=2.0 lr=0.01 rho=0.05 seed=1
[fsam         ] alpha=2.0 lr=0.01 rho=0.05 seed=2
[fsam         ] alpha=2.0 lr=0.01 rho=0.05 seed=3
[fsam         ] alpha=2.0 lr=0.01 rho=0.05 seed=4
[fsam         ] alpha=2.0 lr=0.01 rho=0.1 seed=0
[fsam         ] alpha=2.0 lr=0.01 rho=0.1 seed=1
[fsam         ] alpha=2.0 lr=0.01 rho=0.1 seed=2
[fsam         ] alpha=2.0 lr=0.01 rho=0.1 seed=3
[fsam         ] alpha=2.0 lr=0.01 rho=0.1 seed=4
[fsam         ] alpha=2.0 lr=0.03 rho=0.01 seed=0
[fsam         ] alpha=2.0 lr=0.03 rho=0.01 seed=1
[fsam         ] alpha=2.0 lr=0.03 rho=0.01 seed=2
[fsam         ] alpha=2.0 lr=0.03 rho=0.01 seed=3
[fsam         ] alpha=2.0 lr=0.03 rho=0.01 seed=4
[fsam         ] alpha=2.0 lr=0.03 rho=0.02 seed=0
[fsam         ] alpha=2.0 lr=0.03 rho=0.02 seed=1
[fsam         ] alpha=2.0 lr=0.03 rho=0.02 seed=2
[fsam         ] alpha=2.0 lr=0.03 rho=0.02 seed=3
[fsam         ] alpha=2.0 lr=0.03 rho=0.02 seed=4
[fsam         ] alpha=2.0 lr=0.03 rho=0.05 seed=0
[fsam         ] alpha=2.0 lr=0.03 rho=0.05 seed=1
[fsam         ] alpha=2.0 lr=0.03 rho=0.05 seed=2
[fsam         ] alpha=2.0 lr=0.03 rho=0.05 seed=3
[fsam         ] alpha=2.0 lr=0.03 rho=0.05 seed=4
[fsam         ] alpha=2.0 lr=0.03 rho=0.1 seed=0
[fsam         ] alpha=2.0 lr=0.03 rho=0.1 seed=1
[fsam         ] alpha=2.0 lr=0.03 rho=0.1 seed=2
[fsam         ] alpha=2.0 lr=0.03 rho=0.1 seed=3
[fsam         ] alpha=2.0 lr=0.03 rho=0.1 seed=4
[fsam         ] alpha=2.0 lr=0.1 rho=0.01 seed=0
[fsam         ] alpha=2.0 lr=0.1 rho=0.01 seed=1
[fsam         ] alpha=2.0 lr=0.1 rho=0.01 seed=2
[fsam         ] alpha=2.0 lr=0.1 rho=0.01 seed=3
[fsam         ] alpha=2.0 lr=0.1 rho=0.01 seed=4
[fsam         ] alpha=2.0 lr=0.1 rho=0.02 seed=0
[fsam         ] alpha=2.0 lr=0.1 rho=0.02 seed=1
[fsam         ] alpha=2.0 lr=0.1 rho=0.02 seed=2
[fsam         ] alpha=2.0 lr=0.1 rho=0.02 seed=3
[fsam         ] alpha=2.0 lr=0.1 rho=0.02 seed=4
[fsam         ] alpha=2.0 lr=0.1 rho=0.05 seed=0
[fsam         ] alpha=2.0 lr=0.1 rho=0.05 seed=1
[fsam         ] alpha=2.0 lr=0.1 rho=0.05 seed=2
[fsam         ] alpha=2.0 lr=0.1 rho=0.05 seed=3
[fsam         ] alpha=2.0 lr=0.1 rho=0.05 seed=4
[fsam         ] alpha=2.0 lr=0.1 rho=0.1 seed=0
[fsam         ] alpha=2.0 lr=0.1 rho=0.1 seed=1
[fsam         ] alpha=2.0 lr=0.1 rho=0.1 seed=2
[fsam         ] alpha=2.0 lr=0.1 rho=0.1 seed=3
[fsam         ] alpha=2.0 lr=0.1 rho=0.1 seed=4
[muon_sam     ] alpha=1.2 lr=0.005 rho=0.01 seed=0
[muon_sam     ] alpha=1.2 lr=0.005 rho=0.01 seed=1
[muon_sam     ] alpha=1.2 lr=0.005 rho=0.01 seed=2
[muon_sam     ] alpha=1.2 lr=0.005 rho=0.01 seed=3
[muon_sam     ] alpha=1.2 lr=0.005 rho=0.01 seed=4
[muon_sam     ] alpha=1.2 lr=0.005 rho=0.02 seed=0
[muon_sam     ] alpha=1.2 lr=0.005 rho=0.02 seed=1
[muon_sam     ] alpha=1.2 lr=0.005 rho=0.02 seed=2
[muon_sam     ] alpha=1.2 lr=0.005 rho=0.02 seed=3
[muon_sam     ] alpha=1.2 lr=0.005 rho=0.02 seed=4
[muon_sam     ] alpha=1.2 lr=0.005 rho=0.05 seed=0
[muon_sam     ] alpha=1.2 lr=0.005 rho=0.05 seed=1
[muon_sam     ] alpha=1.2 lr=0.005 rho=0.05 seed=2
[muon_sam     ] alpha=1.2 lr=0.005 rho=0.05 seed=3
[muon_sam     ] alpha=1.2 lr=0.005 rho=0.05 seed=4
[muon_sam     ] alpha=1.2 lr=0.005 rho=0.1 seed=0
[muon_sam     ] alpha=1.2 lr=0.005 rho=0.1 seed=1
[muon_sam     ] alpha=1.2 lr=0.005 rho=0.1 seed=2
[muon_sam     ] alpha=1.2 lr=0.005 rho=0.1 seed=3
[muon_sam     ] alpha=1.2 lr=0.005 rho=0.1 seed=4
[muon_sam     ] alpha=1.2 lr=0.01 rho=0.01 seed=0
[muon_sam     ] alpha=1.2 lr=0.01 rho=0.01 seed=1
[muon_sam     ] alpha=1.2 lr=0.01 rho=0.01 seed=2
[muon_sam     ] alpha=1.2 lr=0.01 rho=0.01 seed=3
[muon_sam     ] alpha=1.2 lr=0.01 rho=0.01 seed=4
[muon_sam     ] alpha=1.2 lr=0.01 rho=0.02 seed=0
[muon_sam     ] alpha=1.2 lr=0.01 rho=0.02 seed=1
[muon_sam     ] alpha=1.2 lr=0.01 rho=0.02 seed=2
[muon_sam     ] alpha=1.2 lr=0.01 rho=0.02 seed=3
[muon_sam     ] alpha=1.2 lr=0.01 rho=0.02 seed=4
[muon_sam     ] alpha=1.2 lr=0.01 rho=0.05 seed=0
[muon_sam     ] alpha=1.2 lr=0.01 rho=0.05 seed=1
[muon_sam     ] alpha=1.2 lr=0.01 rho=0.05 seed=2
[muon_sam     ] alpha=1.2 lr=0.01 rho=0.05 seed=3
[muon_sam     ] alpha=1.2 lr=0.01 rho=0.05 seed=4
[muon_sam     ] alpha=1.2 lr=0.01 rho=0.1 seed=0
[muon_sam     ] alpha=1.2 lr=0.01 rho=0.1 seed=1
[muon_sam     ] alpha=1.2 lr=0.01 rho=0.1 seed=2
[muon_sam     ] alpha=1.2 lr=0.01 rho=0.1 seed=3
[muon_sam     ] alpha=1.2 lr=0.01 rho=0.1 seed=4
[muon_sam     ] alpha=1.2 lr=0.02 rho=0.01 seed=0
[muon_sam     ] alpha=1.2 lr=0.02 rho=0.01 seed=1
[muon_sam     ] alpha=1.2 lr=0.02 rho=0.01 seed=2
[muon_sam     ] alpha=1.2 lr=0.02 rho=0.01 seed=3
[muon_sam     ] alpha=1.2 lr=0.02 rho=0.01 seed=4
[muon_sam     ] alpha=1.2 lr=0.02 rho=0.02 seed=0
[muon_sam     ] alpha=1.2 lr=0.02 rho=0.02 seed=1
[muon_sam     ] alpha=1.2 lr=0.02 rho=0.02 seed=2
[muon_sam     ] alpha=1.2 lr=0.02 rho=0.02 seed=3
[muon_sam     ] alpha=1.2 lr=0.02 rho=0.02 seed=4
[muon_sam     ] alpha=1.2 lr=0.02 rho=0.05 seed=0
[muon_sam     ] alpha=1.2 lr=0.02 rho=0.05 seed=1
[muon_sam     ] alpha=1.2 lr=0.02 rho=0.05 seed=2
[muon_sam     ] alpha=1.2 lr=0.02 rho=0.05 seed=3
[muon_sam     ] alpha=1.2 lr=0.02 rho=0.05 seed=4
[muon_sam     ] alpha=1.2 lr=0.02 rho=0.1 seed=0
[muon_sam     ] alpha=1.2 lr=0.02 rho=0.1 seed=1
[muon_sam     ] alpha=1.2 lr=0.02 rho=0.1 seed=2
[muon_sam     ] alpha=1.2 lr=0.02 rho=0.1 seed=3
[muon_sam     ] alpha=1.2 lr=0.02 rho=0.1 seed=4
[muon_sam     ] alpha=1.2 lr=0.05 rho=0.01 seed=0
[muon_sam     ] alpha=1.2 lr=0.05 rho=0.01 seed=1
[muon_sam     ] alpha=1.2 lr=0.05 rho=0.01 seed=2
[muon_sam     ] alpha=1.2 lr=0.05 rho=0.01 seed=3
[muon_sam     ] alpha=1.2 lr=0.05 rho=0.01 seed=4
[muon_sam     ] alpha=1.2 lr=0.05 rho=0.02 seed=0
[muon_sam     ] alpha=1.2 lr=0.05 rho=0.02 seed=1
[muon_sam     ] alpha=1.2 lr=0.05 rho=0.02 seed=2
[muon_sam     ] alpha=1.2 lr=0.05 rho=0.02 seed=3
[muon_sam     ] alpha=1.2 lr=0.05 rho=0.02 seed=4
[muon_sam     ] alpha=1.2 lr=0.05 rho=0.05 seed=0
[muon_sam     ] alpha=1.2 lr=0.05 rho=0.05 seed=1
[muon_sam     ] alpha=1.2 lr=0.05 rho=0.05 seed=2
[muon_sam     ] alpha=1.2 lr=0.05 rho=0.05 seed=3
[muon_sam     ] alpha=1.2 lr=0.05 rho=0.05 seed=4
[muon_sam     ] alpha=1.2 lr=0.05 rho=0.1 seed=0
[muon_sam     ] alpha=1.2 lr=0.05 rho=0.1 seed=1
[muon_sam     ] alpha=1.2 lr=0.05 rho=0.1 seed=2
[muon_sam     ] alpha=1.2 lr=0.05 rho=0.1 seed=3
[muon_sam     ] alpha=1.2 lr=0.05 rho=0.1 seed=4
[muon_sam     ] alpha=1.6 lr=0.005 rho=0.01 seed=0
[muon_sam     ] alpha=1.6 lr=0.005 rho=0.01 seed=1
[muon_sam     ] alpha=1.6 lr=0.005 rho=0.01 seed=2
[muon_sam     ] alpha=1.6 lr=0.005 rho=0.01 seed=3
[muon_sam     ] alpha=1.6 lr=0.005 rho=0.01 seed=4
[muon_sam     ] alpha=1.6 lr=0.005 rho=0.02 seed=0
[muon_sam     ] alpha=1.6 lr=0.005 rho=0.02 seed=1
[muon_sam     ] alpha=1.6 lr=0.005 rho=0.02 seed=2
[muon_sam     ] alpha=1.6 lr=0.005 rho=0.02 seed=3
[muon_sam     ] alpha=1.6 lr=0.005 rho=0.02 seed=4
[muon_sam     ] alpha=1.6 lr=0.005 rho=0.05 seed=0
[muon_sam     ] alpha=1.6 lr=0.005 rho=0.05 seed=1
[muon_sam     ] alpha=1.6 lr=0.005 rho=0.05 seed=2
[muon_sam     ] alpha=1.6 lr=0.005 rho=0.05 seed=3
[muon_sam     ] alpha=1.6 lr=0.005 rho=0.05 seed=4
[muon_sam     ] alpha=1.6 lr=0.005 rho=0.1 seed=0
[muon_sam     ] alpha=1.6 lr=0.005 rho=0.1 seed=1
[muon_sam     ] alpha=1.6 lr=0.005 rho=0.1 seed=2
[muon_sam     ] alpha=1.6 lr=0.005 rho=0.1 seed=3
[muon_sam     ] alpha=1.6 lr=0.005 rho=0.1 seed=4
[muon_sam     ] alpha=1.6 lr=0.01 rho=0.01 seed=0
[muon_sam     ] alpha=1.6 lr=0.01 rho=0.01 seed=1
[muon_sam     ] alpha=1.6 lr=0.01 rho=0.01 seed=2
[muon_sam     ] alpha=1.6 lr=0.01 rho=0.01 seed=3
[muon_sam     ] alpha=1.6 lr=0.01 rho=0.01 seed=4
[muon_sam     ] alpha=1.6 lr=0.01 rho=0.02 seed=0
[muon_sam     ] alpha=1.6 lr=0.01 rho=0.02 seed=1
[muon_sam     ] alpha=1.6 lr=0.01 rho=0.02 seed=2
[muon_sam     ] alpha=1.6 lr=0.01 rho=0.02 seed=3
[muon_sam     ] alpha=1.6 lr=0.01 rho=0.02 seed=4
[muon_sam     ] alpha=1.6 lr=0.01 rho=0.05 seed=0
[muon_sam     ] alpha=1.6 lr=0.01 rho=0.05 seed=1
[muon_sam     ] alpha=1.6 lr=0.01 rho=0.05 seed=2
[muon_sam     ] alpha=1.6 lr=0.01 rho=0.05 seed=3
[muon_sam     ] alpha=1.6 lr=0.01 rho=0.05 seed=4
[muon_sam     ] alpha=1.6 lr=0.01 rho=0.1 seed=0
[muon_sam     ] alpha=1.6 lr=0.01 rho=0.1 seed=1
[muon_sam     ] alpha=1.6 lr=0.01 rho=0.1 seed=2
[muon_sam     ] alpha=1.6 lr=0.01 rho=0.1 seed=3
[muon_sam     ] alpha=1.6 lr=0.01 rho=0.1 seed=4
[muon_sam     ] alpha=1.6 lr=0.02 rho=0.01 seed=0
[muon_sam     ] alpha=1.6 lr=0.02 rho=0.01 seed=1
[muon_sam     ] alpha=1.6 lr=0.02 rho=0.01 seed=2
[muon_sam     ] alpha=1.6 lr=0.02 rho=0.01 seed=3
[muon_sam     ] alpha=1.6 lr=0.02 rho=0.01 seed=4
[muon_sam     ] alpha=1.6 lr=0.02 rho=0.02 seed=0
[muon_sam     ] alpha=1.6 lr=0.02 rho=0.02 seed=1
[muon_sam     ] alpha=1.6 lr=0.02 rho=0.02 seed=2
[muon_sam     ] alpha=1.6 lr=0.02 rho=0.02 seed=3
[muon_sam     ] alpha=1.6 lr=0.02 rho=0.02 seed=4
[muon_sam     ] alpha=1.6 lr=0.02 rho=0.05 seed=0
[muon_sam     ] alpha=1.6 lr=0.02 rho=0.05 seed=1
[muon_sam     ] alpha=1.6 lr=0.02 rho=0.05 seed=2
[muon_sam     ] alpha=1.6 lr=0.02 rho=0.05 seed=3
[muon_sam     ] alpha=1.6 lr=0.02 rho=0.05 seed=4
[muon_sam     ] alpha=1.6 lr=0.02 rho=0.1 seed=0
[muon_sam     ] alpha=1.6 lr=0.02 rho=0.1 seed=1
[muon_sam     ] alpha=1.6 lr=0.02 rho=0.1 seed=2
[muon_sam     ] alpha=1.6 lr=0.02 rho=0.1 seed=3
[muon_sam     ] alpha=1.6 lr=0.02 rho=0.1 seed=4
[muon_sam     ] alpha=1.6 lr=0.05 rho=0.01 seed=0
[muon_sam     ] alpha=1.6 lr=0.05 rho=0.01 seed=1
[muon_sam     ] alpha=1.6 lr=0.05 rho=0.01 seed=2
[muon_sam     ] alpha=1.6 lr=0.05 rho=0.01 seed=3
[muon_sam     ] alpha=1.6 lr=0.05 rho=0.01 seed=4
[muon_sam     ] alpha=1.6 lr=0.05 rho=0.02 seed=0
[muon_sam     ] alpha=1.6 lr=0.05 rho=0.02 seed=1
[muon_sam     ] alpha=1.6 lr=0.05 rho=0.02 seed=2
[muon_sam     ] alpha=1.6 lr=0.05 rho=0.02 seed=3
[muon_sam     ] alpha=1.6 lr=0.05 rho=0.02 seed=4
[muon_sam     ] alpha=1.6 lr=0.05 rho=0.05 seed=0
[muon_sam     ] alpha=1.6 lr=0.05 rho=0.05 seed=1
[muon_sam     ] alpha=1.6 lr=0.05 rho=0.05 seed=2
[muon_sam     ] alpha=1.6 lr=0.05 rho=0.05 seed=3
[muon_sam     ] alpha=1.6 lr=0.05 rho=0.05 seed=4
[muon_sam     ] alpha=1.6 lr=0.05 rho=0.1 seed=0
[muon_sam     ] alpha=1.6 lr=0.05 rho=0.1 seed=1
[muon_sam     ] alpha=1.6 lr=0.05 rho=0.1 seed=2
[muon_sam     ] alpha=1.6 lr=0.05 rho=0.1 seed=3
[muon_sam     ] alpha=1.6 lr=0.05 rho=0.1 seed=4
[muon_sam     ] alpha=2.0 lr=0.005 rho=0.01 seed=0
[muon_sam     ] alpha=2.0 lr=0.005 rho=0.01 seed=1
[muon_sam     ] alpha=2.0 lr=0.005 rho=0.01 seed=2
[muon_sam     ] alpha=2.0 lr=0.005 rho=0.01 seed=3
[muon_sam     ] alpha=2.0 lr=0.005 rho=0.01 seed=4
[muon_sam     ] alpha=2.0 lr=0.005 rho=0.02 seed=0
[muon_sam     ] alpha=2.0 lr=0.005 rho=0.02 seed=1
[muon_sam     ] alpha=2.0 lr=0.005 rho=0.02 seed=2
[muon_sam     ] alpha=2.0 lr=0.005 rho=0.02 seed=3
[muon_sam     ] alpha=2.0 lr=0.005 rho=0.02 seed=4
[muon_sam     ] alpha=2.0 lr=0.005 rho=0.05 seed=0
[muon_sam     ] alpha=2.0 lr=0.005 rho=0.05 seed=1
[muon_sam     ] alpha=2.0 lr=0.005 rho=0.05 seed=2
[muon_sam     ] alpha=2.0 lr=0.005 rho=0.05 seed=3
[muon_sam     ] alpha=2.0 lr=0.005 rho=0.05 seed=4
[muon_sam     ] alpha=2.0 lr=0.005 rho=0.1 seed=0
[muon_sam     ] alpha=2.0 lr=0.005 rho=0.1 seed=1
[muon_sam     ] alpha=2.0 lr=0.005 rho=0.1 seed=2
[muon_sam     ] alpha=2.0 lr=0.005 rho=0.1 seed=3
[muon_sam     ] alpha=2.0 lr=0.005 rho=0.1 seed=4
[muon_sam     ] alpha=2.0 lr=0.01 rho=0.01 seed=0
[muon_sam     ] alpha=2.0 lr=0.01 rho=0.01 seed=1
[muon_sam     ] alpha=2.0 lr=0.01 rho=0.01 seed=2
[muon_sam     ] alpha=2.0 lr=0.01 rho=0.01 seed=3
[muon_sam     ] alpha=2.0 lr=0.01 rho=0.01 seed=4
[muon_sam     ] alpha=2.0 lr=0.01 rho=0.02 seed=0wandb: [wandb.login()] Loaded credentials for https://api.wandb.ai from /home/gauranshi/.netrc.
wandb: Currently logged in as: anant-jain (dcll-iiitd) to https://api.wandb.ai. Use `wandb login --relogin` to force relogin
wandb: WARNING Using a boolean value for 'reinit' is deprecated. Use 'return_previous' or 'finish_previous' instead.
wandb: setting up run lcui8pmn
wandb: Tracking run with wandb version 0.28.2
wandb: Run data is saved locally in /mnt/disk1/slakshna/atlas_opt/wandb/run-20260920_125351-lcui8pmn
wandb: Run `wandb offline` to turn off syncing.
wandb: Syncing run atlas
wandb: ⭐️ View project at https://wandb.ai/dcll-iiitd/synthetic-experiment-alpha1.2
wandb: 🚀 View run at https://wandb.ai/dcll-iiitd/synthetic-experiment-alpha1.2/runs/lcui8pmn
wandb: updating run metadata; uploading summary
wandb: uploading summary; uploading wandb-metadata.json; uploading requirements.txt; uploading wandb-summary.json; uploading config.yaml
wandb: uploading wandb-metadata.json; uploading requirements.txt; uploading config.yaml
wandb: 
wandb: Run history:
wandb:             F ▁▁▁▁▁▂▃▃▃▃▃▄▄▄▄▄▄▅▅▅▅▅▆▆▆▆▇▇▇▇▇▇▇▇██████
wandb: dist_to_Wstar ▁▁▁▁▂▂▂▂▂▂▃▃▃▃▃▃▄▄▄▄▄▄▄▄▅▅▅▅▆▆▇▇▇▇▇▇████
wandb:      diverged ▁▁▁▁▁▁▁▁▁▁▁▁▁▁▁▁▁▁▁▁▁▁▁▁▁▁▁▁▁▁▁▁▁▁▁▁▁▁▁▁
wandb:           gap ▁▁▁▂▂▂▂▂▃▃▃▃▄▄▄▄▄▄▅▅▅▅▅▅▆▆▆▆▆▆▇▇▇▇▇█████
wandb:      gradnorm ▁▁▁▁▁▂▂▂▂▂▃▃▃▃▃▃▄▄▄▄▅▅▅▅▅▆▆▆▆▇▇▇▇▇▇▇████
wandb: sharpness_gap █▆▃▃▁▁▁▁▃▃▂▃▄▃▃▂▂▁▂▂▁▂▂▂▂▃▃▄▄▃▄▄▄▄▄▄▃▃▄▃
wandb:   wall_time_s ▁▁▁▁▂▂▂▂▂▂▃▃▃▃▃▄▄▄▄▄▅▅▅▅▅▅▆▆▆▆▆▇▇▇▇▇▇▇██
wandb: 
wandb: Run summary:
wandb:             F 0.10584
wandb: dist_to_Wstar 11.59037
wandb:      diverged 0
wandb:           gap 0.10275
wandb:      gradnorm 0.01026
wandb: sharpness_gap -8e-05
wandb:   wall_time_s 2.74122
wandb: 
wandb: 🚀 View run atlas at: https://wandb.ai/dcll-iiitd/synthetic-experiment-alpha1.2/runs/lcui8pmn
wandb: ⭐️ View project at: https://wandb.ai/dcll-iiitd/synthetic-experiment-alpha1.2
wandb: Synced 4 W&B file(s), 0 media file(s), 0 artifact file(s) and 0 other file(s)
wandb: Find logs at: ./wandb/run-20260920_125351-lcui8pmn/logs
wandb: setting up run oyjzpkjw
wandb: Tracking run with wandb version 0.28.2
wandb: Run data is saved locally in /mnt/disk1/slakshna/atlas_opt/wandb/run-20260920_125357-oyjzpkjw
wandb: Run `wandb offline` to turn off syncing.
wandb: Syncing run atlas
wandb: ⭐️ View project at https://wandb.ai/dcll-iiitd/synthetic-experiment-alpha1.6
wandb: 🚀 View run at https://wandb.ai/dcll-iiitd/synthetic-experiment-alpha1.6/runs/oyjzpkjw
wandb: updating run metadata; uploading summary
wandb: uploading wandb-metadata.json; uploading requirements.txt; uploading wandb-summary.json; uploading config.yaml
wandb: uploading wandb-metadata.json; uploading wandb-summary.json; uploading config.yaml
wandb: uploading history steps 0-99, summary
wandb: 
wandb: Run history:
wandb:             F ▁▁▁▁▁▂▂▂▂▂▃▃▃▄▄▄▄▄▅▅▅▆▆▆▆▆▆▆▆▆▇▇▇▇▇▇▇▇██
wandb: dist_to_Wstar ▁▁▁▁▁▂▂▂▂▂▃▃▃▃▃▃▄▄▄▄▄▅▅▅▅▅▆▆▆▆▇▇▇▇▇▇████
wandb:      diverged ▁▁▁▁▁▁▁▁▁▁▁▁▁▁▁▁▁▁▁▁▁▁▁▁▁▁▁▁▁▁▁▁▁▁▁▁▁▁▁▁
wandb:           gap ▁▁▁▁▂▂▂▂▂▃▃▃▃▃▃▄▄▄▄▄▅▅▅▅▆▆▆▆▆▆▇▇▇▇▇▇▇███
wandb:      gradnorm ▁▁▁▁▁▂▂▂▂▂▃▃▃▃▃▃▄▄▄▄▅▅▅▅▆▆▆▆▆▆▇▇▇▇▇▇▇███
wandb: sharpness_gap █▃▂▁▁▂▃▃▂▂▂▂▂▂▂▂▂▂▂▃▄▃▄▃▄▃▃▃▃▃▂▂▂▃▃▃▃▃▃▂
wandb:   wall_time_s ▁▁▁▁▂▂▂▂▂▂▃▃▃▃▄▄▄▄▄▄▅▅▅▅▅▅▆▆▆▆▇▇▇▇▇▇▇███
wandb: 
wandb: Run summary:
wandb:             F 0.10182
wandb: dist_to_Wstar 11.1881
wandb:      diverged 0
wandb:           gap 0.09873
wandb:      gradnorm 0.0102
wandb: sharpness_gap -6e-05
wandb:   wall_time_s 2.95497
wandb: 
wandb: 🚀 View run atlas at: https://wandb.ai/dcll-iiitd/synthetic-experiment-alpha1.6/runs/oyjzpkjw
wandb: ⭐️ View project at: https://wandb.ai/dcll-iiitd/synthetic-experiment-alpha1.6
wandb: Synced 4 W&B file(s), 0 media file(s), 0 artifact file(s) and 0 other file(s)
wandb: Find logs at: ./wandb/run-20260920_125357-oyjzpkjw/logs
wandb: setting up run zkd1k79x
wandb: Tracking run with wandb version 0.28.2
wandb: Run data is saved locally in /mnt/disk1/slakshna/atlas_opt/wandb/run-20260920_125403-zkd1k79x
wandb: Run `wandb offline` to turn off syncing.
wandb: Syncing run atlas
wandb: ⭐️ View project at https://wandb.ai/dcll-iiitd/synthetic-experiment-alpha2.0
wandb: 🚀 View run at https://wandb.ai/dcll-iiitd/synthetic-experiment-alpha2.0/runs/zkd1k79x
wandb: updating run metadata; uploading summary
wandb: updating run metadata
wandb: uploading wandb-metadata.json; uploading requirements.txt; uploading wandb-summary.json; uploading config.yaml
wandb: uploading requirements.txt; uploading wandb-summary.json; uploading config.yaml
wandb: uploading history steps 0-99, summary
wandb: 
wandb: Run history:
wandb:             F ▁▁▁▁▂▂▂▂▂▃▃▃▄▄▄▄▄▅▅▅▅▅▅▅▆▆▆▆▆▆▆▇▇▇▇▇████
wandb: dist_to_Wstar ▁▁▁▁▁▂▂▂▂▂▃▃▃▃▄▄▄▄▄▅▅▅▅▅▆▆▆▆▆▆▆▇▇▇▇█████
wandb:      diverged ▁▁▁▁▁▁▁▁▁▁▁▁▁▁▁▁▁▁▁▁▁▁▁▁▁▁▁▁▁▁▁▁▁▁▁▁▁▁▁▁
wandb:           gap ▁▁▁▁▁▁▂▂▂▂▂▂▂▃▃▃▄▄▄▄▅▅▅▅▅▅▆▆▆▆▆▇▇▇▇▇████
wandb:      gradnorm ▁▁▁▁▁▂▂▂▂▂▃▃▃▃▃▃▄▄▄▄▅▅▅▅▅▆▆▆▆▆▆▆▇▇▇▇▇███
wandb: sharpness_gap █▃▃▂▂▄▄▄▃▁▂▂▂▄▂▁▂▂▃▃▃▃▃▄▃▅▄▄▃▄▄▃▃▃▃▄▅▅▅▄
wandb:   wall_time_s ▁▁▁▁▂▂▂▂▃▃▃▃▃▄▄▄▅▅▅▅▅▅▅▅▆▆▆▆▆▆▆▇▇▇▇▇▇███
wandb: 
wandb: Run summary:
wandb:             F 0.09804
wandb: dist_to_Wstar 10.80383
wandb:      diverged 0
wandb:           gap 0.09496
wandb:      gradnorm 0.01015
wandb: sharpness_gap -5e-05
wandb:   wall_time_s 3.37148
wandb: 
wandb: 🚀 View run atlas at: https://wandb.ai/dcll-iiitd/synthetic-experiment-alpha2.0/runs/zkd1k79x
wandb: ⭐️ View project at: https://wandb.ai/dcll-iiitd/synthetic-experiment-alpha2.0
wandb: Synced 4 W&B file(s), 0 media file(s), 0 artifact file(s) and 0 other file(s)
wandb: Find logs at: ./wandb/run-20260920_125403-zkd1k79x/logs
wandb: setting up run 2qiutosa
wandb: Tracking run with wandb version 0.28.2
wandb: Run data is saved locally in /mnt/disk1/slakshna/atlas_opt/wandb/run-20260920_125410-2qiutosa
wandb: Run `wandb offline` to turn off syncing.
wandb: Syncing run atlas_random
wandb: ⭐️ View project at https://wandb.ai/dcll-iiitd/synthetic-experiment-alpha1.2
wandb: 🚀 View run at https://wandb.ai/dcll-iiitd/synthetic-experiment-alpha1.2/runs/2qiutosa
wandb: updating run metadata; uploading summary
wandb: uploading requirements.txt; uploading wandb-summary.json; uploading config.yaml; uploading wandb-metadata.json
wandb: uploading requirements.txt; uploading wandb-summary.json; uploading config.yaml
wandb: uploading history steps 0-99, summary
wandb: 
wandb: Run history:
wandb:             F ▁▁▁▁▁▁▂▂▂▂▂▃▃▃▃▃▃▃▄▄▄▄▅▅▅▅▅▆▆▆▆▇▇▇▇▇▇███
wandb: dist_to_Wstar ▁▁▁▁▂▂▂▂▂▃▃▃▃▃▃▃▄▄▄▄▅▅▅▅▅▆▆▆▆▆▆▆▇▇▇▇▇▇██
wandb:      diverged ▁▁▁▁▁▁▁▁▁▁▁▁▁▁▁▁▁▁▁▁▁▁▁▁▁▁▁▁▁▁▁▁▁▁▁▁▁▁▁▁
wandb:           gap ▁▁▁▁▂▂▂▂▂▃▃▃▃▃▃▄▄▄▄▄▄▅▅▅▅▆▆▆▆▆▇▇▇▇▇▇████
wandb:      gradnorm ▁▁▁▁▂▂▂▂▃▃▃▃▃▃▃▄▄▄▄▄▅▅▅▅▅▆▆▆▆▆▆▆▇▇▇▇▇▇▇█
wandb: sharpness_gap ▄▃▃▄▅▃▂▃▂▄▄▄▆▄▁▄▄▃▃▃▂▆▆▂▅▃▄█▁▄▄▁▄▃▇▂▃▄▄▃
wandb:   wall_time_s ▁▁▁▁▂▂▂▂▂▂▃▃▃▃▃▃▃▄▄▄▄▄▅▅▅▅▆▆▆▆▆▇▇▇▇▇▇███
wandb: 
wandb: Run summary:
wandb:             F 0.10584
wandb: dist_to_Wstar 11.59037
wandb:      diverged 0
wandb:           gap 0.10275
wandb:      gradnorm 0.01026
wandb: sharpness_gap 0.0
wandb:   wall_time_s 2.467
wandb: 
wandb: 🚀 View run atlas_random at: https://wandb.ai/dcll-iiitd/synthetic-experiment-alpha1.2/runs/2qiutosa
wandb: ⭐️ View project at: https://wandb.ai/dcll-iiitd/synthetic-experiment-alpha1.2
wandb: Synced 4 W&B file(s), 0 media file(s), 0 artifact file(s) and 0 other file(s)
wandb: Find logs at: ./wandb/run-20260920_125410-2qiutosa/logs
wandb: setting up run 3yyxuybz
wandb: Tracking run with wandb version 0.28.2
wandb: Run data is saved locally in /mnt/disk1/slakshna/atlas_opt/wandb/run-20260920_125415-3yyxuybz
wandb: Run `wandb offline` to turn off syncing.
wandb: Syncing run atlas_random
wandb: ⭐️ View project at https://wandb.ai/dcll-iiitd/synthetic-experiment-alpha1.6
wandb: 🚀 View run at https://wandb.ai/dcll-iiitd/synthetic-experiment-alpha1.6/runs/3yyxuybz
wandb: updating run metadata; uploading summary
wandb: updating run metadata
wandb: uploading config.yaml; uploading wandb-metadata.json; uploading requirements.txt; uploading wandb-summary.json
wandb: uploading wandb-metadata.json
wandb: uploading history steps 0-99, summary
wandb: 
wandb: Run history:
wandb:             F ▁▁▁▁▁▂▂▂▂▂▂▃▃▃▃▄▄▄▄▄▄▄▅▅▅▅▆▆▆▆▆▆▆▆▇▇▇███
wandb: dist_to_Wstar ▁▁▁▂▂▂▂▂▃▃▃▃▃▃▃▄▄▄▄▄▄▅▅▅▅▆▆▆▆▆▆▆▆▆▆▇▇▇██
wandb:      diverged ▁▁▁▁▁▁▁▁▁▁▁▁▁▁▁▁▁▁▁▁▁▁▁▁▁▁▁▁▁▁▁▁▁▁▁▁▁▁▁▁
wandb:           gap ▁▁▁▁▂▂▂▂▂▂▃▃▃▃▃▃▄▄▄▄▅▅▆▆▆▆▆▆▆▆▆▆▇▇▇▇▇▇██
wandb:      gradnorm ▁▁▁▁▂▂▂▂▂▃▃▃▃▄▄▄▄▅▅▅▅▅▅▅▆▆▆▆▆▇▇▇▇▇▇▇████
wandb: sharpness_gap ▅▃▇▇▆▂▅▅▄▅▄▃▄▄▁▇▁▅▄▆▇▇▅▄▂██▁▃▇▄▆▅▄▅▄▅▂▅▅
wandb:   wall_time_s ▁▁▂▂▂▂▂▂▂▃▃▃▃▃▃▃▃▄▄▄▄▄▄▄▅▅▅▅▅▆▇▇▇▇▇█████
wandb: 
wandb: Run summary:
wandb:             F 0.10182
wandb: dist_to_Wstar 11.1881
wandb:      diverged 0
wandb:           gap 0.09873
wandb:      gradnorm 0.0102
wandb: sharpness_gap 0.0
wandb:   wall_time_s 3.20197
wandb: 
wandb: 🚀 View run atlas_random at: https://wandb.ai/dcll-iiitd/synthetic-experiment-alpha1.6/runs/3yyxuybz
wandb: ⭐️ View project at: https://wandb.ai/dcll-iiitd/synthetic-experiment-alpha1.6
wandb: Synced 4 W&B file(s), 0 media file(s), 0 artifact file(s) and 0 other file(s)
wandb: Find logs at: ./wandb/run-20260920_125415-3yyxuybz/logs
wandb: setting up run 4shsfoxu
wandb: Tracking run with wandb version 0.28.2
wandb: Run data is saved locally in /mnt/disk1/slakshna/atlas_opt/wandb/run-20260920_125420-4shsfoxu
wandb: Run `wandb offline` to turn off syncing.
wandb: Syncing run atlas_random
wandb: ⭐️ View project at https://wandb.ai/dcll-iiitd/synthetic-experiment-alpha2.0
wandb: 🚀 View run at https://wandb.ai/dcll-iiitd/synthetic-experiment-alpha2.0/runs/4shsfoxu
wandb: updating run metadata; uploading summary
wandb: uploading requirements.txt; uploading wandb-summary.json; uploading config.yaml; uploading wandb-metadata.json
wandb: uploading requirements.txt; uploading wandb-summary.json; uploading config.yaml
wandb: uploading history steps 0-99, summary
wandb: 
wandb: Run history:
wandb:             F ▁▁▁▁▁▂▂▂▂▂▃▃▄▄▄▄▄▅▅▅▅▅▅▅▅▆▆▆▆▆▆▇▇▇▇▇████
wandb: dist_to_Wstar ▁▁▁▁▁▂▂▂▂▃▃▄▄▄▄▄▅▅▅▅▅▅▅▅▅▆▆▆▆▆▇▇▇▇▇▇▇▇██
wandb:      diverged ▁▁▁▁▁▁▁▁▁▁▁▁▁▁▁▁▁▁▁▁▁▁▁▁▁▁▁▁▁▁▁▁▁▁▁▁▁▁▁▁
wandb:           gap ▁▁▁▁▁▂▂▂▂▂▃▃▃▃▃▄▄▄▄▅▅▅▅▅▅▆▆▆▆▇▇▇▇▇▇█████
wandb:      gradnorm ▁▁▁▁▁▁▁▂▂▂▂▃▃▃▃▄▄▄▅▅▅▆▆▆▆▆▆▆▆▇▇▇▇▇▇▇████
wandb: sharpness_gap ▅▄▂▅▃▃▄▄▃▄▅▆▄▅▃▆▂▄▄▇▂▂▆▇▇▄▄▄▅▇▃▁▄█▇▅▂▄▆▃
wandb:   wall_time_s ▁▁▁▁▁▂▂▂▂▂▂▃▃▃▃▃▃▃▃▄▄▅▅▅▅▅▅▆▆▆▆▆▇▇▇▇████
wandb: 
wandb: Run summary:
wandb:             F 0.09804
wandb: dist_to_Wstar 10.80383
wandb:      diverged 0
wandb:           gap 0.09496
wandb:      gradnorm 0.01015
wandb: sharpness_gap 0.0
wandb:   wall_time_s 2.44985
wandb: 
wandb: 🚀 View run atlas_random at: https://wandb.ai/dcll-iiitd/synthetic-experiment-alpha2.0/runs/4shsfoxu
wandb: ⭐️ View project at: https://wandb.ai/dcll-iiitd/synthetic-experiment-alpha2.0
wandb: Synced 4 W&B file(s), 0 media file(s), 0 artifact file(s) and 0 other file(s)
wandb: Find logs at: ./wandb/run-20260920_125420-4shsfoxu/logs
wandb: setting up run ii9gw5jx
wandb: Tracking run with wandb version 0.28.2
wandb: Run data is saved locally in /mnt/disk1/slakshna/atlas_opt/wandb/run-20260920_125425-ii9gw5jx
wandb: Run `wandb offline` to turn off syncing.
wandb: Syncing run atlas_raw
wandb: ⭐️ View project at https://wandb.ai/dcll-iiitd/synthetic-experiment-alpha1.2
wandb: 🚀 View run at https://wandb.ai/dcll-iiitd/synthetic-experiment-alpha1.2/runs/ii9gw5jx
wandb: updating run metadata; uploading summary
wandb: uploading wandb-metadata.json; uploading requirements.txt; uploading wandb-summary.json; uploading config.yaml
wandb: uploading wandb-metadata.json; uploading requirements.txt; uploading wandb-summary.json
wandb: uploading history steps 0-99, summary
wandb: 
wandb: Run history:
wandb:             F ▁▁▁▁▁▂▂▂▂▂▃▃▃▄▄▄▄▄▄▅▅▅▆▆▆▆▆▆▆▆▇▇▇▇▇▇████
wandb: dist_to_Wstar ▁▁▁▁▂▂▂▂▂▃▃▃▃▃▄▄▄▄▄▄▅▅▅▅▅▆▆▆▆▆▇▇▇▇▇▇████
wandb:      diverged ▁▁▁▁▁▁▁▁▁▁▁▁▁▁▁▁▁▁▁▁▁▁▁▁▁▁▁▁▁▁▁▁▁▁▁▁▁▁▁▁
wandb:           gap ▁▁▁▁▁▂▂▂▂▃▃▃▃▄▄▄▅▅▅▅▅▆▆▆▆▆▆▆▇▇▇▇▇▇▇█████
wandb:      gradnorm ▁▁▁▂▂▂▂▂▂▂▃▃▃▃▃▄▄▄▄▄▅▅▅▅▆▆▆▆▆▆▇▇▇▇▇▇▇███
wandb: sharpness_gap ▆▁▃▅▂▅▆▅▂▅▄▅▅▄▄▄▇▅▅▅▃▁▅▂▄▅▂▅▅▅▂▅▂▄▄▅█▆▂▃
wandb:   wall_time_s ▁▁▁▁▁▂▂▂▂▂▃▃▃▃▃▃▄▄▄▄▄▄▅▅▅▅▅▅▆▆▆▆▆▆▆▇▇▇██
wandb: 
wandb: Run summary:
wandb:             F 0.10584
wandb: dist_to_Wstar 11.59037
wandb:      diverged 0
wandb:           gap 0.10275
wandb:      gradnorm 0.01026
wandb: sharpness_gap -0.0
wandb:   wall_time_s 2.81545
wandb: 
wandb: 🚀 View run atlas_raw at: https://wandb.ai/dcll-iiitd/synthetic-experiment-alpha1.2/runs/ii9gw5jx
wandb: ⭐️ View project at: https://wandb.ai/dcll-iiitd/synthetic-experiment-alpha1.2
wandb: Synced 4 W&B file(s), 0 media file(s), 0 artifact file(s) and 0 other file(s)
wandb: Find logs at: ./wandb/run-20260920_125425-ii9gw5jx/logs
wandb: setting up run 8ca4ela5
wandb: Tracking run with wandb version 0.28.2
wandb: Run data is saved locally in /mnt/disk1/slakshna/atlas_opt/wandb/run-20260920_125432-8ca4ela5
wandb: Run `wandb offline` to turn off syncing.
wandb: Syncing run atlas_raw
wandb: ⭐️ View project at https://wandb.ai/dcll-iiitd/synthetic-experiment-alpha1.6
wandb: 🚀 View run at https://wandb.ai/dcll-iiitd/synthetic-experiment-alpha1.6/runs/8ca4ela5
wandb: updating run metadata; uploading summary
wandb: uploading summary; uploading wandb-metadata.json; uploading requirements.txt; uploading wandb-summary.json; uploading config.yaml
wandb: uploading wandb-metadata.json; uploading wandb-summary.json
wandb: uploading wandb-summary.json
wandb: 
wandb: Run history:
wandb:             F ▁▁▁▂▂▃▃▃▃▃▄▄▄▄▄▅▅▅▅▅▅▆▆▆▆▆▆▆▇▇▇▇▇▇▇█████
wandb: dist_to_Wstar ▁▁▁▁▂▂▂▂▃▃▃▃▄▄▄▄▄▄▅▅▅▅▆▆▆▆▆▆▇▇▇▇▇▇▇█████
wandb:      diverged ▁▁▁▁▁▁▁▁▁▁▁▁▁▁▁▁▁▁▁▁▁▁▁▁▁▁▁▁▁▁▁▁▁▁▁▁▁▁▁▁
wandb:           gap ▁▁▁▁▂▂▂▂▂▃▃▃▃▃▃▄▄▄▄▅▅▅▅▅▆▆▆▆▆▆▇▇▇▇▇▇████
wandb:      gradnorm ▁▁▁▂▂▂▂▃▃▃▃▃▄▄▄▄▄▄▄▅▅▅▅▅▅▆▆▆▆▆▇▇▇▇▇▇████
wandb: sharpness_gap ▂▁▄▅▄█▃▄▄▂▃▆▄▃▅▁▄▃▅▄▂▂▁▇▂▅▆▄▇▄▅▂▂▄▂▃▂▅▇▄
wandb:   wall_time_s ▁▁▁▁▁▂▂▂▃▃▃▃▃▃▃▄▄▅▅▅▅▅▅▅▆▆▆▆▆▇▇▇▇▇▇▇▇███
wandb: 
wandb: Run summary:
wandb:             F 0.10182
wandb: dist_to_Wstar 11.1881
wandb:      diverged 0
wandb:           gap 0.09873
wandb:      gradnorm 0.0102
wandb: sharpness_gap -0.0
wandb:   wall_time_s 2.59366
wandb: 
wandb: 🚀 View run atlas_raw at: https://wandb.ai/dcll-iiitd/synthetic-experiment-alpha1.6/runs/8ca4ela5
wandb: ⭐️ View project at: https://wandb.ai/dcll-iiitd/synthetic-experiment-alpha1.6
wandb: Synced 4 W&B file(s), 0 media file(s), 0 artifact file(s) and 0 other file(s)
wandb: Find logs at: ./wandb/run-20260920_125432-8ca4ela5/logs
wandb: setting up run wh0wt299
wandb: Tracking run with wandb version 0.28.2
wandb: Run data is saved locally in /mnt/disk1/slakshna/atlas_opt/wandb/run-20260920_125437-wh0wt299
wandb: Run `wandb offline` to turn off syncing.
wandb: Syncing run atlas_raw
wandb: ⭐️ View project at https://wandb.ai/dcll-iiitd/synthetic-experiment-alpha2.0
wandb: 🚀 View run at https://wandb.ai/dcll-iiitd/synthetic-experiment-alpha2.0/runs/wh0wt299
wandb: updating run metadata; uploading summary
wandb: uploading wandb-metadata.json; uploading requirements.txt; uploading wandb-summary.json; uploading config.yaml
wandb: uploading wandb-metadata.json; uploading requirements.txt; uploading config.yaml
wandb: uploading history steps 0-99, summary
wandb: 
wandb: Run history:
wandb:             F ▁▁▁▁▁▂▂▂▂▂▃▃▃▄▄▄▄▄▅▅▅▅▅▅▆▆▆▆▆▆▇▇▇▇▇▇▇███
wandb: dist_to_Wstar ▁▁▁▂▂▂▃▃▃▃▄▄▄▄▄▅▅▅▅▅▅▅▆▆▆▆▆▆▆▆▆▆▇▇▇▇████
wandb:      diverged ▁▁▁▁▁▁▁▁▁▁▁▁▁▁▁▁▁▁▁▁▁▁▁▁▁▁▁▁▁▁▁▁▁▁▁▁▁▁▁▁
wandb:           gap ▁▁▁▁▁▂▂▂▂▂▃▃▃▃▃▄▄▄▄▄▄▄▅▅▅▅▆▆▆▆▆▆▇▇▇▇▇▇██
wandb:      gradnorm ▁▁▁▁▁▂▂▂▂▃▃▃▃▃▃▄▄▄▄▄▅▅▅▅▅▆▆▆▆▆▆▆▆▇▇▇▇███
wandb: sharpness_gap ▅▃▄▄▆▅▁█▅▄▄▃▃▃▂▂▅▄▄▃▆▃▄▅▃▂▄▆▃▂▅▅▂▂▄▃▄▃▆▆
wandb:   wall_time_s ▁▁▁▁▁▁▂▂▂▂▃▃▃▃▃▃▃▄▄▄▄▄▄▅▅▅▅▅▅▆▆▆▆▆▇▇▇▇██
wandb: 
wandb: Run summary:
wandb:             F 0.09804
wandb: dist_to_Wstar 10.80383
wandb:      diverged 0
wandb:           gap 0.09496
wandb:      gradnorm 0.01015
wandb: sharpness_gap -0.0
wandb:   wall_time_s 2.88205
wandb: 
wandb: 🚀 View run atlas_raw at: https://wandb.ai/dcll-iiitd/synthetic-experiment-alpha2.0/runs/wh0wt299
wandb: ⭐️ View project at: https://wandb.ai/dcll-iiitd/synthetic-experiment-alpha2.0
wandb: Synced 4 W&B file(s), 0 media file(s), 0 artifact file(s) and 0 other file(s)
wandb: Find logs at: ./wandb/run-20260920_125437-wh0wt299/logs
wandb: setting up run fpzdj36f
wandb: Tracking run with wandb version 0.28.2
wandb: Run data is saved locally in /mnt/disk1/slakshna/atlas_opt/wandb/run-20260920_125444-fpzdj36f
wandb: Run `wandb offline` to turn off syncing.
wandb: Syncing run fsam
wandb: ⭐️ View project at https://wandb.ai/dcll-iiitd/synthetic-experiment-alpha1.6
wandb: 🚀 View run at https://wandb.ai/dcll-iiitd/synthetic-experiment-alpha1.6/runs/fpzdj36f
wandb: updating run metadata; uploading summary
wandb: uploading wandb-metadata.json; uploading requirements.txt; uploading wandb-summary.json; uploading config.yaml
wandb: uploading wandb-metadata.json; uploading wandb-summary.json; uploading config.yaml
wandb: uploading history steps 0-99, summary
wandb: 
wandb: Run history:
wandb:             F ▁▁▁▂▂▂▂▂▃▃▃▃▄▄▄▄▅▅▅▅▅▅▆▆▆▆▆▆▆▇▇▇▇▇▇▇▇▇██
wandb: dist_to_Wstar ▁▁▂▂▂▂▃▃▃▃▄▄▄▄▅▅▅▅▅▅▆▆▆▆▆▇▇▇▇▇▇▇▇▇▇▇████
wandb:      diverged ▁▁▁▁▁▁▁▁▁▁▁▁▁▁▁▁▁▁▁▁▁▁▁▁▁▁▁▁▁▁▁▁▁▁▁▁▁▁▁▁
wandb:           gap ▁▁▂▂▂▃▃▃▃▃▄▄▄▄▄▄▄▅▅▅▅▅▅▅▆▆▆▆▆▆▇▇▇▇▇▇████
wandb:      gradnorm ▁▂▂▂▃▃▃▄▄▄▄▄▄▅▅▅▅▅▆▆▆▆▆▆▆▆▆▆▇▇▇▇▇▇▇▇▇▇██
wandb: sharpness_gap ▃▃▃▄▃▃▄▄▄▅▃▅▇▄▄█▇▆▄▄▃▃▃▂▂▂▁▂▁▃▄▄▃▃▂▃▅▆▃▄
wandb:   wall_time_s ▁▁▁▁▂▂▂▂▂▂▃▃▃▃▃▃▃▃▃▄▄▄▄▄▄▅▅▅▅▆▆▆▆▆▆▇▇▇██
wandb: 
wandb: Run summary:
wandb:             F 1.29055
wandb: dist_to_Wstar 96.30083
wandb:      diverged 0
wandb:           gap 1.28747
wandb:      gradnorm 0.01872
wandb: sharpness_gap 0.0
wandb:   wall_time_s 3.04398
wandb: 
wandb: 🚀 View run fsam at: https://wandb.ai/dcll-iiitd/synthetic-experiment-alpha1.6/runs/fpzdj36f
wandb: ⭐️ View project at: https://wandb.ai/dcll-iiitd/synthetic-experiment-alpha1.6
wandb: Synced 4 W&B file(s), 0 media file(s), 0 artifact file(s) and 0 other file(s)
wandb: Find logs at: ./wandb/run-20260920_125444-fpzdj36f/logs
wandb: setting up run 059xib46
wandb: Tracking run with wandb version 0.28.2
wandb: Run data is saved locally in /mnt/disk1/slakshna/atlas_opt/wandb/run-20260920_125452-059xib46
wandb: Run `wandb offline` to turn off syncing.
wandb: Syncing run fsam
wandb: ⭐️ View project at https://wandb.ai/dcll-iiitd/synthetic-experiment-alpha2.0
wandb: 🚀 View run at https://wandb.ai/dcll-iiitd/synthetic-experiment-alpha2.0/runs/059xib46
wandb: updating run metadata; uploading summary
wandb: updating run metadata
wandb: uploading requirements.txt; uploading wandb-summary.json; uploading config.yaml; uploading wandb-metadata.json
wandb: uploading requirements.txt; uploading wandb-summary.json; uploading wandb-metadata.json
wandb: uploading history steps 0-99, summary
wandb: 
wandb: Run history:
wandb:             F ▁▁▁▂▂▂▂▂▃▃▃▃▃▄▄▄▄▄▄▅▅▅▅▅▅▅▅▅▆▆▆▆▇▇▇▇▇▇██
wandb: dist_to_Wstar ▁▁▂▂▂▂▂▂▂▃▃▃▃▄▄▄▄▅▅▅▅▅▅▅▆▆▆▆▆▆▇▇▇▇▇▇████
wandb:      diverged ▁▁▁▁▁▁▁▁▁▁▁▁▁▁▁▁▁▁▁▁▁▁▁▁▁▁▁▁▁▁▁▁▁▁▁▁▁▁▁▁
wandb:           gap ▁▁▁▂▂▂▂▂▃▃▃▃▄▄▄▄▄▄▅▅▅▅▅▅▅▆▆▆▆▆▆▇▇▇▇▇▇███
wandb:      gradnorm ▁▂▂▂▃▃▃▃▄▄▄▄▄▄▅▅▅▅▅▅▅▆▆▆▆▆▆▆▆▇▇▇▇▇▇▇▇███
wandb: sharpness_gap ▅▃▄▄▅▅▅▆▄▆▅▃██▆▇▄▅▄▄▄▅▁▂▂▄▂▅▅▄▄▁▅▅▇▄▅▆▄▇
wandb:   wall_time_s ▁▁▂▂▂▂▂▃▃▃▃▃▃▄▄▄▄▄▄▄▅▅▅▅▅▆▆▆▆▆▆▆▆▇▇▇▇███
wandb: 
wandb: Run summary:
wandb:             F 0.37283
wandb: dist_to_Wstar 36.08006
wandb:      diverged 0
wandb:           gap 0.36975
wandb:      gradnorm 0.01285
wandb: sharpness_gap 0.0
wandb:   wall_time_s 2.90897
wandb: 
wandb: 🚀 View run fsam at: https://wandb.ai/dcll-iiitd/synthetic-experiment-alpha2.0/runs/059xib46
wandb: ⭐️ View project at: https://wandb.ai/dcll-iiitd/synthetic-experiment-alpha2.0
wandb: Synced 4 W&B file(s), 0 media file(s), 0 artifact file(s) and 0 other file(s)
wandb: Find logs at: ./wandb/run-20260920_125452-059xib46/logs
wandb: setting up run qwtl0r0z
wandb: Tracking run with wandb version 0.28.2
wandb: Run data is saved locally in /mnt/disk1/slakshna/atlas_opt/wandb/run-20260920_125459-qwtl0r0z
wandb: Run `wandb offline` to turn off syncing.
wandb: Syncing run muon_sam
wandb: ⭐️ View project at https://wandb.ai/dcll-iiitd/synthetic-experiment-alpha1.2
wandb: 🚀 View run at https://wandb.ai/dcll-iiitd/synthetic-experiment-alpha1.2/runs/qwtl0r0z
wandb: updating run metadata; uploading summary
wandb: uploading wandb-summary.json; uploading config.yaml; uploading wandb-metadata.json; uploading requirements.txt
wandb: uploading config.yaml; uploading wandb-metadata.json; uploading requirements.txt
wandb: uploading history steps 0-99, summary
wandb: 
wandb: Run history:
wandb:             F ▁▁▁▁▁▂▂▂▂▃▃▃▃▃▃▃▄▄▄▄▅▅▅▅▅▅▅▆▆▆▇▇▇▇▇█████
wandb: dist_to_Wstar ▁▁▁▁▁▂▂▂▂▃▃▃▃▃▃▄▄▄▄▄▄▄▅▅▅▅▅▆▆▆▆▆▇▇▇▇▇███
wandb:      diverged ▁▁▁▁▁▁▁▁▁▁▁▁▁▁▁▁▁▁▁▁▁▁▁▁▁▁▁▁▁▁▁▁▁▁▁▁▁▁▁▁
wandb:           gap ▁▁▁▁▂▂▂▂▂▂▃▃▃▃▄▄▄▄▄▄▅▅▅▅▅▆▆▆▇▇▇▇▇▇▇█████
wandb:      gradnorm ▁▁▁▁▂▂▂▂▂▃▃▃▃▃▃▄▄▄▄▄▄▅▅▅▅▅▅▅▆▆▆▆▇▇▇▇▇███
wandb: sharpness_gap ▁▁▂▂▂▂▂▃▃▃▃▃▃▃▃▄▄▄▅▄▅▅▅▅▅▅▆▆▆▆▆▆▆▇▇▇▇▇██
wandb:   wall_time_s ▁▁▁▂▂▂▃▃▃▃▃▃▄▄▄▄▄▅▅▅▅▅▅▅▅▅▆▆▆▆▆▆▆▇▇▇▇▇▇█
wandb: 
wandb: Run summary:
wandb:             F 0.09769
wandb: dist_to_Wstar 10.75609
wandb:      diverged 0
wandb:           gap 0.0946
wandb:      gradnorm 0.01015
wandb: sharpness_gap 0.00316
wandb:   wall_time_s 8.07842
wandb: 
wandb: 🚀 View run muon_sam at: https://wandb.ai/dcll-iiitd/synthetic-experiment-alpha1.2/runs/qwtl0r0z
wandb: ⭐️ View project at: https://wandb.ai/dcll-iiitd/synthetic-experiment-alpha1.2
wandb: Synced 4 W&B file(s), 0 media file(s), 0 artifact file(s) and 0 other file(s)
wandb: Find logs at: ./wandb/run-20260920_125459-qwtl0r0z/logs
wandb: setting up run touowx5i
wandb: Tracking run with wandb version 0.28.2
wandb: Run data is saved locally in /mnt/disk1/slakshna/atlas_opt/wandb/run-20260920_125504-touowx5i
wandb: Run `wandb offline` to turn off syncing.
wandb: Syncing run muon_sam
wandb: ⭐️ View project at https://wandb.ai/dcll-iiitd/synthetic-experiment-alpha1.6
wandb: 🚀 View run at https://wandb.ai/dcll-iiitd/synthetic-experiment-alpha1.6/runs/touowx5i
wandb: updating run metadata; uploading summary
wandb: uploading summary
wandb: uploading summary; uploading config.yaml; uploading wandb-metadata.json; uploading requirements.txt; uploading wandb-summary.json
wandb: uploading config.yaml; uploading wandb-metadata.json; uploading wandb-summary.json
wandb: uploading history steps 0-99, summary
wandb: 
wandb: Run history:
wandb:             F ▁▁▁▁▁▂▂▂▂▃▃▃▃▃▄▄▄▄▄▄▄▄▅▅▅▅▅▅▆▆▆▆▆▇▇▇▇▇██
wandb: dist_to_Wstar ▁▁▁▁▁▂▂▂▂▃▃▃▄▄▄▄▄▄▄▅▅▅▅▅▅▅▆▆▆▆▆▆▇▇▇▇▇███
wandb:      diverged ▁▁▁▁▁▁▁▁▁▁▁▁▁▁▁▁▁▁▁▁▁▁▁▁▁▁▁▁▁▁▁▁▁▁▁▁▁▁▁▁
wandb:           gap ▁▁▁▂▂▂▂▃▃▃▃▄▄▄▄▅▅▅▅▅▅▅▅▅▆▆▆▆▆▆▆▆▇▇▇▇████
wandb:      gradnorm ▁▁▁▂▂▂▂▃▃▃▃▃▃▄▄▄▄▄▅▅▅▅▅▅▅▆▆▆▆▆▇▇▇▇▇█████
wandb: sharpness_gap ▁▂▃▂▃▃▃▃▃▃▄▄▄▄▅▅▅▅▆▅▆▆▆▆▆▆▆▆▆▆▆▇▇▇██████
wandb:   wall_time_s ▁▁▁▁▁▂▂▂▃▃▃▃▃▃▄▄▄▄▄▄▅▅▅▅▅▆▆▆▆▇▇▇▇▇▇▇▇███
wandb: 
wandb: Run summary:
wandb:             F 0.09333
wandb: dist_to_Wstar 10.3166
wandb:      diverged 0
wandb:           gap 0.09024
wandb:      gradnorm 0.01009
wandb: sharpness_gap 0.00313
wandb:   wall_time_s 7.21789
wandb: 
wandb: 🚀 View run muon_sam at: https://wandb.ai/dcll-iiitd/synthetic-experiment-alpha1.6/runs/touowx5i
wandb: ⭐️ View project at: https://wandb.ai/dcll-iiitd/synthetic-experiment-alpha1.6
wandb: Synced 4 W&B file(s), 0 media file(s), 0 artifact file(s) and 0 other file(s)
wandb: Find logs at: ./wandb/run-20260920_125504-touowx5i/logs
wandb: setting up run 1mfoc0mq
wandb: Tracking run with wandb version 0.28.2
wandb: Run data is saved locally in /mnt/disk1/slakshna/atlas_opt/wandb/run-20260920_125508-1mfoc0mq
wandb: Run `wandb offline` to turn off syncing.
wandb: Syncing run muon_sam
wandb: ⭐️ View project at https://wandb.ai/dcll-iiitd/synthetic-experiment-alpha2.0
wandb: 🚀 View run at https://wandb.ai/dcll-iiitd/synthetic-experiment-alpha2.0/runs/1mfoc0mq
wandb: updating run metadata; uploading summary
wandb: uploading wandb-metadata.json; uploading requirements.txt; uploading wandb-summary.json; uploading config.yaml
wandb: uploading wandb-metadata.json; uploading requirements.txt; uploading wandb-summary.json
wandb: uploading history steps 0-99, summary
wandb: 
wandb: Run history:
wandb:             F ▁▁▁▁▁▁▂▂▂▂▂▂▃▃▃▃▄▄▄▄▅▅▅▅▅▅▆▆▆▆▆▇▇▇▇▇████
wandb: dist_to_Wstar ▁▁▁▁▁▂▂▂▂▂▂▂▃▃▃▃▃▃▄▄▄▄▄▄▅▅▅▅▅▅▆▆▇▇▇█████
wandb:      diverged ▁▁▁▁▁▁▁▁▁▁▁▁▁▁▁▁▁▁▁▁▁▁▁▁▁▁▁▁▁▁▁▁▁▁▁▁▁▁▁▁
wandb:           gap ▁▁▁▁▁▂▂▂▂▃▃▃▃▄▄▄▄▄▄▅▅▅▅▅▅▆▆▆▆▆▆▇▇▇▇▇▇███
wandb:      gradnorm ▁▁▁▁▁▁▂▂▂▂▂▂▂▃▃▃▄▄▄▄▄▅▅▅▅▆▆▆▆▆▇▇▇▇▇▇▇███
wandb: sharpness_gap ▁▁▂▃▃▃▃▄▄▄▄▄▅▅▅▅▅▆▆▆▆▆▆▇▇▇▇▇▇▇▇▇████████
wandb:   wall_time_s ▁▁▁▂▂▂▂▂▂▂▃▃▃▄▄▄▄▄▄▅▅▅▅▅▅▅▅▅▆▆▆▆▇▇▇▇████
wandb: 
wandb: Run summary:
wandb:             F 0.08964
wandb: dist_to_Wstar 9.94074
wandb:      diverged 0
wandb:           gap 0.08655
wandb:      gradnorm 0.01004
wandb: sharpness_gap 0.00312
wandb:   wall_time_s 7.76348
wandb: 
wandb: 🚀 View run muon_sam at: https://wandb.ai/dcll-iiitd/synthetic-experiment-alpha2.0/runs/1mfoc0mq
wandb: ⭐️ View project at: https://wandb.ai/dcll-iiitd/synthetic-experiment-alpha2.0
wandb: Synced 4 W&B file(s), 0 media file(s), 0 artifact file(s) and 0 other file(s)
wandb: Find logs at: ./wandb/run-20260920_125508-1mfoc0mq/logs

[muon_sam     ] alpha=2.0 lr=0.01 rho=0.02 seed=1
[muon_sam     ] alpha=2.0 lr=0.01 rho=0.02 seed=2
[muon_sam     ] alpha=2.0 lr=0.01 rho=0.02 seed=3
[muon_sam     ] alpha=2.0 lr=0.01 rho=0.02 seed=4
[muon_sam     ] alpha=2.0 lr=0.01 rho=0.05 seed=0
[muon_sam     ] alpha=2.0 lr=0.01 rho=0.05 seed=1
[muon_sam     ] alpha=2.0 lr=0.01 rho=0.05 seed=2
[muon_sam     ] alpha=2.0 lr=0.01 rho=0.05 seed=3
[muon_sam     ] alpha=2.0 lr=0.01 rho=0.05 seed=4
[muon_sam     ] alpha=2.0 lr=0.01 rho=0.1 seed=0
[muon_sam     ] alpha=2.0 lr=0.01 rho=0.1 seed=1
[muon_sam     ] alpha=2.0 lr=0.01 rho=0.1 seed=2
[muon_sam     ] alpha=2.0 lr=0.01 rho=0.1 seed=3
[muon_sam     ] alpha=2.0 lr=0.01 rho=0.1 seed=4
[muon_sam     ] alpha=2.0 lr=0.02 rho=0.01 seed=0
[muon_sam     ] alpha=2.0 lr=0.02 rho=0.01 seed=1
[muon_sam     ] alpha=2.0 lr=0.02 rho=0.01 seed=2
[muon_sam     ] alpha=2.0 lr=0.02 rho=0.01 seed=3
[muon_sam     ] alpha=2.0 lr=0.02 rho=0.01 seed=4
[muon_sam     ] alpha=2.0 lr=0.02 rho=0.02 seed=0
[muon_sam     ] alpha=2.0 lr=0.02 rho=0.02 seed=1
[muon_sam     ] alpha=2.0 lr=0.02 rho=0.02 seed=2
[muon_sam     ] alpha=2.0 lr=0.02 rho=0.02 seed=3
[muon_sam     ] alpha=2.0 lr=0.02 rho=0.02 seed=4
[muon_sam     ] alpha=2.0 lr=0.02 rho=0.05 seed=0
[muon_sam     ] alpha=2.0 lr=0.02 rho=0.05 seed=1
[muon_sam     ] alpha=2.0 lr=0.02 rho=0.05 seed=2
[muon_sam     ] alpha=2.0 lr=0.02 rho=0.05 seed=3
[muon_sam     ] alpha=2.0 lr=0.02 rho=0.05 seed=4
[muon_sam     ] alpha=2.0 lr=0.02 rho=0.1 seed=0
[muon_sam     ] alpha=2.0 lr=0.02 rho=0.1 seed=1
[muon_sam     ] alpha=2.0 lr=0.02 rho=0.1 seed=2
[muon_sam     ] alpha=2.0 lr=0.02 rho=0.1 seed=3
[muon_sam     ] alpha=2.0 lr=0.02 rho=0.1 seed=4
[muon_sam     ] alpha=2.0 lr=0.05 rho=0.01 seed=0
[muon_sam     ] alpha=2.0 lr=0.05 rho=0.01 seed=1
[muon_sam     ] alpha=2.0 lr=0.05 rho=0.01 seed=2
[muon_sam     ] alpha=2.0 lr=0.05 rho=0.01 seed=3
[muon_sam     ] alpha=2.0 lr=0.05 rho=0.01 seed=4
[muon_sam     ] alpha=2.0 lr=0.05 rho=0.02 seed=0
[muon_sam     ] alpha=2.0 lr=0.05 rho=0.02 seed=1
[muon_sam     ] alpha=2.0 lr=0.05 rho=0.02 seed=2
[muon_sam     ] alpha=2.0 lr=0.05 rho=0.02 seed=3
[muon_sam     ] alpha=2.0 lr=0.05 rho=0.02 seed=4
[muon_sam     ] alpha=2.0 lr=0.05 rho=0.05 seed=0
[muon_sam     ] alpha=2.0 lr=0.05 rho=0.05 seed=1
[muon_sam     ] alpha=2.0 lr=0.05 rho=0.05 seed=2
[muon_sam     ] alpha=2.0 lr=0.05 rho=0.05 seed=3
[muon_sam     ] alpha=2.0 lr=0.05 rho=0.05 seed=4
[muon_sam     ] alpha=2.0 lr=0.05 rho=0.1 seed=0
[muon_sam     ] alpha=2.0 lr=0.05 rho=0.1 seed=1
[muon_sam     ] alpha=2.0 lr=0.05 rho=0.1 seed=2
[muon_sam     ] alpha=2.0 lr=0.05 rho=0.1 seed=3
[muon_sam     ] alpha=2.0 lr=0.05 rho=0.1 seed=4

Raw per-iteration log saved to logs/synthetic_heavy_tailed/synthetic_heavy_tailed_raw.csv
Per-hyperparameter summary saved to logs/synthetic_heavy_tailed/synthetic_heavy_tailed_summary.csv
Best hyperparameters per (algorithm, alpha) saved to logs/synthetic_heavy_tailed/synthetic_heavy_tailed_best.csv
  wandb: logged atlas (alpha=1.2, lr=0.005, rho=0.01) to project synthetic-experiment-alpha1.2
  wandb: logged atlas (alpha=1.6, lr=0.005, rho=0.01) to project synthetic-experiment-alpha1.6
  wandb: logged atlas (alpha=2.0, lr=0.005, rho=0.01) to project synthetic-experiment-alpha2.0
  wandb: logged atlas_random (alpha=1.2, lr=0.005, rho=0.01) to project synthetic-experiment-alpha1.2
  wandb: logged atlas_random (alpha=1.6, lr=0.005, rho=0.02) to project synthetic-experiment-alpha1.6
  wandb: logged atlas_random (alpha=2.0, lr=0.005, rho=0.01) to project synthetic-experiment-alpha2.0
  wandb: logged atlas_raw (alpha=1.2, lr=0.005, rho=0.01) to project synthetic-experiment-alpha1.2
  wandb: logged atlas_raw (alpha=1.6, lr=0.005, rho=0.01) to project synthetic-experiment-alpha1.6
  wandb: logged atlas_raw (alpha=2.0, lr=0.005, rho=0.02) to project synthetic-experiment-alpha2.0
  wandb: logged fsam (alpha=1.6, lr=0.003, rho=0.02) to project synthetic-experiment-alpha1.6
  wandb: logged fsam (alpha=2.0, lr=0.003, rho=0.05) to project synthetic-experiment-alpha2.0
  wandb: logged muon_sam (alpha=1.2, lr=0.005, rho=0.05) to project synthetic-experiment-alpha1.2
  wandb: logged muon_sam (alpha=1.6, lr=0.005, rho=0.05) to project synthetic-experiment-alpha1.6
  wandb: logged muon_sam (alpha=2.0, lr=0.005, rho=0.05) to project synthetic-experiment-alpha2.0
Saved plot: logs/synthetic_heavy_tailed/synthetic_heavy_tailed_alpha1.2_plot.png
Saved plot: logs/synthetic_heavy_tailed/synthetic_heavy_tailed_alpha1.6_plot.png
Saved plot: logs/synthetic_heavy_tailed/synthetic_heavy_tailed_alpha2.0_plot.png
