  Loading CPT model architecture: gpt2 in bfloat16...
[nanogpt|sam|tulu3] base: pt_loss=3.2796 ft_loss=2.6957
`loss_type=None` was set in the config but it is unrecognized. Using the default loss: `ForCausalLMLoss`.
  lr=1e-05: ft_loss=2.5055 pt_loss=3.3270 dPT=+0.0474 ||dtheta||=1.684 (28s)
  lr=1.68e-05: ft_loss=2.4524 pt_loss=3.3356 dPT=+0.0560 ||dtheta||=2.422 (28s)
  lr=2.82e-05: ft_loss=2.4023 pt_loss=3.3401 dPT=+0.0605 ||dtheta||=3.591 (28s)
  lr=4.74e-05: ft_loss=2.3505 pt_loss=3.3485 dPT=+0.0689 ||dtheta||=5.459 (28s)
  lr=7.96e-05: ft_loss=2.2996 pt_loss=3.3661 dPT=+0.0865 ||dtheta||=8.416 (28s)
  lr=0.000134: ft_loss=2.2586 pt_loss=3.3864 dPT=+0.1068 ||dtheta||=12.958 (28s)
  lr=0.000224: ft_loss=2.2265 pt_loss=3.4036 dPT=+0.1240 ||dtheta||=19.890 (28s)
  lr=0.000377: ft_loss=2.1973 pt_loss=3.4228 dPT=+0.1432 ||dtheta||=31.461 (28s)
  lr=0.000633: ft_loss=2.1930 pt_loss=3.4630 dPT=+0.1834 ||dtheta||=50.416 (28s)
  lr=0.00106: ft_loss=2.2028 pt_loss=3.5332 dPT=+0.2537 ||dtheta||=80.000 (28s)
  lr=0.00179: ft_loss=2.2485 pt_loss=3.6702 dPT=+0.3906 ||dtheta||=128.635 (28s)
  lr=0.003: ft_loss=2.4236 pt_loss=3.9463 dPT=+0.6667 ||dtheta||=207.724 (28s)
wandb: [wandb.login()] Loaded credentials for https://api.wandb.ai from /home/anant/.netrc.
wandb: Currently logged in as: anant-jain (dcll-iiitd) to https://api.wandb.ai. Use `wandb login --relogin` to force relogin
wandb: setting up run 7r1ssz3o
wandb: Tracking run with wandb version 0.29.0
wandb: Run data is saved locally in /home/anant/atlas_opt/wandb/run-20260929_050351-7r1ssz3o
wandb: Run `wandb offline` to turn off syncing.
wandb: Syncing run sam_tulu3
wandb: ⭐️ View project at https://wandb.ai/dcll-iiitd/Forgetting-NanoGPT
wandb: 🚀 View run at https://wandb.ai/dcll-iiitd/Forgetting-NanoGPT/runs/7r1ssz3o
wandb: updating run metadata; uploading artifact run-7r1ssz3o-sweep_table; uploading artifact run-7r1ssz3o-train_loss_curves_table
wandb: uploading artifact run-7r1ssz3o-sweep_table; uploading artifact run-7r1ssz3o-train_loss_curves_table
wandb: uploading artifact run-7r1ssz3o-train_loss_curves_table
wandb: uploading artifact run-7r1ssz3o-train_loss_curves_table; uploading requirements.txt; uploading media/table/sweep_table_12_e0e909b730ca32fe0fe8.table.json; uploading media/table/train_loss_curves_table_12_1688760b30ce616f4a2a.table.json; uploading wandb-summary.json (+ 2 more)
wandb: uploading requirements.txt; uploading media/table/sweep_table_12_e0e909b730ca32fe0fe8.table.json; uploading media/table/train_loss_curves_table_12_1688760b30ce616f4a2a.table.json; uploading wandb-summary.json; uploading config.yaml (+ 1 more)
wandb: uploading media/table/sweep_table_12_e0e909b730ca32fe0fe8.table.json; uploading media/table/train_loss_curves_table_12_1688760b30ce616f4a2a.table.json; uploading wandb-summary.json; uploading config.yaml; uploading wandb-metadata.json
wandb: uploading history steps 0-12, summary
wandb: 
wandb: Run history:
wandb: sweep/delta_norm ▁▁▁▁▁▁▂▂▃▄▅█
wandb: sweep/forgetting ▁▁▁▁▁▂▂▂▃▃▅█
wandb:    sweep/ft_loss █▇▆▅▃▂▂▁▁▁▂▆
wandb:   sweep/log10_lr ▁▂▂▃▄▄▅▅▆▇▇█
wandb:         sweep/lr ▁▁▁▁▁▁▂▂▂▃▅█
wandb:      sweep/point ▁▂▂▃▄▄▅▅▆▇▇█
wandb:    sweep/pt_loss ▁▁▁▁▁▂▂▂▃▃▅█
wandb: 
wandb: Run summary:
wandb:     base/ft_loss 2.69573
wandb:  base/param_norm 1505.57938
wandb:     base/pt_loss 3.27957
wandb: sweep/delta_norm 207.72351
wandb: sweep/forgetting 0.6667
wandb:    sweep/ft_loss 2.42357
wandb:   sweep/log10_lr -2.52288
wandb:         sweep/lr 0.003
wandb:      sweep/point 11
wandb:    sweep/pt_loss 3.94627
wandb: 
wandb: 🚀 View run sam_tulu3 at: https://wandb.ai/dcll-iiitd/Forgetting-NanoGPT/runs/7r1ssz3o
wandb: ⭐️ View project at: https://wandb.ai/dcll-iiitd/Forgetting-NanoGPT
wandb: Synced 4 W&B file(s), 2 media file(s), 4 artifact file(s) and 0 other file(s)
wandb: Find logs at: ./wandb/run-20260929_050351-7r1ssz3o/logs
