  Loading CPT model architecture: gpt2 in bfloat16...
[nanogpt|fsam_ortho_muon_stale_momentum|stackmathqa] base: pt_loss=3.2104 ft_loss=3.5927
`loss_type=None` was set in the config but it is unrecognized. Using the default loss: `ForCausalLMLoss`.
  lr=1e-05: ft_loss=3.1904 pt_loss=3.2178 dPT=+0.0073 ||dtheta||=2.430 (28s)
  lr=1.68e-05: ft_loss=3.0678 pt_loss=3.2243 dPT=+0.0139 ||dtheta||=3.706 (28s)
  lr=2.82e-05: ft_loss=2.9299 pt_loss=3.2308 dPT=+0.0204 ||dtheta||=5.466 (28s)
  lr=4.74e-05: ft_loss=2.8102 pt_loss=3.2385 dPT=+0.0281 ||dtheta||=8.092 (27s)
  lr=7.96e-05: ft_loss=2.7021 pt_loss=3.2492 dPT=+0.0388 ||dtheta||=12.138 (28s)
  lr=0.000134: ft_loss=2.6090 pt_loss=3.2639 dPT=+0.0535 ||dtheta||=18.384 (28s)
  lr=0.000224: ft_loss=2.5286 pt_loss=3.2808 dPT=+0.0704 ||dtheta||=27.843 (28s)
  lr=0.000377: ft_loss=2.4592 pt_loss=3.3039 dPT=+0.0935 ||dtheta||=42.602 (28s)
  lr=0.000633: ft_loss=2.4038 pt_loss=3.3356 dPT=+0.1252 ||dtheta||=65.143 (28s)
  lr=0.00106: ft_loss=2.3653 pt_loss=3.3885 dPT=+0.1781 ||dtheta||=99.215 (28s)
  lr=0.00179: ft_loss=2.3428 pt_loss=3.4844 dPT=+0.2740 ||dtheta||=154.071 (28s)
  lr=0.003: ft_loss=2.3538 pt_loss=3.7341 dPT=+0.5237 ||dtheta||=237.008 (28s)
wandb: [wandb.login()] Loaded credentials for https://api.wandb.ai from /home/anant/.netrc.
wandb: Currently logged in as: anant-jain (dcll-iiitd) to https://api.wandb.ai. Use `wandb login --relogin` to force relogin
wandb: setting up run 9bwxj2jq
wandb: Tracking run with wandb version 0.29.0
wandb: Run data is saved locally in /home/anant/atlas_opt/wandb/run-20260929_050355-9bwxj2jq
wandb: Run `wandb offline` to turn off syncing.
wandb: Syncing run fsam_ortho_muon_stale_momentum_stackmathqa
wandb: ⭐️ View project at https://wandb.ai/dcll-iiitd/Forgetting-NanoGPT
wandb: 🚀 View run at https://wandb.ai/dcll-iiitd/Forgetting-NanoGPT/runs/9bwxj2jq
wandb: updating run metadata; uploading artifact run-9bwxj2jq-sweep_table; uploading artifact run-9bwxj2jq-train_loss_curves_table
wandb: uploading artifact run-9bwxj2jq-sweep_table; uploading artifact run-9bwxj2jq-train_loss_curves_table
wandb: uploading artifact run-9bwxj2jq-train_loss_curves_table
wandb: uploading artifact run-9bwxj2jq-train_loss_curves_table; uploading wandb-summary.json; uploading config.yaml; uploading wandb-metadata.json; uploading requirements.txt (+ 2 more)
wandb: uploading wandb-metadata.json; uploading requirements.txt; uploading media/table/sweep_table_12_74c94a6ae0fe7bacdd2f.table.json; uploading media/table/train_loss_curves_table_12_016ba102a2b36f69ec43.table.json
wandb: 
wandb: Run history:
wandb: sweep/delta_norm ▁▁▁▁▁▁▂▂▃▄▆█
wandb: sweep/forgetting ▁▁▁▁▁▂▂▂▃▃▅█
wandb:    sweep/ft_loss █▇▆▅▄▃▃▂▂▁▁▁
wandb:   sweep/log10_lr ▁▂▂▃▄▄▅▅▆▇▇█
wandb:         sweep/lr ▁▁▁▁▁▁▂▂▂▃▅█
wandb:      sweep/point ▁▂▂▃▄▄▅▅▆▇▇█
wandb:    sweep/pt_loss ▁▁▁▁▁▂▂▂▃▃▅█
wandb: 
wandb: Run summary:
wandb:     base/ft_loss 3.59268
wandb:  base/param_norm 1728.34154
wandb:     base/pt_loss 3.21041
wandb: sweep/delta_norm 237.00845
wandb: sweep/forgetting 0.52368
wandb:    sweep/ft_loss 2.35383
wandb:   sweep/log10_lr -2.52288
wandb:         sweep/lr 0.003
wandb:      sweep/point 11
wandb:    sweep/pt_loss 3.73409
wandb: 
wandb: 🚀 View run fsam_ortho_muon_stale_momentum_stackmathqa at: https://wandb.ai/dcll-iiitd/Forgetting-NanoGPT/runs/9bwxj2jq
wandb: ⭐️ View project at: https://wandb.ai/dcll-iiitd/Forgetting-NanoGPT
wandb: Synced 4 W&B file(s), 2 media file(s), 4 artifact file(s) and 0 other file(s)
wandb: Find logs at: ./wandb/run-20260929_050355-9bwxj2jq/logs
