  Loading CPT model architecture: gpt2 in bfloat16...
[nanogpt|randsam_muon|tulu3] base: pt_loss=3.5545 ft_loss=3.8563
`loss_type=None` was set in the config but it is unrecognized. Using the default loss: `ForCausalLMLoss`.
  lr=1e-05: ft_loss=3.5620 pt_loss=3.5968 dPT=+0.0423 ||dtheta||=1.804 (28s)
  lr=1.68e-05: ft_loss=3.4774 pt_loss=3.6059 dPT=+0.0514 ||dtheta||=2.746 (28s)
  lr=2.82e-05: ft_loss=3.3849 pt_loss=3.6128 dPT=+0.0583 ||dtheta||=4.242 (28s)
  lr=4.74e-05: ft_loss=3.2844 pt_loss=3.6232 dPT=+0.0687 ||dtheta||=6.587 (28s)
  lr=7.96e-05: ft_loss=3.1606 pt_loss=3.6399 dPT=+0.0854 ||dtheta||=10.310 (28s)
  lr=0.000134: ft_loss=3.0339 pt_loss=3.6652 dPT=+0.1107 ||dtheta||=16.143 (28s)
  lr=0.000224: ft_loss=2.9377 pt_loss=3.6928 dPT=+0.1383 ||dtheta||=24.869 (28s)
  lr=0.000377: ft_loss=2.8464 pt_loss=3.7287 dPT=+0.1742 ||dtheta||=38.608 (28s)
  lr=0.000633: ft_loss=2.7950 pt_loss=3.7849 dPT=+0.2304 ||dtheta||=58.881 (28s)
  lr=0.00106: ft_loss=2.7713 pt_loss=3.8598 dPT=+0.3053 ||dtheta||=87.847 (28s)
  lr=0.00179: ft_loss=2.8193 pt_loss=4.0206 dPT=+0.4661 ||dtheta||=130.984 (28s)
  lr=0.003: ft_loss=3.1143 pt_loss=4.4879 dPT=+0.9334 ||dtheta||=198.680 (28s)
wandb: [wandb.login()] Loaded credentials for https://api.wandb.ai from /home/anant/.netrc.
wandb: Currently logged in as: anant-jain (dcll-iiitd) to https://api.wandb.ai. Use `wandb login --relogin` to force relogin
wandb: setting up run p8hq1jwn
wandb: Tracking run with wandb version 0.29.0
wandb: Run data is saved locally in /home/anant/atlas_opt/wandb/run-20261001_203259-p8hq1jwn
wandb: Run `wandb offline` to turn off syncing.
wandb: Syncing run randsam_muon_tulu3
wandb: ⭐️ View project at https://wandb.ai/dcll-iiitd/Forgetting-NanoGPT
wandb: 🚀 View run at https://wandb.ai/dcll-iiitd/Forgetting-NanoGPT/runs/p8hq1jwn
wandb: updating run metadata; uploading artifact run-p8hq1jwn-sweep_table; uploading artifact run-p8hq1jwn-train_loss_curves_table
wandb: uploading artifact run-p8hq1jwn-sweep_table; uploading artifact run-p8hq1jwn-train_loss_curves_table
wandb: uploading artifact run-p8hq1jwn-train_loss_curves_table
wandb: uploading artifact run-p8hq1jwn-train_loss_curves_table; uploading media/table/train_loss_curves_table_12_6c5df7cf35e0c0c0fe2d.table.json; uploading wandb-summary.json
wandb: uploading history steps 0-12, summary
wandb: 
wandb: Run history:
wandb: sweep/delta_norm ▁▁▁▁▁▂▂▂▃▄▆█
wandb: sweep/forgetting ▁▁▁▁▁▂▂▂▂▃▄█
wandb:    sweep/ft_loss █▇▆▆▄▃▂▂▁▁▁▄
wandb:   sweep/log10_lr ▁▂▂▃▄▄▅▅▆▇▇█
wandb:         sweep/lr ▁▁▁▁▁▁▂▂▂▃▅█
wandb:      sweep/point ▁▂▂▃▄▄▅▅▆▇▇█
wandb:    sweep/pt_loss ▁▁▁▁▁▂▂▂▂▃▄█
wandb: 
wandb: Run summary:
wandb:     base/ft_loss 3.85633
wandb:  base/param_norm 1016.48519
wandb:     base/pt_loss 3.5545
wandb: sweep/delta_norm 198.68022
wandb: sweep/forgetting 0.93342
wandb:    sweep/ft_loss 3.11429
wandb:   sweep/log10_lr -2.52288
wandb:         sweep/lr 0.003
wandb:      sweep/point 11
wandb:    sweep/pt_loss 4.48792
wandb: 
wandb: 🚀 View run randsam_muon_tulu3 at: https://wandb.ai/dcll-iiitd/Forgetting-NanoGPT/runs/p8hq1jwn
wandb: ⭐️ View project at: https://wandb.ai/dcll-iiitd/Forgetting-NanoGPT
wandb: Synced 4 W&B file(s), 2 media file(s), 4 artifact file(s) and 0 other file(s)
wandb: Find logs at: ./wandb/run-20261001_203259-p8hq1jwn/logs
