  Loading CPT model architecture: gpt2 in bfloat16...
[nanogpt|fsam_ortho_muon|musicpile] base: pt_loss=3.5908 ft_loss=4.2450
`loss_type=None` was set in the config but it is unrecognized. Using the default loss: `ForCausalLMLoss`.
  lr=1e-05: ft_loss=4.1301 pt_loss=3.6111 dPT=+0.0202 ||dtheta||=1.616 (28s)
  lr=1.68e-05: ft_loss=4.0883 pt_loss=3.6162 dPT=+0.0254 ||dtheta||=2.517 (28s)
  lr=2.82e-05: ft_loss=4.0353 pt_loss=3.6178 dPT=+0.0270 ||dtheta||=3.947 (28s)
  lr=4.74e-05: ft_loss=3.9717 pt_loss=3.6237 dPT=+0.0329 ||dtheta||=6.221 (28s)
  lr=7.96e-05: ft_loss=3.8964 pt_loss=3.6325 dPT=+0.0417 ||dtheta||=9.792 (28s)
  lr=0.000134: ft_loss=3.8179 pt_loss=3.6436 dPT=+0.0527 ||dtheta||=15.395 (28s)
  lr=0.000224: ft_loss=3.7418 pt_loss=3.6591 dPT=+0.0683 ||dtheta||=23.929 (28s)
  lr=0.000377: ft_loss=3.6773 pt_loss=3.6854 dPT=+0.0946 ||dtheta||=37.253 (28s)
  lr=0.000633: ft_loss=3.6288 pt_loss=3.7266 dPT=+0.1357 ||dtheta||=56.702 (28s)
  lr=0.00106: ft_loss=3.6040 pt_loss=3.7920 dPT=+0.2012 ||dtheta||=84.636 (28s)
  lr=0.00179: ft_loss=3.6167 pt_loss=3.9011 dPT=+0.3102 ||dtheta||=125.196 (28s)
  lr=0.003: ft_loss=3.7400 pt_loss=4.1402 dPT=+0.5493 ||dtheta||=181.411 (28s)
wandb: [wandb.login()] Loaded credentials for https://api.wandb.ai from /home/anant/.netrc.
wandb: Currently logged in as: anant-jain (dcll-iiitd) to https://api.wandb.ai. Use `wandb login --relogin` to force relogin
wandb: setting up run e4wws47w
wandb: Tracking run with wandb version 0.29.0
wandb: Run data is saved locally in /home/anant/atlas_opt/wandb/run-20260930_165054-e4wws47w
wandb: Run `wandb offline` to turn off syncing.
wandb: Syncing run fsam_ortho_muon_musicpile
wandb: ⭐️ View project at https://wandb.ai/dcll-iiitd/Forgetting-NanoGPT
wandb: 🚀 View run at https://wandb.ai/dcll-iiitd/Forgetting-NanoGPT/runs/e4wws47w
wandb: updating run metadata; uploading artifact run-e4wws47w-sweep_table; uploading artifact run-e4wws47w-train_loss_curves_table
wandb: uploading artifact run-e4wws47w-sweep_table; uploading artifact run-e4wws47w-train_loss_curves_table
wandb: uploading artifact run-e4wws47w-train_loss_curves_table
wandb: uploading artifact run-e4wws47w-train_loss_curves_table; uploading media/table/sweep_table_12_b17946d115e266b81bf8.table.json; uploading media/table/train_loss_curves_table_12_e0a73da755e0bf8a0f6f.table.json; uploading wandb-summary.json; uploading config.yaml (+ 2 more)
wandb: uploading media/table/sweep_table_12_b17946d115e266b81bf8.table.json; uploading media/table/train_loss_curves_table_12_e0a73da755e0bf8a0f6f.table.json; uploading wandb-summary.json; uploading config.yaml; uploading wandb-metadata.json (+ 1 more)
wandb: uploading media/table/train_loss_curves_table_12_e0a73da755e0bf8a0f6f.table.json; uploading wandb-summary.json; uploading config.yaml; uploading wandb-metadata.json; uploading requirements.txt
wandb: uploading history steps 0-12, summary
wandb: 
wandb: Run history:
wandb: sweep/delta_norm ▁▁▁▁▁▂▂▂▃▄▆█
wandb: sweep/forgetting ▁▁▁▁▁▁▂▂▃▃▅█
wandb:    sweep/ft_loss █▇▇▆▅▄▃▂▁▁▁▃
wandb:   sweep/log10_lr ▁▂▂▃▄▄▅▅▆▇▇█
wandb:         sweep/lr ▁▁▁▁▁▁▂▂▂▃▅█
wandb:      sweep/point ▁▂▂▃▄▄▅▅▆▇▇█
wandb:    sweep/pt_loss ▁▁▁▁▁▁▂▂▃▃▅█
wandb: 
wandb: Run summary:
wandb:     base/ft_loss 4.24498
wandb:  base/param_norm 1013.45657
wandb:     base/pt_loss 3.59084
wandb: sweep/delta_norm 181.41056
wandb: sweep/forgetting 0.54933
wandb:    sweep/ft_loss 3.74003
wandb:   sweep/log10_lr -2.52288
wandb:         sweep/lr 0.003
wandb:      sweep/point 11
wandb:    sweep/pt_loss 4.14017
wandb: 
wandb: 🚀 View run fsam_ortho_muon_musicpile at: https://wandb.ai/dcll-iiitd/Forgetting-NanoGPT/runs/e4wws47w
wandb: ⭐️ View project at: https://wandb.ai/dcll-iiitd/Forgetting-NanoGPT
wandb: Synced 4 W&B file(s), 2 media file(s), 4 artifact file(s) and 0 other file(s)
wandb: Find logs at: ./wandb/run-20260930_165054-e4wws47w/logs
