  Loading CPT model architecture: gpt2 in bfloat16...
[nanogpt|fsam_gfrob_muon_stale|codeparrot] base: pt_loss=3.5544 ft_loss=3.5450
`loss_type=None` was set in the config but it is unrecognized. Using the default loss: `ForCausalLMLoss`.
  lr=1e-05: ft_loss=3.1669 pt_loss=3.5742 dPT=+0.0198 ||dtheta||=2.014 (28s)
  lr=1.68e-05: ft_loss=3.0806 pt_loss=3.5837 dPT=+0.0293 ||dtheta||=3.085 (28s)
  lr=2.82e-05: ft_loss=2.9732 pt_loss=3.5995 dPT=+0.0451 ||dtheta||=4.809 (28s)
  lr=4.74e-05: ft_loss=2.8567 pt_loss=3.6234 dPT=+0.0689 ||dtheta||=7.481 (28s)
  lr=7.96e-05: ft_loss=2.7071 pt_loss=3.6565 dPT=+0.1021 ||dtheta||=11.860 (28s)
  lr=0.000134: ft_loss=2.5888 pt_loss=3.6834 dPT=+0.1290 ||dtheta||=18.246 (28s)
  lr=0.000224: ft_loss=2.4616 pt_loss=3.7422 dPT=+0.1877 ||dtheta||=28.312 (28s)
  lr=0.000377: ft_loss=2.3419 pt_loss=3.8070 dPT=+0.2525 ||dtheta||=43.738 (28s)
  lr=0.000633: ft_loss=2.2846 pt_loss=3.9211 dPT=+0.3666 ||dtheta||=66.550 (28s)
  lr=0.00106: ft_loss=2.2647 pt_loss=4.1185 dPT=+0.5641 ||dtheta||=100.892 (28s)
  lr=0.00179: ft_loss=2.3697 pt_loss=4.5610 dPT=+1.0065 ||dtheta||=150.882 (28s)
  lr=0.003: ft_loss=4.3207 pt_loss=8.6727 dPT=+5.1182 ||dtheta||=222.392 (28s)
wandb: [wandb.login()] Loaded credentials for https://api.wandb.ai from /home/anant/.netrc.
wandb: Currently logged in as: anant-jain (dcll-iiitd) to https://api.wandb.ai. Use `wandb login --relogin` to force relogin
wandb: setting up run r8kicwue
wandb: Tracking run with wandb version 0.29.0
wandb: Run data is saved locally in /home/anant/atlas_opt/wandb/run-20261001_140904-r8kicwue
wandb: Run `wandb offline` to turn off syncing.
wandb: Syncing run fsam_gfrob_muon_stale_codeparrot
wandb: ⭐️ View project at https://wandb.ai/dcll-iiitd/Forgetting-NanoGPT
wandb: 🚀 View run at https://wandb.ai/dcll-iiitd/Forgetting-NanoGPT/runs/r8kicwue
wandb: updating run metadata; uploading artifact run-r8kicwue-sweep_table; uploading artifact run-r8kicwue-train_loss_curves_table
wandb: uploading artifact run-r8kicwue-sweep_table; uploading artifact run-r8kicwue-train_loss_curves_table
wandb: uploading artifact run-r8kicwue-sweep_table; uploading artifact run-r8kicwue-train_loss_curves_table; uploading wandb-metadata.json; uploading requirements.txt; uploading media/table/sweep_table_12_4ed2cb665e92b2bda3be.table.json (+ 3 more)
wandb: uploading artifact run-r8kicwue-train_loss_curves_table; uploading media/table/train_loss_curves_table_12_af446305da6139484101.table.json; uploading wandb-summary.json; uploading config.yaml
wandb: uploading artifact run-r8kicwue-train_loss_curves_table; uploading wandb-summary.json; uploading config.yaml
wandb: uploading artifact run-r8kicwue-train_loss_curves_table
wandb: uploading history steps 0-12, summary
wandb: 
wandb: Run history:
wandb: sweep/delta_norm ▁▁▁▁▁▂▂▂▃▄▆█
wandb: sweep/forgetting ▁▁▁▁▁▁▁▁▁▂▂█
wandb:    sweep/ft_loss ▄▄▃▃▃▂▂▁▁▁▁█
wandb:   sweep/log10_lr ▁▂▂▃▄▄▅▅▆▇▇█
wandb:         sweep/lr ▁▁▁▁▁▁▂▂▂▃▅█
wandb:      sweep/point ▁▂▂▃▄▄▅▅▆▇▇█
wandb:    sweep/pt_loss ▁▁▁▁▁▁▁▁▁▂▂█
wandb: 
wandb: Run summary:
wandb:     base/ft_loss 3.54499
wandb:  base/param_norm 1024.54422
wandb:     base/pt_loss 3.55444
wandb: sweep/delta_norm 222.39157
wandb: sweep/forgetting 5.11822
wandb:    sweep/ft_loss 4.32068
wandb:   sweep/log10_lr -2.52288
wandb:         sweep/lr 0.003
wandb:      sweep/point 11
wandb:    sweep/pt_loss 8.67266
wandb: 
wandb: 🚀 View run fsam_gfrob_muon_stale_codeparrot at: https://wandb.ai/dcll-iiitd/Forgetting-NanoGPT/runs/r8kicwue
wandb: ⭐️ View project at: https://wandb.ai/dcll-iiitd/Forgetting-NanoGPT
wandb: Synced 4 W&B file(s), 2 media file(s), 4 artifact file(s) and 0 other file(s)
wandb: Find logs at: ./wandb/run-20261001_140904-r8kicwue/logs
