  Loading CPT model architecture: gpt2 in bfloat16...
Traceback (most recent call last):
  File "/home/anant/atlas_opt/tools/forgetting.py", line 567, in <module>
    main()
    ~~~~^^
  File "/home/anant/atlas_opt/tools/forgetting.py", line 563, in main
    {"prepare": cmd_prepare, "run": cmd_run, "launch": cmd_launch, "analyze": cmd_analyze}[a.cmd](a)
    ~~~~~~~~~~~~~~~~~~~~~~~~~~~~~~~~~~~~~~~~~~~~~~~~~~~~~~~~~~~~~~~~~~~~~~~~~~~~~~~~~~~~~~~~~~~~~^^^
  File "/home/anant/atlas_opt/tools/forgetting.py", line 251, in cmd_run
    model.load_state_dict(torch.load(ckpt, map_location=device, weights_only=True))
                          ~~~~~~~~~~^^^^^^^^^^^^^^^^^^^^^^^^^^^^^^^^^^^^^^^^^^^^^^
  File "/home/anant/miniconda3/lib/python3.13/site-packages/torch/serialization.py", line 1561, in load
    with _open_file_like(f, "rb") as opened_file:
         ~~~~~~~~~~~~~~~^^^^^^^^^
  File "/home/anant/miniconda3/lib/python3.13/site-packages/torch/serialization.py", line 795, in _open_file_like
    return _open_file(name_or_buffer, mode)
  File "/home/anant/miniconda3/lib/python3.13/site-packages/torch/serialization.py", line 776, in __init__
    super().__init__(open(name, mode))  # noqa: SIM115
                     ~~~~^^^^^^^^^^^^
FileNotFoundError: [Errno 2] No such file or directory: '/home/anant/atlas_opt/checkpoints/nanogpt_fineweb_muon_sam_gfrob_seed42_epoch15.pt'
  Loading CPT model architecture: gpt2 in bfloat16...
Traceback (most recent call last):
  File "/home/anant/atlas_opt/tools/forgetting.py", line 567, in <module>
    main()
    ~~~~^^
  File "/home/anant/atlas_opt/tools/forgetting.py", line 563, in main
    {"prepare": cmd_prepare, "run": cmd_run, "launch": cmd_launch, "analyze": cmd_analyze}[a.cmd](a)
    ~~~~~~~~~~~~~~~~~~~~~~~~~~~~~~~~~~~~~~~~~~~~~~~~~~~~~~~~~~~~~~~~~~~~~~~~~~~~~~~~~~~~~~~~~~~~~^^^
  File "/home/anant/atlas_opt/tools/forgetting.py", line 251, in cmd_run
    model.load_state_dict(torch.load(ckpt, map_location=device, weights_only=True))
                          ~~~~~~~~~~^^^^^^^^^^^^^^^^^^^^^^^^^^^^^^^^^^^^^^^^^^^^^^
  File "/home/anant/miniconda3/lib/python3.13/site-packages/torch/serialization.py", line 1561, in load
    with _open_file_like(f, "rb") as opened_file:
         ~~~~~~~~~~~~~~~^^^^^^^^^
  File "/home/anant/miniconda3/lib/python3.13/site-packages/torch/serialization.py", line 795, in _open_file_like
    return _open_file(name_or_buffer, mode)
  File "/home/anant/miniconda3/lib/python3.13/site-packages/torch/serialization.py", line 776, in __init__
    super().__init__(open(name, mode))  # noqa: SIM115
                     ~~~~^^^^^^^^^^^^
FileNotFoundError: [Errno 2] No such file or directory: '/home/anant/atlas_opt/checkpoints/nanogpt_fineweb_muon_sam_gfrob_seed42_epoch15.pt'
  Loading CPT model architecture: gpt2 in bfloat16...
[nanogpt|muon_sam_gfrob|musicpile] base: pt_loss=3.5550 ft_loss=4.2263
`loss_type=None` was set in the config but it is unrecognized. Using the default loss: `ForCausalLMLoss`.
  lr=1e-05: ft_loss=4.0957 pt_loss=3.5848 dPT=+0.0298 ||dtheta||=1.583 (28s)
  lr=1.68e-05: ft_loss=4.0526 pt_loss=3.5875 dPT=+0.0325 ||dtheta||=2.456 (28s)
  lr=2.82e-05: ft_loss=3.9983 pt_loss=3.5879 dPT=+0.0329 ||dtheta||=3.844 (28s)
  lr=4.74e-05: ft_loss=3.9316 pt_loss=3.5922 dPT=+0.0372 ||dtheta||=6.053 (28s)
  lr=7.96e-05: ft_loss=3.8632 pt_loss=3.6012 dPT=+0.0462 ||dtheta||=9.494 (28s)
  lr=0.000134: ft_loss=3.7884 pt_loss=3.6131 dPT=+0.0582 ||dtheta||=14.925 (28s)
  lr=0.000224: ft_loss=3.7210 pt_loss=3.6312 dPT=+0.0762 ||dtheta||=23.173 (28s)
  lr=0.000377: ft_loss=3.6526 pt_loss=3.6604 dPT=+0.1055 ||dtheta||=36.427 (28s)
  lr=0.000633: ft_loss=3.6115 pt_loss=3.7040 dPT=+0.1490 ||dtheta||=55.499 (28s)
  lr=0.00106: ft_loss=3.5957 pt_loss=3.7738 dPT=+0.2188 ||dtheta||=83.309 (28s)
  lr=0.00179: ft_loss=3.6417 pt_loss=3.9054 dPT=+0.3504 ||dtheta||=121.286 (28s)
  lr=0.003: ft_loss=3.8697 pt_loss=4.2745 dPT=+0.7195 ||dtheta||=184.493 (28s)
wandb: [wandb.login()] Loaded credentials for https://api.wandb.ai from /home/anant/.netrc.
wandb: Currently logged in as: anant-jain (dcll-iiitd) to https://api.wandb.ai. Use `wandb login --relogin` to force relogin
wandb: setting up run 0zj4verh
wandb: Tracking run with wandb version 0.29.0
wandb: Run data is saved locally in /home/anant/atlas_opt/wandb/run-20261001_195714-0zj4verh
wandb: Run `wandb offline` to turn off syncing.
wandb: Syncing run muon_sam_gfrob_musicpile
wandb: ⭐️ View project at https://wandb.ai/dcll-iiitd/Forgetting-NanoGPT
wandb: 🚀 View run at https://wandb.ai/dcll-iiitd/Forgetting-NanoGPT/runs/0zj4verh
wandb: updating run metadata; uploading artifact run-0zj4verh-sweep_table; uploading artifact run-0zj4verh-train_loss_curves_table
wandb: uploading artifact run-0zj4verh-sweep_table; uploading artifact run-0zj4verh-train_loss_curves_table
wandb: uploading artifact run-0zj4verh-train_loss_curves_table
wandb: uploading artifact run-0zj4verh-train_loss_curves_table; uploading wandb-metadata.json; uploading requirements.txt; uploading media/table/sweep_table_12_0a184cce4094aa00e2f5.table.json; uploading media/table/train_loss_curves_table_12_57c3303763dde76b5ac0.table.json (+ 2 more)
wandb: uploading artifact run-0zj4verh-train_loss_curves_table; uploading requirements.txt; uploading media/table/sweep_table_12_0a184cce4094aa00e2f5.table.json; uploading media/table/train_loss_curves_table_12_57c3303763dde76b5ac0.table.json; uploading wandb-summary.json (+ 1 more)
wandb: uploading requirements.txt; uploading media/table/sweep_table_12_0a184cce4094aa00e2f5.table.json; uploading media/table/train_loss_curves_table_12_57c3303763dde76b5ac0.table.json; uploading wandb-summary.json; uploading config.yaml
wandb: uploading history steps 0-12, summary
wandb: 
wandb: Run history:
wandb: sweep/delta_norm ▁▁▁▁▁▂▂▂▃▄▆█
wandb: sweep/forgetting ▁▁▁▁▁▁▁▂▂▃▄█
wandb:    sweep/ft_loss █▇▇▆▅▄▃▂▁▁▂▅
wandb:   sweep/log10_lr ▁▂▂▃▄▄▅▅▆▇▇█
wandb:         sweep/lr ▁▁▁▁▁▁▂▂▂▃▅█
wandb:      sweep/point ▁▂▂▃▄▄▅▅▆▇▇█
wandb:    sweep/pt_loss ▁▁▁▁▁▁▁▂▂▃▄█
wandb: 
wandb: Run summary:
wandb:     base/ft_loss 4.22631
wandb:  base/param_norm 1014.48708
wandb:     base/pt_loss 3.55499
wandb: sweep/delta_norm 184.49253
wandb: sweep/forgetting 0.71949
wandb:    sweep/ft_loss 3.86965
wandb:   sweep/log10_lr -2.52288
wandb:         sweep/lr 0.003
wandb:      sweep/point 11
wandb:    sweep/pt_loss 4.27447
wandb: 
wandb: 🚀 View run muon_sam_gfrob_musicpile at: https://wandb.ai/dcll-iiitd/Forgetting-NanoGPT/runs/0zj4verh
wandb: ⭐️ View project at: https://wandb.ai/dcll-iiitd/Forgetting-NanoGPT
wandb: Synced 4 W&B file(s), 2 media file(s), 4 artifact file(s) and 0 other file(s)
wandb: Find logs at: ./wandb/run-20261001_195714-0zj4verh/logs
