  Loading CPT model architecture: gpt2 in bfloat16...
[nanogpt|adam|stackmathqa] base: pt_loss=3.1699 ft_loss=3.1184
`loss_type=None` was set in the config but it is unrecognized. Using the default loss: `ForCausalLMLoss`.
  lr=1e-05: ft_loss=2.8368 pt_loss=3.1779 dPT=+0.0081 ||dtheta||=2.099 (36s)
  lr=1.68e-05: ft_loss=2.7373 pt_loss=3.1825 dPT=+0.0126 ||dtheta||=3.048 (27s)
  lr=2.82e-05: ft_loss=2.6567 pt_loss=3.1887 dPT=+0.0188 ||dtheta||=4.466 (27s)
  lr=4.74e-05: ft_loss=2.5873 pt_loss=3.2010 dPT=+0.0311 ||dtheta||=6.704 (27s)
  lr=7.96e-05: ft_loss=2.5222 pt_loss=3.2229 dPT=+0.0530 ||dtheta||=10.251 (27s)
  lr=0.000134: ft_loss=2.4652 pt_loss=3.2558 dPT=+0.0860 ||dtheta||=15.787 (27s)
  lr=0.000224: ft_loss=2.4132 pt_loss=3.3010 dPT=+0.1311 ||dtheta||=24.212 (27s)
  lr=0.000377: ft_loss=2.3614 pt_loss=3.3567 dPT=+0.1868 ||dtheta||=37.296 (28s)
  lr=0.000633: ft_loss=2.3262 pt_loss=3.4193 dPT=+0.2494 ||dtheta||=57.593 (28s)
  lr=0.00106: ft_loss=2.2996 pt_loss=3.4884 dPT=+0.3185 ||dtheta||=91.670 (27s)
  lr=0.00179: ft_loss=2.2922 pt_loss=3.6170 dPT=+0.4471 ||dtheta||=143.808 (27s)
  lr=0.003: ft_loss=2.3410 pt_loss=3.8938 dPT=+0.7240 ||dtheta||=223.123 (27s)
wandb: [wandb.login()] Loaded credentials for https://api.wandb.ai from /home/anant/.netrc.
wandb: Currently logged in as: anant-jain (dcll-iiitd) to https://api.wandb.ai. Use `wandb login --relogin` to force relogin
wandb: setting up run ex7u70gp
wandb: Tracking run with wandb version 0.29.0
wandb: Run data is saved locally in /home/anant/atlas_opt/wandb/run-20260929_145650-ex7u70gp
wandb: Run `wandb offline` to turn off syncing.
wandb: Syncing run adam_stackmathqa
wandb: ⭐️ View project at https://wandb.ai/dcll-iiitd/Forgetting-NanoGPT
wandb: 🚀 View run at https://wandb.ai/dcll-iiitd/Forgetting-NanoGPT/runs/ex7u70gp
wandb: updating run metadata; uploading artifact run-ex7u70gp-sweep_table; uploading artifact run-ex7u70gp-train_loss_curves_table
wandb: uploading artifact run-ex7u70gp-sweep_table; uploading artifact run-ex7u70gp-train_loss_curves_table
wandb: uploading artifact run-ex7u70gp-train_loss_curves_table
wandb: uploading artifact run-ex7u70gp-train_loss_curves_table; uploading media/table/train_loss_curves_table_12_0384f5592cd8ce76f150.table.json; uploading wandb-summary.json; uploading config.yaml; uploading wandb-metadata.json (+ 2 more)
wandb: uploading artifact run-ex7u70gp-train_loss_curves_table; uploading wandb-summary.json; uploading config.yaml; uploading wandb-metadata.json; uploading requirements.txt (+ 1 more)
wandb: uploading artifact run-ex7u70gp-train_loss_curves_table
wandb: uploading history steps 0-12, summary
wandb: 
wandb: Run history:
wandb: sweep/delta_norm ▁▁▁▁▁▁▂▂▃▄▅█
wandb: sweep/forgetting ▁▁▁▁▁▂▂▃▃▄▅█
wandb:    sweep/ft_loss █▇▆▅▄▃▃▂▁▁▁▂
wandb:   sweep/log10_lr ▁▂▂▃▄▄▅▅▆▇▇█
wandb:         sweep/lr ▁▁▁▁▁▁▂▂▂▃▅█
wandb:      sweep/point ▁▂▂▃▄▄▅▅▆▇▇█
wandb:    sweep/pt_loss ▁▁▁▁▁▂▂▃▃▄▅█
wandb: 
wandb: Run summary:
wandb:     base/ft_loss 3.1184
wandb:  base/param_norm 1564.77799
wandb:     base/pt_loss 3.16986
wandb: sweep/delta_norm 223.12305
wandb: sweep/forgetting 0.72397
wandb:    sweep/ft_loss 2.341
wandb:   sweep/log10_lr -2.52288
wandb:         sweep/lr 0.003
wandb:      sweep/point 11
wandb:    sweep/pt_loss 3.89383
wandb: 
wandb: 🚀 View run adam_stackmathqa at: https://wandb.ai/dcll-iiitd/Forgetting-NanoGPT/runs/ex7u70gp
wandb: ⭐️ View project at: https://wandb.ai/dcll-iiitd/Forgetting-NanoGPT
wandb: Synced 4 W&B file(s), 2 media file(s), 4 artifact file(s) and 0 other file(s)
wandb: Find logs at: ./wandb/run-20260929_145650-ex7u70gp/logs
