  Loading CPT model architecture: gpt2 in bfloat16...
[nanogpt|fsam_gfrob_muon_stale|musicpile] base: pt_loss=3.5544 ft_loss=4.2307
`loss_type=None` was set in the config but it is unrecognized. Using the default loss: `ForCausalLMLoss`.
  lr=1e-05: ft_loss=4.0996 pt_loss=3.5857 dPT=+0.0313 ||dtheta||=1.566 (33s)
  lr=1.68e-05: ft_loss=4.0583 pt_loss=3.5891 dPT=+0.0347 ||dtheta||=2.448 (29s)
  lr=2.82e-05: ft_loss=4.0046 pt_loss=3.5891 dPT=+0.0346 ||dtheta||=3.840 (29s)
  lr=4.74e-05: ft_loss=3.9406 pt_loss=3.5947 dPT=+0.0402 ||dtheta||=6.055 (28s)
  lr=7.96e-05: ft_loss=3.8715 pt_loss=3.6047 dPT=+0.0502 ||dtheta||=9.536 (28s)
  lr=0.000134: ft_loss=3.7984 pt_loss=3.6158 dPT=+0.0613 ||dtheta||=14.961 (28s)
  lr=0.000224: ft_loss=3.7318 pt_loss=3.6339 dPT=+0.0795 ||dtheta||=23.292 (28s)
  lr=0.000377: ft_loss=3.6655 pt_loss=3.6629 dPT=+0.1084 ||dtheta||=36.474 (28s)
  lr=0.000633: ft_loss=3.6265 pt_loss=3.7049 dPT=+0.1505 ||dtheta||=55.750 (28s)
  lr=0.00106: ft_loss=3.6117 pt_loss=3.7740 dPT=+0.2196 ||dtheta||=83.553 (28s)
  lr=0.00179: ft_loss=3.6691 pt_loss=3.9132 dPT=+0.3587 ||dtheta||=125.483 (28s)
  lr=0.003: ft_loss=4.0675 pt_loss=4.4554 dPT=+0.9010 ||dtheta||=194.945 (28s)
wandb: [wandb.login()] Loaded credentials for https://api.wandb.ai from /home/anant/.netrc.
wandb: Currently logged in as: anant-jain (dcll-iiitd) to https://api.wandb.ai. Use `wandb login --relogin` to force relogin
wandb: setting up run pfzx2b0o
wandb: Tracking run with wandb version 0.29.0
wandb: Run data is saved locally in /home/anant/atlas_opt/wandb/run-20261001_140927-pfzx2b0o
wandb: Run `wandb offline` to turn off syncing.
wandb: Syncing run fsam_gfrob_muon_stale_musicpile
wandb: ⭐️ View project at https://wandb.ai/dcll-iiitd/Forgetting-NanoGPT
wandb: 🚀 View run at https://wandb.ai/dcll-iiitd/Forgetting-NanoGPT/runs/pfzx2b0o
wandb: updating run metadata; uploading artifact run-pfzx2b0o-sweep_table; uploading artifact run-pfzx2b0o-train_loss_curves_table
wandb: uploading artifact run-pfzx2b0o-sweep_table; uploading artifact run-pfzx2b0o-train_loss_curves_table
wandb: uploading artifact run-pfzx2b0o-train_loss_curves_table; uploading wandb-metadata.json; uploading requirements.txt; uploading media/table/sweep_table_12_04998f63ca106285ce9e.table.json; uploading media/table/train_loss_curves_table_12_e54dc92a0215f13e92e0.table.json (+ 2 more)
wandb: uploading artifact run-pfzx2b0o-train_loss_curves_table; uploading requirements.txt; uploading media/table/sweep_table_12_04998f63ca106285ce9e.table.json; uploading media/table/train_loss_curves_table_12_e54dc92a0215f13e92e0.table.json; uploading wandb-summary.json (+ 1 more)
wandb: uploading artifact run-pfzx2b0o-train_loss_curves_table
wandb: uploading history steps 0-12, summary
wandb: 
wandb: Run history:
wandb: sweep/delta_norm ▁▁▁▁▁▁▂▂▃▄▅█
wandb: sweep/forgetting ▁▁▁▁▁▁▁▂▂▃▄█
wandb:    sweep/ft_loss █▇▇▆▅▄▃▂▁▁▂█
wandb:   sweep/log10_lr ▁▂▂▃▄▄▅▅▆▇▇█
wandb:         sweep/lr ▁▁▁▁▁▁▂▂▂▃▅█
wandb:      sweep/point ▁▂▂▃▄▄▅▅▆▇▇█
wandb:    sweep/pt_loss ▁▁▁▁▁▁▁▂▂▃▄█
wandb: 
wandb: Run summary:
wandb:     base/ft_loss 4.2307
wandb:  base/param_norm 1024.54422
wandb:     base/pt_loss 3.55444
wandb: sweep/delta_norm 194.94471
wandb: sweep/forgetting 0.90098
wandb:    sweep/ft_loss 4.06753
wandb:   sweep/log10_lr -2.52288
wandb:         sweep/lr 0.003
wandb:      sweep/point 11
wandb:    sweep/pt_loss 4.45543
wandb: 
wandb: 🚀 View run fsam_gfrob_muon_stale_musicpile at: https://wandb.ai/dcll-iiitd/Forgetting-NanoGPT/runs/pfzx2b0o
wandb: ⭐️ View project at: https://wandb.ai/dcll-iiitd/Forgetting-NanoGPT
wandb: Synced 4 W&B file(s), 2 media file(s), 4 artifact file(s) and 0 other file(s)
wandb: Find logs at: ./wandb/run-20261001_140927-pfzx2b0o/logs
