  Loading CPT model architecture: gpt2 in bfloat16...
[nanogpt|fsam_frob_muon_stale|musicpile] base: pt_loss=3.5612 ft_loss=4.2451
`loss_type=None` was set in the config but it is unrecognized. Using the default loss: `ForCausalLMLoss`.
  lr=1e-05: ft_loss=4.1159 pt_loss=3.5859 dPT=+0.0247 ||dtheta||=1.575 (28s)
  lr=1.68e-05: ft_loss=4.0727 pt_loss=3.5908 dPT=+0.0296 ||dtheta||=2.449 (28s)
  lr=2.82e-05: ft_loss=4.0183 pt_loss=3.5929 dPT=+0.0317 ||dtheta||=3.831 (28s)
  lr=4.74e-05: ft_loss=3.9528 pt_loss=3.5968 dPT=+0.0356 ||dtheta||=6.024 (28s)
  lr=7.96e-05: ft_loss=3.8824 pt_loss=3.6046 dPT=+0.0434 ||dtheta||=9.463 (28s)
  lr=0.000134: ft_loss=3.8025 pt_loss=3.6148 dPT=+0.0536 ||dtheta||=14.910 (28s)
  lr=0.000224: ft_loss=3.7305 pt_loss=3.6322 dPT=+0.0711 ||dtheta||=23.182 (28s)
  lr=0.000377: ft_loss=3.6658 pt_loss=3.6626 dPT=+0.1014 ||dtheta||=36.348 (28s)
  lr=0.000633: ft_loss=3.6210 pt_loss=3.7062 dPT=+0.1450 ||dtheta||=55.243 (28s)
  lr=0.00106: ft_loss=3.5997 pt_loss=3.7768 dPT=+0.2157 ||dtheta||=82.949 (28s)
  lr=0.00179: ft_loss=3.6383 pt_loss=3.9031 dPT=+0.3419 ||dtheta||=120.891 (28s)
  lr=0.003: ft_loss=3.8128 pt_loss=4.2031 dPT=+0.6419 ||dtheta||=178.212 (28s)
wandb: [wandb.login()] Loaded credentials for https://api.wandb.ai from /home/anant/.netrc.
wandb: Currently logged in as: anant-jain (dcll-iiitd) to https://api.wandb.ai. Use `wandb login --relogin` to force relogin
wandb: setting up run 0e4m1tsr
wandb: Tracking run with wandb version 0.29.0
wandb: Run data is saved locally in /home/anant/atlas_opt/wandb/run-20260930_165055-0e4m1tsr
wandb: Run `wandb offline` to turn off syncing.
wandb: Syncing run fsam_frob_muon_stale_musicpile
wandb: ⭐️ View project at https://wandb.ai/dcll-iiitd/Forgetting-NanoGPT
wandb: 🚀 View run at https://wandb.ai/dcll-iiitd/Forgetting-NanoGPT/runs/0e4m1tsr
wandb: updating run metadata; uploading artifact run-0e4m1tsr-sweep_table; uploading artifact run-0e4m1tsr-train_loss_curves_table
wandb: uploading artifact run-0e4m1tsr-sweep_table; uploading artifact run-0e4m1tsr-train_loss_curves_table
wandb: uploading artifact run-0e4m1tsr-sweep_table; uploading artifact run-0e4m1tsr-train_loss_curves_table; uploading requirements.txt; uploading media/table/sweep_table_12_8760b75396f45724b1d3.table.json; uploading media/table/train_loss_curves_table_12_23c60eae1454d88f26aa.table.json (+ 2 more)
wandb: uploading artifact run-0e4m1tsr-train_loss_curves_table; uploading requirements.txt; uploading media/table/sweep_table_12_8760b75396f45724b1d3.table.json; uploading media/table/train_loss_curves_table_12_23c60eae1454d88f26aa.table.json; uploading wandb-summary.json (+ 1 more)
wandb: uploading artifact run-0e4m1tsr-train_loss_curves_table; uploading media/table/sweep_table_12_8760b75396f45724b1d3.table.json; uploading media/table/train_loss_curves_table_12_23c60eae1454d88f26aa.table.json; uploading wandb-summary.json; uploading config.yaml
wandb: uploading artifact run-0e4m1tsr-train_loss_curves_table
wandb: uploading history steps 0-12, summary
wandb: 
wandb: Run history:
wandb: sweep/delta_norm ▁▁▁▁▁▂▂▂▃▄▆█
wandb: sweep/forgetting ▁▁▁▁▁▁▂▂▂▃▅█
wandb:    sweep/ft_loss █▇▇▆▅▄▃▂▁▁▂▄
wandb:   sweep/log10_lr ▁▂▂▃▄▄▅▅▆▇▇█
wandb:         sweep/lr ▁▁▁▁▁▁▂▂▂▃▅█
wandb:      sweep/point ▁▂▂▃▄▄▅▅▆▇▇█
wandb:    sweep/pt_loss ▁▁▁▁▁▁▂▂▂▃▅█
wandb: 
wandb: Run summary:
wandb:     base/ft_loss 4.24507
wandb:  base/param_norm 1000.29443
wandb:     base/pt_loss 3.56118
wandb: sweep/delta_norm 178.21216
wandb: sweep/forgetting 0.64189
wandb:    sweep/ft_loss 3.81276
wandb:   sweep/log10_lr -2.52288
wandb:         sweep/lr 0.003
wandb:      sweep/point 11
wandb:    sweep/pt_loss 4.20307
wandb: 
wandb: 🚀 View run fsam_frob_muon_stale_musicpile at: https://wandb.ai/dcll-iiitd/Forgetting-NanoGPT/runs/0e4m1tsr
wandb: ⭐️ View project at: https://wandb.ai/dcll-iiitd/Forgetting-NanoGPT
wandb: Synced 4 W&B file(s), 2 media file(s), 4 artifact file(s) and 0 other file(s)
wandb: Find logs at: ./wandb/run-20260930_165055-0e4m1tsr/logs
