  Loading CPT model architecture: gpt2 in bfloat16...
[nanogpt|sgd|stackmathqa] base: pt_loss=7.1025 ft_loss=8.4865
`loss_type=None` was set in the config but it is unrecognized. Using the default loss: `ForCausalLMLoss`.
  lr=1e-05: ft_loss=8.3363 pt_loss=7.1623 dPT=+0.0598 ||dtheta||=1.381 (28s)
  lr=1.68e-05: ft_loss=8.2913 pt_loss=7.1850 dPT=+0.0825 ||dtheta||=1.620 (28s)
  lr=2.82e-05: ft_loss=8.2330 pt_loss=7.1655 dPT=+0.0630 ||dtheta||=1.637 (27s)
  lr=4.74e-05: ft_loss=8.1435 pt_loss=7.1433 dPT=+0.0408 ||dtheta||=2.095 (28s)
  lr=7.96e-05: ft_loss=8.0121 pt_loss=7.1348 dPT=+0.0323 ||dtheta||=3.333 (28s)
  lr=0.000134: ft_loss=7.8443 pt_loss=7.1372 dPT=+0.0347 ||dtheta||=5.842 (27s)
  lr=0.000224: ft_loss=7.6081 pt_loss=7.1868 dPT=+0.0842 ||dtheta||=11.549 (27s)
  lr=0.000377: ft_loss=7.2390 pt_loss=7.2937 dPT=+0.1912 ||dtheta||=25.676 (27s)
  lr=0.000633: ft_loss=6.7088 pt_loss=7.4384 dPT=+0.3359 ||dtheta||=50.382 (28s)
  lr=0.00106: ft_loss=6.0354 pt_loss=7.6491 dPT=+0.5465 ||dtheta||=92.188 (28s)
  lr=0.00179: ft_loss=5.4304 pt_loss=7.9326 dPT=+0.8301 ||dtheta||=163.342 (28s)
  lr=0.003: ft_loss=5.4714 pt_loss=8.1132 dPT=+1.0107 ||dtheta||=284.353 (28s)
wandb: [wandb.login()] Loaded credentials for https://api.wandb.ai from /home/anant/.netrc.
wandb: Currently logged in as: anant-jain (dcll-iiitd) to https://api.wandb.ai. Use `wandb login --relogin` to force relogin
wandb: setting up run ckir8hak
wandb: Tracking run with wandb version 0.29.0
wandb: Run data is saved locally in /home/anant/atlas_opt/wandb/run-20260929_145032-ckir8hak
wandb: Run `wandb offline` to turn off syncing.
wandb: Syncing run sgd_stackmathqa
wandb: ⭐️ View project at https://wandb.ai/dcll-iiitd/Forgetting-NanoGPT
wandb: 🚀 View run at https://wandb.ai/dcll-iiitd/Forgetting-NanoGPT/runs/ckir8hak
wandb: updating run metadata; uploading artifact run-ckir8hak-sweep_table; uploading artifact run-ckir8hak-train_loss_curves_table
wandb: uploading artifact run-ckir8hak-sweep_table; uploading artifact run-ckir8hak-train_loss_curves_table
wandb: uploading artifact run-ckir8hak-sweep_table; uploading artifact run-ckir8hak-train_loss_curves_table; uploading config.yaml; uploading wandb-metadata.json; uploading requirements.txt (+ 3 more)
wandb: uploading artifact run-ckir8hak-train_loss_curves_table
wandb: uploading history steps 0-12, summary
wandb: 
wandb: Run history:
wandb: sweep/delta_norm ▁▁▁▁▁▁▁▂▂▃▅█
wandb: sweep/forgetting ▁▁▁▁▁▁▁▂▃▅▇█
wandb:    sweep/ft_loss ████▇▇▆▅▄▂▁▁
wandb:   sweep/log10_lr ▁▂▂▃▄▄▅▅▆▇▇█
wandb:         sweep/lr ▁▁▁▁▁▁▂▂▂▃▅█
wandb:      sweep/point ▁▂▂▃▄▄▅▅▆▇▇█
wandb:    sweep/pt_loss ▁▁▁▁▁▁▁▂▃▅▇█
wandb: 
wandb: Run summary:
wandb:     base/ft_loss 8.48655
wandb:  base/param_norm 5.23221
wandb:     base/pt_loss 7.10252
wandb: sweep/delta_norm 284.35329
wandb: sweep/forgetting 1.01069
wandb:    sweep/ft_loss 5.47142
wandb:   sweep/log10_lr -2.52288
wandb:         sweep/lr 0.003
wandb:      sweep/point 11
wandb:    sweep/pt_loss 8.11321
wandb: 
wandb: 🚀 View run sgd_stackmathqa at: https://wandb.ai/dcll-iiitd/Forgetting-NanoGPT/runs/ckir8hak
wandb: ⭐️ View project at: https://wandb.ai/dcll-iiitd/Forgetting-NanoGPT
wandb: Synced 4 W&B file(s), 2 media file(s), 4 artifact file(s) and 0 other file(s)
wandb: Find logs at: ./wandb/run-20260929_145032-ckir8hak/logs
