  Loading CPT model architecture: gpt2 in bfloat16...
[nanogpt|fsam_gfrob_muon_stale_momentum|tulu3] base: pt_loss=3.5551 ft_loss=3.8517
`loss_type=None` was set in the config but it is unrecognized. Using the default loss: `ForCausalLMLoss`.
  lr=1e-05: ft_loss=3.5640 pt_loss=3.5997 dPT=+0.0446 ||dtheta||=1.803 (28s)
  lr=1.68e-05: ft_loss=3.4742 pt_loss=3.6060 dPT=+0.0509 ||dtheta||=2.732 (28s)
  lr=2.82e-05: ft_loss=3.3792 pt_loss=3.6135 dPT=+0.0584 ||dtheta||=4.203 (28s)
  lr=4.74e-05: ft_loss=3.2788 pt_loss=3.6231 dPT=+0.0679 ||dtheta||=6.513 (28s)
  lr=7.96e-05: ft_loss=3.1589 pt_loss=3.6408 dPT=+0.0857 ||dtheta||=10.195 (28s)
  lr=0.000134: ft_loss=3.0385 pt_loss=3.6672 dPT=+0.1121 ||dtheta||=15.973 (28s)
  lr=0.000224: ft_loss=2.9385 pt_loss=3.6961 dPT=+0.1410 ||dtheta||=24.639 (28s)
  lr=0.000377: ft_loss=2.8540 pt_loss=3.7335 dPT=+0.1784 ||dtheta||=38.295 (28s)
  lr=0.000633: ft_loss=2.8109 pt_loss=3.7901 dPT=+0.2350 ||dtheta||=58.568 (28s)
  lr=0.00106: ft_loss=2.7954 pt_loss=3.8753 dPT=+0.3202 ||dtheta||=87.843 (28s)
  lr=0.00179: ft_loss=2.8432 pt_loss=4.0327 dPT=+0.4775 ||dtheta||=132.880 (28s)
  lr=0.003: ft_loss=3.7952 pt_loss=5.2813 dPT=+1.7262 ||dtheta||=213.464 (28s)
wandb: [wandb.login()] Loaded credentials for https://api.wandb.ai from /home/anant/.netrc.
wandb: Currently logged in as: anant-jain (dcll-iiitd) to https://api.wandb.ai. Use `wandb login --relogin` to force relogin
wandb: setting up run lyter6tx
wandb: Tracking run with wandb version 0.29.0
wandb: Run data is saved locally in /home/anant/atlas_opt/wandb/run-20261001_141516-lyter6tx
wandb: Run `wandb offline` to turn off syncing.
wandb: Syncing run fsam_gfrob_muon_stale_momentum_tulu3
wandb: ⭐️ View project at https://wandb.ai/dcll-iiitd/Forgetting-NanoGPT
wandb: 🚀 View run at https://wandb.ai/dcll-iiitd/Forgetting-NanoGPT/runs/lyter6tx
wandb: updating run metadata; uploading artifact run-lyter6tx-sweep_table; uploading artifact run-lyter6tx-train_loss_curves_table
wandb: uploading artifact run-lyter6tx-sweep_table; uploading artifact run-lyter6tx-train_loss_curves_table
wandb: uploading artifact run-lyter6tx-sweep_table; uploading artifact run-lyter6tx-train_loss_curves_table; uploading wandb-metadata.json; uploading requirements.txt; uploading media/table/sweep_table_12_aac42fedcb6855d5adb7.table.json (+ 3 more)
wandb: uploading artifact run-lyter6tx-train_loss_curves_table; uploading wandb-metadata.json; uploading requirements.txt; uploading media/table/sweep_table_12_aac42fedcb6855d5adb7.table.json; uploading media/table/train_loss_curves_table_12_7756fba9b29a210481cb.table.json (+ 2 more)
wandb: uploading history steps 0-12, summary
wandb: 
wandb: Run history:
wandb: sweep/delta_norm ▁▁▁▁▁▁▂▂▃▄▅█
wandb: sweep/forgetting ▁▁▁▁▁▁▁▂▂▂▃█
wandb:    sweep/ft_loss ▆▆▅▄▄▃▂▁▁▁▁█
wandb:   sweep/log10_lr ▁▂▂▃▄▄▅▅▆▇▇█
wandb:         sweep/lr ▁▁▁▁▁▁▂▂▂▃▅█
wandb:      sweep/point ▁▂▂▃▄▄▅▅▆▇▇█
wandb:    sweep/pt_loss ▁▁▁▁▁▁▁▂▂▂▃█
wandb: 
wandb: Run summary:
wandb:     base/ft_loss 3.85168
wandb:  base/param_norm 1023.73396
wandb:     base/pt_loss 3.55513
wandb: sweep/delta_norm 213.46366
wandb: sweep/forgetting 1.72617
wandb:    sweep/ft_loss 3.79515
wandb:   sweep/log10_lr -2.52288
wandb:         sweep/lr 0.003
wandb:      sweep/point 11
wandb:    sweep/pt_loss 5.28129
wandb: 
wandb: 🚀 View run fsam_gfrob_muon_stale_momentum_tulu3 at: https://wandb.ai/dcll-iiitd/Forgetting-NanoGPT/runs/lyter6tx
wandb: ⭐️ View project at: https://wandb.ai/dcll-iiitd/Forgetting-NanoGPT
wandb: Synced 4 W&B file(s), 2 media file(s), 4 artifact file(s) and 0 other file(s)
wandb: Find logs at: ./wandb/run-20261001_141516-lyter6tx/logs
