  Loading CPT model architecture: gpt2 in bfloat16...
[nanogpt|fsam|stackmathqa] base: pt_loss=3.2794 ft_loss=2.7177
`loss_type=None` was set in the config but it is unrecognized. Using the default loss: `ForCausalLMLoss`.
  lr=1e-05: ft_loss=2.5802 pt_loss=3.3255 dPT=+0.0461 ||dtheta||=1.766 (28s)
  lr=1.68e-05: ft_loss=2.5332 pt_loss=3.3374 dPT=+0.0579 ||dtheta||=2.653 (28s)
  lr=2.82e-05: ft_loss=2.4904 pt_loss=3.3545 dPT=+0.0751 ||dtheta||=4.025 (28s)
  lr=4.74e-05: ft_loss=2.4490 pt_loss=3.3730 dPT=+0.0935 ||dtheta||=6.135 (28s)
  lr=7.96e-05: ft_loss=2.4084 pt_loss=3.3969 dPT=+0.1175 ||dtheta||=9.396 (28s)
  lr=0.000134: ft_loss=2.3714 pt_loss=3.4336 dPT=+0.1541 ||dtheta||=14.219 (28s)
  lr=0.000224: ft_loss=2.3381 pt_loss=3.4850 dPT=+0.2056 ||dtheta||=21.693 (28s)
  lr=0.000377: ft_loss=2.3028 pt_loss=3.5242 dPT=+0.2447 ||dtheta||=34.164 (28s)
  lr=0.000633: ft_loss=2.2845 pt_loss=3.5881 dPT=+0.3086 ||dtheta||=54.383 (28s)
  lr=0.00106: ft_loss=2.2820 pt_loss=3.6675 dPT=+0.3880 ||dtheta||=88.750 (28s)
  lr=0.00179: ft_loss=2.3029 pt_loss=3.8843 dPT=+0.6048 ||dtheta||=139.724 (28s)
  lr=0.003: ft_loss=2.4296 pt_loss=4.3841 dPT=+1.1047 ||dtheta||=224.425 (28s)
wandb: [wandb.login()] Loaded credentials for https://api.wandb.ai from /home/anant/.netrc.
wandb: Currently logged in as: anant-jain (dcll-iiitd) to https://api.wandb.ai. Use `wandb login --relogin` to force relogin
wandb: setting up run n3appydi
wandb: Tracking run with wandb version 0.29.0
wandb: Run data is saved locally in /home/anant/atlas_opt/wandb/run-20260929_163919-n3appydi
wandb: Run `wandb offline` to turn off syncing.
wandb: Syncing run fsam_stackmathqa
wandb: ⭐️ View project at https://wandb.ai/dcll-iiitd/Forgetting-NanoGPT
wandb: 🚀 View run at https://wandb.ai/dcll-iiitd/Forgetting-NanoGPT/runs/n3appydi
wandb: updating run metadata; uploading artifact run-n3appydi-sweep_table; uploading artifact run-n3appydi-train_loss_curves_table
wandb: uploading artifact run-n3appydi-sweep_table; uploading artifact run-n3appydi-train_loss_curves_table
wandb: uploading artifact run-n3appydi-sweep_table; uploading artifact run-n3appydi-train_loss_curves_table; uploading wandb-metadata.json; uploading requirements.txt; uploading media/table/sweep_table_12_4a3cb3ffd814eaf394f3.table.json (+ 3 more)
wandb: uploading artifact run-n3appydi-sweep_table; uploading artifact run-n3appydi-train_loss_curves_table
wandb: uploading artifact run-n3appydi-train_loss_curves_table
wandb: uploading history steps 0-12, summary
wandb: 
wandb: Run history:
wandb: sweep/delta_norm ▁▁▁▁▁▁▂▂▃▄▅█
wandb: sweep/forgetting ▁▁▁▁▁▂▂▂▃▃▅█
wandb:    sweep/ft_loss █▇▆▅▄▃▂▁▁▁▁▄
wandb:   sweep/log10_lr ▁▂▂▃▄▄▅▅▆▇▇█
wandb:         sweep/lr ▁▁▁▁▁▁▂▂▂▃▅█
wandb:      sweep/point ▁▂▂▃▄▄▅▅▆▇▇█
wandb:    sweep/pt_loss ▁▁▁▁▁▂▂▂▃▃▅█
wandb: 
wandb: Run summary:
wandb:     base/ft_loss 2.71772
wandb:  base/param_norm 1505.57939
wandb:     base/pt_loss 3.27943
wandb: sweep/delta_norm 224.42489
wandb: sweep/forgetting 1.1047
wandb:    sweep/ft_loss 2.42959
wandb:   sweep/log10_lr -2.52288
wandb:         sweep/lr 0.003
wandb:      sweep/point 11
wandb:    sweep/pt_loss 4.38413
wandb: 
wandb: 🚀 View run fsam_stackmathqa at: https://wandb.ai/dcll-iiitd/Forgetting-NanoGPT/runs/n3appydi
wandb: ⭐️ View project at: https://wandb.ai/dcll-iiitd/Forgetting-NanoGPT
wandb: Synced 4 W&B file(s), 2 media file(s), 4 artifact file(s) and 0 other file(s)
wandb: Find logs at: ./wandb/run-20260929_163919-n3appydi/logs
