  Loading CPT model architecture: gpt2 in bfloat16...
[nanogpt|fsam_frob_muon_stale_momentum|musicpile] base: pt_loss=3.5568 ft_loss=4.2262
`loss_type=None` was set in the config but it is unrecognized. Using the default loss: `ForCausalLMLoss`.
  lr=1e-05: ft_loss=4.1020 pt_loss=3.5816 dPT=+0.0249 ||dtheta||=1.580 (28s)
  lr=1.68e-05: ft_loss=4.0578 pt_loss=3.5860 dPT=+0.0292 ||dtheta||=2.465 (28s)
  lr=2.82e-05: ft_loss=4.0029 pt_loss=3.5877 dPT=+0.0309 ||dtheta||=3.855 (28s)
  lr=4.74e-05: ft_loss=3.9352 pt_loss=3.5918 dPT=+0.0350 ||dtheta||=6.068 (28s)
  lr=7.96e-05: ft_loss=3.8625 pt_loss=3.6001 dPT=+0.0433 ||dtheta||=9.522 (28s)
  lr=0.000134: ft_loss=3.7832 pt_loss=3.6116 dPT=+0.0548 ||dtheta||=14.978 (28s)
  lr=0.000224: ft_loss=3.7110 pt_loss=3.6289 dPT=+0.0721 ||dtheta||=23.262 (28s)
  lr=0.000377: ft_loss=3.6480 pt_loss=3.6567 dPT=+0.0999 ||dtheta||=36.376 (28s)
  lr=0.000633: ft_loss=3.6042 pt_loss=3.7012 dPT=+0.1444 ||dtheta||=55.263 (28s)
  lr=0.00106: ft_loss=3.5821 pt_loss=3.7650 dPT=+0.2082 ||dtheta||=82.405 (28s)
  lr=0.00179: ft_loss=3.6281 pt_loss=3.8905 dPT=+0.3338 ||dtheta||=119.890 (28s)
  lr=0.003: ft_loss=3.7809 pt_loss=4.1695 dPT=+0.6128 ||dtheta||=177.610 (28s)
wandb: [wandb.login()] Loaded credentials for https://api.wandb.ai from /home/anant/.netrc.
wandb: Currently logged in as: anant-jain (dcll-iiitd) to https://api.wandb.ai. Use `wandb login --relogin` to force relogin
wandb: setting up run 94ro8gg9
wandb: Tracking run with wandb version 0.29.0
wandb: Run data is saved locally in /home/anant/atlas_opt/wandb/run-20260930_165056-94ro8gg9
wandb: Run `wandb offline` to turn off syncing.
wandb: Syncing run fsam_frob_muon_stale_momentum_musicpile
wandb: ⭐️ View project at https://wandb.ai/dcll-iiitd/Forgetting-NanoGPT
wandb: 🚀 View run at https://wandb.ai/dcll-iiitd/Forgetting-NanoGPT/runs/94ro8gg9
wandb: updating run metadata; uploading artifact run-94ro8gg9-sweep_table; uploading artifact run-94ro8gg9-train_loss_curves_table
wandb: uploading artifact run-94ro8gg9-sweep_table; uploading artifact run-94ro8gg9-train_loss_curves_table
wandb: uploading artifact run-94ro8gg9-sweep_table; uploading artifact run-94ro8gg9-train_loss_curves_table; uploading wandb-metadata.json; uploading requirements.txt; uploading media/table/sweep_table_12_a55e1fc14fe6b3248d2b.table.json (+ 3 more)
wandb: uploading artifact run-94ro8gg9-train_loss_curves_table; uploading wandb-metadata.json; uploading requirements.txt; uploading media/table/sweep_table_12_a55e1fc14fe6b3248d2b.table.json; uploading media/table/train_loss_curves_table_12_29f89d1caa8776464c7f.table.json (+ 2 more)
wandb: uploading artifact run-94ro8gg9-train_loss_curves_table; uploading requirements.txt; uploading media/table/sweep_table_12_a55e1fc14fe6b3248d2b.table.json; uploading media/table/train_loss_curves_table_12_29f89d1caa8776464c7f.table.json; uploading wandb-summary.json (+ 1 more)
wandb: uploading artifact run-94ro8gg9-train_loss_curves_table
wandb: uploading history steps 0-12, summary
wandb: 
wandb: Run history:
wandb: sweep/delta_norm ▁▁▁▁▁▂▂▂▃▄▆█
wandb: sweep/forgetting ▁▁▁▁▁▁▂▂▂▃▅█
wandb:    sweep/ft_loss █▇▇▆▅▄▃▂▁▁▂▄
wandb:   sweep/log10_lr ▁▂▂▃▄▄▅▅▆▇▇█
wandb:         sweep/lr ▁▁▁▁▁▁▂▂▂▃▅█
wandb:      sweep/point ▁▂▂▃▄▄▅▅▆▇▇█
wandb:    sweep/pt_loss ▁▁▁▁▁▁▂▂▂▃▅█
wandb: 
wandb: Run summary:
wandb:     base/ft_loss 4.22618
wandb:  base/param_norm 996.97256
wandb:     base/pt_loss 3.55676
wandb: sweep/delta_norm 177.61028
wandb: sweep/forgetting 0.61278
wandb:    sweep/ft_loss 3.78093
wandb:   sweep/log10_lr -2.52288
wandb:         sweep/lr 0.003
wandb:      sweep/point 11
wandb:    sweep/pt_loss 4.16954
wandb: 
wandb: 🚀 View run fsam_frob_muon_stale_momentum_musicpile at: https://wandb.ai/dcll-iiitd/Forgetting-NanoGPT/runs/94ro8gg9
wandb: ⭐️ View project at: https://wandb.ai/dcll-iiitd/Forgetting-NanoGPT
wandb: Synced 4 W&B file(s), 2 media file(s), 4 artifact file(s) and 0 other file(s)
wandb: Find logs at: ./wandb/run-20260930_165056-94ro8gg9/logs
