  Loading CPT model architecture: gpt2 in bfloat16...
[nanogpt|fsam|codeparrot] base: pt_loss=3.2794 ft_loss=2.3137
`loss_type=None` was set in the config but it is unrecognized. Using the default loss: `ForCausalLMLoss`.
  lr=1e-05: ft_loss=1.9233 pt_loss=3.3005 dPT=+0.0210 ||dtheta||=1.797 (28s)
  lr=1.68e-05: ft_loss=1.8593 pt_loss=3.3072 dPT=+0.0277 ||dtheta||=2.578 (28s)
  lr=2.82e-05: ft_loss=1.8105 pt_loss=3.3146 dPT=+0.0352 ||dtheta||=3.773 (28s)
  lr=4.74e-05: ft_loss=1.7690 pt_loss=3.3235 dPT=+0.0441 ||dtheta||=5.579 (28s)
  lr=7.96e-05: ft_loss=1.7307 pt_loss=3.3442 dPT=+0.0648 ||dtheta||=8.236 (28s)
  lr=0.000134: ft_loss=1.6915 pt_loss=3.3868 dPT=+0.1074 ||dtheta||=12.543 (28s)
  lr=0.000224: ft_loss=1.6618 pt_loss=3.4502 dPT=+0.1708 ||dtheta||=19.751 (28s)
  lr=0.000377: ft_loss=1.6403 pt_loss=3.5110 dPT=+0.2316 ||dtheta||=30.903 (28s)
  lr=0.000633: ft_loss=1.6457 pt_loss=3.5971 dPT=+0.3177 ||dtheta||=50.003 (28s)
  lr=0.00106: ft_loss=1.6494 pt_loss=3.6699 dPT=+0.3904 ||dtheta||=80.149 (28s)
  lr=0.00179: ft_loss=1.7198 pt_loss=3.9701 dPT=+0.6907 ||dtheta||=130.821 (28s)
  lr=0.003: ft_loss=2.0199 pt_loss=4.7396 dPT=+1.4602 ||dtheta||=217.638 (28s)
wandb: [wandb.login()] Loaded credentials for https://api.wandb.ai from /home/anant/.netrc.
wandb: Currently logged in as: anant-jain (dcll-iiitd) to https://api.wandb.ai. Use `wandb login --relogin` to force relogin
wandb: setting up run cnqoo461
wandb: Tracking run with wandb version 0.29.0
wandb: Run data is saved locally in /home/anant/atlas_opt/wandb/run-20260929_163918-cnqoo461
wandb: Run `wandb offline` to turn off syncing.
wandb: Syncing run fsam_codeparrot
wandb: ⭐️ View project at https://wandb.ai/dcll-iiitd/Forgetting-NanoGPT
wandb: 🚀 View run at https://wandb.ai/dcll-iiitd/Forgetting-NanoGPT/runs/cnqoo461
wandb: updating run metadata; uploading artifact run-cnqoo461-sweep_table; uploading artifact run-cnqoo461-train_loss_curves_table
wandb: uploading artifact run-cnqoo461-sweep_table; uploading artifact run-cnqoo461-train_loss_curves_table
wandb: uploading artifact run-cnqoo461-sweep_table; uploading artifact run-cnqoo461-train_loss_curves_table; uploading wandb-summary.json; uploading config.yaml; uploading wandb-metadata.json (+ 3 more)
wandb: uploading artifact run-cnqoo461-sweep_table; uploading artifact run-cnqoo461-train_loss_curves_table; uploading media/table/train_loss_curves_table_12_77fd6c3c3969808cd492.table.json
wandb: uploading artifact run-cnqoo461-train_loss_curves_table
wandb: uploading history steps 0-12, summary
wandb: 
wandb: Run history:
wandb: sweep/delta_norm ▁▁▁▁▁▁▂▂▃▄▅█
wandb: sweep/forgetting ▁▁▁▁▁▁▂▂▂▃▄█
wandb:    sweep/ft_loss ▆▅▄▃▃▂▁▁▁▁▂█
wandb:   sweep/log10_lr ▁▂▂▃▄▄▅▅▆▇▇█
wandb:         sweep/lr ▁▁▁▁▁▁▂▂▂▃▅█
wandb:      sweep/point ▁▂▂▃▄▄▅▅▆▇▇█
wandb:    sweep/pt_loss ▁▁▁▁▁▁▂▂▂▃▄█
wandb: 
wandb: Run summary:
wandb:     base/ft_loss 2.31366
wandb:  base/param_norm 1505.57939
wandb:     base/pt_loss 3.27943
wandb: sweep/delta_norm 217.63755
wandb: sweep/forgetting 1.46018
wandb:    sweep/ft_loss 2.01988
wandb:   sweep/log10_lr -2.52288
wandb:         sweep/lr 0.003
wandb:      sweep/point 11
wandb:    sweep/pt_loss 4.73961
wandb: 
wandb: 🚀 View run fsam_codeparrot at: https://wandb.ai/dcll-iiitd/Forgetting-NanoGPT/runs/cnqoo461
wandb: ⭐️ View project at: https://wandb.ai/dcll-iiitd/Forgetting-NanoGPT
wandb: Synced 4 W&B file(s), 2 media file(s), 4 artifact file(s) and 0 other file(s)
wandb: Find logs at: ./wandb/run-20260929_163918-cnqoo461/logs
