  Loading CPT model architecture: gpt2 in bfloat16...
[nanogpt|fsam_gfrob_muon_stale_momentum|codeparrot] base: pt_loss=3.5551 ft_loss=3.5581
`loss_type=None` was set in the config but it is unrecognized. Using the default loss: `ForCausalLMLoss`.
  lr=1e-05: ft_loss=3.1717 pt_loss=3.5733 dPT=+0.0181 ||dtheta||=2.014 (28s)
  lr=1.68e-05: ft_loss=3.0832 pt_loss=3.5839 dPT=+0.0288 ||dtheta||=3.082 (28s)
  lr=2.82e-05: ft_loss=2.9781 pt_loss=3.5997 dPT=+0.0446 ||dtheta||=4.767 (28s)
  lr=4.74e-05: ft_loss=2.8623 pt_loss=3.6224 dPT=+0.0673 ||dtheta||=7.440 (28s)
  lr=7.96e-05: ft_loss=2.7263 pt_loss=3.6512 dPT=+0.0961 ||dtheta||=11.652 (28s)
  lr=0.000134: ft_loss=2.5792 pt_loss=3.6861 dPT=+0.1310 ||dtheta||=18.346 (28s)
  lr=0.000224: ft_loss=2.4570 pt_loss=3.7353 dPT=+0.1802 ||dtheta||=28.258 (28s)
  lr=0.000377: ft_loss=2.3330 pt_loss=3.7979 dPT=+0.2427 ||dtheta||=44.656 (28s)
  lr=0.000633: ft_loss=2.2879 pt_loss=3.9196 dPT=+0.3645 ||dtheta||=66.871 (28s)
  lr=0.00106: ft_loss=2.2476 pt_loss=4.0778 dPT=+0.5227 ||dtheta||=101.068 (28s)
  lr=0.00179: ft_loss=2.4781 pt_loss=4.6452 dPT=+1.0901 ||dtheta||=151.678 (28s)
  lr=0.003: ft_loss=4.3809 pt_loss=8.6667 dPT=+5.1116 ||dtheta||=217.803 (28s)
wandb: [wandb.login()] Loaded credentials for https://api.wandb.ai from /home/anant/.netrc.
wandb: Currently logged in as: anant-jain (dcll-iiitd) to https://api.wandb.ai. Use `wandb login --relogin` to force relogin
wandb: setting up run 8nzgfhvm
wandb: Tracking run with wandb version 0.29.0
wandb: Run data is saved locally in /home/anant/atlas_opt/wandb/run-20261001_140900-8nzgfhvm
wandb: Run `wandb offline` to turn off syncing.
wandb: Syncing run fsam_gfrob_muon_stale_momentum_codeparrot
wandb: ⭐️ View project at https://wandb.ai/dcll-iiitd/Forgetting-NanoGPT
wandb: 🚀 View run at https://wandb.ai/dcll-iiitd/Forgetting-NanoGPT/runs/8nzgfhvm
wandb: updating run metadata; uploading artifact run-8nzgfhvm-sweep_table; uploading artifact run-8nzgfhvm-train_loss_curves_table
wandb: uploading artifact run-8nzgfhvm-sweep_table; uploading artifact run-8nzgfhvm-train_loss_curves_table
wandb: uploading artifact run-8nzgfhvm-sweep_table; uploading artifact run-8nzgfhvm-train_loss_curves_table; uploading media/table/sweep_table_12_0bb1bc62287f9ca680e3.table.json; uploading media/table/train_loss_curves_table_12_131913fb4a3473403fcd.table.json; uploading wandb-summary.json (+ 3 more)
wandb: uploading artifact run-8nzgfhvm-sweep_table; uploading artifact run-8nzgfhvm-train_loss_curves_table
wandb: uploading artifact run-8nzgfhvm-train_loss_curves_table
wandb: 
wandb: Run history:
wandb: sweep/delta_norm ▁▁▁▁▁▂▂▂▃▄▆█
wandb: sweep/forgetting ▁▁▁▁▁▁▁▁▁▂▂█
wandb:    sweep/ft_loss ▄▄▃▃▃▂▂▁▁▁▂█
wandb:   sweep/log10_lr ▁▂▂▃▄▄▅▅▆▇▇█
wandb:         sweep/lr ▁▁▁▁▁▁▂▂▂▃▅█
wandb:      sweep/point ▁▂▂▃▄▄▅▅▆▇▇█
wandb:    sweep/pt_loss ▁▁▁▁▁▁▁▁▁▂▂█
wandb: 
wandb: Run summary:
wandb:     base/ft_loss 3.55811
wandb:  base/param_norm 1023.73396
wandb:     base/pt_loss 3.55513
wandb: sweep/delta_norm 217.80266
wandb: sweep/forgetting 5.11159
wandb:    sweep/ft_loss 4.38093
wandb:   sweep/log10_lr -2.52288
wandb:         sweep/lr 0.003
wandb:      sweep/point 11
wandb:    sweep/pt_loss 8.66672
wandb: 
wandb: 🚀 View run fsam_gfrob_muon_stale_momentum_codeparrot at: https://wandb.ai/dcll-iiitd/Forgetting-NanoGPT/runs/8nzgfhvm
wandb: ⭐️ View project at: https://wandb.ai/dcll-iiitd/Forgetting-NanoGPT
wandb: Synced 4 W&B file(s), 2 media file(s), 4 artifact file(s) and 0 other file(s)
wandb: Find logs at: ./wandb/run-20261001_140900-8nzgfhvm/logs
