  Loading CPT model architecture: gpt2 in bfloat16...
[nanogpt|fsam_muon|tulu3] base: pt_loss=3.2001 ft_loss=3.1656
`loss_type=None` was set in the config but it is unrecognized. Using the default loss: `ForCausalLMLoss`.
  lr=1e-05: ft_loss=2.9354 pt_loss=3.2191 dPT=+0.0190 ||dtheta||=2.016 (28s)
  lr=1.68e-05: ft_loss=2.8732 pt_loss=3.2369 dPT=+0.0368 ||dtheta||=3.015 (28s)
  lr=2.82e-05: ft_loss=2.7765 pt_loss=3.2444 dPT=+0.0443 ||dtheta||=4.359 (28s)
  lr=4.74e-05: ft_loss=2.6930 pt_loss=3.2470 dPT=+0.0469 ||dtheta||=6.490 (28s)
  lr=7.96e-05: ft_loss=2.6085 pt_loss=3.2520 dPT=+0.0519 ||dtheta||=9.871 (28s)
  lr=0.000134: ft_loss=2.5311 pt_loss=3.2636 dPT=+0.0635 ||dtheta||=15.216 (28s)
  lr=0.000224: ft_loss=2.4593 pt_loss=3.2800 dPT=+0.0799 ||dtheta||=23.441 (28s)
  lr=0.000377: ft_loss=2.3972 pt_loss=3.3035 dPT=+0.1034 ||dtheta||=36.432 (28s)
  lr=0.000633: ft_loss=2.3496 pt_loss=3.3363 dPT=+0.1362 ||dtheta||=56.616 (28s)
  lr=0.00106: ft_loss=2.3277 pt_loss=3.3861 dPT=+0.1860 ||dtheta||=87.749 (28s)
  lr=0.00179: ft_loss=2.3349 pt_loss=3.4677 dPT=+0.2676 ||dtheta||=136.388 (28s)
  lr=0.003: ft_loss=2.3868 pt_loss=3.6282 dPT=+0.4281 ||dtheta||=209.838 (28s)
wandb: [wandb.login()] Loaded credentials for https://api.wandb.ai from /home/anant/.netrc.
wandb: Currently logged in as: anant-jain (dcll-iiitd) to https://api.wandb.ai. Use `wandb login --relogin` to force relogin
wandb: setting up run haa6s55j
wandb: Tracking run with wandb version 0.29.0
wandb: Run data is saved locally in /home/anant/atlas_opt/wandb/run-20260929_164532-haa6s55j
wandb: Run `wandb offline` to turn off syncing.
wandb: Syncing run fsam_muon_tulu3
wandb: ⭐️ View project at https://wandb.ai/dcll-iiitd/Forgetting-NanoGPT
wandb: 🚀 View run at https://wandb.ai/dcll-iiitd/Forgetting-NanoGPT/runs/haa6s55j
wandb: updating run metadata; uploading artifact run-haa6s55j-sweep_table; uploading artifact run-haa6s55j-train_loss_curves_table
wandb: uploading artifact run-haa6s55j-sweep_table; uploading artifact run-haa6s55j-train_loss_curves_table
wandb: uploading artifact run-haa6s55j-sweep_table; uploading artifact run-haa6s55j-train_loss_curves_table; uploading requirements.txt; uploading media/table/sweep_table_12_a76b178cd57232b31438.table.json; uploading media/table/train_loss_curves_table_12_8e16b124eda660b6ace3.table.json (+ 1 more)
wandb: uploading artifact run-haa6s55j-sweep_table; uploading artifact run-haa6s55j-train_loss_curves_table
wandb: uploading artifact run-haa6s55j-train_loss_curves_table
wandb: uploading config.yaml
wandb: uploading history steps 0-12, summary
wandb: 
wandb: Run history:
wandb: sweep/delta_norm ▁▁▁▁▁▁▂▂▃▄▆█
wandb: sweep/forgetting ▁▁▁▁▂▂▂▂▃▄▅█
wandb:    sweep/ft_loss █▇▆▅▄▃▃▂▁▁▁▂
wandb:   sweep/log10_lr ▁▂▂▃▄▄▅▅▆▇▇█
wandb:         sweep/lr ▁▁▁▁▁▁▂▂▂▃▅█
wandb:      sweep/point ▁▂▂▃▄▄▅▅▆▇▇█
wandb:    sweep/pt_loss ▁▁▁▁▂▂▂▂▃▄▅█
wandb: 
wandb: Run summary:
wandb:     base/ft_loss 3.16559
wandb:  base/param_norm 1725.10816
wandb:     base/pt_loss 3.2001
wandb: sweep/delta_norm 209.83825
wandb: sweep/forgetting 0.42806
wandb:    sweep/ft_loss 2.3868
wandb:   sweep/log10_lr -2.52288
wandb:         sweep/lr 0.003
wandb:      sweep/point 11
wandb:    sweep/pt_loss 3.62816
wandb: 
wandb: 🚀 View run fsam_muon_tulu3 at: https://wandb.ai/dcll-iiitd/Forgetting-NanoGPT/runs/haa6s55j
wandb: ⭐️ View project at: https://wandb.ai/dcll-iiitd/Forgetting-NanoGPT
wandb: Synced 4 W&B file(s), 2 media file(s), 4 artifact file(s) and 0 other file(s)
wandb: Find logs at: ./wandb/run-20260929_164532-haa6s55j/logs
