  Loading CPT model architecture: gpt2 in bfloat16...
Traceback (most recent call last):
  File "/home/anant/atlas_opt/tools/forgetting.py", line 567, in <module>
    main()
    ~~~~^^
  File "/home/anant/atlas_opt/tools/forgetting.py", line 563, in main
    {"prepare": cmd_prepare, "run": cmd_run, "launch": cmd_launch, "analyze": cmd_analyze}[a.cmd](a)
    ~~~~~~~~~~~~~~~~~~~~~~~~~~~~~~~~~~~~~~~~~~~~~~~~~~~~~~~~~~~~~~~~~~~~~~~~~~~~~~~~~~~~~~~~~~~~~^^^
  File "/home/anant/atlas_opt/tools/forgetting.py", line 251, in cmd_run
    model.load_state_dict(torch.load(ckpt, map_location=device, weights_only=True))
                          ~~~~~~~~~~^^^^^^^^^^^^^^^^^^^^^^^^^^^^^^^^^^^^^^^^^^^^^^
  File "/home/anant/miniconda3/lib/python3.13/site-packages/torch/serialization.py", line 1561, in load
    with _open_file_like(f, "rb") as opened_file:
         ~~~~~~~~~~~~~~~^^^^^^^^^
  File "/home/anant/miniconda3/lib/python3.13/site-packages/torch/serialization.py", line 795, in _open_file_like
    return _open_file(name_or_buffer, mode)
  File "/home/anant/miniconda3/lib/python3.13/site-packages/torch/serialization.py", line 776, in __init__
    super().__init__(open(name, mode))  # noqa: SIM115
                     ~~~~^^^^^^^^^^^^
FileNotFoundError: [Errno 2] No such file or directory: '/home/anant/atlas_opt/checkpoints/nanogpt_fineweb_muon_sam_gfrob_seed42_epoch15.pt'
  Loading CPT model architecture: gpt2 in bfloat16...
Traceback (most recent call last):
  File "/home/anant/atlas_opt/tools/forgetting.py", line 567, in <module>
    main()
    ~~~~^^
  File "/home/anant/atlas_opt/tools/forgetting.py", line 563, in main
    {"prepare": cmd_prepare, "run": cmd_run, "launch": cmd_launch, "analyze": cmd_analyze}[a.cmd](a)
    ~~~~~~~~~~~~~~~~~~~~~~~~~~~~~~~~~~~~~~~~~~~~~~~~~~~~~~~~~~~~~~~~~~~~~~~~~~~~~~~~~~~~~~~~~~~~~^^^
  File "/home/anant/atlas_opt/tools/forgetting.py", line 251, in cmd_run
    model.load_state_dict(torch.load(ckpt, map_location=device, weights_only=True))
                          ~~~~~~~~~~^^^^^^^^^^^^^^^^^^^^^^^^^^^^^^^^^^^^^^^^^^^^^^
  File "/home/anant/miniconda3/lib/python3.13/site-packages/torch/serialization.py", line 1561, in load
    with _open_file_like(f, "rb") as opened_file:
         ~~~~~~~~~~~~~~~^^^^^^^^^
  File "/home/anant/miniconda3/lib/python3.13/site-packages/torch/serialization.py", line 795, in _open_file_like
    return _open_file(name_or_buffer, mode)
  File "/home/anant/miniconda3/lib/python3.13/site-packages/torch/serialization.py", line 776, in __init__
    super().__init__(open(name, mode))  # noqa: SIM115
                     ~~~~^^^^^^^^^^^^
FileNotFoundError: [Errno 2] No such file or directory: '/home/anant/atlas_opt/checkpoints/nanogpt_fineweb_muon_sam_gfrob_seed42_epoch15.pt'
  Loading CPT model architecture: gpt2 in bfloat16...
[nanogpt|muon_sam_gfrob|stackmathqa] base: pt_loss=3.5550 ft_loss=4.4756
`loss_type=None` was set in the config but it is unrecognized. Using the default loss: `ForCausalLMLoss`.
  lr=1e-05: ft_loss=3.9604 pt_loss=3.5887 dPT=+0.0337 ||dtheta||=2.211 (48s)
  lr=1.68e-05: ft_loss=3.8093 pt_loss=3.6058 dPT=+0.0508 ||dtheta||=3.421 (43s)
  lr=2.82e-05: ft_loss=3.6180 pt_loss=3.6313 dPT=+0.0763 ||dtheta||=5.285 (47s)
  lr=4.74e-05: ft_loss=3.4146 pt_loss=3.6558 dPT=+0.1008 ||dtheta||=8.106 (47s)
  lr=7.96e-05: ft_loss=3.1972 pt_loss=3.6824 dPT=+0.1274 ||dtheta||=12.500 (48s)
  lr=0.000134: ft_loss=3.0083 pt_loss=3.7071 dPT=+0.1521 ||dtheta||=19.111 (47s)
  lr=0.000224: ft_loss=2.8721 pt_loss=3.7328 dPT=+0.1778 ||dtheta||=28.823 (48s)
  lr=0.000377: ft_loss=2.7687 pt_loss=3.7714 dPT=+0.2164 ||dtheta||=43.562 (48s)
  lr=0.000633: ft_loss=2.6851 pt_loss=3.8392 dPT=+0.2842 ||dtheta||=65.966 (46s)
  lr=0.00106: ft_loss=2.6488 pt_loss=3.9808 dPT=+0.4258 ||dtheta||=97.736 (47s)
  lr=0.00179: ft_loss=2.6759 pt_loss=4.2648 dPT=+0.7098 ||dtheta||=144.769 (47s)
  lr=0.003: ft_loss=2.8450 pt_loss=4.9137 dPT=+1.3587 ||dtheta||=218.897 (46s)
wandb: [wandb.login()] Loaded credentials for https://api.wandb.ai from /home/anant/.netrc.
wandb: Currently logged in as: anant-jain (dcll-iiitd) to https://api.wandb.ai. Use `wandb login --relogin` to force relogin
wandb: setting up run zo9femcy
wandb: Tracking run with wandb version 0.29.0
wandb: Run data is saved locally in /home/anant/atlas_opt/wandb/run-20261001_200111-zo9femcy
wandb: Run `wandb offline` to turn off syncing.
wandb: Syncing run muon_sam_gfrob_stackmathqa
wandb: ⭐️ View project at https://wandb.ai/dcll-iiitd/Forgetting-NanoGPT
wandb: 🚀 View run at https://wandb.ai/dcll-iiitd/Forgetting-NanoGPT/runs/zo9femcy
wandb: updating run metadata; uploading artifact run-zo9femcy-sweep_table; uploading artifact run-zo9femcy-train_loss_curves_table
wandb: uploading artifact run-zo9femcy-sweep_table; uploading artifact run-zo9femcy-train_loss_curves_table
wandb: uploading artifact run-zo9femcy-sweep_table; uploading artifact run-zo9femcy-train_loss_curves_table; uploading requirements.txt; uploading media/table/sweep_table_12_4474014a6b88185be52d.table.json; uploading media/table/train_loss_curves_table_12_03b06d7fcb971f7d6c8a.table.json (+ 3 more)
wandb: uploading artifact run-zo9femcy-train_loss_curves_table; uploading requirements.txt; uploading media/table/sweep_table_12_4474014a6b88185be52d.table.json; uploading media/table/train_loss_curves_table_12_03b06d7fcb971f7d6c8a.table.json; uploading wandb-summary.json (+ 2 more)
wandb: uploading artifact run-zo9femcy-train_loss_curves_table; uploading media/table/sweep_table_12_4474014a6b88185be52d.table.json; uploading media/table/train_loss_curves_table_12_03b06d7fcb971f7d6c8a.table.json; uploading wandb-summary.json; uploading config.yaml (+ 1 more)
wandb: uploading artifact run-zo9femcy-train_loss_curves_table
wandb: uploading history steps 0-12, summary
wandb: 
wandb: Run history:
wandb: sweep/delta_norm ▁▁▁▁▁▂▂▂▃▄▆█
wandb: sweep/forgetting ▁▁▁▁▁▂▂▂▂▃▅█
wandb:    sweep/ft_loss █▇▆▅▄▃▂▂▁▁▁▂
wandb:   sweep/log10_lr ▁▂▂▃▄▄▅▅▆▇▇█
wandb:         sweep/lr ▁▁▁▁▁▁▂▂▂▃▅█
wandb:      sweep/point ▁▂▂▃▄▄▅▅▆▇▇█
wandb:    sweep/pt_loss ▁▁▁▁▁▂▂▂▂▃▅█
wandb: 
wandb: Run summary:
wandb:     base/ft_loss 4.47563
wandb:  base/param_norm 1014.48708
wandb:     base/pt_loss 3.55499
wandb: sweep/delta_norm 218.89687
wandb: sweep/forgetting 1.35867
wandb:    sweep/ft_loss 2.84499
wandb:   sweep/log10_lr -2.52288
wandb:         sweep/lr 0.003
wandb:      sweep/point 11
wandb:    sweep/pt_loss 4.91365
wandb: 
wandb: 🚀 View run muon_sam_gfrob_stackmathqa at: https://wandb.ai/dcll-iiitd/Forgetting-NanoGPT/runs/zo9femcy
wandb: ⭐️ View project at: https://wandb.ai/dcll-iiitd/Forgetting-NanoGPT
wandb: Synced 4 W&B file(s), 2 media file(s), 4 artifact file(s) and 0 other file(s)
wandb: Find logs at: ./wandb/run-20261001_200111-zo9femcy/logs
