  Loading CPT model architecture: gpt2 in bfloat16...
Traceback (most recent call last):
  File "/home/anant/atlas_opt/tools/forgetting.py", line 567, in <module>
    main()
    ~~~~^^
  File "/home/anant/atlas_opt/tools/forgetting.py", line 563, in main
    {"prepare": cmd_prepare, "run": cmd_run, "launch": cmd_launch, "analyze": cmd_analyze}[a.cmd](a)
    ~~~~~~~~~~~~~~~~~~~~~~~~~~~~~~~~~~~~~~~~~~~~~~~~~~~~~~~~~~~~~~~~~~~~~~~~~~~~~~~~~~~~~~~~~~~~~^^^
  File "/home/anant/atlas_opt/tools/forgetting.py", line 251, in cmd_run
    model.load_state_dict(torch.load(ckpt, map_location=device, weights_only=True))
                          ~~~~~~~~~~^^^^^^^^^^^^^^^^^^^^^^^^^^^^^^^^^^^^^^^^^^^^^^
  File "/home/anant/miniconda3/lib/python3.13/site-packages/torch/serialization.py", line 1561, in load
    with _open_file_like(f, "rb") as opened_file:
         ~~~~~~~~~~~~~~~^^^^^^^^^
  File "/home/anant/miniconda3/lib/python3.13/site-packages/torch/serialization.py", line 795, in _open_file_like
    return _open_file(name_or_buffer, mode)
  File "/home/anant/miniconda3/lib/python3.13/site-packages/torch/serialization.py", line 776, in __init__
    super().__init__(open(name, mode))  # noqa: SIM115
                     ~~~~^^^^^^^^^^^^
FileNotFoundError: [Errno 2] No such file or directory: '/home/anant/atlas_opt/checkpoints/nanogpt_fineweb_muon_sam_gfrob_seed42_epoch15.pt'
  Loading CPT model architecture: gpt2 in bfloat16...
Traceback (most recent call last):
  File "/home/anant/atlas_opt/tools/forgetting.py", line 567, in <module>
    main()
    ~~~~^^
  File "/home/anant/atlas_opt/tools/forgetting.py", line 563, in main
    {"prepare": cmd_prepare, "run": cmd_run, "launch": cmd_launch, "analyze": cmd_analyze}[a.cmd](a)
    ~~~~~~~~~~~~~~~~~~~~~~~~~~~~~~~~~~~~~~~~~~~~~~~~~~~~~~~~~~~~~~~~~~~~~~~~~~~~~~~~~~~~~~~~~~~~~^^^
  File "/home/anant/atlas_opt/tools/forgetting.py", line 251, in cmd_run
    model.load_state_dict(torch.load(ckpt, map_location=device, weights_only=True))
                          ~~~~~~~~~~^^^^^^^^^^^^^^^^^^^^^^^^^^^^^^^^^^^^^^^^^^^^^^
  File "/home/anant/miniconda3/lib/python3.13/site-packages/torch/serialization.py", line 1561, in load
    with _open_file_like(f, "rb") as opened_file:
         ~~~~~~~~~~~~~~~^^^^^^^^^
  File "/home/anant/miniconda3/lib/python3.13/site-packages/torch/serialization.py", line 795, in _open_file_like
    return _open_file(name_or_buffer, mode)
  File "/home/anant/miniconda3/lib/python3.13/site-packages/torch/serialization.py", line 776, in __init__
    super().__init__(open(name, mode))  # noqa: SIM115
                     ~~~~^^^^^^^^^^^^
FileNotFoundError: [Errno 2] No such file or directory: '/home/anant/atlas_opt/checkpoints/nanogpt_fineweb_muon_sam_gfrob_seed42_epoch15.pt'
  Loading CPT model architecture: gpt2 in bfloat16...
[nanogpt|muon_sam_gfrob|codeparrot] base: pt_loss=3.5550 ft_loss=3.5894
`loss_type=None` was set in the config but it is unrecognized. Using the default loss: `ForCausalLMLoss`.
  lr=1e-05: ft_loss=3.2023 pt_loss=3.5691 dPT=+0.0141 ||dtheta||=1.957 (45s)
  lr=1.68e-05: ft_loss=3.1114 pt_loss=3.5807 dPT=+0.0257 ||dtheta||=3.031 (42s)
  lr=2.82e-05: ft_loss=3.0035 pt_loss=3.5947 dPT=+0.0398 ||dtheta||=4.727 (28s)
  lr=4.74e-05: ft_loss=2.8736 pt_loss=3.6151 dPT=+0.0602 ||dtheta||=7.445 (28s)
  lr=7.96e-05: ft_loss=2.7263 pt_loss=3.6461 dPT=+0.0912 ||dtheta||=11.714 (28s)
  lr=0.000134: ft_loss=2.5701 pt_loss=3.6772 dPT=+0.1222 ||dtheta||=18.465 (28s)
  lr=0.000224: ft_loss=2.4446 pt_loss=3.7196 dPT=+0.1646 ||dtheta||=28.370 (28s)
  lr=0.000377: ft_loss=2.3509 pt_loss=3.7890 dPT=+0.2340 ||dtheta||=43.958 (28s)
  lr=0.000633: ft_loss=2.2700 pt_loss=3.8805 dPT=+0.3255 ||dtheta||=66.987 (28s)
  lr=0.00106: ft_loss=2.2531 pt_loss=4.0768 dPT=+0.5219 ||dtheta||=99.039 (28s)
  lr=0.00179: ft_loss=2.2988 pt_loss=4.4521 dPT=+0.8971 ||dtheta||=151.286 (28s)
  lr=0.003: ft_loss=2.6050 pt_loss=5.3490 dPT=+1.7940 ||dtheta||=229.608 (28s)
wandb: [wandb.login()] Loaded credentials for https://api.wandb.ai from /home/anant/.netrc.
wandb: Currently logged in as: anant-jain (dcll-iiitd) to https://api.wandb.ai. Use `wandb login --relogin` to force relogin
wandb: setting up run hb7kpd2e
wandb: Tracking run with wandb version 0.29.0
wandb: Run data is saved locally in /home/anant/atlas_opt/wandb/run-20261001_195746-hb7kpd2e
wandb: Run `wandb offline` to turn off syncing.
wandb: Syncing run muon_sam_gfrob_codeparrot
wandb: ⭐️ View project at https://wandb.ai/dcll-iiitd/Forgetting-NanoGPT
wandb: 🚀 View run at https://wandb.ai/dcll-iiitd/Forgetting-NanoGPT/runs/hb7kpd2e
wandb: updating run metadata; uploading artifact run-hb7kpd2e-sweep_table; uploading artifact run-hb7kpd2e-train_loss_curves_table
wandb: uploading artifact run-hb7kpd2e-sweep_table; uploading artifact run-hb7kpd2e-train_loss_curves_table
wandb: uploading artifact run-hb7kpd2e-train_loss_curves_table
wandb: uploading artifact run-hb7kpd2e-train_loss_curves_table; uploading requirements.txt; uploading media/table/sweep_table_12_33310f109b18bcb12e7a.table.json; uploading media/table/train_loss_curves_table_12_527fe272fb2df656d1dd.table.json; uploading wandb-summary.json (+ 1 more)
wandb: uploading artifact run-hb7kpd2e-train_loss_curves_table
wandb: uploading history steps 0-12, summary
wandb: 
wandb: Run history:
wandb: sweep/delta_norm ▁▁▁▁▁▂▂▂▃▄▆█
wandb: sweep/forgetting ▁▁▁▁▁▁▂▂▂▃▄█
wandb:    sweep/ft_loss █▇▇▆▄▃▂▂▁▁▁▄
wandb:   sweep/log10_lr ▁▂▂▃▄▄▅▅▆▇▇█
wandb:         sweep/lr ▁▁▁▁▁▁▂▂▂▃▅█
wandb:      sweep/point ▁▂▂▃▄▄▅▅▆▇▇█
wandb:    sweep/pt_loss ▁▁▁▁▁▁▂▂▂▃▄█
wandb: 
wandb: Run summary:
wandb:     base/ft_loss 3.58942
wandb:  base/param_norm 1014.48708
wandb:     base/pt_loss 3.55499
wandb: sweep/delta_norm 229.60807
wandb: sweep/forgetting 1.79399
wandb:    sweep/ft_loss 2.60505
wandb:   sweep/log10_lr -2.52288
wandb:         sweep/lr 0.003
wandb:      sweep/point 11
wandb:    sweep/pt_loss 5.34898
wandb: 
wandb: 🚀 View run muon_sam_gfrob_codeparrot at: https://wandb.ai/dcll-iiitd/Forgetting-NanoGPT/runs/hb7kpd2e
wandb: ⭐️ View project at: https://wandb.ai/dcll-iiitd/Forgetting-NanoGPT
wandb: Synced 4 W&B file(s), 2 media file(s), 4 artifact file(s) and 0 other file(s)
wandb: Find logs at: ./wandb/run-20261001_195746-hb7kpd2e/logs
