  Loading CPT model architecture: gpt2 in bfloat16...
[nanogpt|fsam_ortho_muon|codeparrot] base: pt_loss=3.5908 ft_loss=3.6843
`loss_type=None` was set in the config but it is unrecognized. Using the default loss: `ForCausalLMLoss`.
  lr=1e-05: ft_loss=3.2738 pt_loss=3.5978 dPT=+0.0070 ||dtheta||=1.914 (28s)
  lr=1.68e-05: ft_loss=3.1798 pt_loss=3.6045 dPT=+0.0137 ||dtheta||=2.985 (28s)
  lr=2.82e-05: ft_loss=3.0679 pt_loss=3.6145 dPT=+0.0236 ||dtheta||=4.730 (28s)
  lr=4.74e-05: ft_loss=2.9395 pt_loss=3.6270 dPT=+0.0362 ||dtheta||=7.447 (28s)
  lr=7.96e-05: ft_loss=2.7745 pt_loss=3.6495 dPT=+0.0586 ||dtheta||=11.909 (28s)
  lr=0.000134: ft_loss=2.6096 pt_loss=3.6762 dPT=+0.0854 ||dtheta||=18.754 (28s)
  lr=0.000224: ft_loss=2.4727 pt_loss=3.7103 dPT=+0.1194 ||dtheta||=29.130 (28s)
  lr=0.000377: ft_loss=2.3551 pt_loss=3.7721 dPT=+0.1812 ||dtheta||=44.876 (28s)
  lr=0.000633: ft_loss=2.2556 pt_loss=3.8550 dPT=+0.2642 ||dtheta||=68.308 (28s)
  lr=0.00106: ft_loss=2.2231 pt_loss=4.0035 dPT=+0.4126 ||dtheta||=103.175 (28s)
  lr=0.00179: ft_loss=2.2424 pt_loss=4.2524 dPT=+0.6616 ||dtheta||=149.492 (28s)
  lr=0.003: ft_loss=2.4423 pt_loss=4.9367 dPT=+1.3459 ||dtheta||=219.975 (28s)
wandb: [wandb.login()] Loaded credentials for https://api.wandb.ai from /home/anant/.netrc.
wandb: Currently logged in as: anant-jain (dcll-iiitd) to https://api.wandb.ai. Use `wandb login --relogin` to force relogin
wandb: setting up run zk0qdk2m
wandb: Tracking run with wandb version 0.29.0
wandb: Run data is saved locally in /home/anant/atlas_opt/wandb/run-20260930_163836-zk0qdk2m
wandb: Run `wandb offline` to turn off syncing.
wandb: Syncing run fsam_ortho_muon_codeparrot
wandb: ⭐️ View project at https://wandb.ai/dcll-iiitd/Forgetting-NanoGPT
wandb: 🚀 View run at https://wandb.ai/dcll-iiitd/Forgetting-NanoGPT/runs/zk0qdk2m
wandb: updating run metadata; uploading artifact run-zk0qdk2m-sweep_table; uploading artifact run-zk0qdk2m-train_loss_curves_table
wandb: uploading artifact run-zk0qdk2m-sweep_table; uploading artifact run-zk0qdk2m-train_loss_curves_table
wandb: uploading artifact run-zk0qdk2m-sweep_table; uploading artifact run-zk0qdk2m-train_loss_curves_table; uploading wandb-metadata.json; uploading requirements.txt; uploading media/table/sweep_table_12_606e9380b3c6985a9e9f.table.json (+ 3 more)
wandb: uploading artifact run-zk0qdk2m-train_loss_curves_table; uploading wandb-metadata.json; uploading requirements.txt; uploading media/table/sweep_table_12_606e9380b3c6985a9e9f.table.json; uploading media/table/train_loss_curves_table_12_21b06c587575b03ce6ff.table.json (+ 2 more)
wandb: uploading artifact run-zk0qdk2m-train_loss_curves_table
wandb: uploading history steps 0-12, summary
wandb: 
wandb: Run history:
wandb: sweep/delta_norm ▁▁▁▁▁▂▂▂▃▄▆█
wandb: sweep/forgetting ▁▁▁▁▁▁▂▂▂▃▄█
wandb:    sweep/ft_loss █▇▇▆▅▄▃▂▁▁▁▂
wandb:   sweep/log10_lr ▁▂▂▃▄▄▅▅▆▇▇█
wandb:         sweep/lr ▁▁▁▁▁▁▂▂▂▃▅█
wandb:      sweep/point ▁▂▂▃▄▄▅▅▆▇▇█
wandb:    sweep/pt_loss ▁▁▁▁▁▁▂▂▂▃▄█
wandb: 
wandb: Run summary:
wandb:     base/ft_loss 3.68435
wandb:  base/param_norm 1013.45657
wandb:     base/pt_loss 3.59084
wandb: sweep/delta_norm 219.9746
wandb: sweep/forgetting 1.34585
wandb:    sweep/ft_loss 2.44229
wandb:   sweep/log10_lr -2.52288
wandb:         sweep/lr 0.003
wandb:      sweep/point 11
wandb:    sweep/pt_loss 4.9367
wandb: 
wandb: 🚀 View run fsam_ortho_muon_codeparrot at: https://wandb.ai/dcll-iiitd/Forgetting-NanoGPT/runs/zk0qdk2m
wandb: ⭐️ View project at: https://wandb.ai/dcll-iiitd/Forgetting-NanoGPT
wandb: Synced 4 W&B file(s), 2 media file(s), 4 artifact file(s) and 0 other file(s)
wandb: Find logs at: ./wandb/run-20260930_163836-zk0qdk2m/logs
