  Loading CPT model architecture: gpt2 in bfloat16...
[nanogpt|fsam_muon|musicpile] base: pt_loss=3.2001 ft_loss=3.6904
`loss_type=None` was set in the config but it is unrecognized. Using the default loss: `ForCausalLMLoss`.
  lr=1e-05: ft_loss=3.6025 pt_loss=3.2141 dPT=+0.0140 ||dtheta||=1.648 (28s)
  lr=1.68e-05: ft_loss=3.5664 pt_loss=3.2222 dPT=+0.0221 ||dtheta||=2.542 (28s)
  lr=2.82e-05: ft_loss=3.5188 pt_loss=3.2248 dPT=+0.0247 ||dtheta||=3.913 (28s)
  lr=4.74e-05: ft_loss=3.4630 pt_loss=3.2240 dPT=+0.0239 ||dtheta||=6.025 (28s)
  lr=7.96e-05: ft_loss=3.3968 pt_loss=3.2277 dPT=+0.0276 ||dtheta||=9.378 (28s)
  lr=0.000134: ft_loss=3.3318 pt_loss=3.2345 dPT=+0.0344 ||dtheta||=14.650 (28s)
  lr=0.000224: ft_loss=3.2734 pt_loss=3.2438 dPT=+0.0437 ||dtheta||=22.733 (28s)
  lr=0.000377: ft_loss=3.2214 pt_loss=3.2587 dPT=+0.0586 ||dtheta||=35.509 (28s)
  lr=0.000633: ft_loss=3.1835 pt_loss=3.2855 dPT=+0.0854 ||dtheta||=55.273 (28s)
  lr=0.00106: ft_loss=3.1662 pt_loss=3.3263 dPT=+0.1262 ||dtheta||=85.226 (28s)
  lr=0.00179: ft_loss=3.1799 pt_loss=3.3959 dPT=+0.1958 ||dtheta||=131.303 (28s)
  lr=0.003: ft_loss=3.2610 pt_loss=3.5370 dPT=+0.3369 ||dtheta||=202.130 (28s)
wandb: [wandb.login()] Loaded credentials for https://api.wandb.ai from /home/anant/.netrc.
wandb: Currently logged in as: anant-jain (dcll-iiitd) to https://api.wandb.ai. Use `wandb login --relogin` to force relogin
wandb: setting up run ikc74p47
wandb: Tracking run with wandb version 0.29.0
wandb: Run data is saved locally in /home/anant/atlas_opt/wandb/run-20260929_164531-ikc74p47
wandb: Run `wandb offline` to turn off syncing.
wandb: Syncing run fsam_muon_musicpile
wandb: ⭐️ View project at https://wandb.ai/dcll-iiitd/Forgetting-NanoGPT
wandb: 🚀 View run at https://wandb.ai/dcll-iiitd/Forgetting-NanoGPT/runs/ikc74p47
wandb: updating run metadata; uploading artifact run-ikc74p47-sweep_table; uploading artifact run-ikc74p47-train_loss_curves_table
wandb: uploading artifact run-ikc74p47-sweep_table; uploading artifact run-ikc74p47-train_loss_curves_table
wandb: uploading artifact run-ikc74p47-train_loss_curves_table; uploading wandb-metadata.json; uploading requirements.txt; uploading media/table/sweep_table_12_4acb9f92bef59ec0dc4e.table.json; uploading media/table/train_loss_curves_table_12_6180bd4252e49898fc32.table.json (+ 2 more)
wandb: uploading artifact run-ikc74p47-train_loss_curves_table; uploading requirements.txt; uploading media/table/sweep_table_12_4acb9f92bef59ec0dc4e.table.json; uploading media/table/train_loss_curves_table_12_6180bd4252e49898fc32.table.json; uploading wandb-summary.json (+ 1 more)
wandb: uploading artifact run-ikc74p47-train_loss_curves_table; uploading media/table/sweep_table_12_4acb9f92bef59ec0dc4e.table.json
wandb: uploading artifact run-ikc74p47-train_loss_curves_table
wandb: uploading history steps 0-12, summary
wandb: 
wandb: Run history:
wandb: sweep/delta_norm ▁▁▁▁▁▁▂▂▃▄▆█
wandb: sweep/forgetting ▁▁▁▁▁▁▂▂▃▃▅█
wandb:    sweep/ft_loss █▇▇▆▅▄▃▂▁▁▁▃
wandb:   sweep/log10_lr ▁▂▂▃▄▄▅▅▆▇▇█
wandb:         sweep/lr ▁▁▁▁▁▁▂▂▂▃▅█
wandb:      sweep/point ▁▂▂▃▄▄▅▅▆▇▇█
wandb:    sweep/pt_loss ▁▁▁▁▁▁▂▂▃▃▅█
wandb: 
wandb: Run summary:
wandb:     base/ft_loss 3.6904
wandb:  base/param_norm 1725.10816
wandb:     base/pt_loss 3.2001
wandb: sweep/delta_norm 202.13003
wandb: sweep/forgetting 0.33688
wandb:    sweep/ft_loss 3.26103
wandb:   sweep/log10_lr -2.52288
wandb:         sweep/lr 0.003
wandb:      sweep/point 11
wandb:    sweep/pt_loss 3.53698
wandb: 
wandb: 🚀 View run fsam_muon_musicpile at: https://wandb.ai/dcll-iiitd/Forgetting-NanoGPT/runs/ikc74p47
wandb: ⭐️ View project at: https://wandb.ai/dcll-iiitd/Forgetting-NanoGPT
wandb: Synced 4 W&B file(s), 2 media file(s), 4 artifact file(s) and 0 other file(s)
wandb: Find logs at: ./wandb/run-20260929_164531-ikc74p47/logs
