  Loading CPT model architecture: gpt2 in bfloat16...
[nanogpt|fsam_frob_muon_stale_momentum|tulu3] base: pt_loss=3.5568 ft_loss=3.8648
`loss_type=None` was set in the config but it is unrecognized. Using the default loss: `ForCausalLMLoss`.
  lr=1e-05: ft_loss=3.5867 pt_loss=3.5927 dPT=+0.0359 ||dtheta||=1.813 (28s)
  lr=1.68e-05: ft_loss=3.4944 pt_loss=3.6015 dPT=+0.0448 ||dtheta||=2.769 (28s)
  lr=2.82e-05: ft_loss=3.3955 pt_loss=3.6075 dPT=+0.0508 ||dtheta||=4.291 (28s)
  lr=4.74e-05: ft_loss=3.2857 pt_loss=3.6190 dPT=+0.0622 ||dtheta||=6.663 (28s)
  lr=7.96e-05: ft_loss=3.1544 pt_loss=3.6361 dPT=+0.0794 ||dtheta||=10.426 (28s)
  lr=0.000134: ft_loss=3.0285 pt_loss=3.6616 dPT=+0.1048 ||dtheta||=16.306 (28s)
  lr=0.000224: ft_loss=2.9328 pt_loss=3.6865 dPT=+0.1298 ||dtheta||=25.016 (28s)
  lr=0.000377: ft_loss=2.8463 pt_loss=3.7210 dPT=+0.1642 ||dtheta||=38.613 (28s)
  lr=0.000633: ft_loss=2.7961 pt_loss=3.7736 dPT=+0.2168 ||dtheta||=58.484 (28s)
  lr=0.00106: ft_loss=2.7613 pt_loss=3.8541 dPT=+0.2974 ||dtheta||=87.019 (28s)
  lr=0.00179: ft_loss=2.8008 pt_loss=4.0027 dPT=+0.4460 ||dtheta||=129.128 (28s)
  lr=0.003: ft_loss=2.9810 pt_loss=4.3604 dPT=+0.8037 ||dtheta||=191.023 (28s)
wandb: [wandb.login()] Loaded credentials for https://api.wandb.ai from /home/anant/.netrc.
wandb: Currently logged in as: anant-jain (dcll-iiitd) to https://api.wandb.ai. Use `wandb login --relogin` to force relogin
wandb: setting up run 6j7i1ngn
wandb: Tracking run with wandb version 0.29.0
wandb: Run data is saved locally in /home/anant/atlas_opt/wandb/run-20260930_165707-6j7i1ngn
wandb: Run `wandb offline` to turn off syncing.
wandb: Syncing run fsam_frob_muon_stale_momentum_tulu3
wandb: ⭐️ View project at https://wandb.ai/dcll-iiitd/Forgetting-NanoGPT
wandb: 🚀 View run at https://wandb.ai/dcll-iiitd/Forgetting-NanoGPT/runs/6j7i1ngn
wandb: updating run metadata; uploading artifact run-6j7i1ngn-sweep_table; uploading artifact run-6j7i1ngn-train_loss_curves_table
wandb: uploading artifact run-6j7i1ngn-sweep_table; uploading artifact run-6j7i1ngn-train_loss_curves_table
wandb: uploading artifact run-6j7i1ngn-sweep_table; uploading artifact run-6j7i1ngn-train_loss_curves_table; uploading requirements.txt; uploading media/table/sweep_table_12_46f75ce25e94aa816a54.table.json; uploading media/table/train_loss_curves_table_12_1d7a38219d20cc147221.table.json (+ 2 more)
wandb: uploading artifact run-6j7i1ngn-sweep_table; uploading artifact run-6j7i1ngn-train_loss_curves_table
wandb: uploading history steps 0-12, summary
wandb: 
wandb: Run history:
wandb: sweep/delta_norm ▁▁▁▁▁▂▂▂▃▄▆█
wandb: sweep/forgetting ▁▁▁▁▁▂▂▂▃▃▅█
wandb:    sweep/ft_loss █▇▆▅▄▃▂▂▁▁▁▃
wandb:   sweep/log10_lr ▁▂▂▃▄▄▅▅▆▇▇█
wandb:         sweep/lr ▁▁▁▁▁▁▂▂▂▃▅█
wandb:      sweep/point ▁▂▂▃▄▄▅▅▆▇▇█
wandb:    sweep/pt_loss ▁▁▁▁▁▂▂▂▃▃▅█
wandb: 
wandb: Run summary:
wandb:     base/ft_loss 3.86479
wandb:  base/param_norm 996.97256
wandb:     base/pt_loss 3.55676
wandb: sweep/delta_norm 191.02268
wandb: sweep/forgetting 0.80369
wandb:    sweep/ft_loss 2.981
wandb:   sweep/log10_lr -2.52288
wandb:         sweep/lr 0.003
wandb:      sweep/point 11
wandb:    sweep/pt_loss 4.36044
wandb: 
wandb: 🚀 View run fsam_frob_muon_stale_momentum_tulu3 at: https://wandb.ai/dcll-iiitd/Forgetting-NanoGPT/runs/6j7i1ngn
wandb: ⭐️ View project at: https://wandb.ai/dcll-iiitd/Forgetting-NanoGPT
wandb: Synced 4 W&B file(s), 2 media file(s), 4 artifact file(s) and 0 other file(s)
wandb: Find logs at: ./wandb/run-20260930_165707-6j7i1ngn/logs
