  Loading CPT model architecture: gpt2 in bfloat16...
[nanogpt|muon_sam_frob|stackmathqa] base: pt_loss=3.5686 ft_loss=4.5227
`loss_type=None` was set in the config but it is unrecognized. Using the default loss: `ForCausalLMLoss`.
  lr=1e-05: ft_loss=4.0183 pt_loss=3.5984 dPT=+0.0298 ||dtheta||=2.197 (28s)
  lr=1.68e-05: ft_loss=3.8455 pt_loss=3.6163 dPT=+0.0477 ||dtheta||=3.440 (28s)
  lr=2.82e-05: ft_loss=3.6371 pt_loss=3.6420 dPT=+0.0734 ||dtheta||=5.334 (28s)
  lr=4.74e-05: ft_loss=3.4160 pt_loss=3.6727 dPT=+0.1041 ||dtheta||=8.207 (28s)
  lr=7.96e-05: ft_loss=3.1994 pt_loss=3.7059 dPT=+0.1373 ||dtheta||=12.605 (27s)
  lr=0.000134: ft_loss=3.0142 pt_loss=3.7290 dPT=+0.1604 ||dtheta||=19.273 (28s)
  lr=0.000224: ft_loss=2.8808 pt_loss=3.7515 dPT=+0.1829 ||dtheta||=29.072 (28s)
  lr=0.000377: ft_loss=2.7749 pt_loss=3.7933 dPT=+0.2247 ||dtheta||=44.015 (28s)
  lr=0.000633: ft_loss=2.6911 pt_loss=3.8576 dPT=+0.2890 ||dtheta||=66.120 (28s)
  lr=0.00106: ft_loss=2.6473 pt_loss=3.9875 dPT=+0.4190 ||dtheta||=98.486 (28s)
  lr=0.00179: ft_loss=2.6861 pt_loss=4.2950 dPT=+0.7264 ||dtheta||=144.700 (28s)
  lr=0.003: ft_loss=3.0420 pt_loss=5.3065 dPT=+1.7379 ||dtheta||=211.486 (28s)
wandb: [wandb.login()] Loaded credentials for https://api.wandb.ai from /home/anant/.netrc.
wandb: Currently logged in as: anant-jain (dcll-iiitd) to https://api.wandb.ai. Use `wandb login --relogin` to force relogin
wandb: setting up run qsxjvycq
wandb: Tracking run with wandb version 0.29.0
wandb: Run data is saved locally in /home/anant/atlas_opt/wandb/run-20260930_164445-qsxjvycq
wandb: Run `wandb offline` to turn off syncing.
wandb: Syncing run muon_sam_frob_stackmathqa
wandb: ⭐️ View project at https://wandb.ai/dcll-iiitd/Forgetting-NanoGPT
wandb: 🚀 View run at https://wandb.ai/dcll-iiitd/Forgetting-NanoGPT/runs/qsxjvycq
wandb: updating run metadata; uploading artifact run-qsxjvycq-sweep_table; uploading artifact run-qsxjvycq-train_loss_curves_table
wandb: uploading artifact run-qsxjvycq-sweep_table; uploading artifact run-qsxjvycq-train_loss_curves_table
wandb: uploading artifact run-qsxjvycq-sweep_table; uploading artifact run-qsxjvycq-train_loss_curves_table; uploading media/table/sweep_table_12_75beb04dc5f38cfafbb0.table.json; uploading media/table/train_loss_curves_table_12_f052d2b29236fc16b80e.table.json; uploading wandb-summary.json (+ 3 more)
wandb: uploading artifact run-qsxjvycq-train_loss_curves_table; uploading media/table/sweep_table_12_75beb04dc5f38cfafbb0.table.json; uploading media/table/train_loss_curves_table_12_f052d2b29236fc16b80e.table.json; uploading wandb-summary.json; uploading config.yaml (+ 2 more)
wandb: uploading artifact run-qsxjvycq-train_loss_curves_table; uploading media/table/train_loss_curves_table_12_f052d2b29236fc16b80e.table.json; uploading config.yaml; uploading requirements.txt
wandb: uploading artifact run-qsxjvycq-train_loss_curves_table
wandb: uploading history steps 0-12, summary
wandb: 
wandb: Run history:
wandb: sweep/delta_norm ▁▁▁▁▁▂▂▂▃▄▆█
wandb: sweep/forgetting ▁▁▁▁▁▂▂▂▂▃▄█
wandb:    sweep/ft_loss █▇▆▅▄▃▂▂▁▁▁▃
wandb:   sweep/log10_lr ▁▂▂▃▄▄▅▅▆▇▇█
wandb:         sweep/lr ▁▁▁▁▁▁▂▂▂▃▅█
wandb:      sweep/point ▁▂▂▃▄▄▅▅▆▇▇█
wandb:    sweep/pt_loss ▁▁▁▁▁▂▂▂▂▃▄█
wandb: 
wandb: Run summary:
wandb:     base/ft_loss 4.52269
wandb:  base/param_norm 1009.95303
wandb:     base/pt_loss 3.56859
wandb: sweep/delta_norm 211.48648
wandb: sweep/forgetting 1.73794
wandb:    sweep/ft_loss 3.042
wandb:   sweep/log10_lr -2.52288
wandb:         sweep/lr 0.003
wandb:      sweep/point 11
wandb:    sweep/pt_loss 5.30652
wandb: 
wandb: 🚀 View run muon_sam_frob_stackmathqa at: https://wandb.ai/dcll-iiitd/Forgetting-NanoGPT/runs/qsxjvycq
wandb: ⭐️ View project at: https://wandb.ai/dcll-iiitd/Forgetting-NanoGPT
wandb: Synced 4 W&B file(s), 2 media file(s), 4 artifact file(s) and 0 other file(s)
wandb: Find logs at: ./wandb/run-20260930_164445-qsxjvycq/logs
