  Loading CPT model architecture: gpt2 in bfloat16...
[nanogpt|fsam_ortho_muon_stale|stackmathqa] base: pt_loss=3.2075 ft_loss=3.5772
`loss_type=None` was set in the config but it is unrecognized. Using the default loss: `ForCausalLMLoss`.
  lr=1e-05: ft_loss=3.1743 pt_loss=3.2151 dPT=+0.0076 ||dtheta||=2.417 (28s)
  lr=1.68e-05: ft_loss=3.0527 pt_loss=3.2224 dPT=+0.0149 ||dtheta||=3.677 (28s)
  lr=2.82e-05: ft_loss=2.9182 pt_loss=3.2297 dPT=+0.0222 ||dtheta||=5.415 (28s)
  lr=4.74e-05: ft_loss=2.8033 pt_loss=3.2373 dPT=+0.0299 ||dtheta||=8.000 (28s)
  lr=7.96e-05: ft_loss=2.6978 pt_loss=3.2490 dPT=+0.0415 ||dtheta||=12.016 (28s)
  lr=0.000134: ft_loss=2.6071 pt_loss=3.2651 dPT=+0.0576 ||dtheta||=18.237 (28s)
  lr=0.000224: ft_loss=2.5266 pt_loss=3.2826 dPT=+0.0751 ||dtheta||=27.715 (28s)
  lr=0.000377: ft_loss=2.4586 pt_loss=3.3051 dPT=+0.0977 ||dtheta||=42.431 (28s)
  lr=0.000633: ft_loss=2.4060 pt_loss=3.3353 dPT=+0.1279 ||dtheta||=64.703 (28s)
  lr=0.00106: ft_loss=2.3633 pt_loss=3.3906 dPT=+0.1832 ||dtheta||=98.110 (28s)
  lr=0.00179: ft_loss=2.3442 pt_loss=3.4936 dPT=+0.2862 ||dtheta||=153.510 (28s)
  lr=0.003: ft_loss=2.3610 pt_loss=3.7710 dPT=+0.5635 ||dtheta||=236.761 (28s)
wandb: [wandb.login()] Loaded credentials for https://api.wandb.ai from /home/anant/.netrc.
wandb: Currently logged in as: anant-jain (dcll-iiitd) to https://api.wandb.ai. Use `wandb login --relogin` to force relogin
wandb: setting up run do6hz023
wandb: Tracking run with wandb version 0.29.0
wandb: Run data is saved locally in /home/anant/atlas_opt/wandb/run-20260929_045745-do6hz023
wandb: Run `wandb offline` to turn off syncing.
wandb: Syncing run fsam_ortho_muon_stale_stackmathqa
wandb: ⭐️ View project at https://wandb.ai/dcll-iiitd/Forgetting-NanoGPT
wandb: 🚀 View run at https://wandb.ai/dcll-iiitd/Forgetting-NanoGPT/runs/do6hz023
wandb: updating run metadata; uploading artifact run-do6hz023-sweep_table; uploading artifact run-do6hz023-train_loss_curves_table
wandb: uploading artifact run-do6hz023-sweep_table; uploading artifact run-do6hz023-train_loss_curves_table
wandb: uploading artifact run-do6hz023-train_loss_curves_table
wandb: uploading artifact run-do6hz023-train_loss_curves_table; uploading media/table/train_loss_curves_table_12_0a37e2bf0624f511ff5b.table.json; uploading wandb-summary.json; uploading config.yaml; uploading wandb-metadata.json (+ 2 more)
wandb: uploading artifact run-do6hz023-train_loss_curves_table; uploading media/table/train_loss_curves_table_12_0a37e2bf0624f511ff5b.table.json; uploading wandb-summary.json; uploading requirements.txt
wandb: uploading artifact run-do6hz023-train_loss_curves_table
wandb: uploading history steps 0-12, summary
wandb: 
wandb: Run history:
wandb: sweep/delta_norm ▁▁▁▁▁▁▂▂▃▄▆█
wandb: sweep/forgetting ▁▁▁▁▁▂▂▂▃▃▅█
wandb:    sweep/ft_loss █▇▆▅▄▃▃▂▂▁▁▁
wandb:   sweep/log10_lr ▁▂▂▃▄▄▅▅▆▇▇█
wandb:         sweep/lr ▁▁▁▁▁▁▂▂▂▃▅█
wandb:      sweep/point ▁▂▂▃▄▄▅▅▆▇▇█
wandb:    sweep/pt_loss ▁▁▁▁▁▂▂▂▃▃▅█
wandb: 
wandb: Run summary:
wandb:     base/ft_loss 3.57721
wandb:  base/param_norm 1726.84456
wandb:     base/pt_loss 3.20746
wandb: sweep/delta_norm 236.76133
wandb: sweep/forgetting 0.56355
wandb:    sweep/ft_loss 2.36102
wandb:   sweep/log10_lr -2.52288
wandb:         sweep/lr 0.003
wandb:      sweep/point 11
wandb:    sweep/pt_loss 3.77101
wandb: 
wandb: 🚀 View run fsam_ortho_muon_stale_stackmathqa at: https://wandb.ai/dcll-iiitd/Forgetting-NanoGPT/runs/do6hz023
wandb: ⭐️ View project at: https://wandb.ai/dcll-iiitd/Forgetting-NanoGPT
wandb: Synced 4 W&B file(s), 2 media file(s), 4 artifact file(s) and 0 other file(s)
wandb: Find logs at: ./wandb/run-20260929_045745-do6hz023/logs
