  Loading CPT model architecture: gpt2 in bfloat16...
[nanogpt|muon|tulu3] base: pt_loss=3.2008 ft_loss=3.1658
`loss_type=None` was set in the config but it is unrecognized. Using the default loss: `ForCausalLMLoss`.
  lr=1e-05: ft_loss=2.9379 pt_loss=3.2207 dPT=+0.0199 ||dtheta||=2.019 (28s)
  lr=1.68e-05: ft_loss=2.8759 pt_loss=3.2388 dPT=+0.0381 ||dtheta||=3.045 (28s)
  lr=2.82e-05: ft_loss=2.7824 pt_loss=3.2460 dPT=+0.0453 ||dtheta||=4.399 (28s)
  lr=4.74e-05: ft_loss=2.6956 pt_loss=3.2472 dPT=+0.0464 ||dtheta||=6.549 (28s)
  lr=7.96e-05: ft_loss=2.6086 pt_loss=3.2520 dPT=+0.0512 ||dtheta||=9.953 (28s)
  lr=0.000134: ft_loss=2.5286 pt_loss=3.2658 dPT=+0.0650 ||dtheta||=15.331 (28s)
  lr=0.000224: ft_loss=2.4556 pt_loss=3.2834 dPT=+0.0826 ||dtheta||=23.584 (28s)
  lr=0.000377: ft_loss=2.3944 pt_loss=3.3081 dPT=+0.1074 ||dtheta||=36.559 (28s)
  lr=0.000633: ft_loss=2.3511 pt_loss=3.3399 dPT=+0.1392 ||dtheta||=56.461 (28s)
  lr=0.00106: ft_loss=2.3286 pt_loss=3.3902 dPT=+0.1894 ||dtheta||=87.533 (28s)
  lr=0.00179: ft_loss=2.3381 pt_loss=3.4741 dPT=+0.2734 ||dtheta||=137.058 (28s)
  lr=0.003: ft_loss=2.3888 pt_loss=3.6272 dPT=+0.4264 ||dtheta||=210.203 (28s)
wandb: [wandb.login()] Loaded credentials for https://api.wandb.ai from /home/anant/.netrc.
wandb: Currently logged in as: anant-jain (dcll-iiitd) to https://api.wandb.ai. Use `wandb login --relogin` to force relogin
wandb: setting up run 5gjpz34t
wandb: Tracking run with wandb version 0.29.0
wandb: Run data is saved locally in /home/anant/atlas_opt/wandb/run-20260929_050355-5gjpz34t
wandb: Run `wandb offline` to turn off syncing.
wandb: Syncing run muon_tulu3
wandb: ⭐️ View project at https://wandb.ai/dcll-iiitd/Forgetting-NanoGPT
wandb: 🚀 View run at https://wandb.ai/dcll-iiitd/Forgetting-NanoGPT/runs/5gjpz34t
wandb: updating run metadata; uploading artifact run-5gjpz34t-sweep_table; uploading artifact run-5gjpz34t-train_loss_curves_table
wandb: uploading artifact run-5gjpz34t-sweep_table; uploading artifact run-5gjpz34t-train_loss_curves_table
wandb: uploading artifact run-5gjpz34t-sweep_table; uploading artifact run-5gjpz34t-train_loss_curves_table; uploading wandb-metadata.json; uploading requirements.txt; uploading media/table/sweep_table_12_e27cbc14fa8b601d44ae.table.json (+ 3 more)
wandb: uploading artifact run-5gjpz34t-train_loss_curves_table; uploading wandb-metadata.json; uploading requirements.txt; uploading media/table/sweep_table_12_e27cbc14fa8b601d44ae.table.json; uploading media/table/train_loss_curves_table_12_91fecb5bbf2787ab0bbf.table.json (+ 2 more)
wandb: uploading history steps 0-12, summary
wandb: 
wandb: Run history:
wandb: sweep/delta_norm ▁▁▁▁▁▁▂▂▃▄▆█
wandb: sweep/forgetting ▁▁▁▁▂▂▂▃▃▄▅█
wandb:    sweep/ft_loss █▇▆▅▄▃▂▂▁▁▁▂
wandb:   sweep/log10_lr ▁▂▂▃▄▄▅▅▆▇▇█
wandb:         sweep/lr ▁▁▁▁▁▁▂▂▂▃▅█
wandb:      sweep/point ▁▂▂▃▄▄▅▅▆▇▇█
wandb:    sweep/pt_loss ▁▁▁▁▂▂▂▃▃▄▅█
wandb: 
wandb: Run summary:
wandb:     base/ft_loss 3.16584
wandb:  base/param_norm 1727.60406
wandb:     base/pt_loss 3.20076
wandb: sweep/delta_norm 210.20339
wandb: sweep/forgetting 0.4264
wandb:    sweep/ft_loss 2.38884
wandb:   sweep/log10_lr -2.52288
wandb:         sweep/lr 0.003
wandb:      sweep/point 11
wandb:    sweep/pt_loss 3.62716
wandb: 
wandb: 🚀 View run muon_tulu3 at: https://wandb.ai/dcll-iiitd/Forgetting-NanoGPT/runs/5gjpz34t
wandb: ⭐️ View project at: https://wandb.ai/dcll-iiitd/Forgetting-NanoGPT
wandb: Synced 4 W&B file(s), 2 media file(s), 4 artifact file(s) and 0 other file(s)
wandb: Find logs at: ./wandb/run-20260929_050355-5gjpz34t/logs
