  Loading CPT model architecture: gpt2 in bfloat16...
[nanogpt|muon|musicpile] base: pt_loss=3.2008 ft_loss=3.6839
`loss_type=None` was set in the config but it is unrecognized. Using the default loss: `ForCausalLMLoss`.
  lr=1e-05: ft_loss=3.6019 pt_loss=3.2144 dPT=+0.0137 ||dtheta||=1.635 (28s)
  lr=1.68e-05: ft_loss=3.5664 pt_loss=3.2222 dPT=+0.0215 ||dtheta||=2.528 (28s)
  lr=2.82e-05: ft_loss=3.5191 pt_loss=3.2258 dPT=+0.0250 ||dtheta||=3.900 (28s)
  lr=4.74e-05: ft_loss=3.4630 pt_loss=3.2260 dPT=+0.0253 ||dtheta||=6.025 (28s)
  lr=7.96e-05: ft_loss=3.3988 pt_loss=3.2303 dPT=+0.0295 ||dtheta||=9.379 (28s)
  lr=0.000134: ft_loss=3.3348 pt_loss=3.2357 dPT=+0.0349 ||dtheta||=14.647 (28s)
  lr=0.000224: ft_loss=3.2749 pt_loss=3.2442 dPT=+0.0434 ||dtheta||=22.732 (28s)
  lr=0.000377: ft_loss=3.2224 pt_loss=3.2594 dPT=+0.0586 ||dtheta||=35.558 (28s)
  lr=0.000633: ft_loss=3.1838 pt_loss=3.2864 dPT=+0.0857 ||dtheta||=55.391 (28s)
  lr=0.00106: ft_loss=3.1650 pt_loss=3.3260 dPT=+0.1253 ||dtheta||=85.424 (28s)
  lr=0.00179: ft_loss=3.1810 pt_loss=3.3988 dPT=+0.1980 ||dtheta||=132.023 (28s)
  lr=0.003: ft_loss=3.2538 pt_loss=3.5413 dPT=+0.3405 ||dtheta||=202.334 (28s)
wandb: [wandb.login()] Loaded credentials for https://api.wandb.ai from /home/anant/.netrc.
wandb: Currently logged in as: anant-jain (dcll-iiitd) to https://api.wandb.ai. Use `wandb login --relogin` to force relogin
wandb: setting up run pdq76c36
wandb: Tracking run with wandb version 0.29.0
wandb: Run data is saved locally in /home/anant/atlas_opt/wandb/run-20260929_050356-pdq76c36
wandb: Run `wandb offline` to turn off syncing.
wandb: Syncing run muon_musicpile
wandb: ⭐️ View project at https://wandb.ai/dcll-iiitd/Forgetting-NanoGPT
wandb: 🚀 View run at https://wandb.ai/dcll-iiitd/Forgetting-NanoGPT/runs/pdq76c36
wandb: updating run metadata; uploading artifact run-pdq76c36-sweep_table; uploading artifact run-pdq76c36-train_loss_curves_table
wandb: uploading artifact run-pdq76c36-sweep_table; uploading artifact run-pdq76c36-train_loss_curves_table
wandb: uploading artifact run-pdq76c36-train_loss_curves_table
wandb: uploading artifact run-pdq76c36-train_loss_curves_table; uploading requirements.txt; uploading media/table/sweep_table_12_6e81923f4a99f949123f.table.json; uploading media/table/train_loss_curves_table_12_12d13b26297bff03ebad.table.json; uploading wandb-summary.json (+ 1 more)
wandb: uploading artifact run-pdq76c36-train_loss_curves_table; uploading media/table/sweep_table_12_6e81923f4a99f949123f.table.json; uploading media/table/train_loss_curves_table_12_12d13b26297bff03ebad.table.json; uploading config.yaml
wandb: uploading artifact run-pdq76c36-train_loss_curves_table
wandb: 
wandb: Run history:
wandb: sweep/delta_norm ▁▁▁▁▁▁▂▂▃▄▆█
wandb: sweep/forgetting ▁▁▁▁▁▁▂▂▃▃▅█
wandb:    sweep/ft_loss █▇▇▆▅▄▃▂▁▁▁▂
wandb:   sweep/log10_lr ▁▂▂▃▄▄▅▅▆▇▇█
wandb:         sweep/lr ▁▁▁▁▁▁▂▂▂▃▅█
wandb:      sweep/point ▁▂▂▃▄▄▅▅▆▇▇█
wandb:    sweep/pt_loss ▁▁▁▁▁▁▂▂▃▃▅█
wandb: 
wandb: Run summary:
wandb:     base/ft_loss 3.68394
wandb:  base/param_norm 1727.60406
wandb:     base/pt_loss 3.20076
wandb: sweep/delta_norm 202.3344
wandb: sweep/forgetting 0.34054
wandb:    sweep/ft_loss 3.25375
wandb:   sweep/log10_lr -2.52288
wandb:         sweep/lr 0.003
wandb:      sweep/point 11
wandb:    sweep/pt_loss 3.54131
wandb: 
wandb: 🚀 View run muon_musicpile at: https://wandb.ai/dcll-iiitd/Forgetting-NanoGPT/runs/pdq76c36
wandb: ⭐️ View project at: https://wandb.ai/dcll-iiitd/Forgetting-NanoGPT
wandb: Synced 4 W&B file(s), 2 media file(s), 4 artifact file(s) and 0 other file(s)
wandb: Find logs at: ./wandb/run-20260929_050356-pdq76c36/logs
