  Loading CPT model architecture: gpt2 in bfloat16...
[nanogpt|adam|tulu3] base: pt_loss=3.1699 ft_loss=2.9347
`loss_type=None` was set in the config but it is unrecognized. Using the default loss: `ForCausalLMLoss`.
  lr=1e-05: ft_loss=2.7134 pt_loss=3.1864 dPT=+0.0165 ||dtheta||=1.910 (28s)
  lr=1.68e-05: ft_loss=2.6505 pt_loss=3.1990 dPT=+0.0291 ||dtheta||=2.786 (28s)
  lr=2.82e-05: ft_loss=2.5798 pt_loss=3.2088 dPT=+0.0390 ||dtheta||=4.027 (28s)
  lr=4.74e-05: ft_loss=2.5144 pt_loss=3.2176 dPT=+0.0477 ||dtheta||=5.973 (28s)
  lr=7.96e-05: ft_loss=2.4473 pt_loss=3.2313 dPT=+0.0615 ||dtheta||=9.090 (28s)
  lr=0.000134: ft_loss=2.3865 pt_loss=3.2527 dPT=+0.0829 ||dtheta||=14.042 (28s)
  lr=0.000224: ft_loss=2.3361 pt_loss=3.2808 dPT=+0.1109 ||dtheta||=21.558 (28s)
  lr=0.000377: ft_loss=2.2884 pt_loss=3.3107 dPT=+0.1409 ||dtheta||=33.494 (28s)
  lr=0.000633: ft_loss=2.2560 pt_loss=3.3432 dPT=+0.1734 ||dtheta||=52.433 (28s)
  lr=0.00106: ft_loss=2.2485 pt_loss=3.3964 dPT=+0.2266 ||dtheta||=82.275 (28s)
  lr=0.00179: ft_loss=2.2701 pt_loss=3.4946 dPT=+0.3247 ||dtheta||=131.120 (28s)
  lr=0.003: ft_loss=2.3553 pt_loss=3.6749 dPT=+0.5051 ||dtheta||=205.874 (28s)
wandb: [wandb.login()] Loaded credentials for https://api.wandb.ai from /home/anant/.netrc.
wandb: Currently logged in as: anant-jain (dcll-iiitd) to https://api.wandb.ai. Use `wandb login --relogin` to force relogin
wandb: setting up run zi2hhofp
wandb: Tracking run with wandb version 0.29.0
wandb: Run data is saved locally in /home/anant/atlas_opt/wandb/run-20260929_152135-zi2hhofp
wandb: Run `wandb offline` to turn off syncing.
wandb: Syncing run adam_tulu3
wandb: ⭐️ View project at https://wandb.ai/dcll-iiitd/Forgetting-NanoGPT
wandb: 🚀 View run at https://wandb.ai/dcll-iiitd/Forgetting-NanoGPT/runs/zi2hhofp
wandb: updating run metadata; uploading artifact run-zi2hhofp-sweep_table; uploading artifact run-zi2hhofp-train_loss_curves_table
wandb: uploading artifact run-zi2hhofp-sweep_table; uploading artifact run-zi2hhofp-train_loss_curves_table
wandb: uploading artifact run-zi2hhofp-sweep_table; uploading artifact run-zi2hhofp-train_loss_curves_table; uploading wandb-summary.json; uploading config.yaml; uploading wandb-metadata.json (+ 3 more)
wandb: uploading artifact run-zi2hhofp-sweep_table; uploading artifact run-zi2hhofp-train_loss_curves_table; uploading config.yaml; uploading wandb-metadata.json; uploading requirements.txt (+ 2 more)
wandb: uploading artifact run-zi2hhofp-train_loss_curves_table; uploading config.yaml; uploading wandb-metadata.json; uploading requirements.txt; uploading media/table/sweep_table_12_f294c694fae93666ed31.table.json (+ 1 more)
wandb: uploading artifact run-zi2hhofp-train_loss_curves_table; uploading config.yaml; uploading media/table/train_loss_curves_table_12_9c8307a5ba96cc01ff00.table.json
wandb: uploading artifact run-zi2hhofp-train_loss_curves_table
wandb: 
wandb: Run history:
wandb: sweep/delta_norm ▁▁▁▁▁▁▂▂▃▄▅█
wandb: sweep/forgetting ▁▁▁▁▂▂▂▃▃▄▅█
wandb:    sweep/ft_loss █▇▆▅▄▃▂▂▁▁▁▃
wandb:   sweep/log10_lr ▁▂▂▃▄▄▅▅▆▇▇█
wandb:         sweep/lr ▁▁▁▁▁▁▂▂▂▃▅█
wandb:      sweep/point ▁▂▂▃▄▄▅▅▆▇▇█
wandb:    sweep/pt_loss ▁▁▁▁▂▂▂▃▃▄▅█
wandb: 
wandb: Run summary:
wandb:     base/ft_loss 2.93475
wandb:  base/param_norm 1564.77799
wandb:     base/pt_loss 3.16986
wandb: sweep/delta_norm 205.8737
wandb: sweep/forgetting 0.50509
wandb:    sweep/ft_loss 2.35527
wandb:   sweep/log10_lr -2.52288
wandb:         sweep/lr 0.003
wandb:      sweep/point 11
wandb:    sweep/pt_loss 3.67495
wandb: 
wandb: 🚀 View run adam_tulu3 at: https://wandb.ai/dcll-iiitd/Forgetting-NanoGPT/runs/zi2hhofp
wandb: ⭐️ View project at: https://wandb.ai/dcll-iiitd/Forgetting-NanoGPT
wandb: Synced 4 W&B file(s), 2 media file(s), 4 artifact file(s) and 0 other file(s)
wandb: Find logs at: ./wandb/run-20260929_152135-zi2hhofp/logs
