  Loading CPT model architecture: gpt2 in bfloat16...
[nanogpt|sgd|codeparrot] base: pt_loss=7.1025 ft_loss=8.9804
`loss_type=None` was set in the config but it is unrecognized. Using the default loss: `ForCausalLMLoss`.
  lr=1e-05: ft_loss=8.8025 pt_loss=7.1795 dPT=+0.0770 ||dtheta||=1.067 (28s)
  lr=1.68e-05: ft_loss=8.7358 pt_loss=7.2055 dPT=+0.1030 ||dtheta||=1.475 (28s)
  lr=2.82e-05: ft_loss=8.6551 pt_loss=7.2703 dPT=+0.1678 ||dtheta||=2.055 (28s)
  lr=4.74e-05: ft_loss=8.5606 pt_loss=7.3080 dPT=+0.2055 ||dtheta||=2.459 (28s)
  lr=7.96e-05: ft_loss=8.4318 pt_loss=7.3519 dPT=+0.2493 ||dtheta||=3.240 (27s)
  lr=0.000134: ft_loss=8.2420 pt_loss=7.3852 dPT=+0.2827 ||dtheta||=4.865 (27s)
  lr=0.000224: ft_loss=7.9556 pt_loss=7.4212 dPT=+0.3187 ||dtheta||=7.874 (27s)
  lr=0.000377: ft_loss=7.5008 pt_loss=7.4716 dPT=+0.3691 ||dtheta||=14.649 (27s)
  lr=0.000633: ft_loss=6.8092 pt_loss=7.5949 dPT=+0.4924 ||dtheta||=29.511 (27s)
  lr=0.00106: ft_loss=5.8623 pt_loss=7.8644 dPT=+0.7619 ||dtheta||=52.899 (27s)
  lr=0.00179: ft_loss=4.9387 pt_loss=8.4387 dPT=+1.3362 ||dtheta||=99.932 (27s)
  lr=0.003: ft_loss=5.4714 pt_loss=9.4283 dPT=+2.3258 ||dtheta||=194.297 (27s)
wandb: [wandb.login()] Loaded credentials for https://api.wandb.ai from /home/anant/.netrc.
wandb: Currently logged in as: anant-jain (dcll-iiitd) to https://api.wandb.ai. Use `wandb login --relogin` to force relogin
wandb: setting up run kmalnu4v
wandb: Tracking run with wandb version 0.29.0
wandb: Run data is saved locally in /home/anant/atlas_opt/wandb/run-20260929_143214-kmalnu4v
wandb: Run `wandb offline` to turn off syncing.
wandb: Syncing run sgd_codeparrot
wandb: ⭐️ View project at https://wandb.ai/dcll-iiitd/Forgetting-NanoGPT
wandb: 🚀 View run at https://wandb.ai/dcll-iiitd/Forgetting-NanoGPT/runs/kmalnu4v
wandb: updating run metadata; uploading artifact run-kmalnu4v-sweep_table; uploading artifact run-kmalnu4v-train_loss_curves_table
wandb: uploading artifact run-kmalnu4v-train_loss_curves_table
wandb: uploading artifact run-kmalnu4v-train_loss_curves_table; uploading wandb-metadata.json; uploading requirements.txt; uploading media/table/sweep_table_12_eadd9daae3fb4ce8410c.table.json; uploading media/table/train_loss_curves_table_12_22154ee6303e4a277751.table.json (+ 2 more)
wandb: uploading artifact run-kmalnu4v-train_loss_curves_table; uploading requirements.txt; uploading media/table/sweep_table_12_eadd9daae3fb4ce8410c.table.json; uploading media/table/train_loss_curves_table_12_22154ee6303e4a277751.table.json; uploading wandb-summary.json (+ 1 more)
wandb: uploading artifact run-kmalnu4v-train_loss_curves_table
wandb: uploading history steps 0-12, summary
wandb: 
wandb: Run history:
wandb: sweep/delta_norm ▁▁▁▁▁▁▁▁▂▃▅█
wandb: sweep/forgetting ▁▁▁▁▂▂▂▂▂▃▅█
wandb:    sweep/ft_loss ████▇▇▆▆▄▃▁▂
wandb:   sweep/log10_lr ▁▂▂▃▄▄▅▅▆▇▇█
wandb:         sweep/lr ▁▁▁▁▁▁▂▂▂▃▅█
wandb:      sweep/point ▁▂▂▃▄▄▅▅▆▇▇█
wandb:    sweep/pt_loss ▁▁▁▁▂▂▂▂▂▃▅█
wandb: 
wandb: Run summary:
wandb:     base/ft_loss 8.98036
wandb:  base/param_norm 5.23221
wandb:     base/pt_loss 7.10252
wandb: sweep/delta_norm 194.29698
wandb: sweep/forgetting 2.32579
wandb:    sweep/ft_loss 5.47141
wandb:   sweep/log10_lr -2.52288
wandb:         sweep/lr 0.003
wandb:      sweep/point 11
wandb:    sweep/pt_loss 9.42832
wandb: 
wandb: 🚀 View run sgd_codeparrot at: https://wandb.ai/dcll-iiitd/Forgetting-NanoGPT/runs/kmalnu4v
wandb: ⭐️ View project at: https://wandb.ai/dcll-iiitd/Forgetting-NanoGPT
wandb: Synced 4 W&B file(s), 2 media file(s), 4 artifact file(s) and 0 other file(s)
wandb: Find logs at: ./wandb/run-20260929_143214-kmalnu4v/logs
