  Loading CPT model architecture: gpt2 in bfloat16...
[nanogpt|fsam_frob_muon_stale_momentum|codeparrot] base: pt_loss=3.5568 ft_loss=3.5923
`loss_type=None` was set in the config but it is unrecognized. Using the default loss: `ForCausalLMLoss`.
  lr=1e-05: ft_loss=3.2368 pt_loss=3.5721 dPT=+0.0153 ||dtheta||=1.978 (28s)
  lr=1.68e-05: ft_loss=3.1414 pt_loss=3.5816 dPT=+0.0248 ||dtheta||=3.055 (28s)
  lr=2.82e-05: ft_loss=3.0293 pt_loss=3.5935 dPT=+0.0368 ||dtheta||=4.757 (28s)
  lr=4.74e-05: ft_loss=2.8961 pt_loss=3.6107 dPT=+0.0540 ||dtheta||=7.457 (28s)
  lr=7.96e-05: ft_loss=2.7449 pt_loss=3.6340 dPT=+0.0773 ||dtheta||=11.667 (28s)
  lr=0.000134: ft_loss=2.5705 pt_loss=3.6678 dPT=+0.1110 ||dtheta||=18.636 (28s)
  lr=0.000224: ft_loss=2.4743 pt_loss=3.7076 dPT=+0.1508 ||dtheta||=28.117 (28s)
  lr=0.000377: ft_loss=2.3269 pt_loss=3.7737 dPT=+0.2169 ||dtheta||=44.233 (28s)
  lr=0.000633: ft_loss=2.2577 pt_loss=3.8497 dPT=+0.2929 ||dtheta||=66.618 (28s)
  lr=0.00106: ft_loss=2.2249 pt_loss=4.0194 dPT=+0.4626 ||dtheta||=97.936 (28s)
  lr=0.00179: ft_loss=2.3054 pt_loss=4.4063 dPT=+0.8495 ||dtheta||=142.185 (28s)
  lr=0.003: ft_loss=2.6777 pt_loss=5.4277 dPT=+1.8710 ||dtheta||=199.652 (28s)
wandb: [wandb.login()] Loaded credentials for https://api.wandb.ai from /home/anant/.netrc.
wandb: Currently logged in as: anant-jain (dcll-iiitd) to https://api.wandb.ai. Use `wandb login --relogin` to force relogin
wandb: setting up run 83l402ou
wandb: Tracking run with wandb version 0.29.0
wandb: Run data is saved locally in /home/anant/atlas_opt/wandb/run-20260930_163837-83l402ou
wandb: Run `wandb offline` to turn off syncing.
wandb: Syncing run fsam_frob_muon_stale_momentum_codeparrot
wandb: ⭐️ View project at https://wandb.ai/dcll-iiitd/Forgetting-NanoGPT
wandb: 🚀 View run at https://wandb.ai/dcll-iiitd/Forgetting-NanoGPT/runs/83l402ou
wandb: updating run metadata; uploading artifact run-83l402ou-sweep_table; uploading artifact run-83l402ou-train_loss_curves_table
wandb: uploading artifact run-83l402ou-sweep_table; uploading artifact run-83l402ou-train_loss_curves_table
wandb: uploading artifact run-83l402ou-sweep_table; uploading artifact run-83l402ou-train_loss_curves_table; uploading wandb-metadata.json; uploading requirements.txt; uploading media/table/sweep_table_12_0e3a1ba02d5dcd254b73.table.json (+ 3 more)
wandb: uploading artifact run-83l402ou-train_loss_curves_table; uploading media/table/train_loss_curves_table_12_3a52c7d1fff464f53d6b.table.json; uploading wandb-summary.json; uploading config.yaml
wandb: uploading artifact run-83l402ou-train_loss_curves_table
wandb: uploading history steps 0-12, summary
wandb: 
wandb: Run history:
wandb: sweep/delta_norm ▁▁▁▁▁▂▂▂▃▄▆█
wandb: sweep/forgetting ▁▁▁▁▁▁▂▂▂▃▄█
wandb:    sweep/ft_loss █▇▇▆▅▃▃▂▁▁▂▄
wandb:   sweep/log10_lr ▁▂▂▃▄▄▅▅▆▇▇█
wandb:         sweep/lr ▁▁▁▁▁▁▂▂▂▃▅█
wandb:      sweep/point ▁▂▂▃▄▄▅▅▆▇▇█
wandb:    sweep/pt_loss ▁▁▁▁▁▁▂▂▂▃▄█
wandb: 
wandb: Run summary:
wandb:     base/ft_loss 3.59235
wandb:  base/param_norm 996.97256
wandb:     base/pt_loss 3.55676
wandb: sweep/delta_norm 199.65217
wandb: sweep/forgetting 1.87097
wandb:    sweep/ft_loss 2.67773
wandb:   sweep/log10_lr -2.52288
wandb:         sweep/lr 0.003
wandb:      sweep/point 11
wandb:    sweep/pt_loss 5.42772
wandb: 
wandb: 🚀 View run fsam_frob_muon_stale_momentum_codeparrot at: https://wandb.ai/dcll-iiitd/Forgetting-NanoGPT/runs/83l402ou
wandb: ⭐️ View project at: https://wandb.ai/dcll-iiitd/Forgetting-NanoGPT
wandb: Synced 4 W&B file(s), 2 media file(s), 4 artifact file(s) and 0 other file(s)
wandb: Find logs at: ./wandb/run-20260930_163837-83l402ou/logs
