  Loading CPT model architecture: gpt2 in bfloat16...
[nanogpt|fsam_ortho_muon_stale_momentum|codeparrot] base: pt_loss=3.2104 ft_loss=2.8643
`loss_type=None` was set in the config but it is unrecognized. Using the default loss: `ForCausalLMLoss`.
  lr=1e-05: ft_loss=2.5900 pt_loss=3.2140 dPT=+0.0035 ||dtheta||=2.186 (28s)
  lr=1.68e-05: ft_loss=2.4771 pt_loss=3.2170 dPT=+0.0066 ||dtheta||=3.218 (28s)
  lr=2.82e-05: ft_loss=2.3479 pt_loss=3.2214 dPT=+0.0110 ||dtheta||=4.919 (28s)
  lr=4.74e-05: ft_loss=2.2329 pt_loss=3.2272 dPT=+0.0168 ||dtheta||=7.510 (28s)
  lr=7.96e-05: ft_loss=2.1248 pt_loss=3.2348 dPT=+0.0244 ||dtheta||=11.465 (28s)
  lr=0.000134: ft_loss=2.0309 pt_loss=3.2452 dPT=+0.0348 ||dtheta||=17.520 (28s)
  lr=0.000224: ft_loss=1.9594 pt_loss=3.2594 dPT=+0.0490 ||dtheta||=26.679 (28s)
  lr=0.000377: ft_loss=1.8913 pt_loss=3.2795 dPT=+0.0690 ||dtheta||=41.101 (28s)
  lr=0.000633: ft_loss=1.8486 pt_loss=3.3110 dPT=+0.1006 ||dtheta||=63.491 (28s)
  lr=0.00106: ft_loss=1.8123 pt_loss=3.3705 dPT=+0.1601 ||dtheta||=97.116 (28s)
  lr=0.00179: ft_loss=1.7980 pt_loss=3.4862 dPT=+0.2757 ||dtheta||=151.221 (28s)
  lr=0.003: ft_loss=1.8389 pt_loss=3.7523 dPT=+0.5419 ||dtheta||=233.649 (28s)
wandb: [wandb.login()] Loaded credentials for https://api.wandb.ai from /home/anant/.netrc.
wandb: Currently logged in as: anant-jain (dcll-iiitd) to https://api.wandb.ai. Use `wandb login --relogin` to force relogin
wandb: setting up run 6tjp8ahj
wandb: Tracking run with wandb version 0.29.0
wandb: Run data is saved locally in /home/anant/atlas_opt/wandb/run-20260929_045745-6tjp8ahj
wandb: Run `wandb offline` to turn off syncing.
wandb: Syncing run fsam_ortho_muon_stale_momentum_codeparrot
wandb: ⭐️ View project at https://wandb.ai/dcll-iiitd/Forgetting-NanoGPT
wandb: 🚀 View run at https://wandb.ai/dcll-iiitd/Forgetting-NanoGPT/runs/6tjp8ahj
wandb: updating run metadata; uploading artifact run-6tjp8ahj-sweep_table; uploading artifact run-6tjp8ahj-train_loss_curves_table
wandb: uploading artifact run-6tjp8ahj-sweep_table; uploading artifact run-6tjp8ahj-train_loss_curves_table
wandb: uploading artifact run-6tjp8ahj-sweep_table; uploading artifact run-6tjp8ahj-train_loss_curves_table; uploading requirements.txt; uploading media/table/sweep_table_12_994ab9eb23187758d8b3.table.json; uploading media/table/train_loss_curves_table_12_66bf24db6f5d92c0ca5e.table.json (+ 3 more)
wandb: uploading artifact run-6tjp8ahj-train_loss_curves_table; uploading requirements.txt; uploading media/table/sweep_table_12_994ab9eb23187758d8b3.table.json; uploading media/table/train_loss_curves_table_12_66bf24db6f5d92c0ca5e.table.json; uploading wandb-summary.json (+ 2 more)
wandb: uploading artifact run-6tjp8ahj-train_loss_curves_table; uploading media/table/train_loss_curves_table_12_66bf24db6f5d92c0ca5e.table.json; uploading config.yaml; uploading wandb-metadata.json
wandb: uploading artifact run-6tjp8ahj-train_loss_curves_table
wandb: 
wandb: Run history:
wandb: sweep/delta_norm ▁▁▁▁▁▁▂▂▃▄▆█
wandb: sweep/forgetting ▁▁▁▁▁▁▂▂▂▃▅█
wandb:    sweep/ft_loss █▇▆▅▄▃▂▂▁▁▁▁
wandb:   sweep/log10_lr ▁▂▂▃▄▄▅▅▆▇▇█
wandb:         sweep/lr ▁▁▁▁▁▁▂▂▂▃▅█
wandb:      sweep/point ▁▂▂▃▄▄▅▅▆▇▇█
wandb:    sweep/pt_loss ▁▁▁▁▁▁▂▂▂▃▅█
wandb: 
wandb: Run summary:
wandb:     base/ft_loss 2.86434
wandb:  base/param_norm 1728.34154
wandb:     base/pt_loss 3.21041
wandb: sweep/delta_norm 233.64894
wandb: sweep/forgetting 0.54194
wandb:    sweep/ft_loss 1.83895
wandb:   sweep/log10_lr -2.52288
wandb:         sweep/lr 0.003
wandb:      sweep/point 11
wandb:    sweep/pt_loss 3.75235
wandb: 
wandb: 🚀 View run fsam_ortho_muon_stale_momentum_codeparrot at: https://wandb.ai/dcll-iiitd/Forgetting-NanoGPT/runs/6tjp8ahj
wandb: ⭐️ View project at: https://wandb.ai/dcll-iiitd/Forgetting-NanoGPT
wandb: Synced 4 W&B file(s), 2 media file(s), 4 artifact file(s) and 0 other file(s)
wandb: Find logs at: ./wandb/run-20260929_045745-6tjp8ahj/logs
