  Loading CPT model architecture: gpt2 in bfloat16...
[nanogpt|fsam_ortho_muon_stale_momentum|tulu3] base: pt_loss=3.2104 ft_loss=3.1901
`loss_type=None` was set in the config but it is unrecognized. Using the default loss: `ForCausalLMLoss`.
  lr=1e-05: ft_loss=2.9626 pt_loss=3.2189 dPT=+0.0085 ||dtheta||=2.020 (28s)
  lr=1.68e-05: ft_loss=2.8916 pt_loss=3.2296 dPT=+0.0192 ||dtheta||=3.114 (28s)
  lr=2.82e-05: ft_loss=2.7995 pt_loss=3.2385 dPT=+0.0281 ||dtheta||=4.500 (28s)
  lr=4.74e-05: ft_loss=2.7124 pt_loss=3.2461 dPT=+0.0357 ||dtheta||=6.669 (28s)
  lr=7.96e-05: ft_loss=2.6231 pt_loss=3.2540 dPT=+0.0436 ||dtheta||=10.097 (28s)
  lr=0.000134: ft_loss=2.5413 pt_loss=3.2654 dPT=+0.0550 ||dtheta||=15.499 (28s)
  lr=0.000224: ft_loss=2.4645 pt_loss=3.2820 dPT=+0.0716 ||dtheta||=23.891 (28s)
  lr=0.000377: ft_loss=2.4044 pt_loss=3.3045 dPT=+0.0941 ||dtheta||=36.886 (28s)
  lr=0.000633: ft_loss=2.3569 pt_loss=3.3371 dPT=+0.1267 ||dtheta||=57.013 (28s)
  lr=0.00106: ft_loss=2.3326 pt_loss=3.3852 dPT=+0.1748 ||dtheta||=87.885 (28s)
  lr=0.00179: ft_loss=2.3270 pt_loss=3.4687 dPT=+0.2583 ||dtheta||=137.089 (28s)
  lr=0.003: ft_loss=2.3953 pt_loss=3.6261 dPT=+0.4157 ||dtheta||=212.310 (28s)
wandb: [wandb.login()] Loaded credentials for https://api.wandb.ai from /home/anant/.netrc.
wandb: Currently logged in as: anant-jain (dcll-iiitd) to https://api.wandb.ai. Use `wandb login --relogin` to force relogin
wandb: setting up run y5jg29g5
wandb: Tracking run with wandb version 0.29.0
wandb: Run data is saved locally in /home/anant/atlas_opt/wandb/run-20260929_051012-y5jg29g5
wandb: Run `wandb offline` to turn off syncing.
wandb: Syncing run fsam_ortho_muon_stale_momentum_tulu3
wandb: ⭐️ View project at https://wandb.ai/dcll-iiitd/Forgetting-NanoGPT
wandb: 🚀 View run at https://wandb.ai/dcll-iiitd/Forgetting-NanoGPT/runs/y5jg29g5
wandb: updating run metadata; uploading artifact run-y5jg29g5-sweep_table; uploading artifact run-y5jg29g5-train_loss_curves_table
wandb: uploading artifact run-y5jg29g5-sweep_table; uploading artifact run-y5jg29g5-train_loss_curves_table
wandb: uploading artifact run-y5jg29g5-train_loss_curves_table
wandb: uploading artifact run-y5jg29g5-train_loss_curves_table; uploading config.yaml; uploading wandb-metadata.json; uploading requirements.txt; uploading media/table/sweep_table_12_0acfca996f2807f82955.table.json (+ 2 more)
wandb: uploading config.yaml; uploading wandb-metadata.json; uploading requirements.txt; uploading media/table/sweep_table_12_0acfca996f2807f82955.table.json; uploading media/table/train_loss_curves_table_12_f8f687be5c66ff5bd1b3.table.json (+ 1 more)
wandb: uploading config.yaml; uploading requirements.txt; uploading media/table/sweep_table_12_0acfca996f2807f82955.table.json; uploading media/table/train_loss_curves_table_12_f8f687be5c66ff5bd1b3.table.json; uploading wandb-summary.json
wandb: 
wandb: Run history:
wandb: sweep/delta_norm ▁▁▁▁▁▁▂▂▃▄▅█
wandb: sweep/forgetting ▁▁▁▁▂▂▂▂▃▄▅█
wandb:    sweep/ft_loss █▇▆▅▄▃▃▂▁▁▁▂
wandb:   sweep/log10_lr ▁▂▂▃▄▄▅▅▆▇▇█
wandb:         sweep/lr ▁▁▁▁▁▁▂▂▂▃▅█
wandb:      sweep/point ▁▂▂▃▄▄▅▅▆▇▇█
wandb:    sweep/pt_loss ▁▁▁▁▂▂▂▂▃▄▅█
wandb: 
wandb: Run summary:
wandb:     base/ft_loss 3.19014
wandb:  base/param_norm 1728.34154
wandb:     base/pt_loss 3.21041
wandb: sweep/delta_norm 212.31031
wandb: sweep/forgetting 0.41571
wandb:    sweep/ft_loss 2.39525
wandb:   sweep/log10_lr -2.52288
wandb:         sweep/lr 0.003
wandb:      sweep/point 11
wandb:    sweep/pt_loss 3.62612
wandb: 
wandb: 🚀 View run fsam_ortho_muon_stale_momentum_tulu3 at: https://wandb.ai/dcll-iiitd/Forgetting-NanoGPT/runs/y5jg29g5
wandb: ⭐️ View project at: https://wandb.ai/dcll-iiitd/Forgetting-NanoGPT
wandb: Synced 4 W&B file(s), 2 media file(s), 4 artifact file(s) and 0 other file(s)
wandb: Find logs at: ./wandb/run-20260929_051012-y5jg29g5/logs
