  Loading CPT model architecture: gpt2 in bfloat16...
[nanogpt|fsam_ortho_muon_stale|musicpile] base: pt_loss=3.2075 ft_loss=3.6979
`loss_type=None` was set in the config but it is unrecognized. Using the default loss: `ForCausalLMLoss`.
  lr=1e-05: ft_loss=3.6084 pt_loss=3.2134 dPT=+0.0060 ||dtheta||=1.636 (28s)
  lr=1.68e-05: ft_loss=3.5750 pt_loss=3.2194 dPT=+0.0119 ||dtheta||=2.562 (28s)
  lr=2.82e-05: ft_loss=3.5286 pt_loss=3.2251 dPT=+0.0176 ||dtheta||=3.958 (28s)
  lr=4.74e-05: ft_loss=3.4704 pt_loss=3.2277 dPT=+0.0203 ||dtheta||=6.095 (28s)
  lr=7.96e-05: ft_loss=3.4060 pt_loss=3.2316 dPT=+0.0241 ||dtheta||=9.452 (28s)
  lr=0.000134: ft_loss=3.3408 pt_loss=3.2393 dPT=+0.0318 ||dtheta||=14.744 (28s)
  lr=0.000224: ft_loss=3.2799 pt_loss=3.2488 dPT=+0.0414 ||dtheta||=22.867 (28s)
  lr=0.000377: ft_loss=3.2269 pt_loss=3.2641 dPT=+0.0567 ||dtheta||=35.749 (28s)
  lr=0.000633: ft_loss=3.1868 pt_loss=3.2890 dPT=+0.0815 ||dtheta||=55.643 (28s)
  lr=0.00106: ft_loss=3.1683 pt_loss=3.3313 dPT=+0.1238 ||dtheta||=85.994 (28s)
  lr=0.00179: ft_loss=3.1775 pt_loss=3.4015 dPT=+0.1940 ||dtheta||=132.597 (28s)
  lr=0.003: ft_loss=3.2465 pt_loss=3.5344 dPT=+0.3270 ||dtheta||=203.301 (28s)
wandb: [wandb.login()] Loaded credentials for https://api.wandb.ai from /home/anant/.netrc.
wandb: Currently logged in as: anant-jain (dcll-iiitd) to https://api.wandb.ai. Use `wandb login --relogin` to force relogin
wandb: setting up run 567u72ff
wandb: Tracking run with wandb version 0.29.0
wandb: Run data is saved locally in /home/anant/atlas_opt/wandb/run-20260929_050356-567u72ff
wandb: Run `wandb offline` to turn off syncing.
wandb: Syncing run fsam_ortho_muon_stale_musicpile
wandb: ⭐️ View project at https://wandb.ai/dcll-iiitd/Forgetting-NanoGPT
wandb: 🚀 View run at https://wandb.ai/dcll-iiitd/Forgetting-NanoGPT/runs/567u72ff
wandb: updating run metadata; uploading artifact run-567u72ff-sweep_table; uploading artifact run-567u72ff-train_loss_curves_table
wandb: uploading artifact run-567u72ff-sweep_table; uploading artifact run-567u72ff-train_loss_curves_table
wandb: uploading artifact run-567u72ff-train_loss_curves_table
wandb: uploading artifact run-567u72ff-train_loss_curves_table; uploading wandb-metadata.json; uploading requirements.txt; uploading media/table/sweep_table_12_94a8da49fa10f7ff8486.table.json; uploading media/table/train_loss_curves_table_12_44c10773c40093808605.table.json (+ 1 more)
wandb: uploading artifact run-567u72ff-train_loss_curves_table
wandb: uploading history steps 0-12, summary
wandb: 
wandb: Run history:
wandb: sweep/delta_norm ▁▁▁▁▁▁▂▂▃▄▆█
wandb: sweep/forgetting ▁▁▁▁▁▂▂▂▃▄▅█
wandb:    sweep/ft_loss █▇▇▆▅▄▃▂▁▁▁▂
wandb:   sweep/log10_lr ▁▂▂▃▄▄▅▅▆▇▇█
wandb:         sweep/lr ▁▁▁▁▁▁▂▂▂▃▅█
wandb:      sweep/point ▁▂▂▃▄▄▅▅▆▇▇█
wandb:    sweep/pt_loss ▁▁▁▁▁▂▂▂▃▄▅█
wandb: 
wandb: Run summary:
wandb:     base/ft_loss 3.69792
wandb:  base/param_norm 1726.84456
wandb:     base/pt_loss 3.20746
wandb: sweep/delta_norm 203.30099
wandb: sweep/forgetting 0.32697
wandb:    sweep/ft_loss 3.24653
wandb:   sweep/log10_lr -2.52288
wandb:         sweep/lr 0.003
wandb:      sweep/point 11
wandb:    sweep/pt_loss 3.53444
wandb: 
wandb: 🚀 View run fsam_ortho_muon_stale_musicpile at: https://wandb.ai/dcll-iiitd/Forgetting-NanoGPT/runs/567u72ff
wandb: ⭐️ View project at: https://wandb.ai/dcll-iiitd/Forgetting-NanoGPT
wandb: Synced 4 W&B file(s), 2 media file(s), 4 artifact file(s) and 0 other file(s)
wandb: Find logs at: ./wandb/run-20260929_050356-567u72ff/logs
