  Loading CPT model architecture: gpt2 in bfloat16...
[nanogpt|fsam_frob_muon_stale|tulu3] base: pt_loss=3.5612 ft_loss=3.8967
`loss_type=None` was set in the config but it is unrecognized. Using the default loss: `ForCausalLMLoss`.
  lr=1e-05: ft_loss=3.6152 pt_loss=3.5946 dPT=+0.0335 ||dtheta||=1.782 (28s)
  lr=1.68e-05: ft_loss=3.5214 pt_loss=3.6039 dPT=+0.0427 ||dtheta||=2.726 (28s)
  lr=2.82e-05: ft_loss=3.4186 pt_loss=3.6112 dPT=+0.0500 ||dtheta||=4.237 (28s)
  lr=4.74e-05: ft_loss=3.3074 pt_loss=3.6238 dPT=+0.0626 ||dtheta||=6.591 (28s)
  lr=7.96e-05: ft_loss=3.1736 pt_loss=3.6404 dPT=+0.0793 ||dtheta||=10.317 (28s)
  lr=0.000134: ft_loss=3.0416 pt_loss=3.6641 dPT=+0.1029 ||dtheta||=16.205 (28s)
  lr=0.000224: ft_loss=2.9448 pt_loss=3.6891 dPT=+0.1279 ||dtheta||=24.945 (28s)
  lr=0.000377: ft_loss=2.8611 pt_loss=3.7246 dPT=+0.1634 ||dtheta||=38.440 (28s)
  lr=0.000633: ft_loss=2.8068 pt_loss=3.7809 dPT=+0.2197 ||dtheta||=58.337 (28s)
  lr=0.00106: ft_loss=2.7721 pt_loss=3.8577 dPT=+0.2965 ||dtheta||=86.965 (28s)
  lr=0.00179: ft_loss=2.8044 pt_loss=4.0094 dPT=+0.4482 ||dtheta||=129.170 (28s)
  lr=0.003: ft_loss=2.9966 pt_loss=4.3699 dPT=+0.8088 ||dtheta||=191.558 (28s)
wandb: [wandb.login()] Loaded credentials for https://api.wandb.ai from /home/anant/.netrc.
wandb: Currently logged in as: anant-jain (dcll-iiitd) to https://api.wandb.ai. Use `wandb login --relogin` to force relogin
wandb: setting up run 5ns1peu4
wandb: Tracking run with wandb version 0.29.0
wandb: Run data is saved locally in /home/anant/atlas_opt/wandb/run-20260930_165707-5ns1peu4
wandb: Run `wandb offline` to turn off syncing.
wandb: Syncing run fsam_frob_muon_stale_tulu3
wandb: ⭐️ View project at https://wandb.ai/dcll-iiitd/Forgetting-NanoGPT
wandb: 🚀 View run at https://wandb.ai/dcll-iiitd/Forgetting-NanoGPT/runs/5ns1peu4
wandb: updating run metadata; uploading artifact run-5ns1peu4-sweep_table; uploading artifact run-5ns1peu4-train_loss_curves_table
wandb: uploading artifact run-5ns1peu4-sweep_table; uploading artifact run-5ns1peu4-train_loss_curves_table
wandb: uploading artifact run-5ns1peu4-sweep_table; uploading artifact run-5ns1peu4-train_loss_curves_table; uploading wandb-metadata.json; uploading requirements.txt; uploading media/table/sweep_table_12_81bf1ff77b802dad2012.table.json (+ 3 more)
wandb: uploading artifact run-5ns1peu4-sweep_table; uploading artifact run-5ns1peu4-train_loss_curves_table; uploading media/table/train_loss_curves_table_12_563dc23dd66b0f4c3c88.table.json
wandb: uploading artifact run-5ns1peu4-sweep_table; uploading artifact run-5ns1peu4-train_loss_curves_table
wandb: uploading history steps 0-12, summary
wandb: 
wandb: Run history:
wandb: sweep/delta_norm ▁▁▁▁▁▂▂▂▃▄▆█
wandb: sweep/forgetting ▁▁▁▁▁▂▂▂▃▃▅█
wandb:    sweep/ft_loss █▇▆▅▄▃▂▂▁▁▁▃
wandb:   sweep/log10_lr ▁▂▂▃▄▄▅▅▆▇▇█
wandb:         sweep/lr ▁▁▁▁▁▁▂▂▂▃▅█
wandb:      sweep/point ▁▂▂▃▄▄▅▅▆▇▇█
wandb:    sweep/pt_loss ▁▁▁▁▁▂▂▂▃▃▅█
wandb: 
wandb: Run summary:
wandb:     base/ft_loss 3.89666
wandb:  base/param_norm 1000.29443
wandb:     base/pt_loss 3.56118
wandb: sweep/delta_norm 191.55816
wandb: sweep/forgetting 0.80876
wandb:    sweep/ft_loss 2.9966
wandb:   sweep/log10_lr -2.52288
wandb:         sweep/lr 0.003
wandb:      sweep/point 11
wandb:    sweep/pt_loss 4.36994
wandb: 
wandb: 🚀 View run fsam_frob_muon_stale_tulu3 at: https://wandb.ai/dcll-iiitd/Forgetting-NanoGPT/runs/5ns1peu4
wandb: ⭐️ View project at: https://wandb.ai/dcll-iiitd/Forgetting-NanoGPT
wandb: Synced 4 W&B file(s), 2 media file(s), 4 artifact file(s) and 0 other file(s)
wandb: Find logs at: ./wandb/run-20260930_165707-5ns1peu4/logs
