  Loading CPT model architecture: gpt2 in bfloat16...
[nanogpt|fsam_frob_muon_stale|stackmathqa] base: pt_loss=3.5612 ft_loss=4.5750
`loss_type=None` was set in the config but it is unrecognized. Using the default loss: `ForCausalLMLoss`.
  lr=1e-05: ft_loss=4.0787 pt_loss=3.5882 dPT=+0.0270 ||dtheta||=2.202 (28s)
  lr=1.68e-05: ft_loss=3.9055 pt_loss=3.6019 dPT=+0.0407 ||dtheta||=3.442 (28s)
  lr=2.82e-05: ft_loss=3.6897 pt_loss=3.6218 dPT=+0.0606 ||dtheta||=5.347 (28s)
  lr=4.74e-05: ft_loss=3.4591 pt_loss=3.6466 dPT=+0.0854 ||dtheta||=8.240 (28s)
  lr=7.96e-05: ft_loss=3.2184 pt_loss=3.6734 dPT=+0.1122 ||dtheta||=12.768 (28s)
  lr=0.000134: ft_loss=3.0219 pt_loss=3.7015 dPT=+0.1403 ||dtheta||=19.643 (28s)
  lr=0.000224: ft_loss=2.8778 pt_loss=3.7274 dPT=+0.1662 ||dtheta||=29.716 (27s)
  lr=0.000377: ft_loss=2.7652 pt_loss=3.7670 dPT=+0.2058 ||dtheta||=44.687 (28s)
  lr=0.000633: ft_loss=2.6826 pt_loss=3.8287 dPT=+0.2675 ||dtheta||=66.829 (28s)
  lr=0.00106: ft_loss=2.6290 pt_loss=3.9768 dPT=+0.4156 ||dtheta||=98.821 (28s)
  lr=0.00179: ft_loss=2.6604 pt_loss=4.2452 dPT=+0.6840 ||dtheta||=146.956 (28s)
  lr=0.003: ft_loss=2.9168 pt_loss=5.0235 dPT=+1.4623 ||dtheta||=205.992 (28s)
wandb: [wandb.login()] Loaded credentials for https://api.wandb.ai from /home/anant/.netrc.
wandb: Currently logged in as: anant-jain (dcll-iiitd) to https://api.wandb.ai. Use `wandb login --relogin` to force relogin
wandb: setting up run lwgy07hn
wandb: Tracking run with wandb version 0.29.0
wandb: Run data is saved locally in /home/anant/atlas_opt/wandb/run-20260930_164446-lwgy07hn
wandb: Run `wandb offline` to turn off syncing.
wandb: Syncing run fsam_frob_muon_stale_stackmathqa
wandb: ⭐️ View project at https://wandb.ai/dcll-iiitd/Forgetting-NanoGPT
wandb: 🚀 View run at https://wandb.ai/dcll-iiitd/Forgetting-NanoGPT/runs/lwgy07hn
wandb: updating run metadata; uploading artifact run-lwgy07hn-sweep_table; uploading artifact run-lwgy07hn-train_loss_curves_table
wandb: uploading artifact run-lwgy07hn-sweep_table; uploading artifact run-lwgy07hn-train_loss_curves_table
wandb: uploading artifact run-lwgy07hn-sweep_table; uploading artifact run-lwgy07hn-train_loss_curves_table; uploading wandb-metadata.json; uploading requirements.txt; uploading media/table/sweep_table_12_96d47b5fa2e982b395a0.table.json (+ 3 more)
wandb: uploading artifact run-lwgy07hn-train_loss_curves_table; uploading wandb-metadata.json; uploading requirements.txt; uploading media/table/sweep_table_12_96d47b5fa2e982b395a0.table.json; uploading media/table/train_loss_curves_table_12_0d99c84773b59661f723.table.json (+ 2 more)
wandb: uploading artifact run-lwgy07hn-train_loss_curves_table
wandb: uploading history steps 0-12, summary
wandb: 
wandb: Run history:
wandb: sweep/delta_norm ▁▁▁▁▁▂▂▂▃▄▆█
wandb: sweep/forgetting ▁▁▁▁▁▂▂▂▂▃▄█
wandb:    sweep/ft_loss █▇▆▅▄▃▂▂▁▁▁▂
wandb:   sweep/log10_lr ▁▂▂▃▄▄▅▅▆▇▇█
wandb:         sweep/lr ▁▁▁▁▁▁▂▂▂▃▅█
wandb:      sweep/point ▁▂▂▃▄▄▅▅▆▇▇█
wandb:    sweep/pt_loss ▁▁▁▁▁▂▂▂▂▃▄█
wandb: 
wandb: Run summary:
wandb:     base/ft_loss 4.57498
wandb:  base/param_norm 1000.29443
wandb:     base/pt_loss 3.56118
wandb: sweep/delta_norm 205.99235
wandb: sweep/forgetting 1.46231
wandb:    sweep/ft_loss 2.9168
wandb:   sweep/log10_lr -2.52288
wandb:         sweep/lr 0.003
wandb:      sweep/point 11
wandb:    sweep/pt_loss 5.02349
wandb: 
wandb: 🚀 View run fsam_frob_muon_stale_stackmathqa at: https://wandb.ai/dcll-iiitd/Forgetting-NanoGPT/runs/lwgy07hn
wandb: ⭐️ View project at: https://wandb.ai/dcll-iiitd/Forgetting-NanoGPT
wandb: Synced 4 W&B file(s), 2 media file(s), 4 artifact file(s) and 0 other file(s)
wandb: Find logs at: ./wandb/run-20260930_164446-lwgy07hn/logs
