  Loading CPT model architecture: gpt2 in bfloat16...
[nanogpt|fsam_muon|stackmathqa] base: pt_loss=3.2001 ft_loss=3.5527
`loss_type=None` was set in the config but it is unrecognized. Using the default loss: `ForCausalLMLoss`.
  lr=1e-05: ft_loss=3.1637 pt_loss=3.2156 dPT=+0.0155 ||dtheta||=2.397 (28s)
  lr=1.68e-05: ft_loss=3.0247 pt_loss=3.2278 dPT=+0.0277 ||dtheta||=3.619 (28s)
  lr=2.82e-05: ft_loss=2.8915 pt_loss=3.2382 dPT=+0.0381 ||dtheta||=5.318 (28s)
  lr=4.74e-05: ft_loss=2.7824 pt_loss=3.2478 dPT=+0.0477 ||dtheta||=7.887 (28s)
  lr=7.96e-05: ft_loss=2.6811 pt_loss=3.2599 dPT=+0.0598 ||dtheta||=11.878 (28s)
  lr=0.000134: ft_loss=2.5971 pt_loss=3.2752 dPT=+0.0751 ||dtheta||=18.003 (28s)
  lr=0.000224: ft_loss=2.5210 pt_loss=3.2925 dPT=+0.0924 ||dtheta||=27.440 (28s)
  lr=0.000377: ft_loss=2.4566 pt_loss=3.3139 dPT=+0.1138 ||dtheta||=41.960 (28s)
  lr=0.000633: ft_loss=2.4050 pt_loss=3.3454 dPT=+0.1453 ||dtheta||=64.429 (28s)
  lr=0.00106: ft_loss=2.3648 pt_loss=3.4082 dPT=+0.2081 ||dtheta||=99.694 (28s)
  lr=0.00179: ft_loss=2.3517 pt_loss=3.5213 dPT=+0.3212 ||dtheta||=152.594 (28s)
  lr=0.003: ft_loss=2.3745 pt_loss=3.7938 dPT=+0.5937 ||dtheta||=236.081 (28s)
wandb: [wandb.login()] Loaded credentials for https://api.wandb.ai from /home/anant/.netrc.
wandb: Currently logged in as: anant-jain (dcll-iiitd) to https://api.wandb.ai. Use `wandb login --relogin` to force relogin
wandb: setting up run 90s7dy7c
wandb: Tracking run with wandb version 0.29.0
wandb: Run data is saved locally in /home/anant/atlas_opt/wandb/run-20260929_163919-90s7dy7c
wandb: Run `wandb offline` to turn off syncing.
wandb: Syncing run fsam_muon_stackmathqa
wandb: ⭐️ View project at https://wandb.ai/dcll-iiitd/Forgetting-NanoGPT
wandb: 🚀 View run at https://wandb.ai/dcll-iiitd/Forgetting-NanoGPT/runs/90s7dy7c
wandb: updating run metadata; uploading artifact run-90s7dy7c-sweep_table; uploading artifact run-90s7dy7c-train_loss_curves_table
wandb: uploading artifact run-90s7dy7c-sweep_table; uploading artifact run-90s7dy7c-train_loss_curves_table
wandb: uploading artifact run-90s7dy7c-sweep_table; uploading artifact run-90s7dy7c-train_loss_curves_table; uploading media/table/sweep_table_12_75f7f188a26bff2e7e88.table.json; uploading media/table/train_loss_curves_table_12_0660ca15e0fd78a3b307.table.json; uploading wandb-summary.json (+ 3 more)
wandb: uploading artifact run-90s7dy7c-sweep_table; uploading artifact run-90s7dy7c-train_loss_curves_table; uploading media/table/train_loss_curves_table_12_0660ca15e0fd78a3b307.table.json; uploading wandb-summary.json; uploading config.yaml (+ 2 more)
wandb: uploading artifact run-90s7dy7c-sweep_table; uploading artifact run-90s7dy7c-train_loss_curves_table
wandb: uploading artifact run-90s7dy7c-train_loss_curves_table
wandb: 
wandb: Run history:
wandb: sweep/delta_norm ▁▁▁▁▁▁▂▂▃▄▅█
wandb: sweep/forgetting ▁▁▁▁▂▂▂▂▃▃▅█
wandb:    sweep/ft_loss █▇▆▅▄▃▂▂▁▁▁▁
wandb:   sweep/log10_lr ▁▂▂▃▄▄▅▅▆▇▇█
wandb:         sweep/lr ▁▁▁▁▁▁▂▂▂▃▅█
wandb:      sweep/point ▁▂▂▃▄▄▅▅▆▇▇█
wandb:    sweep/pt_loss ▁▁▁▁▂▂▂▂▃▃▅█
wandb: 
wandb: Run summary:
wandb:     base/ft_loss 3.55265
wandb:  base/param_norm 1725.10816
wandb:     base/pt_loss 3.2001
wandb: sweep/delta_norm 236.08063
wandb: sweep/forgetting 0.59374
wandb:    sweep/ft_loss 2.37447
wandb:   sweep/log10_lr -2.52288
wandb:         sweep/lr 0.003
wandb:      sweep/point 11
wandb:    sweep/pt_loss 3.79383
wandb: 
wandb: 🚀 View run fsam_muon_stackmathqa at: https://wandb.ai/dcll-iiitd/Forgetting-NanoGPT/runs/90s7dy7c
wandb: ⭐️ View project at: https://wandb.ai/dcll-iiitd/Forgetting-NanoGPT
wandb: Synced 4 W&B file(s), 2 media file(s), 4 artifact file(s) and 0 other file(s)
wandb: Find logs at: ./wandb/run-20260929_163919-90s7dy7c/logs
