  Loading CPT model architecture: gpt2 in bfloat16...
[nanogpt|muon_sam_frob|codeparrot] base: pt_loss=3.5686 ft_loss=3.5769
`loss_type=None` was set in the config but it is unrecognized. Using the default loss: `ForCausalLMLoss`.
  lr=1e-05: ft_loss=3.2066 pt_loss=3.5875 dPT=+0.0189 ||dtheta||=2.033 (28s)
  lr=1.68e-05: ft_loss=3.1111 pt_loss=3.5983 dPT=+0.0297 ||dtheta||=3.105 (28s)
  lr=2.82e-05: ft_loss=2.9964 pt_loss=3.6143 dPT=+0.0457 ||dtheta||=4.832 (28s)
  lr=4.74e-05: ft_loss=2.8743 pt_loss=3.6359 dPT=+0.0673 ||dtheta||=7.501 (28s)
  lr=7.96e-05: ft_loss=2.7197 pt_loss=3.6631 dPT=+0.0945 ||dtheta||=11.845 (28s)
  lr=0.000134: ft_loss=2.5760 pt_loss=3.6958 dPT=+0.1272 ||dtheta||=18.491 (28s)
  lr=0.000224: ft_loss=2.4602 pt_loss=3.7416 dPT=+0.1730 ||dtheta||=28.524 (28s)
  lr=0.000377: ft_loss=2.3445 pt_loss=3.8027 dPT=+0.2341 ||dtheta||=43.996 (28s)
  lr=0.000633: ft_loss=2.2818 pt_loss=3.9320 dPT=+0.3634 ||dtheta||=66.756 (28s)
  lr=0.00106: ft_loss=2.2448 pt_loss=4.0631 dPT=+0.4945 ||dtheta||=101.337 (28s)
  lr=0.00179: ft_loss=2.3342 pt_loss=4.4536 dPT=+0.8850 ||dtheta||=148.408 (28s)
  lr=0.003: ft_loss=3.7173 pt_loss=7.5228 dPT=+3.9542 ||dtheta||=211.055 (28s)
wandb: [wandb.login()] Loaded credentials for https://api.wandb.ai from /home/anant/.netrc.
wandb: Currently logged in as: anant-jain (dcll-iiitd) to https://api.wandb.ai. Use `wandb login --relogin` to force relogin
wandb: setting up run gzrwpda1
wandb: Tracking run with wandb version 0.29.0
wandb: Run data is saved locally in /home/anant/atlas_opt/wandb/run-20260930_163837-gzrwpda1
wandb: Run `wandb offline` to turn off syncing.
wandb: Syncing run muon_sam_frob_codeparrot
wandb: ⭐️ View project at https://wandb.ai/dcll-iiitd/Forgetting-NanoGPT
wandb: 🚀 View run at https://wandb.ai/dcll-iiitd/Forgetting-NanoGPT/runs/gzrwpda1
wandb: updating run metadata; uploading artifact run-gzrwpda1-sweep_table; uploading artifact run-gzrwpda1-train_loss_curves_table
wandb: uploading artifact run-gzrwpda1-sweep_table; uploading artifact run-gzrwpda1-train_loss_curves_table
wandb: uploading artifact run-gzrwpda1-sweep_table; uploading artifact run-gzrwpda1-train_loss_curves_table; uploading requirements.txt; uploading media/table/sweep_table_12_aaa45fcccc711a965c84.table.json; uploading media/table/train_loss_curves_table_12_9d6a59400b501a0401d1.table.json (+ 3 more)
wandb: uploading artifact run-gzrwpda1-sweep_table; uploading artifact run-gzrwpda1-train_loss_curves_table; uploading media/table/sweep_table_12_aaa45fcccc711a965c84.table.json; uploading media/table/train_loss_curves_table_12_9d6a59400b501a0401d1.table.json; uploading wandb-summary.json (+ 2 more)
wandb: uploading artifact run-gzrwpda1-sweep_table; uploading artifact run-gzrwpda1-train_loss_curves_table
wandb: uploading artifact run-gzrwpda1-train_loss_curves_table
wandb: uploading history steps 0-12, summary
wandb: 
wandb: Run history:
wandb: sweep/delta_norm ▁▁▁▁▁▂▂▂▃▄▆█
wandb: sweep/forgetting ▁▁▁▁▁▁▁▁▂▂▃█
wandb:    sweep/ft_loss ▆▅▅▄▃▃▂▁▁▁▁█
wandb:   sweep/log10_lr ▁▂▂▃▄▄▅▅▆▇▇█
wandb:         sweep/lr ▁▁▁▁▁▁▂▂▂▃▅█
wandb:      sweep/point ▁▂▂▃▄▄▅▅▆▇▇█
wandb:    sweep/pt_loss ▁▁▁▁▁▁▁▁▂▂▃█
wandb: 
wandb: Run summary:
wandb:     base/ft_loss 3.5769
wandb:  base/param_norm 1009.95303
wandb:     base/pt_loss 3.56859
wandb: sweep/delta_norm 211.05455
wandb: sweep/forgetting 3.9542
wandb:    sweep/ft_loss 3.71727
wandb:   sweep/log10_lr -2.52288
wandb:         sweep/lr 0.003
wandb:      sweep/point 11
wandb:    sweep/pt_loss 7.52278
wandb: 
wandb: 🚀 View run muon_sam_frob_codeparrot at: https://wandb.ai/dcll-iiitd/Forgetting-NanoGPT/runs/gzrwpda1
wandb: ⭐️ View project at: https://wandb.ai/dcll-iiitd/Forgetting-NanoGPT
wandb: Synced 4 W&B file(s), 2 media file(s), 4 artifact file(s) and 0 other file(s)
wandb: Find logs at: ./wandb/run-20260930_163837-gzrwpda1/logs
