  Loading CPT model architecture: gpt2 in bfloat16...
[nanogpt|sgd|tulu3] base: pt_loss=7.1025 ft_loss=8.5981
`loss_type=None` was set in the config but it is unrecognized. Using the default loss: `ForCausalLMLoss`.
  lr=1e-05: ft_loss=8.4696 pt_loss=7.1455 dPT=+0.0430 ||dtheta||=1.250 (28s)
  lr=1.68e-05: ft_loss=8.4301 pt_loss=7.1484 dPT=+0.0459 ||dtheta||=1.571 (28s)
  lr=2.82e-05: ft_loss=8.3790 pt_loss=7.1395 dPT=+0.0370 ||dtheta||=2.016 (28s)
  lr=4.74e-05: ft_loss=8.3090 pt_loss=7.1312 dPT=+0.0287 ||dtheta||=2.716 (28s)
  lr=7.96e-05: ft_loss=8.2134 pt_loss=7.1257 dPT=+0.0232 ||dtheta||=4.450 (28s)
  lr=0.000134: ft_loss=8.0831 pt_loss=7.1211 dPT=+0.0186 ||dtheta||=6.820 (28s)
  lr=0.000224: ft_loss=7.9079 pt_loss=7.1420 dPT=+0.0395 ||dtheta||=10.842 (28s)
  lr=0.000377: ft_loss=7.6466 pt_loss=7.1882 dPT=+0.0857 ||dtheta||=20.212 (28s)
  lr=0.000633: ft_loss=7.2718 pt_loss=7.2681 dPT=+0.1655 ||dtheta||=37.198 (28s)
  lr=0.00106: ft_loss=6.7609 pt_loss=7.3418 dPT=+0.2393 ||dtheta||=72.947 (30s)
  lr=0.00179: ft_loss=6.4367 pt_loss=7.4798 dPT=+0.3773 ||dtheta||=131.846 (43s)
  lr=0.003: ft_loss=6.5729 pt_loss=7.7235 dPT=+0.6210 ||dtheta||=225.241 (27s)
wandb: [wandb.login()] Loaded credentials for https://api.wandb.ai from /home/anant/.netrc.
wandb: Currently logged in as: anant-jain (dcll-iiitd) to https://api.wandb.ai. Use `wandb login --relogin` to force relogin
wandb: setting up run gyyt8plo
wandb: Tracking run with wandb version 0.29.0
wandb: Run data is saved locally in /home/anant/atlas_opt/wandb/run-20260929_151522-gyyt8plo
wandb: Run `wandb offline` to turn off syncing.
wandb: Syncing run sgd_tulu3
wandb: ⭐️ View project at https://wandb.ai/dcll-iiitd/Forgetting-NanoGPT
wandb: 🚀 View run at https://wandb.ai/dcll-iiitd/Forgetting-NanoGPT/runs/gyyt8plo
wandb: updating run metadata; uploading artifact run-gyyt8plo-sweep_table; uploading artifact run-gyyt8plo-train_loss_curves_table
wandb: uploading artifact run-gyyt8plo-sweep_table; uploading artifact run-gyyt8plo-train_loss_curves_table
wandb: uploading artifact run-gyyt8plo-train_loss_curves_table
wandb: uploading artifact run-gyyt8plo-train_loss_curves_table; uploading wandb-metadata.json; uploading requirements.txt; uploading media/table/sweep_table_12_4e1396077b8debdc10a5.table.json; uploading media/table/train_loss_curves_table_12_e4959c5cbf1f5491bc00.table.json (+ 2 more)
wandb: uploading artifact run-gyyt8plo-train_loss_curves_table; uploading requirements.txt; uploading media/table/sweep_table_12_4e1396077b8debdc10a5.table.json; uploading media/table/train_loss_curves_table_12_e4959c5cbf1f5491bc00.table.json; uploading wandb-summary.json (+ 1 more)
wandb: uploading artifact run-gyyt8plo-train_loss_curves_table; uploading media/table/train_loss_curves_table_12_e4959c5cbf1f5491bc00.table.json
wandb: uploading artifact run-gyyt8plo-train_loss_curves_table
wandb: uploading history steps 0-12, summary
wandb: 
wandb: Run history:
wandb: sweep/delta_norm ▁▁▁▁▁▁▁▂▂▃▅█
wandb: sweep/forgetting ▁▁▁▁▁▁▁▂▃▄▅█
wandb:    sweep/ft_loss ███▇▇▇▆▅▄▂▁▁
wandb:   sweep/log10_lr ▁▂▂▃▄▄▅▅▆▇▇█
wandb:         sweep/lr ▁▁▁▁▁▁▂▂▂▃▅█
wandb:      sweep/point ▁▂▂▃▄▄▅▅▆▇▇█
wandb:    sweep/pt_loss ▁▁▁▁▁▁▁▂▃▄▅█
wandb: 
wandb: Run summary:
wandb:     base/ft_loss 8.59808
wandb:  base/param_norm 5.23221
wandb:     base/pt_loss 7.10252
wandb: sweep/delta_norm 225.2407
wandb: sweep/forgetting 0.62095
wandb:    sweep/ft_loss 6.57286
wandb:   sweep/log10_lr -2.52288
wandb:         sweep/lr 0.003
wandb:      sweep/point 11
wandb:    sweep/pt_loss 7.72348
wandb: 
wandb: 🚀 View run sgd_tulu3 at: https://wandb.ai/dcll-iiitd/Forgetting-NanoGPT/runs/gyyt8plo
wandb: ⭐️ View project at: https://wandb.ai/dcll-iiitd/Forgetting-NanoGPT
wandb: Synced 4 W&B file(s), 2 media file(s), 4 artifact file(s) and 0 other file(s)
wandb: Find logs at: ./wandb/run-20260929_151522-gyyt8plo/logs
