  Loading CPT model architecture: gpt2 in bfloat16...
[nanogpt|adam|musicpile] base: pt_loss=3.1699 ft_loss=3.6206
`loss_type=None` was set in the config but it is unrecognized. Using the default loss: `ForCausalLMLoss`.
  lr=1e-05: ft_loss=3.5207 pt_loss=3.1787 dPT=+0.0088 ||dtheta||=1.583 (28s)
  lr=1.68e-05: ft_loss=3.4806 pt_loss=3.1853 dPT=+0.0155 ||dtheta||=2.468 (28s)
  lr=2.82e-05: ft_loss=3.4289 pt_loss=3.1905 dPT=+0.0207 ||dtheta||=3.813 (28s)
  lr=4.74e-05: ft_loss=3.3655 pt_loss=3.1950 dPT=+0.0251 ||dtheta||=5.878 (28s)
  lr=7.96e-05: ft_loss=3.2982 pt_loss=3.2040 dPT=+0.0342 ||dtheta||=9.089 (28s)
  lr=0.000134: ft_loss=3.2342 pt_loss=3.2168 dPT=+0.0469 ||dtheta||=14.059 (28s)
  lr=0.000224: ft_loss=3.1821 pt_loss=3.2337 dPT=+0.0638 ||dtheta||=21.565 (28s)
  lr=0.000377: ft_loss=3.1385 pt_loss=3.2558 dPT=+0.0860 ||dtheta||=33.505 (27s)
  lr=0.000633: ft_loss=3.1086 pt_loss=3.2818 dPT=+0.1120 ||dtheta||=52.137 (28s)
  lr=0.00106: ft_loss=3.1025 pt_loss=3.3257 dPT=+0.1559 ||dtheta||=81.591 (28s)
  lr=0.00179: ft_loss=3.1290 pt_loss=3.4117 dPT=+0.2418 ||dtheta||=129.373 (28s)
  lr=0.003: ft_loss=3.2320 pt_loss=3.5713 dPT=+0.4014 ||dtheta||=201.001 (28s)
wandb: [wandb.login()] Loaded credentials for https://api.wandb.ai from /home/anant/.netrc.
wandb: Currently logged in as: anant-jain (dcll-iiitd) to https://api.wandb.ai. Use `wandb login --relogin` to force relogin
wandb: setting up run xng1rpci
wandb: Tracking run with wandb version 0.29.0
wandb: Run data is saved locally in /home/anant/atlas_opt/wandb/run-20260929_150853-xng1rpci
wandb: Run `wandb offline` to turn off syncing.
wandb: Syncing run adam_musicpile
wandb: ⭐️ View project at https://wandb.ai/dcll-iiitd/Forgetting-NanoGPT
wandb: 🚀 View run at https://wandb.ai/dcll-iiitd/Forgetting-NanoGPT/runs/xng1rpci
wandb: updating run metadata; uploading artifact run-xng1rpci-sweep_table; uploading artifact run-xng1rpci-train_loss_curves_table
wandb: uploading artifact run-xng1rpci-sweep_table; uploading artifact run-xng1rpci-train_loss_curves_table
wandb: uploading artifact run-xng1rpci-sweep_table; uploading artifact run-xng1rpci-train_loss_curves_table; uploading wandb-summary.json; uploading config.yaml; uploading wandb-metadata.json (+ 3 more)
wandb: uploading artifact run-xng1rpci-sweep_table; uploading artifact run-xng1rpci-train_loss_curves_table; uploading config.yaml; uploading wandb-metadata.json; uploading requirements.txt (+ 2 more)
wandb: uploading artifact run-xng1rpci-sweep_table; uploading artifact run-xng1rpci-train_loss_curves_table; uploading media/table/train_loss_curves_table_12_91ecbb0b4c3dd148de0a.table.json
wandb: uploading artifact run-xng1rpci-sweep_table; uploading artifact run-xng1rpci-train_loss_curves_table
wandb: uploading history steps 0-12, summary
wandb: 
wandb: Run history:
wandb: sweep/delta_norm ▁▁▁▁▁▁▂▂▃▄▅█
wandb: sweep/forgetting ▁▁▁▁▁▂▂▂▃▄▅█
wandb:    sweep/ft_loss █▇▆▅▄▃▂▂▁▁▁▃
wandb:   sweep/log10_lr ▁▂▂▃▄▄▅▅▆▇▇█
wandb:         sweep/lr ▁▁▁▁▁▁▂▂▂▃▅█
wandb:      sweep/point ▁▂▂▃▄▄▅▅▆▇▇█
wandb:    sweep/pt_loss ▁▁▁▁▁▂▂▂▃▄▅█
wandb: 
wandb: Run summary:
wandb:     base/ft_loss 3.62057
wandb:  base/param_norm 1564.77799
wandb:     base/pt_loss 3.16986
wandb: sweep/delta_norm 201.00131
wandb: sweep/forgetting 0.40144
wandb:    sweep/ft_loss 3.23203
wandb:   sweep/log10_lr -2.52288
wandb:         sweep/lr 0.003
wandb:      sweep/point 11
wandb:    sweep/pt_loss 3.5713
wandb: 
wandb: 🚀 View run adam_musicpile at: https://wandb.ai/dcll-iiitd/Forgetting-NanoGPT/runs/xng1rpci
wandb: ⭐️ View project at: https://wandb.ai/dcll-iiitd/Forgetting-NanoGPT
wandb: Synced 4 W&B file(s), 2 media file(s), 4 artifact file(s) and 0 other file(s)
wandb: Find logs at: ./wandb/run-20260929_150853-xng1rpci/logs
