  Loading CPT model architecture: gpt2 in bfloat16...
[nanogpt|fsam_frob_muon_stale|codeparrot] base: pt_loss=3.5612 ft_loss=3.6366
`loss_type=None` was set in the config but it is unrecognized. Using the default loss: `ForCausalLMLoss`.
  lr=1e-05: ft_loss=3.2490 pt_loss=3.5754 dPT=+0.0142 ||dtheta||=1.876 (28s)
  lr=1.68e-05: ft_loss=3.1619 pt_loss=3.5844 dPT=+0.0232 ||dtheta||=2.879 (28s)
  lr=2.82e-05: ft_loss=3.0421 pt_loss=3.5969 dPT=+0.0358 ||dtheta||=4.561 (28s)
  lr=4.74e-05: ft_loss=2.9057 pt_loss=3.6144 dPT=+0.0532 ||dtheta||=7.223 (28s)
  lr=7.96e-05: ft_loss=2.7674 pt_loss=3.6332 dPT=+0.0720 ||dtheta||=11.256 (28s)
  lr=0.000134: ft_loss=2.5907 pt_loss=3.6598 dPT=+0.0986 ||dtheta||=18.158 (28s)
  lr=0.000224: ft_loss=2.4550 pt_loss=3.7057 dPT=+0.1445 ||dtheta||=27.872 (28s)
  lr=0.000377: ft_loss=2.3248 pt_loss=3.7657 dPT=+0.2045 ||dtheta||=44.028 (28s)
  lr=0.000633: ft_loss=2.2560 pt_loss=3.8775 dPT=+0.3164 ||dtheta||=64.773 (28s)
  lr=0.00106: ft_loss=2.2341 pt_loss=4.0291 dPT=+0.4679 ||dtheta||=99.966 (28s)
  lr=0.00179: ft_loss=2.3121 pt_loss=4.4435 dPT=+0.8823 ||dtheta||=145.049 (28s)
  lr=0.003: ft_loss=2.8539 pt_loss=5.7182 dPT=+2.1570 ||dtheta||=209.092 (28s)
wandb: [wandb.login()] Loaded credentials for https://api.wandb.ai from /home/anant/.netrc.
wandb: Currently logged in as: anant-jain (dcll-iiitd) to https://api.wandb.ai. Use `wandb login --relogin` to force relogin
wandb: setting up run 4r5czg2n
wandb: Tracking run with wandb version 0.29.0
wandb: Run data is saved locally in /home/anant/atlas_opt/wandb/run-20260930_163839-4r5czg2n
wandb: Run `wandb offline` to turn off syncing.
wandb: Syncing run fsam_frob_muon_stale_codeparrot
wandb: ⭐️ View project at https://wandb.ai/dcll-iiitd/Forgetting-NanoGPT
wandb: 🚀 View run at https://wandb.ai/dcll-iiitd/Forgetting-NanoGPT/runs/4r5czg2n
wandb: updating run metadata; uploading artifact run-4r5czg2n-sweep_table; uploading artifact run-4r5czg2n-train_loss_curves_table
wandb: uploading artifact run-4r5czg2n-sweep_table; uploading artifact run-4r5czg2n-train_loss_curves_table
wandb: uploading artifact run-4r5czg2n-sweep_table; uploading artifact run-4r5czg2n-train_loss_curves_table; uploading wandb-metadata.json; uploading requirements.txt; uploading media/table/sweep_table_12_00e0ccaf8a8589210eb6.table.json (+ 3 more)
wandb: uploading artifact run-4r5czg2n-sweep_table; uploading artifact run-4r5czg2n-train_loss_curves_table; uploading media/table/train_loss_curves_table_12_fbd0059b6cbd6c63fc1b.table.json
wandb: uploading artifact run-4r5czg2n-train_loss_curves_table
wandb: uploading history steps 0-12, summary
wandb: 
wandb: Run history:
wandb: sweep/delta_norm ▁▁▁▁▁▂▂▂▃▄▆█
wandb: sweep/forgetting ▁▁▁▁▁▁▁▂▂▂▄█
wandb:    sweep/ft_loss █▇▇▆▅▃▃▂▁▁▂▅
wandb:   sweep/log10_lr ▁▂▂▃▄▄▅▅▆▇▇█
wandb:         sweep/lr ▁▁▁▁▁▁▂▂▂▃▅█
wandb:      sweep/point ▁▂▂▃▄▄▅▅▆▇▇█
wandb:    sweep/pt_loss ▁▁▁▁▁▁▁▂▂▂▄█
wandb: 
wandb: Run summary:
wandb:     base/ft_loss 3.63662
wandb:  base/param_norm 1000.29443
wandb:     base/pt_loss 3.56118
wandb: sweep/delta_norm 209.09235
wandb: sweep/forgetting 2.157
wandb:    sweep/ft_loss 2.85386
wandb:   sweep/log10_lr -2.52288
wandb:         sweep/lr 0.003
wandb:      sweep/point 11
wandb:    sweep/pt_loss 5.71818
wandb: 
wandb: 🚀 View run fsam_frob_muon_stale_codeparrot at: https://wandb.ai/dcll-iiitd/Forgetting-NanoGPT/runs/4r5czg2n
wandb: ⭐️ View project at: https://wandb.ai/dcll-iiitd/Forgetting-NanoGPT
wandb: Synced 4 W&B file(s), 2 media file(s), 4 artifact file(s) and 0 other file(s)
wandb: Find logs at: ./wandb/run-20260930_163839-4r5czg2n/logs
