  Loading CPT model architecture: gpt2 in bfloat16...
[nanogpt|fsam_ortho_muon_stale|codeparrot] base: pt_loss=3.2075 ft_loss=2.8482
`loss_type=None` was set in the config but it is unrecognized. Using the default loss: `ForCausalLMLoss`.
  lr=1e-05: ft_loss=2.5639 pt_loss=3.2115 dPT=+0.0040 ||dtheta||=2.195 (28s)
  lr=1.68e-05: ft_loss=2.4485 pt_loss=3.2148 dPT=+0.0073 ||dtheta||=3.279 (28s)
  lr=2.82e-05: ft_loss=2.3343 pt_loss=3.2192 dPT=+0.0117 ||dtheta||=4.951 (28s)
  lr=4.74e-05: ft_loss=2.2213 pt_loss=3.2251 dPT=+0.0176 ||dtheta||=7.553 (28s)
  lr=7.96e-05: ft_loss=2.1151 pt_loss=3.2329 dPT=+0.0255 ||dtheta||=11.511 (28s)
  lr=0.000134: ft_loss=2.0275 pt_loss=3.2429 dPT=+0.0355 ||dtheta||=17.513 (28s)
  lr=0.000224: ft_loss=1.9527 pt_loss=3.2581 dPT=+0.0506 ||dtheta||=26.730 (28s)
  lr=0.000377: ft_loss=1.8873 pt_loss=3.2767 dPT=+0.0692 ||dtheta||=41.128 (28s)
  lr=0.000633: ft_loss=1.8338 pt_loss=3.3120 dPT=+0.1045 ||dtheta||=63.295 (28s)
  lr=0.00106: ft_loss=1.8157 pt_loss=3.3727 dPT=+0.1652 ||dtheta||=96.848 (28s)
  lr=0.00179: ft_loss=1.8124 pt_loss=3.4798 dPT=+0.2723 ||dtheta||=151.460 (27s)
  lr=0.003: ft_loss=1.8594 pt_loss=3.7748 dPT=+0.5674 ||dtheta||=232.700 (28s)
wandb: [wandb.login()] Loaded credentials for https://api.wandb.ai from /home/anant/.netrc.
wandb: Currently logged in as: anant-jain (dcll-iiitd) to https://api.wandb.ai. Use `wandb login --relogin` to force relogin
wandb: setting up run y8jfipd0
wandb: Tracking run with wandb version 0.29.0
wandb: Run data is saved locally in /home/anant/atlas_opt/wandb/run-20260929_045745-y8jfipd0
wandb: Run `wandb offline` to turn off syncing.
wandb: Syncing run fsam_ortho_muon_stale_codeparrot
wandb: ⭐️ View project at https://wandb.ai/dcll-iiitd/Forgetting-NanoGPT
wandb: 🚀 View run at https://wandb.ai/dcll-iiitd/Forgetting-NanoGPT/runs/y8jfipd0
wandb: updating run metadata; uploading artifact run-y8jfipd0-sweep_table; uploading artifact run-y8jfipd0-train_loss_curves_table
wandb: uploading artifact run-y8jfipd0-sweep_table; uploading artifact run-y8jfipd0-train_loss_curves_table
wandb: uploading artifact run-y8jfipd0-train_loss_curves_table
wandb: uploading artifact run-y8jfipd0-train_loss_curves_table; uploading media/table/sweep_table_12_d7054ceffba08443050f.table.json; uploading wandb-summary.json; uploading config.yaml
wandb: uploading history steps 0-12, summary
wandb: 
wandb: Run history:
wandb: sweep/delta_norm ▁▁▁▁▁▁▂▂▃▄▆█
wandb: sweep/forgetting ▁▁▁▁▁▁▂▂▂▃▄█
wandb:    sweep/ft_loss █▇▆▅▄▃▂▂▁▁▁▁
wandb:   sweep/log10_lr ▁▂▂▃▄▄▅▅▆▇▇█
wandb:         sweep/lr ▁▁▁▁▁▁▂▂▂▃▅█
wandb:      sweep/point ▁▂▂▃▄▄▅▅▆▇▇█
wandb:    sweep/pt_loss ▁▁▁▁▁▁▂▂▂▃▄█
wandb: 
wandb: Run summary:
wandb:     base/ft_loss 2.84822
wandb:  base/param_norm 1726.84456
wandb:     base/pt_loss 3.20746
wandb: sweep/delta_norm 232.69984
wandb: sweep/forgetting 0.56737
wandb:    sweep/ft_loss 1.85936
wandb:   sweep/log10_lr -2.52288
wandb:         sweep/lr 0.003
wandb:      sweep/point 11
wandb:    sweep/pt_loss 3.77483
wandb: 
wandb: 🚀 View run fsam_ortho_muon_stale_codeparrot at: https://wandb.ai/dcll-iiitd/Forgetting-NanoGPT/runs/y8jfipd0
wandb: ⭐️ View project at: https://wandb.ai/dcll-iiitd/Forgetting-NanoGPT
wandb: Synced 4 W&B file(s), 2 media file(s), 4 artifact file(s) and 0 other file(s)
wandb: Find logs at: ./wandb/run-20260929_045745-y8jfipd0/logs
