  Loading CPT model architecture: gpt2 in bfloat16...
[nanogpt|fsam_ortho_muon_stale|tulu3] base: pt_loss=3.2075 ft_loss=3.1786
`loss_type=None` was set in the config but it is unrecognized. Using the default loss: `ForCausalLMLoss`.
  lr=1e-05: ft_loss=2.9488 pt_loss=3.2161 dPT=+0.0086 ||dtheta||=2.027 (28s)
  lr=1.68e-05: ft_loss=2.8843 pt_loss=3.2264 dPT=+0.0189 ||dtheta||=3.112 (28s)
  lr=2.82e-05: ft_loss=2.7917 pt_loss=3.2358 dPT=+0.0284 ||dtheta||=4.495 (28s)
  lr=4.74e-05: ft_loss=2.7061 pt_loss=3.2447 dPT=+0.0372 ||dtheta||=6.663 (28s)
  lr=7.96e-05: ft_loss=2.6185 pt_loss=3.2528 dPT=+0.0454 ||dtheta||=10.080 (28s)
  lr=0.000134: ft_loss=2.5374 pt_loss=3.2643 dPT=+0.0569 ||dtheta||=15.492 (28s)
  lr=0.000224: ft_loss=2.4621 pt_loss=3.2815 dPT=+0.0740 ||dtheta||=23.890 (28s)
  lr=0.000377: ft_loss=2.4036 pt_loss=3.3037 dPT=+0.0963 ||dtheta||=36.875 (28s)
  lr=0.000633: ft_loss=2.3571 pt_loss=3.3364 dPT=+0.1290 ||dtheta||=56.961 (28s)
  lr=0.00106: ft_loss=2.3339 pt_loss=3.3841 dPT=+0.1766 ||dtheta||=87.896 (28s)
  lr=0.00179: ft_loss=2.3307 pt_loss=3.4692 dPT=+0.2617 ||dtheta||=136.102 (28s)
  lr=0.003: ft_loss=2.3933 pt_loss=3.6199 dPT=+0.4124 ||dtheta||=211.895 (28s)
wandb: [wandb.login()] Loaded credentials for https://api.wandb.ai from /home/anant/.netrc.
wandb: Currently logged in as: anant-jain (dcll-iiitd) to https://api.wandb.ai. Use `wandb login --relogin` to force relogin
wandb: setting up run qchaym69
wandb: Tracking run with wandb version 0.29.0
wandb: Run data is saved locally in /home/anant/atlas_opt/wandb/run-20260929_051010-qchaym69
wandb: Run `wandb offline` to turn off syncing.
wandb: Syncing run fsam_ortho_muon_stale_tulu3
wandb: ⭐️ View project at https://wandb.ai/dcll-iiitd/Forgetting-NanoGPT
wandb: 🚀 View run at https://wandb.ai/dcll-iiitd/Forgetting-NanoGPT/runs/qchaym69
wandb: updating run metadata; uploading artifact run-qchaym69-sweep_table; uploading artifact run-qchaym69-train_loss_curves_table
wandb: uploading artifact run-qchaym69-sweep_table; uploading artifact run-qchaym69-train_loss_curves_table
wandb: uploading artifact run-qchaym69-sweep_table; uploading artifact run-qchaym69-train_loss_curves_table; uploading media/table/sweep_table_12_037323656bfb70979a4e.table.json; uploading media/table/train_loss_curves_table_12_875ecf2a35aec8c24200.table.json; uploading wandb-summary.json (+ 3 more)
wandb: uploading artifact run-qchaym69-train_loss_curves_table; uploading media/table/sweep_table_12_037323656bfb70979a4e.table.json; uploading media/table/train_loss_curves_table_12_875ecf2a35aec8c24200.table.json; uploading wandb-summary.json; uploading config.yaml (+ 2 more)
wandb: uploading artifact run-qchaym69-train_loss_curves_table; uploading media/table/sweep_table_12_037323656bfb70979a4e.table.json; uploading media/table/train_loss_curves_table_12_875ecf2a35aec8c24200.table.json; uploading wandb-summary.json; uploading config.yaml (+ 1 more)
wandb: uploading artifact run-qchaym69-train_loss_curves_table
wandb: uploading history steps 0-12, summary
wandb: 
wandb: Run history:
wandb: sweep/delta_norm ▁▁▁▁▁▁▂▂▃▄▅█
wandb: sweep/forgetting ▁▁▁▁▂▂▂▃▃▄▅█
wandb:    sweep/ft_loss █▇▆▅▄▃▂▂▁▁▁▂
wandb:   sweep/log10_lr ▁▂▂▃▄▄▅▅▆▇▇█
wandb:         sweep/lr ▁▁▁▁▁▁▂▂▂▃▅█
wandb:      sweep/point ▁▂▂▃▄▄▅▅▆▇▇█
wandb:    sweep/pt_loss ▁▁▁▁▂▂▂▃▃▄▅█
wandb: 
wandb: Run summary:
wandb:     base/ft_loss 3.17858
wandb:  base/param_norm 1726.84456
wandb:     base/pt_loss 3.20746
wandb: sweep/delta_norm 211.89457
wandb: sweep/forgetting 0.41245
wandb:    sweep/ft_loss 2.39332
wandb:   sweep/log10_lr -2.52288
wandb:         sweep/lr 0.003
wandb:      sweep/point 11
wandb:    sweep/pt_loss 3.61991
wandb: 
wandb: 🚀 View run fsam_ortho_muon_stale_tulu3 at: https://wandb.ai/dcll-iiitd/Forgetting-NanoGPT/runs/qchaym69
wandb: ⭐️ View project at: https://wandb.ai/dcll-iiitd/Forgetting-NanoGPT
wandb: Synced 4 W&B file(s), 2 media file(s), 4 artifact file(s) and 0 other file(s)
wandb: Find logs at: ./wandb/run-20260929_051010-qchaym69/logs
