  Loading CPT model architecture: gpt2 in bfloat16...
[nanogpt|muon_sam|tulu3] base: pt_loss=3.2031 ft_loss=3.1684
`loss_type=None` was set in the config but it is unrecognized. Using the default loss: `ForCausalLMLoss`.
  lr=1e-05: ft_loss=2.9526 pt_loss=3.2176 dPT=+0.0145 ||dtheta||=2.027 (28s)
  lr=1.68e-05: ft_loss=2.8858 pt_loss=3.2325 dPT=+0.0293 ||dtheta||=3.068 (28s)
  lr=2.82e-05: ft_loss=2.7869 pt_loss=3.2406 dPT=+0.0375 ||dtheta||=4.416 (28s)
  lr=4.74e-05: ft_loss=2.7018 pt_loss=3.2455 dPT=+0.0424 ||dtheta||=6.562 (28s)
  lr=7.96e-05: ft_loss=2.6149 pt_loss=3.2508 dPT=+0.0477 ||dtheta||=9.967 (28s)
  lr=0.000134: ft_loss=2.5364 pt_loss=3.2627 dPT=+0.0596 ||dtheta||=15.319 (28s)
  lr=0.000224: ft_loss=2.4607 pt_loss=3.2801 dPT=+0.0770 ||dtheta||=23.632 (28s)
  lr=0.000377: ft_loss=2.3985 pt_loss=3.3036 dPT=+0.1005 ||dtheta||=36.708 (28s)
  lr=0.000633: ft_loss=2.3489 pt_loss=3.3367 dPT=+0.1336 ||dtheta||=56.927 (28s)
  lr=0.00106: ft_loss=2.3283 pt_loss=3.3858 dPT=+0.1826 ||dtheta||=87.769 (28s)
  lr=0.00179: ft_loss=2.3344 pt_loss=3.4672 dPT=+0.2641 ||dtheta||=136.751 (28s)
  lr=0.003: ft_loss=2.3768 pt_loss=3.6162 dPT=+0.4131 ||dtheta||=210.999 (28s)
wandb: [wandb.login()] Loaded credentials for https://api.wandb.ai from /home/anant/.netrc.
wandb: Currently logged in as: anant-jain (dcll-iiitd) to https://api.wandb.ai. Use `wandb login --relogin` to force relogin
wandb: setting up run 16jtf61w
wandb: Tracking run with wandb version 0.29.0
wandb: Run data is saved locally in /home/anant/atlas_opt/wandb/run-20260929_164530-16jtf61w
wandb: Run `wandb offline` to turn off syncing.
wandb: Syncing run muon_sam_tulu3
wandb: ⭐️ View project at https://wandb.ai/dcll-iiitd/Forgetting-NanoGPT
wandb: 🚀 View run at https://wandb.ai/dcll-iiitd/Forgetting-NanoGPT/runs/16jtf61w
wandb: updating run metadata; uploading artifact run-16jtf61w-sweep_table; uploading artifact run-16jtf61w-train_loss_curves_table
wandb: uploading artifact run-16jtf61w-sweep_table; uploading artifact run-16jtf61w-train_loss_curves_table; uploading requirements.txt; uploading media/table/sweep_table_12_a3d5e08bb3d4d3a5e495.table.json; uploading media/table/train_loss_curves_table_12_c31811300b6949f4911f.table.json (+ 2 more)
wandb: uploading artifact run-16jtf61w-sweep_table; uploading artifact run-16jtf61w-train_loss_curves_table; uploading media/table/sweep_table_12_a3d5e08bb3d4d3a5e495.table.json; uploading media/table/train_loss_curves_table_12_c31811300b6949f4911f.table.json; uploading wandb-summary.json (+ 1 more)
wandb: uploading artifact run-16jtf61w-sweep_table; uploading artifact run-16jtf61w-train_loss_curves_table; uploading media/table/train_loss_curves_table_12_c31811300b6949f4911f.table.json
wandb: uploading artifact run-16jtf61w-sweep_table; uploading artifact run-16jtf61w-train_loss_curves_table
wandb: uploading artifact run-16jtf61w-train_loss_curves_table
wandb: uploading config.yaml
wandb: uploading history steps 0-12, summary
wandb: 
wandb: Run history:
wandb: sweep/delta_norm ▁▁▁▁▁▁▂▂▃▄▆█
wandb: sweep/forgetting ▁▁▁▁▂▂▂▃▃▄▅█
wandb:    sweep/ft_loss █▇▆▅▄▃▂▂▁▁▁▂
wandb:   sweep/log10_lr ▁▂▂▃▄▄▅▅▆▇▇█
wandb:         sweep/lr ▁▁▁▁▁▁▂▂▂▃▅█
wandb:      sweep/point ▁▂▂▃▄▄▅▅▆▇▇█
wandb:    sweep/pt_loss ▁▁▁▁▂▂▂▃▃▄▅█
wandb: 
wandb: Run summary:
wandb:     base/ft_loss 3.16843
wandb:  base/param_norm 1731.49449
wandb:     base/pt_loss 3.20313
wandb: sweep/delta_norm 210.99929
wandb: sweep/forgetting 0.41305
wandb:    sweep/ft_loss 2.37685
wandb:   sweep/log10_lr -2.52288
wandb:         sweep/lr 0.003
wandb:      sweep/point 11
wandb:    sweep/pt_loss 3.61619
wandb: 
wandb: 🚀 View run muon_sam_tulu3 at: https://wandb.ai/dcll-iiitd/Forgetting-NanoGPT/runs/16jtf61w
wandb: ⭐️ View project at: https://wandb.ai/dcll-iiitd/Forgetting-NanoGPT
wandb: Synced 4 W&B file(s), 2 media file(s), 4 artifact file(s) and 0 other file(s)
wandb: Find logs at: ./wandb/run-20260929_164530-16jtf61w/logs
