  Loading CPT model architecture: gpt2 in bfloat16...
[nanogpt|fsam_ortho|codeparrot] base: pt_loss=7.2313 ft_loss=8.8635
`loss_type=None` was set in the config but it is unrecognized. Using the default loss: `ForCausalLMLoss`.
  lr=1e-05: ft_loss=5.9951 pt_loss=7.3480 dPT=+0.1167 ||dtheta||=1.903 (28s)
  lr=1.68e-05: ft_loss=5.8175 pt_loss=7.4111 dPT=+0.1798 ||dtheta||=3.019 (28s)
  lr=2.82e-05: ft_loss=5.6027 pt_loss=7.5188 dPT=+0.2875 ||dtheta||=4.828 (28s)
  lr=4.74e-05: ft_loss=5.3074 pt_loss=7.6529 dPT=+0.4216 ||dtheta||=7.998 (28s)
  lr=7.96e-05: ft_loss=5.0083 pt_loss=7.7788 dPT=+0.5475 ||dtheta||=13.010 (28s)
  lr=0.000134: ft_loss=4.7879 pt_loss=8.0833 dPT=+0.8520 ||dtheta||=21.027 (28s)
  lr=0.000224: ft_loss=4.6392 pt_loss=8.3262 dPT=+1.0949 ||dtheta||=32.779 (28s)
  lr=0.000377: ft_loss=4.9752 pt_loss=9.5081 dPT=+2.2768 ||dtheta||=44.376 (28s)
  lr=0.000633: ft_loss=4.7458 pt_loss=9.0689 dPT=+1.8376 ||dtheta||=60.038 (28s)
  lr=0.00106: ft_loss=4.7798 pt_loss=9.2722 dPT=+2.0409 ||dtheta||=92.084 (28s)
  lr=0.00179: ft_loss=4.8154 pt_loss=9.4386 dPT=+2.2073 ||dtheta||=126.778 (28s)
  lr=0.003: ft_loss=5.0086 pt_loss=9.8385 dPT=+2.6072 ||dtheta||=172.996 (28s)
wandb: [wandb.login()] Loaded credentials for https://api.wandb.ai from /home/anant/.netrc.
wandb: Currently logged in as: anant-jain (dcll-iiitd) to https://api.wandb.ai. Use `wandb login --relogin` to force relogin
wandb: setting up run jp96g1fb
wandb: Tracking run with wandb version 0.29.0
wandb: Run data is saved locally in /home/anant/atlas_opt/wandb/run-20260930_163836-jp96g1fb
wandb: Run `wandb offline` to turn off syncing.
wandb: Syncing run fsam_ortho_codeparrot
wandb: ⭐️ View project at https://wandb.ai/dcll-iiitd/Forgetting-NanoGPT
wandb: 🚀 View run at https://wandb.ai/dcll-iiitd/Forgetting-NanoGPT/runs/jp96g1fb
wandb: updating run metadata; uploading artifact run-jp96g1fb-sweep_table; uploading artifact run-jp96g1fb-train_loss_curves_table
wandb: uploading artifact run-jp96g1fb-sweep_table; uploading artifact run-jp96g1fb-train_loss_curves_table
wandb: uploading artifact run-jp96g1fb-train_loss_curves_table
wandb: uploading artifact run-jp96g1fb-train_loss_curves_table; uploading requirements.txt; uploading media/table/sweep_table_12_513344ada1b278f40669.table.json; uploading media/table/train_loss_curves_table_12_0514855316728fd003a0.table.json; uploading wandb-summary.json (+ 1 more)
wandb: uploading wandb-summary.json; uploading config.yaml
wandb: uploading config.yaml
wandb: uploading history steps 0-12, summary
wandb: 
wandb: Run history:
wandb: sweep/delta_norm ▁▁▁▁▁▂▂▃▃▅▆█
wandb: sweep/forgetting ▁▁▁▂▂▃▄▇▆▆▇█
wandb:    sweep/ft_loss █▇▆▄▃▂▁▃▂▂▂▃
wandb:   sweep/log10_lr ▁▂▂▃▄▄▅▅▆▇▇█
wandb:         sweep/lr ▁▁▁▁▁▁▂▂▂▃▅█
wandb:      sweep/point ▁▂▂▃▄▄▅▅▆▇▇█
wandb:    sweep/pt_loss ▁▁▁▂▂▃▄▇▆▆▇█
wandb: 
wandb: Run summary:
wandb:     base/ft_loss 8.86345
wandb:  base/param_norm 235.38008
wandb:     base/pt_loss 7.2313
wandb: sweep/delta_norm 172.99629
wandb: sweep/forgetting 2.60717
wandb:    sweep/ft_loss 5.00865
wandb:   sweep/log10_lr -2.52288
wandb:         sweep/lr 0.003
wandb:      sweep/point 11
wandb:    sweep/pt_loss 9.83848
wandb: 
wandb: 🚀 View run fsam_ortho_codeparrot at: https://wandb.ai/dcll-iiitd/Forgetting-NanoGPT/runs/jp96g1fb
wandb: ⭐️ View project at: https://wandb.ai/dcll-iiitd/Forgetting-NanoGPT
wandb: Synced 4 W&B file(s), 2 media file(s), 4 artifact file(s) and 0 other file(s)
wandb: Find logs at: ./wandb/run-20260930_163836-jp96g1fb/logs
