  Loading CPT model architecture: gpt2 in bfloat16...
[nanogpt|randsam_muon|codeparrot] base: pt_loss=3.5545 ft_loss=3.5667
`loss_type=None` was set in the config but it is unrecognized. Using the default loss: `ForCausalLMLoss`.
  lr=1e-05: ft_loss=3.1940 pt_loss=3.5718 dPT=+0.0173 ||dtheta||=1.927 (28s)
  lr=1.68e-05: ft_loss=3.1107 pt_loss=3.5821 dPT=+0.0276 ||dtheta||=2.986 (28s)
  lr=2.82e-05: ft_loss=2.9990 pt_loss=3.5960 dPT=+0.0415 ||dtheta||=4.694 (28s)
  lr=4.74e-05: ft_loss=2.8717 pt_loss=3.6175 dPT=+0.0630 ||dtheta||=7.409 (28s)
  lr=7.96e-05: ft_loss=2.7263 pt_loss=3.6455 dPT=+0.0910 ||dtheta||=11.705 (28s)
  lr=0.000134: ft_loss=2.5763 pt_loss=3.6747 dPT=+0.1202 ||dtheta||=18.535 (28s)
  lr=0.000224: ft_loss=2.4451 pt_loss=3.7224 dPT=+0.1679 ||dtheta||=28.449 (28s)
  lr=0.000377: ft_loss=2.3234 pt_loss=3.7818 dPT=+0.2273 ||dtheta||=44.803 (28s)
  lr=0.000633: ft_loss=2.2756 pt_loss=3.8985 dPT=+0.3440 ||dtheta||=67.210 (28s)
  lr=0.00106: ft_loss=2.2498 pt_loss=4.0593 dPT=+0.5048 ||dtheta||=100.827 (28s)
  lr=0.00179: ft_loss=2.3066 pt_loss=4.4000 dPT=+0.8455 ||dtheta||=153.268 (28s)
  lr=0.003: ft_loss=2.7363 pt_loss=5.5379 dPT=+1.9834 ||dtheta||=229.005 (28s)
wandb: [wandb.login()] Loaded credentials for https://api.wandb.ai from /home/anant/.netrc.
wandb: Currently logged in as: anant-jain (dcll-iiitd) to https://api.wandb.ai. Use `wandb login --relogin` to force relogin
wandb: setting up run h53jflry
wandb: Tracking run with wandb version 0.29.0
wandb: Run data is saved locally in /home/anant/atlas_opt/wandb/run-20261001_203258-h53jflry
wandb: Run `wandb offline` to turn off syncing.
wandb: Syncing run randsam_muon_codeparrot
wandb: ⭐️ View project at https://wandb.ai/dcll-iiitd/Forgetting-NanoGPT
wandb: 🚀 View run at https://wandb.ai/dcll-iiitd/Forgetting-NanoGPT/runs/h53jflry
wandb: updating run metadata; uploading artifact run-h53jflry-sweep_table; uploading artifact run-h53jflry-train_loss_curves_table
wandb: uploading artifact run-h53jflry-sweep_table; uploading artifact run-h53jflry-train_loss_curves_table
wandb: uploading artifact run-h53jflry-train_loss_curves_table
wandb: uploading artifact run-h53jflry-train_loss_curves_table; uploading media/table/sweep_table_12_712d0142f572446b60cf.table.json; uploading media/table/train_loss_curves_table_12_a530d10c33c04f19acbe.table.json; uploading wandb-summary.json; uploading config.yaml (+ 2 more)
wandb: uploading history steps 0-12, summary
wandb: 
wandb: Run history:
wandb: sweep/delta_norm ▁▁▁▁▁▂▂▂▃▄▆█
wandb: sweep/forgetting ▁▁▁▁▁▁▂▂▂▃▄█
wandb:    sweep/ft_loss █▇▇▆▅▃▂▂▁▁▁▅
wandb:   sweep/log10_lr ▁▂▂▃▄▄▅▅▆▇▇█
wandb:         sweep/lr ▁▁▁▁▁▁▂▂▂▃▅█
wandb:      sweep/point ▁▂▂▃▄▄▅▅▆▇▇█
wandb:    sweep/pt_loss ▁▁▁▁▁▁▂▂▂▃▄█
wandb: 
wandb: Run summary:
wandb:     base/ft_loss 3.5667
wandb:  base/param_norm 1016.48519
wandb:     base/pt_loss 3.5545
wandb: sweep/delta_norm 229.00516
wandb: sweep/forgetting 1.98338
wandb:    sweep/ft_loss 2.73627
wandb:   sweep/log10_lr -2.52288
wandb:         sweep/lr 0.003
wandb:      sweep/point 11
wandb:    sweep/pt_loss 5.53788
wandb: 
wandb: 🚀 View run randsam_muon_codeparrot at: https://wandb.ai/dcll-iiitd/Forgetting-NanoGPT/runs/h53jflry
wandb: ⭐️ View project at: https://wandb.ai/dcll-iiitd/Forgetting-NanoGPT
wandb: Synced 4 W&B file(s), 2 media file(s), 4 artifact file(s) and 0 other file(s)
wandb: Find logs at: ./wandb/run-20261001_203258-h53jflry/logs
