  Loading CPT model architecture: gpt2 in bfloat16...
[nanogpt|fsam|tulu3] base: pt_loss=3.2794 ft_loss=2.6970
`loss_type=None` was set in the config but it is unrecognized. Using the default loss: `ForCausalLMLoss`.
  lr=1e-05: ft_loss=2.5058 pt_loss=3.3266 dPT=+0.0472 ||dtheta||=1.685 (28s)
  lr=1.68e-05: ft_loss=2.4525 pt_loss=3.3349 dPT=+0.0555 ||dtheta||=2.423 (28s)
  lr=2.82e-05: ft_loss=2.4027 pt_loss=3.3395 dPT=+0.0601 ||dtheta||=3.593 (28s)
  lr=4.74e-05: ft_loss=2.3509 pt_loss=3.3478 dPT=+0.0684 ||dtheta||=5.460 (28s)
  lr=7.96e-05: ft_loss=2.2995 pt_loss=3.3649 dPT=+0.0855 ||dtheta||=8.420 (28s)
  lr=0.000134: ft_loss=2.2584 pt_loss=3.3853 dPT=+0.1059 ||dtheta||=12.967 (28s)
  lr=0.000224: ft_loss=2.2266 pt_loss=3.4029 dPT=+0.1234 ||dtheta||=19.891 (28s)
  lr=0.000377: ft_loss=2.1976 pt_loss=3.4225 dPT=+0.1431 ||dtheta||=31.482 (28s)
  lr=0.000633: ft_loss=2.1932 pt_loss=3.4619 dPT=+0.1824 ||dtheta||=50.393 (28s)
  lr=0.00106: ft_loss=2.2028 pt_loss=3.5307 dPT=+0.2513 ||dtheta||=80.022 (28s)
  lr=0.00179: ft_loss=2.2520 pt_loss=3.6652 dPT=+0.3858 ||dtheta||=128.840 (28s)
  lr=0.003: ft_loss=2.4246 pt_loss=3.9475 dPT=+0.6681 ||dtheta||=206.502 (28s)
wandb: [wandb.login()] Loaded credentials for https://api.wandb.ai from /home/anant/.netrc.
wandb: Currently logged in as: anant-jain (dcll-iiitd) to https://api.wandb.ai. Use `wandb login --relogin` to force relogin
wandb: setting up run hyl540ih
wandb: Tracking run with wandb version 0.29.0
wandb: Run data is saved locally in /home/anant/atlas_opt/wandb/run-20260929_164531-hyl540ih
wandb: Run `wandb offline` to turn off syncing.
wandb: Syncing run fsam_tulu3
wandb: ⭐️ View project at https://wandb.ai/dcll-iiitd/Forgetting-NanoGPT
wandb: 🚀 View run at https://wandb.ai/dcll-iiitd/Forgetting-NanoGPT/runs/hyl540ih
wandb: updating run metadata; uploading artifact run-hyl540ih-sweep_table; uploading artifact run-hyl540ih-train_loss_curves_table
wandb: uploading artifact run-hyl540ih-sweep_table; uploading artifact run-hyl540ih-train_loss_curves_table
wandb: uploading artifact run-hyl540ih-train_loss_curves_table; uploading media/table/sweep_table_12_a4f9710359a75eb31907.table.json; uploading media/table/train_loss_curves_table_12_f60ee9971eb83238c13e.table.json; uploading wandb-summary.json; uploading config.yaml (+ 2 more)
wandb: uploading artifact run-hyl540ih-train_loss_curves_table
wandb: 
wandb: Run history:
wandb: sweep/delta_norm ▁▁▁▁▁▁▂▂▃▄▅█
wandb: sweep/forgetting ▁▁▁▁▁▂▂▂▃▃▅█
wandb:    sweep/ft_loss █▇▆▅▃▂▂▁▁▁▂▆
wandb:   sweep/log10_lr ▁▂▂▃▄▄▅▅▆▇▇█
wandb:         sweep/lr ▁▁▁▁▁▁▂▂▂▃▅█
wandb:      sweep/point ▁▂▂▃▄▄▅▅▆▇▇█
wandb:    sweep/pt_loss ▁▁▁▁▁▂▂▂▃▃▅█
wandb: 
wandb: Run summary:
wandb:     base/ft_loss 2.697
wandb:  base/param_norm 1505.57939
wandb:     base/pt_loss 3.27943
wandb: sweep/delta_norm 206.50176
wandb: sweep/forgetting 0.6681
wandb:    sweep/ft_loss 2.42463
wandb:   sweep/log10_lr -2.52288
wandb:         sweep/lr 0.003
wandb:      sweep/point 11
wandb:    sweep/pt_loss 3.94753
wandb: 
wandb: 🚀 View run fsam_tulu3 at: https://wandb.ai/dcll-iiitd/Forgetting-NanoGPT/runs/hyl540ih
wandb: ⭐️ View project at: https://wandb.ai/dcll-iiitd/Forgetting-NanoGPT
wandb: Synced 4 W&B file(s), 2 media file(s), 4 artifact file(s) and 0 other file(s)
wandb: Find logs at: ./wandb/run-20260929_164531-hyl540ih/logs
