  Loading CPT model architecture: gpt2 in bfloat16...
[nanogpt|sam_ortho|musicpile] base: pt_loss=7.2814 ft_loss=8.8569
`loss_type=None` was set in the config but it is unrecognized. Using the default loss: `ForCausalLMLoss`.
  lr=1e-05: ft_loss=8.2682 pt_loss=7.3297 dPT=+0.0483 ||dtheta||=1.820 (28s)
  lr=1.68e-05: ft_loss=8.1070 pt_loss=7.3372 dPT=+0.0559 ||dtheta||=2.839 (28s)
  lr=2.82e-05: ft_loss=7.9005 pt_loss=7.3387 dPT=+0.0573 ||dtheta||=4.535 (28s)
  lr=4.74e-05: ft_loss=7.6179 pt_loss=7.3298 dPT=+0.0484 ||dtheta||=7.362 (28s)
  lr=7.96e-05: ft_loss=7.2599 pt_loss=7.3063 dPT=+0.0249 ||dtheta||=11.985 (28s)
  lr=0.000134: ft_loss=6.8930 pt_loss=7.2823 dPT=+0.0009 ||dtheta||=19.154 (28s)
  lr=0.000224: ft_loss=6.6051 pt_loss=7.2380 dPT=-0.0434 ||dtheta||=28.985 (28s)
  lr=0.000377: ft_loss=6.4608 pt_loss=7.1969 dPT=-0.0845 ||dtheta||=41.080 (28s)
  lr=0.000633: ft_loss=6.9206 pt_loss=7.5536 dPT=+0.2722 ||dtheta||=53.506 (28s)
  lr=0.00106: ft_loss=7.3402 pt_loss=8.0685 dPT=+0.7871 ||dtheta||=69.366 (28s)
  lr=0.00179: ft_loss=7.7463 pt_loss=8.4047 dPT=+1.1233 ||dtheta||=107.181 (28s)
  lr=0.003: ft_loss=7.6442 pt_loss=8.2700 dPT=+0.9886 ||dtheta||=164.140 (28s)
wandb: [wandb.login()] Loaded credentials for https://api.wandb.ai from /home/anant/.netrc.
wandb: Currently logged in as: anant-jain (dcll-iiitd) to https://api.wandb.ai. Use `wandb login --relogin` to force relogin
wandb: setting up run ihq7ksv2
wandb: Tracking run with wandb version 0.29.0
wandb: Run data is saved locally in /home/anant/atlas_opt/wandb/run-20260930_164454-ihq7ksv2
wandb: Run `wandb offline` to turn off syncing.
wandb: Syncing run sam_ortho_musicpile
wandb: ⭐️ View project at https://wandb.ai/dcll-iiitd/Forgetting-NanoGPT
wandb: 🚀 View run at https://wandb.ai/dcll-iiitd/Forgetting-NanoGPT/runs/ihq7ksv2
wandb: updating run metadata; uploading artifact run-ihq7ksv2-sweep_table; uploading artifact run-ihq7ksv2-train_loss_curves_table
wandb: uploading artifact run-ihq7ksv2-sweep_table; uploading artifact run-ihq7ksv2-train_loss_curves_table
wandb: uploading artifact run-ihq7ksv2-train_loss_curves_table; uploading wandb-summary.json; uploading config.yaml; uploading wandb-metadata.json; uploading requirements.txt (+ 1 more)
wandb: uploading artifact run-ihq7ksv2-train_loss_curves_table
wandb: uploading history steps 0-12, summary
wandb: 
wandb: Run history:
wandb: sweep/delta_norm ▁▁▁▁▁▂▂▃▃▄▆█
wandb: sweep/forgetting ▂▂▂▂▂▁▁▁▃▆█▇
wandb:    sweep/ft_loss █▇▇▅▄▃▂▁▃▄▆▆
wandb:   sweep/log10_lr ▁▂▂▃▄▄▅▅▆▇▇█
wandb:         sweep/lr ▁▁▁▁▁▁▂▂▂▃▅█
wandb:      sweep/point ▁▂▂▃▄▄▅▅▆▇▇█
wandb:    sweep/pt_loss ▂▂▂▂▂▁▁▁▃▆█▇
wandb: 
wandb: Run summary:
wandb:     base/ft_loss 8.85687
wandb:  base/param_norm 235.37702
wandb:     base/pt_loss 7.28139
wandb: sweep/delta_norm 164.13956
wandb: sweep/forgetting 0.98864
wandb:    sweep/ft_loss 7.64418
wandb:   sweep/log10_lr -2.52288
wandb:         sweep/lr 0.003
wandb:      sweep/point 11
wandb:    sweep/pt_loss 8.27003
wandb: 
wandb: 🚀 View run sam_ortho_musicpile at: https://wandb.ai/dcll-iiitd/Forgetting-NanoGPT/runs/ihq7ksv2
wandb: ⭐️ View project at: https://wandb.ai/dcll-iiitd/Forgetting-NanoGPT
wandb: Synced 4 W&B file(s), 2 media file(s), 4 artifact file(s) and 0 other file(s)
wandb: Find logs at: ./wandb/run-20260930_164454-ihq7ksv2/logs
