  Loading CPT model architecture: gpt2 in bfloat16...
[nanogpt|sgd|musicpile] base: pt_loss=7.1025 ft_loss=8.7769
`loss_type=None` was set in the config but it is unrecognized. Using the default loss: `ForCausalLMLoss`.
  lr=1e-05: ft_loss=8.6527 pt_loss=7.1546 dPT=+0.0521 ||dtheta||=1.101 (28s)
  lr=1.68e-05: ft_loss=8.6140 pt_loss=7.1535 dPT=+0.0510 ||dtheta||=1.558 (27s)
  lr=2.82e-05: ft_loss=8.5649 pt_loss=7.1374 dPT=+0.0349 ||dtheta||=2.218 (27s)
  lr=4.74e-05: ft_loss=8.4967 pt_loss=7.1231 dPT=+0.0206 ||dtheta||=3.444 (27s)
  lr=7.96e-05: ft_loss=8.4145 pt_loss=7.1192 dPT=+0.0167 ||dtheta||=5.059 (27s)
  lr=0.000134: ft_loss=8.3009 pt_loss=7.1185 dPT=+0.0160 ||dtheta||=8.136 (27s)
  lr=0.000224: ft_loss=8.1591 pt_loss=7.1271 dPT=+0.0246 ||dtheta||=11.757 (27s)
  lr=0.000377: ft_loss=7.9381 pt_loss=7.1582 dPT=+0.0557 ||dtheta||=21.481 (28s)
  lr=0.000633: ft_loss=7.6197 pt_loss=7.2186 dPT=+0.1160 ||dtheta||=40.466 (28s)
  lr=0.00106: ft_loss=7.2593 pt_loss=7.2642 dPT=+0.1617 ||dtheta||=72.089 (28s)
  lr=0.00179: ft_loss=7.0255 pt_loss=7.3588 dPT=+0.2563 ||dtheta||=140.812 (28s)
  lr=0.003: ft_loss=6.9207 pt_loss=7.3955 dPT=+0.2930 ||dtheta||=250.891 (28s)
wandb: [wandb.login()] Loaded credentials for https://api.wandb.ai from /home/anant/.netrc.
wandb: Currently logged in as: anant-jain (dcll-iiitd) to https://api.wandb.ai. Use `wandb login --relogin` to force relogin
wandb: setting up run 899kilbk
wandb: Tracking run with wandb version 0.29.0
wandb: Run data is saved locally in /home/anant/atlas_opt/wandb/run-20260929_150249-899kilbk
wandb: Run `wandb offline` to turn off syncing.
wandb: Syncing run sgd_musicpile
wandb: ⭐️ View project at https://wandb.ai/dcll-iiitd/Forgetting-NanoGPT
wandb: 🚀 View run at https://wandb.ai/dcll-iiitd/Forgetting-NanoGPT/runs/899kilbk
wandb: updating run metadata; uploading artifact run-899kilbk-sweep_table; uploading artifact run-899kilbk-train_loss_curves_table
wandb: uploading artifact run-899kilbk-train_loss_curves_table
wandb: uploading artifact run-899kilbk-train_loss_curves_table; uploading media/table/train_loss_curves_table_12_a18375d2c33fb7f00a12.table.json; uploading wandb-summary.json; uploading config.yaml; uploading wandb-metadata.json (+ 2 more)
wandb: uploading artifact run-899kilbk-train_loss_curves_table; uploading wandb-summary.json; uploading config.yaml; uploading wandb-metadata.json; uploading requirements.txt (+ 1 more)
wandb: uploading artifact run-899kilbk-train_loss_curves_table
wandb: uploading history steps 0-12, summary
wandb: 
wandb: Run history:
wandb: sweep/delta_norm ▁▁▁▁▁▁▁▂▂▃▅█
wandb: sweep/forgetting ▂▂▁▁▁▁▁▂▄▅▇█
wandb:    sweep/ft_loss ███▇▇▇▆▅▄▂▁▁
wandb:   sweep/log10_lr ▁▂▂▃▄▄▅▅▆▇▇█
wandb:         sweep/lr ▁▁▁▁▁▁▂▂▂▃▅█
wandb:      sweep/point ▁▂▂▃▄▄▅▅▆▇▇█
wandb:    sweep/pt_loss ▂▂▁▁▁▁▁▂▄▅▇█
wandb: 
wandb: Run summary:
wandb:     base/ft_loss 8.77692
wandb:  base/param_norm 5.23221
wandb:     base/pt_loss 7.10252
wandb: sweep/delta_norm 250.89065
wandb: sweep/forgetting 0.29297
wandb:    sweep/ft_loss 6.92066
wandb:   sweep/log10_lr -2.52288
wandb:         sweep/lr 0.003
wandb:      sweep/point 11
wandb:    sweep/pt_loss 7.3955
wandb: 
wandb: 🚀 View run sgd_musicpile at: https://wandb.ai/dcll-iiitd/Forgetting-NanoGPT/runs/899kilbk
wandb: ⭐️ View project at: https://wandb.ai/dcll-iiitd/Forgetting-NanoGPT
wandb: Synced 4 W&B file(s), 2 media file(s), 4 artifact file(s) and 0 other file(s)
wandb: Find logs at: ./wandb/run-20260929_150249-899kilbk/logs
