  Loading CPT model architecture: gpt2 in bfloat16...
[nanogpt|fsam_gfrob_muon_stale_momentum|musicpile] base: pt_loss=3.5551 ft_loss=4.2270
`loss_type=None` was set in the config but it is unrecognized. Using the default loss: `ForCausalLMLoss`.
  lr=1e-05: ft_loss=4.0963 pt_loss=3.5849 dPT=+0.0298 ||dtheta||=1.570 (28s)
  lr=1.68e-05: ft_loss=4.0528 pt_loss=3.5880 dPT=+0.0328 ||dtheta||=2.452 (28s)
  lr=2.82e-05: ft_loss=3.9969 pt_loss=3.5887 dPT=+0.0336 ||dtheta||=3.859 (28s)
  lr=4.74e-05: ft_loss=3.9329 pt_loss=3.5956 dPT=+0.0405 ||dtheta||=6.094 (28s)
  lr=7.96e-05: ft_loss=3.8634 pt_loss=3.6065 dPT=+0.0514 ||dtheta||=9.571 (28s)
  lr=0.000134: ft_loss=3.7895 pt_loss=3.6180 dPT=+0.0629 ||dtheta||=15.027 (28s)
  lr=0.000224: ft_loss=3.7220 pt_loss=3.6342 dPT=+0.0791 ||dtheta||=23.380 (28s)
  lr=0.000377: ft_loss=3.6585 pt_loss=3.6614 dPT=+0.1062 ||dtheta||=36.534 (28s)
  lr=0.000633: ft_loss=3.6199 pt_loss=3.7045 dPT=+0.1494 ||dtheta||=55.953 (28s)
  lr=0.00106: ft_loss=3.6130 pt_loss=3.7759 dPT=+0.2208 ||dtheta||=83.959 (28s)
  lr=0.00179: ft_loss=3.6724 pt_loss=3.9162 dPT=+0.3611 ||dtheta||=124.521 (28s)
  lr=0.003: ft_loss=4.1222 pt_loss=4.4966 dPT=+0.9415 ||dtheta||=195.718 (28s)
wandb: [wandb.login()] Loaded credentials for https://api.wandb.ai from /home/anant/.netrc.
wandb: Currently logged in as: anant-jain (dcll-iiitd) to https://api.wandb.ai. Use `wandb login --relogin` to force relogin
wandb: setting up run wllqi66y
wandb: Tracking run with wandb version 0.29.0
wandb: Run data is saved locally in /home/anant/atlas_opt/wandb/run-20261001_140923-wllqi66y
wandb: Run `wandb offline` to turn off syncing.
wandb: Syncing run fsam_gfrob_muon_stale_momentum_musicpile
wandb: ⭐️ View project at https://wandb.ai/dcll-iiitd/Forgetting-NanoGPT
wandb: 🚀 View run at https://wandb.ai/dcll-iiitd/Forgetting-NanoGPT/runs/wllqi66y
wandb: updating run metadata; uploading artifact run-wllqi66y-sweep_table; uploading artifact run-wllqi66y-train_loss_curves_table
wandb: uploading artifact run-wllqi66y-sweep_table; uploading artifact run-wllqi66y-train_loss_curves_table
wandb: uploading artifact run-wllqi66y-train_loss_curves_table
wandb: uploading artifact run-wllqi66y-train_loss_curves_table; uploading media/table/sweep_table_12_91c5a01e618306449976.table.json; uploading media/table/train_loss_curves_table_12_3888305e507e4fdf30dc.table.json; uploading wandb-summary.json; uploading config.yaml (+ 2 more)
wandb: uploading artifact run-wllqi66y-train_loss_curves_table
wandb: uploading history steps 0-12, summary
wandb: 
wandb: Run history:
wandb: sweep/delta_norm ▁▁▁▁▁▁▂▂▃▄▅█
wandb: sweep/forgetting ▁▁▁▁▁▁▁▂▂▂▄█
wandb:    sweep/ft_loss █▇▆▅▄▃▂▂▁▁▂█
wandb:   sweep/log10_lr ▁▂▂▃▄▄▅▅▆▇▇█
wandb:         sweep/lr ▁▁▁▁▁▁▂▂▂▃▅█
wandb:      sweep/point ▁▂▂▃▄▄▅▅▆▇▇█
wandb:    sweep/pt_loss ▁▁▁▁▁▁▁▂▂▂▄█
wandb: 
wandb: Run summary:
wandb:     base/ft_loss 4.227
wandb:  base/param_norm 1023.73396
wandb:     base/pt_loss 3.55513
wandb: sweep/delta_norm 195.71808
wandb: sweep/forgetting 0.94152
wandb:    sweep/ft_loss 4.12223
wandb:   sweep/log10_lr -2.52288
wandb:         sweep/lr 0.003
wandb:      sweep/point 11
wandb:    sweep/pt_loss 4.49665
wandb: 
wandb: 🚀 View run fsam_gfrob_muon_stale_momentum_musicpile at: https://wandb.ai/dcll-iiitd/Forgetting-NanoGPT/runs/wllqi66y
wandb: ⭐️ View project at: https://wandb.ai/dcll-iiitd/Forgetting-NanoGPT
wandb: Synced 4 W&B file(s), 2 media file(s), 4 artifact file(s) and 0 other file(s)
wandb: Find logs at: ./wandb/run-20261001_140923-wllqi66y/logs
