  Loading CPT model architecture: gpt2 in bfloat16...
[nanogpt|fsam_ortho_muon|stackmathqa] base: pt_loss=3.5908 ft_loss=4.4594
`loss_type=None` was set in the config but it is unrecognized. Using the default loss: `ForCausalLMLoss`.
  lr=1e-05: ft_loss=4.0483 pt_loss=3.6100 dPT=+0.0192 ||dtheta||=2.252 (28s)
  lr=1.68e-05: ft_loss=3.8806 pt_loss=3.6212 dPT=+0.0303 ||dtheta||=3.516 (28s)
  lr=2.82e-05: ft_loss=3.6789 pt_loss=3.6386 dPT=+0.0477 ||dtheta||=5.462 (28s)
  lr=4.74e-05: ft_loss=3.4681 pt_loss=3.6619 dPT=+0.0711 ||dtheta||=8.374 (28s)
  lr=7.96e-05: ft_loss=3.2405 pt_loss=3.6880 dPT=+0.0972 ||dtheta||=12.864 (28s)
  lr=0.000134: ft_loss=3.0476 pt_loss=3.7122 dPT=+0.1214 ||dtheta||=19.630 (28s)
  lr=0.000224: ft_loss=2.9002 pt_loss=3.7397 dPT=+0.1489 ||dtheta||=29.488 (28s)
  lr=0.000377: ft_loss=2.7849 pt_loss=3.7795 dPT=+0.1886 ||dtheta||=44.436 (28s)
  lr=0.000633: ft_loss=2.6999 pt_loss=3.8383 dPT=+0.2475 ||dtheta||=65.917 (28s)
  lr=0.00106: ft_loss=2.6432 pt_loss=3.9512 dPT=+0.3603 ||dtheta||=96.497 (28s)
  lr=0.00179: ft_loss=2.6407 pt_loss=4.1596 dPT=+0.5688 ||dtheta||=141.872 (28s)
  lr=0.003: ft_loss=2.7444 pt_loss=4.6837 dPT=+1.0928 ||dtheta||=205.843 (28s)
wandb: [wandb.login()] Loaded credentials for https://api.wandb.ai from /home/anant/.netrc.
wandb: Currently logged in as: anant-jain (dcll-iiitd) to https://api.wandb.ai. Use `wandb login --relogin` to force relogin
wandb: setting up run 6qk0z19s
wandb: Tracking run with wandb version 0.29.0
wandb: Run data is saved locally in /home/anant/atlas_opt/wandb/run-20260930_164446-6qk0z19s
wandb: Run `wandb offline` to turn off syncing.
wandb: Syncing run fsam_ortho_muon_stackmathqa
wandb: ⭐️ View project at https://wandb.ai/dcll-iiitd/Forgetting-NanoGPT
wandb: 🚀 View run at https://wandb.ai/dcll-iiitd/Forgetting-NanoGPT/runs/6qk0z19s
wandb: updating run metadata; uploading artifact run-6qk0z19s-sweep_table; uploading artifact run-6qk0z19s-train_loss_curves_table
wandb: uploading artifact run-6qk0z19s-sweep_table; uploading artifact run-6qk0z19s-train_loss_curves_table
wandb: uploading artifact run-6qk0z19s-sweep_table; uploading artifact run-6qk0z19s-train_loss_curves_table; uploading config.yaml; uploading wandb-metadata.json; uploading requirements.txt (+ 3 more)
wandb: uploading artifact run-6qk0z19s-train_loss_curves_table; uploading config.yaml; uploading wandb-metadata.json; uploading requirements.txt; uploading media/table/sweep_table_12_ffdbfd87d455753d8aa1.table.json (+ 2 more)
wandb: uploading artifact run-6qk0z19s-train_loss_curves_table; uploading wandb-metadata.json; uploading requirements.txt; uploading media/table/sweep_table_12_ffdbfd87d455753d8aa1.table.json; uploading media/table/train_loss_curves_table_12_7badcb595296773d7335.table.json (+ 1 more)
wandb: uploading artifact run-6qk0z19s-train_loss_curves_table
wandb: 
wandb: Run history:
wandb: sweep/delta_norm ▁▁▁▁▁▂▂▂▃▄▆█
wandb: sweep/forgetting ▁▁▁▁▂▂▂▂▂▃▅█
wandb:    sweep/ft_loss █▇▆▅▄▃▂▂▁▁▁▂
wandb:   sweep/log10_lr ▁▂▂▃▄▄▅▅▆▇▇█
wandb:         sweep/lr ▁▁▁▁▁▁▂▂▂▃▅█
wandb:      sweep/point ▁▂▂▃▄▄▅▅▆▇▇█
wandb:    sweep/pt_loss ▁▁▁▁▂▂▂▂▂▃▅█
wandb: 
wandb: Run summary:
wandb:     base/ft_loss 4.45941
wandb:  base/param_norm 1013.45657
wandb:     base/pt_loss 3.59084
wandb: sweep/delta_norm 205.84253
wandb: sweep/forgetting 1.09285
wandb:    sweep/ft_loss 2.74445
wandb:   sweep/log10_lr -2.52288
wandb:         sweep/lr 0.003
wandb:      sweep/point 11
wandb:    sweep/pt_loss 4.68369
wandb: 
wandb: 🚀 View run fsam_ortho_muon_stackmathqa at: https://wandb.ai/dcll-iiitd/Forgetting-NanoGPT/runs/6qk0z19s
wandb: ⭐️ View project at: https://wandb.ai/dcll-iiitd/Forgetting-NanoGPT
wandb: Synced 4 W&B file(s), 2 media file(s), 4 artifact file(s) and 0 other file(s)
wandb: Find logs at: ./wandb/run-20260930_164446-6qk0z19s/logs
