  Loading CPT model architecture: gpt2 in bfloat16...
[nanogpt|sam_ortho|stackmathqa] base: pt_loss=7.2814 ft_loss=8.5623
`loss_type=None` was set in the config but it is unrecognized. Using the default loss: `ForCausalLMLoss`.
  lr=1e-05: ft_loss=7.4385 pt_loss=7.4416 dPT=+0.1602 ||dtheta||=2.158 (28s)
  lr=1.68e-05: ft_loss=7.0885 pt_loss=7.5017 dPT=+0.2203 ||dtheta||=3.389 (28s)
  lr=2.82e-05: ft_loss=6.6791 pt_loss=7.5200 dPT=+0.2386 ||dtheta||=5.403 (28s)
  lr=4.74e-05: ft_loss=6.2159 pt_loss=7.5397 dPT=+0.2583 ||dtheta||=8.777 (28s)
  lr=7.96e-05: ft_loss=5.6774 pt_loss=7.5886 dPT=+0.3072 ||dtheta||=14.407 (28s)
  lr=0.000134: ft_loss=5.1199 pt_loss=7.6714 dPT=+0.3900 ||dtheta||=23.600 (28s)
  lr=0.000224: ft_loss=4.8637 pt_loss=7.7710 dPT=+0.4896 ||dtheta||=35.585 (28s)
  lr=0.000377: ft_loss=4.6878 pt_loss=7.8008 dPT=+0.5194 ||dtheta||=51.521 (28s)
  lr=0.000633: ft_loss=5.0241 pt_loss=8.0427 dPT=+0.7613 ||dtheta||=67.247 (28s)
  lr=0.00106: ft_loss=5.2048 pt_loss=8.4426 dPT=+1.1613 ||dtheta||=90.376 (28s)
  lr=0.00179: ft_loss=5.7956 pt_loss=8.7867 dPT=+1.5053 ||dtheta||=131.448 (28s)
  lr=0.003: ft_loss=5.7200 pt_loss=8.8668 dPT=+1.5854 ||dtheta||=201.407 (28s)
wandb: [wandb.login()] Loaded credentials for https://api.wandb.ai from /home/anant/.netrc.
wandb: Currently logged in as: anant-jain (dcll-iiitd) to https://api.wandb.ai. Use `wandb login --relogin` to force relogin
wandb: setting up run io7hjvc5
wandb: Tracking run with wandb version 0.29.0
wandb: Run data is saved locally in /home/anant/atlas_opt/wandb/run-20260930_163836-io7hjvc5
wandb: Run `wandb offline` to turn off syncing.
wandb: Syncing run sam_ortho_stackmathqa
wandb: ⭐️ View project at https://wandb.ai/dcll-iiitd/Forgetting-NanoGPT
wandb: 🚀 View run at https://wandb.ai/dcll-iiitd/Forgetting-NanoGPT/runs/io7hjvc5
wandb: updating run metadata; uploading artifact run-io7hjvc5-sweep_table; uploading artifact run-io7hjvc5-train_loss_curves_table
wandb: uploading artifact run-io7hjvc5-sweep_table; uploading artifact run-io7hjvc5-train_loss_curves_table
wandb: uploading artifact run-io7hjvc5-train_loss_curves_table
wandb: uploading artifact run-io7hjvc5-train_loss_curves_table; uploading config.yaml; uploading wandb-metadata.json; uploading requirements.txt; uploading media/table/sweep_table_12_bdfdf0befd971bb2de12.table.json (+ 2 more)
wandb: uploading artifact run-io7hjvc5-train_loss_curves_table; uploading media/table/train_loss_curves_table_12_f08ca3900872f86f8724.table.json
wandb: uploading artifact run-io7hjvc5-train_loss_curves_table
wandb: uploading history steps 0-12, summary
wandb: 
wandb: Run history:
wandb: sweep/delta_norm ▁▁▁▁▁▂▂▃▃▄▆█
wandb: sweep/forgetting ▁▁▁▁▂▂▃▃▄▆██
wandb:    sweep/ft_loss █▇▆▅▄▂▁▁▂▂▄▄
wandb:   sweep/log10_lr ▁▂▂▃▄▄▅▅▆▇▇█
wandb:         sweep/lr ▁▁▁▁▁▁▂▂▂▃▅█
wandb:      sweep/point ▁▂▂▃▄▄▅▅▆▇▇█
wandb:    sweep/pt_loss ▁▁▁▁▂▂▃▃▄▆██
wandb: 
wandb: Run summary:
wandb:     base/ft_loss 8.56233
wandb:  base/param_norm 235.37702
wandb:     base/pt_loss 7.28139
wandb: sweep/delta_norm 201.40737
wandb: sweep/forgetting 1.58542
wandb:    sweep/ft_loss 5.71999
wandb:   sweep/log10_lr -2.52288
wandb:         sweep/lr 0.003
wandb:      sweep/point 11
wandb:    sweep/pt_loss 8.86681
wandb: 
wandb: 🚀 View run sam_ortho_stackmathqa at: https://wandb.ai/dcll-iiitd/Forgetting-NanoGPT/runs/io7hjvc5
wandb: ⭐️ View project at: https://wandb.ai/dcll-iiitd/Forgetting-NanoGPT
wandb: Synced 4 W&B file(s), 2 media file(s), 4 artifact file(s) and 0 other file(s)
wandb: Find logs at: ./wandb/run-20260930_163836-io7hjvc5/logs
