  Loading CPT model architecture: gpt2 in bfloat16...
[nanogpt|muon_sam_frob|musicpile] base: pt_loss=3.5686 ft_loss=4.2548
`loss_type=None` was set in the config but it is unrecognized. Using the default loss: `ForCausalLMLoss`.
  lr=1e-05: ft_loss=4.1208 pt_loss=3.5952 dPT=+0.0266 ||dtheta||=1.582 (28s)
  lr=1.68e-05: ft_loss=4.0772 pt_loss=3.6004 dPT=+0.0318 ||dtheta||=2.464 (28s)
  lr=2.82e-05: ft_loss=4.0229 pt_loss=3.6021 dPT=+0.0335 ||dtheta||=3.858 (28s)
  lr=4.74e-05: ft_loss=3.9566 pt_loss=3.6074 dPT=+0.0388 ||dtheta||=6.077 (28s)
  lr=7.96e-05: ft_loss=3.8823 pt_loss=3.6162 dPT=+0.0476 ||dtheta||=9.571 (28s)
  lr=0.000134: ft_loss=3.8036 pt_loss=3.6268 dPT=+0.0583 ||dtheta||=15.059 (28s)
  lr=0.000224: ft_loss=3.7388 pt_loss=3.6449 dPT=+0.0763 ||dtheta||=23.387 (28s)
  lr=0.000377: ft_loss=3.6738 pt_loss=3.6714 dPT=+0.1029 ||dtheta||=36.595 (28s)
  lr=0.000633: ft_loss=3.6348 pt_loss=3.7144 dPT=+0.1458 ||dtheta||=55.464 (28s)
  lr=0.00106: ft_loss=3.6139 pt_loss=3.7891 dPT=+0.2205 ||dtheta||=84.001 (28s)
  lr=0.00179: ft_loss=3.6591 pt_loss=3.9211 dPT=+0.3525 ||dtheta||=122.474 (28s)
  lr=0.003: ft_loss=3.8645 pt_loss=4.2490 dPT=+0.6804 ||dtheta||=183.747 (28s)
wandb: [wandb.login()] Loaded credentials for https://api.wandb.ai from /home/anant/.netrc.
wandb: Currently logged in as: anant-jain (dcll-iiitd) to https://api.wandb.ai. Use `wandb login --relogin` to force relogin
wandb: setting up run j6s9liri
wandb: Tracking run with wandb version 0.29.0
wandb: Run data is saved locally in /home/anant/atlas_opt/wandb/run-20260930_165054-j6s9liri
wandb: Run `wandb offline` to turn off syncing.
wandb: Syncing run muon_sam_frob_musicpile
wandb: ⭐️ View project at https://wandb.ai/dcll-iiitd/Forgetting-NanoGPT
wandb: 🚀 View run at https://wandb.ai/dcll-iiitd/Forgetting-NanoGPT/runs/j6s9liri
wandb: updating run metadata; uploading artifact run-j6s9liri-sweep_table; uploading artifact run-j6s9liri-train_loss_curves_table
wandb: uploading artifact run-j6s9liri-sweep_table; uploading artifact run-j6s9liri-train_loss_curves_table
wandb: uploading artifact run-j6s9liri-sweep_table; uploading artifact run-j6s9liri-train_loss_curves_table; uploading wandb-summary.json; uploading config.yaml; uploading wandb-metadata.json (+ 3 more)
wandb: uploading artifact run-j6s9liri-train_loss_curves_table; uploading wandb-summary.json; uploading config.yaml; uploading wandb-metadata.json; uploading requirements.txt (+ 2 more)
wandb: uploading artifact run-j6s9liri-train_loss_curves_table; uploading config.yaml; uploading media/table/train_loss_curves_table_12_90f8081259a1d0017de6.table.json
wandb: uploading artifact run-j6s9liri-train_loss_curves_table
wandb: uploading history steps 0-12, summary
wandb: 
wandb: Run history:
wandb: sweep/delta_norm ▁▁▁▁▁▂▂▂▃▄▆█
wandb: sweep/forgetting ▁▁▁▁▁▁▂▂▂▃▄█
wandb:    sweep/ft_loss █▇▇▆▅▄▃▂▁▁▂▄
wandb:   sweep/log10_lr ▁▂▂▃▄▄▅▅▆▇▇█
wandb:         sweep/lr ▁▁▁▁▁▁▂▂▂▃▅█
wandb:      sweep/point ▁▂▂▃▄▄▅▅▆▇▇█
wandb:    sweep/pt_loss ▁▁▁▁▁▁▂▂▂▃▄█
wandb: 
wandb: Run summary:
wandb:     base/ft_loss 4.25482
wandb:  base/param_norm 1009.95303
wandb:     base/pt_loss 3.56859
wandb: sweep/delta_norm 183.74743
wandb: sweep/forgetting 0.68045
wandb:    sweep/ft_loss 3.86454
wandb:   sweep/log10_lr -2.52288
wandb:         sweep/lr 0.003
wandb:      sweep/point 11
wandb:    sweep/pt_loss 4.24903
wandb: 
wandb: 🚀 View run muon_sam_frob_musicpile at: https://wandb.ai/dcll-iiitd/Forgetting-NanoGPT/runs/j6s9liri
wandb: ⭐️ View project at: https://wandb.ai/dcll-iiitd/Forgetting-NanoGPT
wandb: Synced 4 W&B file(s), 2 media file(s), 4 artifact file(s) and 0 other file(s)
wandb: Find logs at: ./wandb/run-20260930_165054-j6s9liri/logs
