  Loading CPT model architecture: gpt2 in bfloat16...
[nanogpt|fsam_ortho|musicpile] base: pt_loss=7.2313 ft_loss=8.8419
`loss_type=None` was set in the config but it is unrecognized. Using the default loss: `ForCausalLMLoss`.
  lr=1e-05: ft_loss=8.2399 pt_loss=7.2783 dPT=+0.0470 ||dtheta||=1.794 (28s)
  lr=1.68e-05: ft_loss=8.0732 pt_loss=7.2869 dPT=+0.0556 ||dtheta||=2.834 (28s)
  lr=2.82e-05: ft_loss=7.8651 pt_loss=7.2879 dPT=+0.0566 ||dtheta||=4.517 (28s)
  lr=4.74e-05: ft_loss=7.5661 pt_loss=7.2785 dPT=+0.0472 ||dtheta||=7.354 (28s)
  lr=7.96e-05: ft_loss=7.2088 pt_loss=7.2534 dPT=+0.0221 ||dtheta||=12.012 (28s)
  lr=0.000134: ft_loss=6.8351 pt_loss=7.2291 dPT=-0.0022 ||dtheta||=19.230 (28s)
  lr=0.000224: ft_loss=6.5601 pt_loss=7.1861 dPT=-0.0452 ||dtheta||=28.945 (28s)
  lr=0.000377: ft_loss=6.4946 pt_loss=7.2003 dPT=-0.0310 ||dtheta||=40.213 (28s)
  lr=0.000633: ft_loss=6.7493 pt_loss=7.4559 dPT=+0.2246 ||dtheta||=55.714 (28s)
  lr=0.00106: ft_loss=6.9861 pt_loss=7.6833 dPT=+0.4520 ||dtheta||=78.094 (28s)
  lr=0.00179: ft_loss=7.5486 pt_loss=8.1970 dPT=+0.9657 ||dtheta||=109.505 (28s)
  lr=0.003: ft_loss=7.7160 pt_loss=8.3665 dPT=+1.1352 ||dtheta||=169.461 (28s)
wandb: [wandb.login()] Loaded credentials for https://api.wandb.ai from /home/anant/.netrc.
wandb: Currently logged in as: anant-jain (dcll-iiitd) to https://api.wandb.ai. Use `wandb login --relogin` to force relogin
wandb: setting up run uypy08c7
wandb: Tracking run with wandb version 0.29.0
wandb: Run data is saved locally in /home/anant/atlas_opt/wandb/run-20260930_164454-uypy08c7
wandb: Run `wandb offline` to turn off syncing.
wandb: Syncing run fsam_ortho_musicpile
wandb: ⭐️ View project at https://wandb.ai/dcll-iiitd/Forgetting-NanoGPT
wandb: 🚀 View run at https://wandb.ai/dcll-iiitd/Forgetting-NanoGPT/runs/uypy08c7
wandb: updating run metadata; uploading artifact run-uypy08c7-sweep_table; uploading artifact run-uypy08c7-train_loss_curves_table
wandb: uploading artifact run-uypy08c7-sweep_table; uploading artifact run-uypy08c7-train_loss_curves_table
wandb: uploading artifact run-uypy08c7-train_loss_curves_table; uploading media/table/train_loss_curves_table_12_9adff347762189b74fd4.table.json; uploading wandb-summary.json; uploading config.yaml; uploading wandb-metadata.json (+ 2 more)
wandb: uploading artifact run-uypy08c7-train_loss_curves_table; uploading wandb-summary.json; uploading config.yaml; uploading wandb-metadata.json; uploading requirements.txt (+ 1 more)
wandb: uploading artifact run-uypy08c7-train_loss_curves_table; uploading media/table/sweep_table_12_e20feef4b66c81e7e3f5.table.json
wandb: uploading artifact run-uypy08c7-train_loss_curves_table
wandb: 
wandb: Run history:
wandb: sweep/delta_norm ▁▁▁▁▁▂▂▃▃▄▅█
wandb: sweep/forgetting ▂▂▂▂▁▁▁▁▃▄▇█
wandb:    sweep/ft_loss █▇▆▅▄▂▁▁▂▃▅▆
wandb:   sweep/log10_lr ▁▂▂▃▄▄▅▅▆▇▇█
wandb:         sweep/lr ▁▁▁▁▁▁▂▂▂▃▅█
wandb:      sweep/point ▁▂▂▃▄▄▅▅▆▇▇█
wandb:    sweep/pt_loss ▂▂▂▂▁▁▁▁▃▄▇█
wandb: 
wandb: Run summary:
wandb:     base/ft_loss 8.84194
wandb:  base/param_norm 235.38008
wandb:     base/pt_loss 7.2313
wandb: sweep/delta_norm 169.46121
wandb: sweep/forgetting 1.13524
wandb:    sweep/ft_loss 7.71605
wandb:   sweep/log10_lr -2.52288
wandb:         sweep/lr 0.003
wandb:      sweep/point 11
wandb:    sweep/pt_loss 8.36654
wandb: 
wandb: 🚀 View run fsam_ortho_musicpile at: https://wandb.ai/dcll-iiitd/Forgetting-NanoGPT/runs/uypy08c7
wandb: ⭐️ View project at: https://wandb.ai/dcll-iiitd/Forgetting-NanoGPT
wandb: Synced 4 W&B file(s), 2 media file(s), 4 artifact file(s) and 0 other file(s)
wandb: Find logs at: ./wandb/run-20260930_164454-uypy08c7/logs
