  Loading CPT model architecture: gpt2 in bfloat16...
[nanogpt|muon_sam|stackmathqa] base: pt_loss=3.2031 ft_loss=3.5545
`loss_type=None` was set in the config but it is unrecognized. Using the default loss: `ForCausalLMLoss`.
  lr=1e-05: ft_loss=3.1934 pt_loss=3.2151 dPT=+0.0120 ||dtheta||=2.431 (28s)
  lr=1.68e-05: ft_loss=3.0544 pt_loss=3.2246 dPT=+0.0215 ||dtheta||=3.670 (28s)
  lr=2.82e-05: ft_loss=2.9092 pt_loss=3.2334 dPT=+0.0302 ||dtheta||=5.375 (28s)
  lr=4.74e-05: ft_loss=2.7912 pt_loss=3.2424 dPT=+0.0393 ||dtheta||=7.974 (28s)
  lr=7.96e-05: ft_loss=2.6883 pt_loss=3.2534 dPT=+0.0503 ||dtheta||=11.962 (28s)
  lr=0.000134: ft_loss=2.6017 pt_loss=3.2685 dPT=+0.0653 ||dtheta||=18.077 (27s)
  lr=0.000224: ft_loss=2.5226 pt_loss=3.2860 dPT=+0.0829 ||dtheta||=27.529 (28s)
  lr=0.000377: ft_loss=2.4586 pt_loss=3.3051 dPT=+0.1020 ||dtheta||=41.962 (28s)
  lr=0.000633: ft_loss=2.4023 pt_loss=3.3340 dPT=+0.1309 ||dtheta||=64.513 (28s)
  lr=0.00106: ft_loss=2.3716 pt_loss=3.4033 dPT=+0.2002 ||dtheta||=98.368 (28s)
  lr=0.00179: ft_loss=2.3435 pt_loss=3.4987 dPT=+0.2955 ||dtheta||=150.002 (28s)
  lr=0.003: ft_loss=2.3586 pt_loss=3.7448 dPT=+0.5417 ||dtheta||=230.951 (28s)
wandb: [wandb.login()] Loaded credentials for https://api.wandb.ai from /home/anant/.netrc.
wandb: Currently logged in as: anant-jain (dcll-iiitd) to https://api.wandb.ai. Use `wandb login --relogin` to force relogin
wandb: setting up run u3zu7z8w
wandb: Tracking run with wandb version 0.29.0
wandb: Run data is saved locally in /home/anant/atlas_opt/wandb/run-20260929_163918-u3zu7z8w
wandb: Run `wandb offline` to turn off syncing.
wandb: Syncing run muon_sam_stackmathqa
wandb: ⭐️ View project at https://wandb.ai/dcll-iiitd/Forgetting-NanoGPT
wandb: 🚀 View run at https://wandb.ai/dcll-iiitd/Forgetting-NanoGPT/runs/u3zu7z8w
wandb: updating run metadata; uploading artifact run-u3zu7z8w-sweep_table; uploading artifact run-u3zu7z8w-train_loss_curves_table
wandb: uploading artifact run-u3zu7z8w-sweep_table; uploading artifact run-u3zu7z8w-train_loss_curves_table
wandb: uploading artifact run-u3zu7z8w-sweep_table; uploading artifact run-u3zu7z8w-train_loss_curves_table; uploading wandb-summary.json; uploading config.yaml; uploading wandb-metadata.json (+ 3 more)
wandb: uploading artifact run-u3zu7z8w-train_loss_curves_table; uploading wandb-summary.json; uploading config.yaml; uploading wandb-metadata.json; uploading requirements.txt (+ 2 more)
wandb: uploading artifact run-u3zu7z8w-train_loss_curves_table; uploading config.yaml; uploading wandb-metadata.json; uploading requirements.txt; uploading media/table/sweep_table_12_b588ff0831ce85bfd90e.table.json (+ 1 more)
wandb: uploading artifact run-u3zu7z8w-train_loss_curves_table
wandb: uploading history steps 0-12, summary
wandb: 
wandb: Run history:
wandb: sweep/delta_norm ▁▁▁▁▁▁▂▂▃▄▆█
wandb: sweep/forgetting ▁▁▁▁▂▂▂▂▃▃▅█
wandb:    sweep/ft_loss █▇▆▅▄▃▂▂▁▁▁▁
wandb:   sweep/log10_lr ▁▂▂▃▄▄▅▅▆▇▇█
wandb:         sweep/lr ▁▁▁▁▁▁▂▂▂▃▅█
wandb:      sweep/point ▁▂▂▃▄▄▅▅▆▇▇█
wandb:    sweep/pt_loss ▁▁▁▁▂▂▂▂▃▃▅█
wandb: 
wandb: Run summary:
wandb:     base/ft_loss 3.55446
wandb:  base/param_norm 1731.49449
wandb:     base/pt_loss 3.20313
wandb: sweep/delta_norm 230.95105
wandb: sweep/forgetting 0.54168
wandb:    sweep/ft_loss 2.3586
wandb:   sweep/log10_lr -2.52288
wandb:         sweep/lr 0.003
wandb:      sweep/point 11
wandb:    sweep/pt_loss 3.74481
wandb: 
wandb: 🚀 View run muon_sam_stackmathqa at: https://wandb.ai/dcll-iiitd/Forgetting-NanoGPT/runs/u3zu7z8w
wandb: ⭐️ View project at: https://wandb.ai/dcll-iiitd/Forgetting-NanoGPT
wandb: Synced 4 W&B file(s), 2 media file(s), 4 artifact file(s) and 0 other file(s)
wandb: Find logs at: ./wandb/run-20260929_163918-u3zu7z8w/logs
