  Loading CPT model architecture: gpt2 in bfloat16...
[nanogpt|sam_ortho|tulu3] base: pt_loss=7.2814 ft_loss=8.6844
`loss_type=None` was set in the config but it is unrecognized. Using the default loss: `ForCausalLMLoss`.
  lr=1e-05: ft_loss=7.7184 pt_loss=7.3552 dPT=+0.0738 ||dtheta||=1.969 (28s)
  lr=1.68e-05: ft_loss=7.5085 pt_loss=7.3796 dPT=+0.0982 ||dtheta||=3.044 (28s)
  lr=2.82e-05: ft_loss=7.2710 pt_loss=7.3765 dPT=+0.0951 ||dtheta||=4.816 (28s)
  lr=4.74e-05: ft_loss=6.9267 pt_loss=7.3741 dPT=+0.0927 ||dtheta||=7.791 (28s)
  lr=7.96e-05: ft_loss=6.5234 pt_loss=7.3668 dPT=+0.0854 ||dtheta||=12.706 (28s)
  lr=0.000134: ft_loss=6.1274 pt_loss=7.3537 dPT=+0.0723 ||dtheta||=20.409 (28s)
  lr=0.000224: ft_loss=5.8317 pt_loss=7.3101 dPT=+0.0287 ||dtheta||=30.974 (28s)
  lr=0.000377: ft_loss=5.7754 pt_loss=7.3120 dPT=+0.0306 ||dtheta||=43.505 (28s)
  lr=0.000633: ft_loss=5.9347 pt_loss=7.5039 dPT=+0.2225 ||dtheta||=60.044 (28s)
  lr=0.00106: ft_loss=6.5161 pt_loss=8.0021 dPT=+0.7207 ||dtheta||=82.991 (28s)
  lr=0.00179: ft_loss=6.5189 pt_loss=7.9354 dPT=+0.6540 ||dtheta||=118.870 (28s)
  lr=0.003: ft_loss=6.6728 pt_loss=8.0532 dPT=+0.7718 ||dtheta||=179.728 (28s)
wandb: [wandb.login()] Loaded credentials for https://api.wandb.ai from /home/anant/.netrc.
wandb: Currently logged in as: anant-jain (dcll-iiitd) to https://api.wandb.ai. Use `wandb login --relogin` to force relogin
wandb: setting up run 6h0gua4z
wandb: Tracking run with wandb version 0.29.0
wandb: Run data is saved locally in /home/anant/atlas_opt/wandb/run-20260930_165055-6h0gua4z
wandb: Run `wandb offline` to turn off syncing.
wandb: Syncing run sam_ortho_tulu3
wandb: ⭐️ View project at https://wandb.ai/dcll-iiitd/Forgetting-NanoGPT
wandb: 🚀 View run at https://wandb.ai/dcll-iiitd/Forgetting-NanoGPT/runs/6h0gua4z
wandb: updating run metadata; uploading artifact run-6h0gua4z-sweep_table; uploading artifact run-6h0gua4z-train_loss_curves_table
wandb: uploading artifact run-6h0gua4z-sweep_table; uploading artifact run-6h0gua4z-train_loss_curves_table
wandb: uploading artifact run-6h0gua4z-sweep_table; uploading artifact run-6h0gua4z-train_loss_curves_table; uploading wandb-summary.json; uploading config.yaml; uploading wandb-metadata.json (+ 3 more)
wandb: uploading artifact run-6h0gua4z-train_loss_curves_table; uploading wandb-summary.json; uploading config.yaml; uploading wandb-metadata.json; uploading requirements.txt (+ 2 more)
wandb: uploading artifact run-6h0gua4z-train_loss_curves_table; uploading config.yaml; uploading wandb-metadata.json; uploading requirements.txt; uploading media/table/sweep_table_12_0e6743c33df8a93c232c.table.json (+ 1 more)
wandb: uploading artifact run-6h0gua4z-train_loss_curves_table
wandb: 
wandb: Run history:
wandb: sweep/delta_norm ▁▁▁▁▁▂▂▃▃▄▆█
wandb: sweep/forgetting ▁▂▂▂▂▁▁▁▃█▇█
wandb:    sweep/ft_loss █▇▆▅▄▂▁▁▂▄▄▄
wandb:   sweep/log10_lr ▁▂▂▃▄▄▅▅▆▇▇█
wandb:         sweep/lr ▁▁▁▁▁▁▂▂▂▃▅█
wandb:      sweep/point ▁▂▂▃▄▄▅▅▆▇▇█
wandb:    sweep/pt_loss ▁▂▂▂▂▁▁▁▃█▇█
wandb: 
wandb: Run summary:
wandb:     base/ft_loss 8.68436
wandb:  base/param_norm 235.37702
wandb:     base/pt_loss 7.28139
wandb: sweep/delta_norm 179.7275
wandb: sweep/forgetting 0.77179
wandb:    sweep/ft_loss 6.67277
wandb:   sweep/log10_lr -2.52288
wandb:         sweep/lr 0.003
wandb:      sweep/point 11
wandb:    sweep/pt_loss 8.05319
wandb: 
wandb: 🚀 View run sam_ortho_tulu3 at: https://wandb.ai/dcll-iiitd/Forgetting-NanoGPT/runs/6h0gua4z
wandb: ⭐️ View project at: https://wandb.ai/dcll-iiitd/Forgetting-NanoGPT
wandb: Synced 4 W&B file(s), 2 media file(s), 4 artifact file(s) and 0 other file(s)
wandb: Find logs at: ./wandb/run-20260930_165055-6h0gua4z/logs
