  Loading CPT model architecture: gpt2 in bfloat16...
[nanogpt|muon_sam_frob|tulu3] base: pt_loss=3.5686 ft_loss=3.8759
`loss_type=None` was set in the config but it is unrecognized. Using the default loss: `ForCausalLMLoss`.
  lr=1e-05: ft_loss=3.5960 pt_loss=3.6079 dPT=+0.0393 ||dtheta||=1.830 (28s)
  lr=1.68e-05: ft_loss=3.4997 pt_loss=3.6187 dPT=+0.0502 ||dtheta||=2.787 (28s)
  lr=2.82e-05: ft_loss=3.3981 pt_loss=3.6259 dPT=+0.0573 ||dtheta||=4.303 (28s)
  lr=4.74e-05: ft_loss=3.2856 pt_loss=3.6355 dPT=+0.0669 ||dtheta||=6.666 (28s)
  lr=7.96e-05: ft_loss=3.1560 pt_loss=3.6531 dPT=+0.0845 ||dtheta||=10.417 (28s)
  lr=0.000134: ft_loss=3.0430 pt_loss=3.6777 dPT=+0.1091 ||dtheta||=16.207 (28s)
  lr=0.000224: ft_loss=2.9449 pt_loss=3.7049 dPT=+0.1363 ||dtheta||=24.951 (28s)
  lr=0.000377: ft_loss=2.8603 pt_loss=3.7425 dPT=+0.1739 ||dtheta||=38.658 (28s)
  lr=0.000633: ft_loss=2.8164 pt_loss=3.7941 dPT=+0.2255 ||dtheta||=58.711 (28s)
  lr=0.00106: ft_loss=2.7930 pt_loss=3.8790 dPT=+0.3104 ||dtheta||=87.807 (28s)
  lr=0.00179: ft_loss=2.8267 pt_loss=4.0393 dPT=+0.4707 ||dtheta||=132.481 (28s)
  lr=0.003: ft_loss=3.0922 pt_loss=4.4871 dPT=+0.9185 ||dtheta||=198.327 (28s)
wandb: [wandb.login()] Loaded credentials for https://api.wandb.ai from /home/anant/.netrc.
wandb: Currently logged in as: anant-jain (dcll-iiitd) to https://api.wandb.ai. Use `wandb login --relogin` to force relogin
wandb: setting up run qke34qwm
wandb: Tracking run with wandb version 0.29.0
wandb: Run data is saved locally in /home/anant/atlas_opt/wandb/run-20260930_165707-qke34qwm
wandb: Run `wandb offline` to turn off syncing.
wandb: Syncing run muon_sam_frob_tulu3
wandb: ⭐️ View project at https://wandb.ai/dcll-iiitd/Forgetting-NanoGPT
wandb: 🚀 View run at https://wandb.ai/dcll-iiitd/Forgetting-NanoGPT/runs/qke34qwm
wandb: updating run metadata; uploading artifact run-qke34qwm-sweep_table; uploading artifact run-qke34qwm-train_loss_curves_table
wandb: uploading artifact run-qke34qwm-sweep_table; uploading artifact run-qke34qwm-train_loss_curves_table
wandb: uploading artifact run-qke34qwm-train_loss_curves_table; uploading requirements.txt; uploading media/table/sweep_table_12_11e4daf765dbdde53f1d.table.json; uploading media/table/train_loss_curves_table_12_48fa883faf31214d0528.table.json; uploading wandb-summary.json (+ 2 more)
wandb: uploading artifact run-qke34qwm-train_loss_curves_table; uploading requirements.txt; uploading media/table/train_loss_curves_table_12_48fa883faf31214d0528.table.json; uploading wandb-summary.json; uploading config.yaml (+ 1 more)
wandb: uploading artifact run-qke34qwm-train_loss_curves_table; uploading media/table/train_loss_curves_table_12_48fa883faf31214d0528.table.json; uploading wandb-summary.json
wandb: uploading artifact run-qke34qwm-train_loss_curves_table; uploading media/table/train_loss_curves_table_12_48fa883faf31214d0528.table.json
wandb: uploading artifact run-qke34qwm-train_loss_curves_table
wandb: uploading history steps 0-12, summary
wandb: 
wandb: Run history:
wandb: sweep/delta_norm ▁▁▁▁▁▂▂▂▃▄▆█
wandb: sweep/forgetting ▁▁▁▁▁▂▂▂▂▃▄█
wandb:    sweep/ft_loss █▇▆▅▄▃▂▂▁▁▁▄
wandb:   sweep/log10_lr ▁▂▂▃▄▄▅▅▆▇▇█
wandb:         sweep/lr ▁▁▁▁▁▁▂▂▂▃▅█
wandb:      sweep/point ▁▂▂▃▄▄▅▅▆▇▇█
wandb:    sweep/pt_loss ▁▁▁▁▁▂▂▂▂▃▄█
wandb: 
wandb: Run summary:
wandb:     base/ft_loss 3.87587
wandb:  base/param_norm 1009.95303
wandb:     base/pt_loss 3.56859
wandb: sweep/delta_norm 198.32671
wandb: sweep/forgetting 0.9185
wandb:    sweep/ft_loss 3.09216
wandb:   sweep/log10_lr -2.52288
wandb:         sweep/lr 0.003
wandb:      sweep/point 11
wandb:    sweep/pt_loss 4.48708
wandb: 
wandb: 🚀 View run muon_sam_frob_tulu3 at: https://wandb.ai/dcll-iiitd/Forgetting-NanoGPT/runs/qke34qwm
wandb: ⭐️ View project at: https://wandb.ai/dcll-iiitd/Forgetting-NanoGPT
wandb: Synced 4 W&B file(s), 2 media file(s), 4 artifact file(s) and 0 other file(s)
wandb: Find logs at: ./wandb/run-20260930_165707-qke34qwm/logs
