  Loading CPT model architecture: gpt2 in bfloat16...
[nanogpt|fsam_ortho|tulu3] base: pt_loss=7.2313 ft_loss=8.6665
`loss_type=None` was set in the config but it is unrecognized. Using the default loss: `ForCausalLMLoss`.
  lr=1e-05: ft_loss=7.6830 pt_loss=7.3069 dPT=+0.0756 ||dtheta||=1.943 (28s)
  lr=1.68e-05: ft_loss=7.4609 pt_loss=7.3276 dPT=+0.0963 ||dtheta||=3.020 (28s)
  lr=2.82e-05: ft_loss=7.2181 pt_loss=7.3307 dPT=+0.0994 ||dtheta||=4.793 (28s)
  lr=4.74e-05: ft_loss=6.8809 pt_loss=7.3274 dPT=+0.0961 ||dtheta||=7.735 (28s)
  lr=7.96e-05: ft_loss=6.4854 pt_loss=7.3159 dPT=+0.0846 ||dtheta||=12.646 (28s)
  lr=0.000134: ft_loss=6.0839 pt_loss=7.3037 dPT=+0.0724 ||dtheta||=20.347 (28s)
  lr=0.000224: ft_loss=5.8650 pt_loss=7.2997 dPT=+0.0684 ||dtheta||=30.664 (28s)
  lr=0.000377: ft_loss=5.6782 pt_loss=7.2571 dPT=+0.0258 ||dtheta||=44.912 (28s)
  lr=0.000633: ft_loss=5.9702 pt_loss=7.5462 dPT=+0.3149 ||dtheta||=60.307 (28s)
  lr=0.00106: ft_loss=6.1184 pt_loss=7.6397 dPT=+0.4084 ||dtheta||=86.156 (28s)
  lr=0.00179: ft_loss=6.8250 pt_loss=8.4166 dPT=+1.1853 ||dtheta||=118.992 (28s)
  lr=0.003: ft_loss=7.0074 pt_loss=8.6252 dPT=+1.3939 ||dtheta||=180.466 (28s)
wandb: [wandb.login()] Loaded credentials for https://api.wandb.ai from /home/anant/.netrc.
wandb: Currently logged in as: anant-jain (dcll-iiitd) to https://api.wandb.ai. Use `wandb login --relogin` to force relogin
wandb: setting up run x7f096o1
wandb: Tracking run with wandb version 0.29.0
wandb: Run data is saved locally in /home/anant/atlas_opt/wandb/run-20260930_165104-x7f096o1
wandb: Run `wandb offline` to turn off syncing.
wandb: Syncing run fsam_ortho_tulu3
wandb: ⭐️ View project at https://wandb.ai/dcll-iiitd/Forgetting-NanoGPT
wandb: 🚀 View run at https://wandb.ai/dcll-iiitd/Forgetting-NanoGPT/runs/x7f096o1
wandb: updating run metadata; uploading artifact run-x7f096o1-sweep_table; uploading artifact run-x7f096o1-train_loss_curves_table
wandb: uploading artifact run-x7f096o1-sweep_table; uploading artifact run-x7f096o1-train_loss_curves_table
wandb: uploading artifact run-x7f096o1-sweep_table; uploading artifact run-x7f096o1-train_loss_curves_table; uploading requirements.txt; uploading media/table/sweep_table_12_2b4f985342190c5c7c73.table.json; uploading media/table/train_loss_curves_table_12_0f087c183b2f328b39bd.table.json (+ 1 more)
wandb: uploading artifact run-x7f096o1-sweep_table; uploading artifact run-x7f096o1-train_loss_curves_table
wandb: uploading artifact run-x7f096o1-train_loss_curves_table
wandb: uploading config.yaml
wandb: uploading history steps 0-12, summary
wandb: 
wandb: Run history:
wandb: sweep/delta_norm ▁▁▁▁▁▂▂▃▃▄▆█
wandb: sweep/forgetting ▁▁▁▁▁▁▁▁▂▃▇█
wandb:    sweep/ft_loss █▇▆▅▄▂▂▁▂▃▅▆
wandb:   sweep/log10_lr ▁▂▂▃▄▄▅▅▆▇▇█
wandb:         sweep/lr ▁▁▁▁▁▁▂▂▂▃▅█
wandb:      sweep/point ▁▂▂▃▄▄▅▅▆▇▇█
wandb:    sweep/pt_loss ▁▁▁▁▁▁▁▁▂▃▇█
wandb: 
wandb: Run summary:
wandb:     base/ft_loss 8.66649
wandb:  base/param_norm 235.38008
wandb:     base/pt_loss 7.2313
wandb: sweep/delta_norm 180.4659
wandb: sweep/forgetting 1.39389
wandb:    sweep/ft_loss 7.00739
wandb:   sweep/log10_lr -2.52288
wandb:         sweep/lr 0.003
wandb:      sweep/point 11
wandb:    sweep/pt_loss 8.62519
wandb: 
wandb: 🚀 View run fsam_ortho_tulu3 at: https://wandb.ai/dcll-iiitd/Forgetting-NanoGPT/runs/x7f096o1
wandb: ⭐️ View project at: https://wandb.ai/dcll-iiitd/Forgetting-NanoGPT
wandb: Synced 4 W&B file(s), 2 media file(s), 4 artifact file(s) and 0 other file(s)
wandb: Find logs at: ./wandb/run-20260930_165104-x7f096o1/logs
