  Loading CPT model architecture: gpt2 in bfloat16...
[nanogpt|fsam_muon|codeparrot] base: pt_loss=3.2001 ft_loss=2.8279
`loss_type=None` was set in the config but it is unrecognized. Using the default loss: `ForCausalLMLoss`.
  lr=1e-05: ft_loss=2.5715 pt_loss=3.2086 dPT=+0.0085 ||dtheta||=2.092 (28s)
  lr=1.68e-05: ft_loss=2.4440 pt_loss=3.2145 dPT=+0.0144 ||dtheta||=3.101 (28s)
  lr=2.82e-05: ft_loss=2.3140 pt_loss=3.2228 dPT=+0.0227 ||dtheta||=4.796 (28s)
  lr=4.74e-05: ft_loss=2.2086 pt_loss=3.2310 dPT=+0.0309 ||dtheta||=7.330 (28s)
  lr=7.96e-05: ft_loss=2.1068 pt_loss=3.2420 dPT=+0.0419 ||dtheta||=11.244 (28s)
  lr=0.000134: ft_loss=2.0167 pt_loss=3.2558 dPT=+0.0557 ||dtheta||=17.244 (28s)
  lr=0.000224: ft_loss=1.9545 pt_loss=3.2694 dPT=+0.0693 ||dtheta||=26.240 (28s)
  lr=0.000377: ft_loss=1.8736 pt_loss=3.2940 dPT=+0.0939 ||dtheta||=41.128 (28s)
  lr=0.000633: ft_loss=1.8353 pt_loss=3.3279 dPT=+0.1278 ||dtheta||=62.452 (28s)
  lr=0.00106: ft_loss=1.8030 pt_loss=3.3850 dPT=+0.1849 ||dtheta||=97.889 (28s)
  lr=0.00179: ft_loss=1.8210 pt_loss=3.5003 dPT=+0.3002 ||dtheta||=148.459 (28s)
  lr=0.003: ft_loss=1.8619 pt_loss=3.8119 dPT=+0.6118 ||dtheta||=232.011 (28s)
wandb: [wandb.login()] Loaded credentials for https://api.wandb.ai from /home/anant/.netrc.
wandb: Currently logged in as: anant-jain (dcll-iiitd) to https://api.wandb.ai. Use `wandb login --relogin` to force relogin
wandb: setting up run daujtehr
wandb: Tracking run with wandb version 0.29.0
wandb: Run data is saved locally in /home/anant/atlas_opt/wandb/run-20260929_163918-daujtehr
wandb: Run `wandb offline` to turn off syncing.
wandb: Syncing run fsam_muon_codeparrot
wandb: ⭐️ View project at https://wandb.ai/dcll-iiitd/Forgetting-NanoGPT
wandb: 🚀 View run at https://wandb.ai/dcll-iiitd/Forgetting-NanoGPT/runs/daujtehr
wandb: updating run metadata; uploading artifact run-daujtehr-sweep_table; uploading artifact run-daujtehr-train_loss_curves_table
wandb: uploading artifact run-daujtehr-sweep_table; uploading artifact run-daujtehr-train_loss_curves_table
wandb: uploading artifact run-daujtehr-train_loss_curves_table; uploading media/table/train_loss_curves_table_12_91b17084d5fe1742aaa8.table.json; uploading wandb-summary.json; uploading config.yaml; uploading wandb-metadata.json (+ 2 more)
wandb: uploading artifact run-daujtehr-train_loss_curves_table; uploading wandb-summary.json; uploading config.yaml; uploading wandb-metadata.json; uploading requirements.txt (+ 1 more)
wandb: uploading artifact run-daujtehr-train_loss_curves_table
wandb: uploading history steps 0-12, summary
wandb: 
wandb: Run history:
wandb: sweep/delta_norm ▁▁▁▁▁▁▂▂▃▄▅█
wandb: sweep/forgetting ▁▁▁▁▁▂▂▂▂▃▄█
wandb:    sweep/ft_loss █▇▆▅▄▃▂▂▁▁▁▂
wandb:   sweep/log10_lr ▁▂▂▃▄▄▅▅▆▇▇█
wandb:         sweep/lr ▁▁▁▁▁▁▂▂▂▃▅█
wandb:      sweep/point ▁▂▂▃▄▄▅▅▆▇▇█
wandb:    sweep/pt_loss ▁▁▁▁▁▂▂▂▂▃▄█
wandb: 
wandb: Run summary:
wandb:     base/ft_loss 2.82789
wandb:  base/param_norm 1725.10816
wandb:     base/pt_loss 3.2001
wandb: sweep/delta_norm 232.01069
wandb: sweep/forgetting 0.61175
wandb:    sweep/ft_loss 1.8619
wandb:   sweep/log10_lr -2.52288
wandb:         sweep/lr 0.003
wandb:      sweep/point 11
wandb:    sweep/pt_loss 3.81185
wandb: 
wandb: 🚀 View run fsam_muon_codeparrot at: https://wandb.ai/dcll-iiitd/Forgetting-NanoGPT/runs/daujtehr
wandb: ⭐️ View project at: https://wandb.ai/dcll-iiitd/Forgetting-NanoGPT
wandb: Synced 4 W&B file(s), 2 media file(s), 4 artifact file(s) and 0 other file(s)
wandb: Find logs at: ./wandb/run-20260929_163918-daujtehr/logs
