  Loading CPT model architecture: gpt2 in bfloat16...
[nanogpt|fsam_ortho_muon|tulu3] base: pt_loss=3.5908 ft_loss=3.8863
`loss_type=None` was set in the config but it is unrecognized. Using the default loss: `ForCausalLMLoss`.
  lr=1e-05: ft_loss=3.6318 pt_loss=3.6134 dPT=+0.0226 ||dtheta||=1.832 (28s)
  lr=1.68e-05: ft_loss=3.5392 pt_loss=3.6258 dPT=+0.0350 ||dtheta||=2.807 (28s)
  lr=2.82e-05: ft_loss=3.4396 pt_loss=3.6369 dPT=+0.0461 ||dtheta||=4.377 (28s)
  lr=4.74e-05: ft_loss=3.3273 pt_loss=3.6458 dPT=+0.0550 ||dtheta||=6.821 (28s)
  lr=7.96e-05: ft_loss=3.1958 pt_loss=3.6621 dPT=+0.0712 ||dtheta||=10.661 (28s)
  lr=0.000134: ft_loss=3.0676 pt_loss=3.6878 dPT=+0.0969 ||dtheta||=16.625 (28s)
  lr=0.000224: ft_loss=2.9649 pt_loss=3.7168 dPT=+0.1260 ||dtheta||=25.620 (28s)
  lr=0.000377: ft_loss=2.8770 pt_loss=3.7540 dPT=+0.1631 ||dtheta||=39.342 (28s)
  lr=0.000633: ft_loss=2.8159 pt_loss=3.8063 dPT=+0.2155 ||dtheta||=59.789 (28s)
  lr=0.00106: ft_loss=2.7765 pt_loss=3.8794 dPT=+0.2885 ||dtheta||=88.906 (28s)
  lr=0.00179: ft_loss=2.7959 pt_loss=4.0107 dPT=+0.4199 ||dtheta||=131.419 (28s)
  lr=0.003: ft_loss=2.8962 pt_loss=4.2717 dPT=+0.6809 ||dtheta||=192.952 (28s)
wandb: [wandb.login()] Loaded credentials for https://api.wandb.ai from /home/anant/.netrc.
wandb: Currently logged in as: anant-jain (dcll-iiitd) to https://api.wandb.ai. Use `wandb login --relogin` to force relogin
wandb: setting up run 9ogd13eu
wandb: Tracking run with wandb version 0.29.0
wandb: Run data is saved locally in /home/anant/atlas_opt/wandb/run-20260930_165106-9ogd13eu
wandb: Run `wandb offline` to turn off syncing.
wandb: Syncing run fsam_ortho_muon_tulu3
wandb: ⭐️ View project at https://wandb.ai/dcll-iiitd/Forgetting-NanoGPT
wandb: 🚀 View run at https://wandb.ai/dcll-iiitd/Forgetting-NanoGPT/runs/9ogd13eu
wandb: updating run metadata; uploading artifact run-9ogd13eu-sweep_table; uploading artifact run-9ogd13eu-train_loss_curves_table
wandb: uploading artifact run-9ogd13eu-sweep_table; uploading artifact run-9ogd13eu-train_loss_curves_table
wandb: uploading artifact run-9ogd13eu-train_loss_curves_table
wandb: uploading artifact run-9ogd13eu-train_loss_curves_table; uploading wandb-summary.json; uploading config.yaml; uploading wandb-metadata.json; uploading requirements.txt (+ 2 more)
wandb: uploading artifact run-9ogd13eu-train_loss_curves_table; uploading config.yaml; uploading wandb-metadata.json; uploading requirements.txt; uploading media/table/sweep_table_12_7e39aebae267630c21b1.table.json (+ 1 more)
wandb: uploading artifact run-9ogd13eu-train_loss_curves_table
wandb: uploading history steps 0-12, summary
wandb: 
wandb: Run history:
wandb: sweep/delta_norm ▁▁▁▁▁▂▂▂▃▄▆█
wandb: sweep/forgetting ▁▁▁▁▂▂▂▂▃▄▅█
wandb:    sweep/ft_loss █▇▆▆▄▃▃▂▁▁▁▂
wandb:   sweep/log10_lr ▁▂▂▃▄▄▅▅▆▇▇█
wandb:         sweep/lr ▁▁▁▁▁▁▂▂▂▃▅█
wandb:      sweep/point ▁▂▂▃▄▄▅▅▆▇▇█
wandb:    sweep/pt_loss ▁▁▁▁▂▂▂▂▃▄▅█
wandb: 
wandb: Run summary:
wandb:     base/ft_loss 3.8863
wandb:  base/param_norm 1013.45657
wandb:     base/pt_loss 3.59084
wandb: sweep/delta_norm 192.95211
wandb: sweep/forgetting 0.68086
wandb:    sweep/ft_loss 2.89622
wandb:   sweep/log10_lr -2.52288
wandb:         sweep/lr 0.003
wandb:      sweep/point 11
wandb:    sweep/pt_loss 4.27171
wandb: 
wandb: 🚀 View run fsam_ortho_muon_tulu3 at: https://wandb.ai/dcll-iiitd/Forgetting-NanoGPT/runs/9ogd13eu
wandb: ⭐️ View project at: https://wandb.ai/dcll-iiitd/Forgetting-NanoGPT
wandb: Synced 4 W&B file(s), 2 media file(s), 4 artifact file(s) and 0 other file(s)
wandb: Find logs at: ./wandb/run-20260930_165106-9ogd13eu/logs
