  Loading CPT model architecture: gpt2 in bfloat16...
[nanogpt|muon|stackmathqa] base: pt_loss=3.2008 ft_loss=3.5736
`loss_type=None` was set in the config but it is unrecognized. Using the default loss: `ForCausalLMLoss`.
  lr=1e-05: ft_loss=3.1821 pt_loss=3.2153 dPT=+0.0145 ||dtheta||=2.400 (28s)
  lr=1.68e-05: ft_loss=3.0464 pt_loss=3.2265 dPT=+0.0258 ||dtheta||=3.626 (28s)
  lr=2.82e-05: ft_loss=2.9079 pt_loss=3.2363 dPT=+0.0355 ||dtheta||=5.350 (28s)
  lr=4.74e-05: ft_loss=2.7926 pt_loss=3.2452 dPT=+0.0445 ||dtheta||=7.912 (28s)
  lr=7.96e-05: ft_loss=2.6883 pt_loss=3.2578 dPT=+0.0571 ||dtheta||=11.890 (28s)
  lr=0.000134: ft_loss=2.6017 pt_loss=3.2716 dPT=+0.0708 ||dtheta||=17.985 (28s)
  lr=0.000224: ft_loss=2.5214 pt_loss=3.2893 dPT=+0.0885 ||dtheta||=27.381 (28s)
  lr=0.000377: ft_loss=2.4606 pt_loss=3.3076 dPT=+0.1068 ||dtheta||=41.727 (28s)
  lr=0.000633: ft_loss=2.4016 pt_loss=3.3404 dPT=+0.1396 ||dtheta||=63.874 (28s)
  lr=0.00106: ft_loss=2.3681 pt_loss=3.4057 dPT=+0.2049 ||dtheta||=98.219 (27s)
  lr=0.00179: ft_loss=2.3493 pt_loss=3.5168 dPT=+0.3160 ||dtheta||=152.510 (28s)
  lr=0.003: ft_loss=2.3742 pt_loss=3.8094 dPT=+0.6086 ||dtheta||=234.746 (28s)
wandb: [wandb.login()] Loaded credentials for https://api.wandb.ai from /home/anant/.netrc.
wandb: Currently logged in as: anant-jain (dcll-iiitd) to https://api.wandb.ai. Use `wandb login --relogin` to force relogin
wandb: setting up run ls90vtdl
wandb: Tracking run with wandb version 0.29.0
wandb: Run data is saved locally in /home/anant/atlas_opt/wandb/run-20260929_045746-ls90vtdl
wandb: Run `wandb offline` to turn off syncing.
wandb: Syncing run muon_stackmathqa
wandb: ⭐️ View project at https://wandb.ai/dcll-iiitd/Forgetting-NanoGPT
wandb: 🚀 View run at https://wandb.ai/dcll-iiitd/Forgetting-NanoGPT/runs/ls90vtdl
wandb: updating run metadata; uploading artifact run-ls90vtdl-sweep_table; uploading artifact run-ls90vtdl-train_loss_curves_table
wandb: uploading artifact run-ls90vtdl-sweep_table; uploading artifact run-ls90vtdl-train_loss_curves_table
wandb: uploading artifact run-ls90vtdl-train_loss_curves_table
wandb: uploading artifact run-ls90vtdl-train_loss_curves_table; uploading wandb-summary.json; uploading config.yaml; uploading wandb-metadata.json; uploading requirements.txt (+ 2 more)
wandb: uploading artifact run-ls90vtdl-train_loss_curves_table; uploading config.yaml; uploading wandb-metadata.json; uploading requirements.txt; uploading media/table/sweep_table_12_0ad472c3a3def6123867.table.json (+ 1 more)
wandb: uploading artifact run-ls90vtdl-train_loss_curves_table
wandb: uploading history steps 0-12, summary
wandb: 
wandb: Run history:
wandb: sweep/delta_norm ▁▁▁▁▁▁▂▂▃▄▆█
wandb: sweep/forgetting ▁▁▁▁▂▂▂▂▂▃▅█
wandb:    sweep/ft_loss █▇▆▅▄▃▂▂▁▁▁▁
wandb:   sweep/log10_lr ▁▂▂▃▄▄▅▅▆▇▇█
wandb:         sweep/lr ▁▁▁▁▁▁▂▂▂▃▅█
wandb:      sweep/point ▁▂▂▃▄▄▅▅▆▇▇█
wandb:    sweep/pt_loss ▁▁▁▁▂▂▂▂▂▃▅█
wandb: 
wandb: Run summary:
wandb:     base/ft_loss 3.57362
wandb:  base/param_norm 1727.60406
wandb:     base/pt_loss 3.20076
wandb: sweep/delta_norm 234.7459
wandb: sweep/forgetting 0.60861
wandb:    sweep/ft_loss 2.37417
wandb:   sweep/log10_lr -2.52288
wandb:         sweep/lr 0.003
wandb:      sweep/point 11
wandb:    sweep/pt_loss 3.80937
wandb: 
wandb: 🚀 View run muon_stackmathqa at: https://wandb.ai/dcll-iiitd/Forgetting-NanoGPT/runs/ls90vtdl
wandb: ⭐️ View project at: https://wandb.ai/dcll-iiitd/Forgetting-NanoGPT
wandb: Synced 4 W&B file(s), 2 media file(s), 4 artifact file(s) and 0 other file(s)
wandb: Find logs at: ./wandb/run-20260929_045746-ls90vtdl/logs
