  Loading CPT model architecture: gpt2 in bfloat16...
[nanogpt|sam|stackmathqa] base: pt_loss=3.2796 ft_loss=2.7173
`loss_type=None` was set in the config but it is unrecognized. Using the default loss: `ForCausalLMLoss`.
  lr=1e-05: ft_loss=2.5802 pt_loss=3.3254 dPT=+0.0458 ||dtheta||=1.766 (28s)
  lr=1.68e-05: ft_loss=2.5331 pt_loss=3.3376 dPT=+0.0580 ||dtheta||=2.653 (28s)
  lr=2.82e-05: ft_loss=2.4902 pt_loss=3.3551 dPT=+0.0755 ||dtheta||=4.025 (28s)
  lr=4.74e-05: ft_loss=2.4487 pt_loss=3.3738 dPT=+0.0942 ||dtheta||=6.124 (28s)
  lr=7.96e-05: ft_loss=2.4080 pt_loss=3.3985 dPT=+0.1189 ||dtheta||=9.383 (28s)
  lr=0.000134: ft_loss=2.3717 pt_loss=3.4342 dPT=+0.1547 ||dtheta||=14.184 (28s)
  lr=0.000224: ft_loss=2.3380 pt_loss=3.4871 dPT=+0.2075 ||dtheta||=21.581 (28s)
  lr=0.000377: ft_loss=2.3021 pt_loss=3.5269 dPT=+0.2473 ||dtheta||=34.050 (28s)
  lr=0.000633: ft_loss=2.2848 pt_loss=3.5896 dPT=+0.3101 ||dtheta||=54.286 (28s)
  lr=0.00106: ft_loss=2.2819 pt_loss=3.6704 dPT=+0.3908 ||dtheta||=88.483 (28s)
  lr=0.00179: ft_loss=2.3027 pt_loss=3.8950 dPT=+0.6155 ||dtheta||=140.001 (28s)
  lr=0.003: ft_loss=2.4489 pt_loss=4.4526 dPT=+1.1730 ||dtheta||=224.938 (28s)
wandb: [wandb.login()] Loaded credentials for https://api.wandb.ai from /home/anant/.netrc.
wandb: Currently logged in as: anant-jain (dcll-iiitd) to https://api.wandb.ai. Use `wandb login --relogin` to force relogin
wandb: setting up run 92r4bqyt
wandb: Tracking run with wandb version 0.29.0
wandb: Run data is saved locally in /home/anant/atlas_opt/wandb/run-20260929_045745-92r4bqyt
wandb: Run `wandb offline` to turn off syncing.
wandb: Syncing run sam_stackmathqa
wandb: ⭐️ View project at https://wandb.ai/dcll-iiitd/Forgetting-NanoGPT
wandb: 🚀 View run at https://wandb.ai/dcll-iiitd/Forgetting-NanoGPT/runs/92r4bqyt
wandb: updating run metadata; uploading artifact run-92r4bqyt-sweep_table; uploading artifact run-92r4bqyt-train_loss_curves_table
wandb: uploading artifact run-92r4bqyt-sweep_table; uploading artifact run-92r4bqyt-train_loss_curves_table
wandb: uploading artifact run-92r4bqyt-sweep_table; uploading artifact run-92r4bqyt-train_loss_curves_table; uploading wandb-metadata.json; uploading requirements.txt; uploading media/table/sweep_table_12_0b7010119ed236efee63.table.json (+ 3 more)
wandb: uploading artifact run-92r4bqyt-train_loss_curves_table; uploading wandb-metadata.json; uploading requirements.txt; uploading media/table/sweep_table_12_0b7010119ed236efee63.table.json; uploading media/table/train_loss_curves_table_12_4bea1a7f3c8f84d633b1.table.json (+ 2 more)
wandb: uploading artifact run-92r4bqyt-train_loss_curves_table; uploading requirements.txt; uploading media/table/sweep_table_12_0b7010119ed236efee63.table.json; uploading media/table/train_loss_curves_table_12_4bea1a7f3c8f84d633b1.table.json; uploading wandb-summary.json (+ 1 more)
wandb: uploading artifact run-92r4bqyt-train_loss_curves_table
wandb: 
wandb: Run history:
wandb: sweep/delta_norm ▁▁▁▁▁▁▂▂▃▄▅█
wandb: sweep/forgetting ▁▁▁▁▁▂▂▂▃▃▅█
wandb:    sweep/ft_loss █▇▆▅▄▃▂▁▁▁▁▅
wandb:   sweep/log10_lr ▁▂▂▃▄▄▅▅▆▇▇█
wandb:         sweep/lr ▁▁▁▁▁▁▂▂▂▃▅█
wandb:      sweep/point ▁▂▂▃▄▄▅▅▆▇▇█
wandb:    sweep/pt_loss ▁▁▁▁▁▂▂▂▃▃▅█
wandb: 
wandb: Run summary:
wandb:     base/ft_loss 2.71733
wandb:  base/param_norm 1505.57938
wandb:     base/pt_loss 3.27957
wandb: sweep/delta_norm 224.93798
wandb: sweep/forgetting 1.17304
wandb:    sweep/ft_loss 2.44893
wandb:   sweep/log10_lr -2.52288
wandb:         sweep/lr 0.003
wandb:      sweep/point 11
wandb:    sweep/pt_loss 4.45261
wandb: 
wandb: 🚀 View run sam_stackmathqa at: https://wandb.ai/dcll-iiitd/Forgetting-NanoGPT/runs/92r4bqyt
wandb: ⭐️ View project at: https://wandb.ai/dcll-iiitd/Forgetting-NanoGPT
wandb: Synced 4 W&B file(s), 2 media file(s), 4 artifact file(s) and 0 other file(s)
wandb: Find logs at: ./wandb/run-20260929_045745-92r4bqyt/logs
