  Loading CPT model architecture: EleutherAI/pythia-70m in bfloat16...
[pythia70m|muon|stackmathqa] base: pt_loss=4.0079 ft_loss=5.9983
  lr=1e-05: ft_loss=5.4215 pt_loss=4.2165 dPT=+0.2086 ||dtheta||=1.151 (11s)
  lr=1.68e-05: ft_loss=5.2248 pt_loss=4.2985 dPT=+0.2905 ||dtheta||=1.843 (11s)
  lr=2.82e-05: ft_loss=4.9914 pt_loss=4.4139 dPT=+0.4060 ||dtheta||=2.890 (10s)
  lr=4.74e-05: ft_loss=4.6517 pt_loss=4.5908 dPT=+0.5829 ||dtheta||=4.630 (10s)
  lr=7.96e-05: ft_loss=4.1878 pt_loss=4.7983 dPT=+0.7904 ||dtheta||=7.219 (10s)
  lr=0.000134: ft_loss=3.8039 pt_loss=4.7802 dPT=+0.7723 ||dtheta||=10.939 (10s)
  lr=0.000224: ft_loss=3.5820 pt_loss=4.7717 dPT=+0.7638 ||dtheta||=16.175 (10s)
  lr=0.000377: ft_loss=3.4407 pt_loss=4.7751 dPT=+0.7672 ||dtheta||=23.030 (11s)
  lr=0.000633: ft_loss=3.3673 pt_loss=4.8502 dPT=+0.8423 ||dtheta||=30.724 (10s)
  lr=0.00106: ft_loss=3.3494 pt_loss=4.9983 dPT=+0.9904 ||dtheta||=39.947 (10s)
  lr=0.00179: ft_loss=3.4498 pt_loss=5.5771 dPT=+1.5692 ||dtheta||=56.310 (10s)
  lr=0.003: ft_loss=3.8104 pt_loss=6.7589 dPT=+2.7510 ||dtheta||=88.951 (10s)
wandb: [wandb.login()] Loaded credentials for https://api.wandb.ai from /home/anant/.netrc.
wandb: Currently logged in as: anant-jain (dcll-iiitd) to https://api.wandb.ai. Use `wandb login --relogin` to force relogin
wandb: setting up run 5avdefxc
wandb: Tracking run with wandb version 0.29.0
wandb: Run data is saved locally in /home/anant/atlas_opt/wandb/run-20260929_050632-5avdefxc
wandb: Run `wandb offline` to turn off syncing.
wandb: Syncing run muon_stackmathqa
wandb: ⭐️ View project at https://wandb.ai/dcll-iiitd/Forgetting-Pythia70M
wandb: 🚀 View run at https://wandb.ai/dcll-iiitd/Forgetting-Pythia70M/runs/5avdefxc
wandb: uploading artifact run-5avdefxc-sweep_table; updating run metadata; uploading artifact run-5avdefxc-train_loss_curves_table
wandb: uploading artifact run-5avdefxc-sweep_table; uploading artifact run-5avdefxc-train_loss_curves_table
wandb: uploading media/table/sweep_table_12_00454941305fb92f8ec6.table.json; uploading media/table/train_loss_curves_table_12_35439360c63db798d491.table.json; uploading wandb-summary.json; uploading config.yaml
wandb: uploading history steps 0-12, summary
wandb: 
wandb: Run history:
wandb: sweep/delta_norm ▁▁▁▁▁▂▂▃▃▄▅█
wandb: sweep/forgetting ▁▁▂▂▃▃▃▃▃▃▅█
wandb:    sweep/ft_loss █▇▇▅▄▃▂▁▁▁▁▃
wandb:   sweep/log10_lr ▁▂▂▃▄▄▅▅▆▇▇█
wandb:         sweep/lr ▁▁▁▁▁▁▂▂▂▃▅█
wandb:      sweep/point ▁▂▂▃▄▄▅▅▆▇▇█
wandb:    sweep/pt_loss ▁▁▂▂▃▃▃▃▃▃▅█
wandb: 
wandb: Run summary:
wandb:     base/ft_loss 5.99829
wandb:  base/param_norm 1895.47602
wandb:     base/pt_loss 4.00792
wandb: sweep/delta_norm 88.95052
wandb: sweep/forgetting 2.75097
wandb:    sweep/ft_loss 3.81042
wandb:   sweep/log10_lr -2.52288
wandb:         sweep/lr 0.003
wandb:      sweep/point 11
wandb:    sweep/pt_loss 6.75888
wandb: 
wandb: 🚀 View run muon_stackmathqa at: https://wandb.ai/dcll-iiitd/Forgetting-Pythia70M/runs/5avdefxc
wandb: ⭐️ View project at: https://wandb.ai/dcll-iiitd/Forgetting-Pythia70M
wandb: Synced 4 W&B file(s), 2 media file(s), 4 artifact file(s) and 0 other file(s)
wandb: Find logs at: ./wandb/run-20260929_050632-5avdefxc/logs
