  Loading CPT model architecture: EleutherAI/pythia-70m in bfloat16...
[pythia70m|fsam_ortho_muon_stale_momentum|codeparrot] base: pt_loss=4.1546 ft_loss=6.1951
  lr=1e-05: ft_loss=5.6164 pt_loss=4.2946 dPT=+0.1401 ||dtheta||=1.101 (11s)
  lr=1.68e-05: ft_loss=5.4128 pt_loss=4.3458 dPT=+0.1912 ||dtheta||=1.752 (11s)
  lr=2.82e-05: ft_loss=5.1911 pt_loss=4.4180 dPT=+0.2634 ||dtheta||=2.755 (10s)
  lr=4.74e-05: ft_loss=4.9167 pt_loss=4.5290 dPT=+0.3744 ||dtheta||=4.340 (10s)
  lr=7.96e-05: ft_loss=4.5852 pt_loss=4.5830 dPT=+0.4284 ||dtheta||=6.963 (10s)
  lr=0.000134: ft_loss=4.2959 pt_loss=4.6276 dPT=+0.4730 ||dtheta||=10.944 (10s)
  lr=0.000224: ft_loss=4.0615 pt_loss=4.6876 dPT=+0.5330 ||dtheta||=16.719 (10s)
  lr=0.000377: ft_loss=3.8850 pt_loss=4.8098 dPT=+0.6552 ||dtheta||=25.306 (11s)
  lr=0.000633: ft_loss=3.7657 pt_loss=4.8996 dPT=+0.7450 ||dtheta||=34.335 (10s)
  lr=0.00106: ft_loss=3.7074 pt_loss=5.1283 dPT=+0.9737 ||dtheta||=46.762 (11s)
  lr=0.00179: ft_loss=3.7147 pt_loss=5.3133 dPT=+1.1588 ||dtheta||=65.486 (10s)
  lr=0.003: ft_loss=3.7629 pt_loss=5.7836 dPT=+1.6290 ||dtheta||=97.751 (10s)
wandb: [wandb.login()] Loaded credentials for https://api.wandb.ai from /home/anant/.netrc.
wandb: Currently logged in as: anant-jain (dcll-iiitd) to https://api.wandb.ai. Use `wandb login --relogin` to force relogin
wandb: setting up run 8vk9nbx2
wandb: Tracking run with wandb version 0.29.0
wandb: Run data is saved locally in /home/anant/atlas_opt/wandb/run-20260929_050632-8vk9nbx2
wandb: Run `wandb offline` to turn off syncing.
wandb: Syncing run fsam_ortho_muon_stale_momentum_codeparrot
wandb: ⭐️ View project at https://wandb.ai/dcll-iiitd/Forgetting-Pythia70M
wandb: 🚀 View run at https://wandb.ai/dcll-iiitd/Forgetting-Pythia70M/runs/8vk9nbx2
wandb: updating run metadata; uploading artifact run-8vk9nbx2-sweep_table; uploading artifact run-8vk9nbx2-train_loss_curves_table
wandb: uploading artifact run-8vk9nbx2-sweep_table; uploading artifact run-8vk9nbx2-train_loss_curves_table
wandb: uploading artifact run-8vk9nbx2-sweep_table; uploading artifact run-8vk9nbx2-train_loss_curves_table; uploading wandb-metadata.json; uploading requirements.txt; uploading media/table/sweep_table_12_56fea21a51c5081c7cbc.table.json (+ 3 more)
wandb: uploading artifact run-8vk9nbx2-train_loss_curves_table; uploading wandb-metadata.json; uploading requirements.txt; uploading media/table/sweep_table_12_56fea21a51c5081c7cbc.table.json; uploading media/table/train_loss_curves_table_12_55c250e8751327445630.table.json (+ 2 more)
wandb: uploading artifact run-8vk9nbx2-train_loss_curves_table; uploading wandb-metadata.json; uploading media/table/sweep_table_12_56fea21a51c5081c7cbc.table.json; uploading media/table/train_loss_curves_table_12_55c250e8751327445630.table.json; uploading wandb-summary.json (+ 1 more)
wandb: uploading artifact run-8vk9nbx2-train_loss_curves_table
wandb: 
wandb: Run history:
wandb: sweep/delta_norm ▁▁▁▁▁▂▂▃▃▄▆█
wandb: sweep/forgetting ▁▁▂▂▂▃▃▃▄▅▆█
wandb:    sweep/ft_loss █▇▆▅▄▃▂▂▁▁▁▁
wandb:   sweep/log10_lr ▁▂▂▃▄▄▅▅▆▇▇█
wandb:         sweep/lr ▁▁▁▁▁▁▂▂▂▃▅█
wandb:      sweep/point ▁▂▂▃▄▄▅▅▆▇▇█
wandb:    sweep/pt_loss ▁▁▂▂▂▃▃▃▄▅▆█
wandb: 
wandb: Run summary:
wandb:     base/ft_loss 6.19511
wandb:  base/param_norm 1923.28762
wandb:     base/pt_loss 4.15458
wandb: sweep/delta_norm 97.75138
wandb: sweep/forgetting 1.62902
wandb:    sweep/ft_loss 3.76289
wandb:   sweep/log10_lr -2.52288
wandb:         sweep/lr 0.003
wandb:      sweep/point 11
wandb:    sweep/pt_loss 5.78361
wandb: 
wandb: 🚀 View run fsam_ortho_muon_stale_momentum_codeparrot at: https://wandb.ai/dcll-iiitd/Forgetting-Pythia70M/runs/8vk9nbx2
wandb: ⭐️ View project at: https://wandb.ai/dcll-iiitd/Forgetting-Pythia70M
wandb: Synced 4 W&B file(s), 2 media file(s), 4 artifact file(s) and 0 other file(s)
wandb: Find logs at: ./wandb/run-20260929_050632-8vk9nbx2/logs
