  Loading CPT model architecture: EleutherAI/pythia-70m in bfloat16...
[pythia70m|randsam_muon|musicpile] base: pt_loss=3.7062 ft_loss=4.7504
  lr=1e-05: ft_loss=4.6414 pt_loss=3.7457 dPT=+0.0396 ||dtheta||=1.069 (10s)
  lr=1.68e-05: ft_loss=4.5912 pt_loss=3.7419 dPT=+0.0357 ||dtheta||=1.718 (10s)
  lr=2.82e-05: ft_loss=4.5305 pt_loss=3.7421 dPT=+0.0359 ||dtheta||=2.772 (10s)
  lr=4.74e-05: ft_loss=4.4586 pt_loss=3.7467 dPT=+0.0405 ||dtheta||=4.474 (10s)
  lr=7.96e-05: ft_loss=4.3742 pt_loss=3.7551 dPT=+0.0489 ||dtheta||=7.234 (10s)
  lr=0.000134: ft_loss=4.2850 pt_loss=3.7661 dPT=+0.0599 ||dtheta||=11.620 (10s)
  lr=0.000224: ft_loss=4.1979 pt_loss=3.7806 dPT=+0.0744 ||dtheta||=18.362 (10s)
  lr=0.000377: ft_loss=4.1068 pt_loss=3.8046 dPT=+0.0985 ||dtheta||=29.090 (10s)
  lr=0.000633: ft_loss=4.0411 pt_loss=3.8329 dPT=+0.1267 ||dtheta||=44.151 (10s)
  lr=0.00106: ft_loss=3.9914 pt_loss=3.8794 dPT=+0.1733 ||dtheta||=65.388 (10s)
  lr=0.00179: ft_loss=3.9927 pt_loss=3.9796 dPT=+0.2734 ||dtheta||=95.284 (10s)
  lr=0.003: ft_loss=4.1180 pt_loss=4.2470 dPT=+0.5409 ||dtheta||=136.613 (10s)
wandb: [wandb.login()] Loaded credentials for https://api.wandb.ai from /home/anant/.netrc.
wandb: Currently logged in as: anant-jain (dcll-iiitd) to https://api.wandb.ai. Use `wandb login --relogin` to force relogin
wandb: setting up run sp06meci
wandb: Tracking run with wandb version 0.29.0
wandb: Run data is saved locally in /home/anant/atlas_opt/wandb/run-20261001_203146-sp06meci
wandb: Run `wandb offline` to turn off syncing.
wandb: Syncing run randsam_muon_musicpile
wandb: ⭐️ View project at https://wandb.ai/dcll-iiitd/Forgetting-Pythia70M
wandb: 🚀 View run at https://wandb.ai/dcll-iiitd/Forgetting-Pythia70M/runs/sp06meci
wandb: updating run metadata; uploading artifact run-sp06meci-sweep_table; uploading artifact run-sp06meci-train_loss_curves_table
wandb: uploading artifact run-sp06meci-sweep_table; uploading artifact run-sp06meci-train_loss_curves_table
wandb: uploading artifact run-sp06meci-sweep_table; uploading artifact run-sp06meci-train_loss_curves_table; uploading wandb-metadata.json; uploading requirements.txt; uploading media/table/sweep_table_12_4a02ea16fcff22cb385b.table.json (+ 3 more)
wandb: uploading artifact run-sp06meci-train_loss_curves_table
wandb: uploading history steps 0-12, summary
wandb: 
wandb: Run history:
wandb: sweep/delta_norm ▁▁▁▁▁▂▂▂▃▄▆█
wandb: sweep/forgetting ▁▁▁▁▁▁▂▂▂▃▄█
wandb:    sweep/ft_loss █▇▇▆▅▄▃▂▂▁▁▂
wandb:   sweep/log10_lr ▁▂▂▃▄▄▅▅▆▇▇█
wandb:         sweep/lr ▁▁▁▁▁▁▂▂▂▃▅█
wandb:      sweep/point ▁▂▂▃▄▄▅▅▆▇▇█
wandb:    sweep/pt_loss ▁▁▁▁▁▁▂▂▂▃▄█
wandb: 
wandb: Run summary:
wandb:     base/ft_loss 4.7504
wandb:  base/param_norm 790.66167
wandb:     base/pt_loss 3.70615
wandb: sweep/delta_norm 136.61324
wandb: sweep/forgetting 0.54086
wandb:    sweep/ft_loss 4.11805
wandb:   sweep/log10_lr -2.52288
wandb:         sweep/lr 0.003
wandb:      sweep/point 11
wandb:    sweep/pt_loss 4.24701
wandb: 
wandb: 🚀 View run randsam_muon_musicpile at: https://wandb.ai/dcll-iiitd/Forgetting-Pythia70M/runs/sp06meci
wandb: ⭐️ View project at: https://wandb.ai/dcll-iiitd/Forgetting-Pythia70M
wandb: Synced 4 W&B file(s), 2 media file(s), 4 artifact file(s) and 0 other file(s)
wandb: Find logs at: ./wandb/run-20261001_203146-sp06meci/logs
