  Loading CPT model architecture: EleutherAI/pythia-70m in bfloat16...
[pythia70m|sam_ortho|musicpile] base: pt_loss=7.4386 ft_loss=8.9651
  lr=1e-05: ft_loss=8.6484 pt_loss=7.5051 dPT=+0.0665 ||dtheta||=1.379 (12s)
  lr=1.68e-05: ft_loss=8.5217 pt_loss=7.4829 dPT=+0.0443 ||dtheta||=2.242 (11s)
  lr=2.82e-05: ft_loss=8.3559 pt_loss=7.4570 dPT=+0.0184 ||dtheta||=3.642 (11s)
  lr=4.74e-05: ft_loss=8.1313 pt_loss=7.4407 dPT=+0.0021 ||dtheta||=5.955 (11s)
  lr=7.96e-05: ft_loss=7.8333 pt_loss=7.4105 dPT=-0.0281 ||dtheta||=9.763 (11s)
  lr=0.000134: ft_loss=7.4661 pt_loss=7.3638 dPT=-0.0748 ||dtheta||=15.925 (10s)
  lr=0.000224: ft_loss=7.1038 pt_loss=7.2926 dPT=-0.1460 ||dtheta||=24.985 (10s)
  lr=0.000377: ft_loss=6.7833 pt_loss=7.1989 dPT=-0.2397 ||dtheta||=37.051 (10s)
  lr=0.000633: ft_loss=6.5427 pt_loss=7.1199 dPT=-0.3187 ||dtheta||=52.882 (10s)
  lr=0.00106: ft_loss=6.4726 pt_loss=7.1097 dPT=-0.3289 ||dtheta||=71.324 (10s)
  lr=0.00179: ft_loss=6.3946 pt_loss=7.1147 dPT=-0.3239 ||dtheta||=103.057 (10s)
  lr=0.003: ft_loss=6.3354 pt_loss=7.1182 dPT=-0.3204 ||dtheta||=151.174 (10s)
wandb: [wandb.login()] Loaded credentials for https://api.wandb.ai from /home/anant/.netrc.
wandb: Currently logged in as: anant-jain (dcll-iiitd) to https://api.wandb.ai. Use `wandb login --relogin` to force relogin
wandb: setting up run j1fcvc8r
wandb: Tracking run with wandb version 0.29.0
wandb: Run data is saved locally in /home/anant/atlas_opt/wandb/run-20260930_165941-j1fcvc8r
wandb: Run `wandb offline` to turn off syncing.
wandb: Syncing run sam_ortho_musicpile
wandb: ⭐️ View project at https://wandb.ai/dcll-iiitd/Forgetting-Pythia70M
wandb: 🚀 View run at https://wandb.ai/dcll-iiitd/Forgetting-Pythia70M/runs/j1fcvc8r
wandb: updating run metadata; uploading artifact run-j1fcvc8r-sweep_table; uploading artifact run-j1fcvc8r-train_loss_curves_table
wandb: uploading artifact run-j1fcvc8r-sweep_table; uploading artifact run-j1fcvc8r-train_loss_curves_table
wandb: uploading artifact run-j1fcvc8r-sweep_table; uploading artifact run-j1fcvc8r-train_loss_curves_table; uploading requirements.txt; uploading media/table/sweep_table_12_24d9c8d88279699c05db.table.json; uploading media/table/train_loss_curves_table_12_7a481b36dafe1bf62154.table.json (+ 3 more)
wandb: uploading artifact run-j1fcvc8r-sweep_table; uploading artifact run-j1fcvc8r-train_loss_curves_table; uploading requirements.txt; uploading media/table/sweep_table_12_24d9c8d88279699c05db.table.json; uploading wandb-summary.json (+ 2 more)
wandb: uploading artifact run-j1fcvc8r-sweep_table; uploading artifact run-j1fcvc8r-train_loss_curves_table
wandb: uploading artifact run-j1fcvc8r-train_loss_curves_table
wandb: uploading history steps 0-12, summary
wandb: 
wandb: Run history:
wandb: sweep/delta_norm ▁▁▁▁▁▂▂▃▃▄▆█
wandb: sweep/forgetting ██▇▇▆▅▄▃▁▁▁▁
wandb:    sweep/ft_loss ██▇▆▆▄▃▂▂▁▁▁
wandb:   sweep/log10_lr ▁▂▂▃▄▄▅▅▆▇▇█
wandb:         sweep/lr ▁▁▁▁▁▁▂▂▂▃▅█
wandb:      sweep/point ▁▂▂▃▄▄▅▅▆▇▇█
wandb:    sweep/pt_loss ██▇▇▆▅▄▃▁▁▁▁
wandb: 
wandb: Run summary:
wandb:     base/ft_loss 8.96514
wandb:  base/param_norm 186.70124
wandb:     base/pt_loss 7.4386
wandb: sweep/delta_norm 151.17415
wandb: sweep/forgetting -0.32039
wandb:    sweep/ft_loss 6.33537
wandb:   sweep/log10_lr -2.52288
wandb:         sweep/lr 0.003
wandb:      sweep/point 11
wandb:    sweep/pt_loss 7.11821
wandb: 
wandb: 🚀 View run sam_ortho_musicpile at: https://wandb.ai/dcll-iiitd/Forgetting-Pythia70M/runs/j1fcvc8r
wandb: ⭐️ View project at: https://wandb.ai/dcll-iiitd/Forgetting-Pythia70M
wandb: Synced 4 W&B file(s), 2 media file(s), 4 artifact file(s) and 0 other file(s)
wandb: Find logs at: ./wandb/run-20260930_165941-j1fcvc8r/logs
