  Loading CPT model architecture: EleutherAI/pythia-70m in bfloat16...
[pythia70m|fsam_ortho_muon_stale|stackmathqa] base: pt_loss=4.0468 ft_loss=5.9059
  lr=1e-05: ft_loss=5.4218 pt_loss=4.1769 dPT=+0.1301 ||dtheta||=1.231 (11s)
  lr=1.68e-05: ft_loss=5.2179 pt_loss=4.2585 dPT=+0.2117 ||dtheta||=1.946 (10s)
  lr=2.82e-05: ft_loss=4.9723 pt_loss=4.3632 dPT=+0.3164 ||dtheta||=3.075 (10s)
  lr=4.74e-05: ft_loss=4.6920 pt_loss=4.4802 dPT=+0.4334 ||dtheta||=4.744 (10s)
  lr=7.96e-05: ft_loss=4.2536 pt_loss=4.6858 dPT=+0.6390 ||dtheta||=7.502 (10s)
  lr=0.000134: ft_loss=3.8793 pt_loss=4.7308 dPT=+0.6840 ||dtheta||=11.446 (10s)
  lr=0.000224: ft_loss=3.6681 pt_loss=4.7023 dPT=+0.6555 ||dtheta||=16.633 (10s)
  lr=0.000377: ft_loss=3.5014 pt_loss=4.7065 dPT=+0.6597 ||dtheta||=24.736 (10s)
  lr=0.000633: ft_loss=3.4263 pt_loss=4.7609 dPT=+0.7141 ||dtheta||=31.942 (10s)
  lr=0.00106: ft_loss=3.3787 pt_loss=4.8601 dPT=+0.8133 ||dtheta||=43.430 (10s)
  lr=0.00179: ft_loss=3.3531 pt_loss=5.0966 dPT=+1.0498 ||dtheta||=59.120 (11s)
  lr=0.003: ft_loss=3.5042 pt_loss=5.7700 dPT=+1.7232 ||dtheta||=89.852 (10s)
wandb: [wandb.login()] Loaded credentials for https://api.wandb.ai from /home/anant/.netrc.
wandb: Currently logged in as: anant-jain (dcll-iiitd) to https://api.wandb.ai. Use `wandb login --relogin` to force relogin
wandb: setting up run m7l3sjti
wandb: Tracking run with wandb version 0.29.0
wandb: Run data is saved locally in /home/anant/atlas_opt/wandb/run-20260929_050910-m7l3sjti
wandb: Run `wandb offline` to turn off syncing.
wandb: Syncing run fsam_ortho_muon_stale_stackmathqa
wandb: ⭐️ View project at https://wandb.ai/dcll-iiitd/Forgetting-Pythia70M
wandb: 🚀 View run at https://wandb.ai/dcll-iiitd/Forgetting-Pythia70M/runs/m7l3sjti
wandb: updating run metadata; uploading artifact run-m7l3sjti-sweep_table; uploading artifact run-m7l3sjti-train_loss_curves_table
wandb: uploading artifact run-m7l3sjti-sweep_table; uploading artifact run-m7l3sjti-train_loss_curves_table
wandb: uploading artifact run-m7l3sjti-train_loss_curves_table
wandb: uploading artifact run-m7l3sjti-train_loss_curves_table; uploading config.yaml; uploading wandb-metadata.json; uploading requirements.txt; uploading media/table/sweep_table_12_6bdff136342a80b09bc4.table.json (+ 2 more)
wandb: uploading history steps 0-12, summary
wandb: 
wandb: Run history:
wandb: sweep/delta_norm ▁▁▁▁▁▂▂▃▃▄▆█
wandb: sweep/forgetting ▁▁▂▂▃▃▃▃▄▄▅█
wandb:    sweep/ft_loss █▇▆▆▄▃▂▂▁▁▁▂
wandb:   sweep/log10_lr ▁▂▂▃▄▄▅▅▆▇▇█
wandb:         sweep/lr ▁▁▁▁▁▁▂▂▂▃▅█
wandb:      sweep/point ▁▂▂▃▄▄▅▅▆▇▇█
wandb:    sweep/pt_loss ▁▁▂▂▃▃▃▃▄▄▅█
wandb: 
wandb: Run summary:
wandb:     base/ft_loss 5.9059
wandb:  base/param_norm 1922.33547
wandb:     base/pt_loss 4.0468
wandb: sweep/delta_norm 89.85165
wandb: sweep/forgetting 1.72315
wandb:    sweep/ft_loss 3.50424
wandb:   sweep/log10_lr -2.52288
wandb:         sweep/lr 0.003
wandb:      sweep/point 11
wandb:    sweep/pt_loss 5.76995
wandb: 
wandb: 🚀 View run fsam_ortho_muon_stale_stackmathqa at: https://wandb.ai/dcll-iiitd/Forgetting-Pythia70M/runs/m7l3sjti
wandb: ⭐️ View project at: https://wandb.ai/dcll-iiitd/Forgetting-Pythia70M
wandb: Synced 4 W&B file(s), 2 media file(s), 4 artifact file(s) and 0 other file(s)
wandb: Find logs at: ./wandb/run-20260929_050910-m7l3sjti/logs
