  Loading CPT model architecture: EleutherAI/pythia-70m in bfloat16...
[pythia70m|randsam_muon|stackmathqa] base: pt_loss=3.7062 ft_loss=5.6294
  lr=1e-05: ft_loss=4.8899 pt_loss=3.8316 dPT=+0.1254 ||dtheta||=1.524 (10s)
  lr=1.68e-05: ft_loss=4.6640 pt_loss=3.8748 dPT=+0.1686 ||dtheta||=2.405 (10s)
  lr=2.82e-05: ft_loss=4.4522 pt_loss=3.9093 dPT=+0.2032 ||dtheta||=3.778 (10s)
  lr=4.74e-05: ft_loss=4.2404 pt_loss=3.9423 dPT=+0.2362 ||dtheta||=5.998 (10s)
  lr=7.96e-05: ft_loss=3.9992 pt_loss=3.9723 dPT=+0.2661 ||dtheta||=9.604 (10s)
  lr=0.000134: ft_loss=3.7532 pt_loss=4.0071 dPT=+0.3009 ||dtheta||=15.269 (10s)
  lr=0.000224: ft_loss=3.5280 pt_loss=4.0448 dPT=+0.3387 ||dtheta||=23.924 (10s)
  lr=0.000377: ft_loss=3.3255 pt_loss=4.0796 dPT=+0.3734 ||dtheta||=37.036 (10s)
  lr=0.000633: ft_loss=3.1887 pt_loss=4.1448 dPT=+0.4386 ||dtheta||=55.165 (10s)
  lr=0.00106: ft_loss=3.0899 pt_loss=4.2416 dPT=+0.5354 ||dtheta||=77.856 (10s)
  lr=0.00179: ft_loss=3.0280 pt_loss=4.4340 dPT=+0.7279 ||dtheta||=115.036 (10s)
  lr=0.003: ft_loss=3.1846 pt_loss=5.0991 dPT=+1.3929 ||dtheta||=141.774 (10s)
wandb: [wandb.login()] Loaded credentials for https://api.wandb.ai from /home/anant/.netrc.
wandb: Currently logged in as: anant-jain (dcll-iiitd) to https://api.wandb.ai. Use `wandb login --relogin` to force relogin
wandb: setting up run 40ayo4el
wandb: Tracking run with wandb version 0.29.0
wandb: Run data is saved locally in /home/anant/atlas_opt/wandb/run-20261001_202918-40ayo4el
wandb: Run `wandb offline` to turn off syncing.
wandb: Syncing run randsam_muon_stackmathqa
wandb: ⭐️ View project at https://wandb.ai/dcll-iiitd/Forgetting-Pythia70M
wandb: 🚀 View run at https://wandb.ai/dcll-iiitd/Forgetting-Pythia70M/runs/40ayo4el
wandb: updating run metadata; uploading artifact run-40ayo4el-sweep_table; uploading artifact run-40ayo4el-train_loss_curves_table
wandb: uploading artifact run-40ayo4el-sweep_table; uploading artifact run-40ayo4el-train_loss_curves_table
wandb: uploading artifact run-40ayo4el-train_loss_curves_table
wandb: uploading artifact run-40ayo4el-train_loss_curves_table; uploading wandb-summary.json; uploading config.yaml; uploading wandb-metadata.json; uploading requirements.txt (+ 2 more)
wandb: uploading artifact run-40ayo4el-train_loss_curves_table; uploading wandb-summary.json; uploading config.yaml; uploading wandb-metadata.json; uploading requirements.txt (+ 1 more)
wandb: uploading artifact run-40ayo4el-train_loss_curves_table
wandb: 
wandb: Run history:
wandb: sweep/delta_norm ▁▁▁▁▁▂▂▃▄▅▇█
wandb: sweep/forgetting ▁▁▁▂▂▂▂▂▃▃▄█
wandb:    sweep/ft_loss █▇▆▆▅▄▃▂▂▁▁▂
wandb:   sweep/log10_lr ▁▂▂▃▄▄▅▅▆▇▇█
wandb:         sweep/lr ▁▁▁▁▁▁▂▂▂▃▅█
wandb:      sweep/point ▁▂▂▃▄▄▅▅▆▇▇█
wandb:    sweep/pt_loss ▁▁▁▂▂▂▂▂▃▃▄█
wandb: 
wandb: Run summary:
wandb:     base/ft_loss 5.62941
wandb:  base/param_norm 790.66167
wandb:     base/pt_loss 3.70615
wandb: sweep/delta_norm 141.77426
wandb: sweep/forgetting 1.39293
wandb:    sweep/ft_loss 3.18459
wandb:   sweep/log10_lr -2.52288
wandb:         sweep/lr 0.003
wandb:      sweep/point 11
wandb:    sweep/pt_loss 5.09908
wandb: 
wandb: 🚀 View run randsam_muon_stackmathqa at: https://wandb.ai/dcll-iiitd/Forgetting-Pythia70M/runs/40ayo4el
wandb: ⭐️ View project at: https://wandb.ai/dcll-iiitd/Forgetting-Pythia70M
wandb: Synced 4 W&B file(s), 2 media file(s), 4 artifact file(s) and 0 other file(s)
wandb: Find logs at: ./wandb/run-20261001_202918-40ayo4el/logs
