  Loading CPT model architecture: EleutherAI/pythia-70m in bfloat16...
[pythia70m|sam|codeparrot] base: pt_loss=4.0269 ft_loss=2.8510
  lr=1e-05: ft_loss=2.9203 pt_loss=4.5623 dPT=+0.5354 ||dtheta||=0.902 (11s)
  lr=1.68e-05: ft_loss=2.9645 pt_loss=4.8367 dPT=+0.8098 ||dtheta||=1.343 (11s)
  lr=2.82e-05: ft_loss=3.0364 pt_loss=5.0697 dPT=+1.0428 ||dtheta||=1.934 (10s)
  lr=4.74e-05: ft_loss=2.9941 pt_loss=5.2963 dPT=+1.2694 ||dtheta||=2.846 (10s)
  lr=7.96e-05: ft_loss=3.0048 pt_loss=5.3734 dPT=+1.3465 ||dtheta||=3.778 (10s)
  lr=0.000134: ft_loss=3.0049 pt_loss=5.7346 dPT=+1.7078 ||dtheta||=5.509 (10s)
  lr=0.000224: ft_loss=3.0785 pt_loss=6.5417 dPT=+2.5148 ||dtheta||=8.098 (10s)
  lr=0.000377: ft_loss=3.3162 pt_loss=8.3652 dPT=+4.3384 ||dtheta||=12.163 (11s)
  lr=0.000633: ft_loss=3.5356 pt_loss=6.4382 dPT=+2.4113 ||dtheta||=21.130 (10s)
  lr=0.00106: ft_loss=5.3084 pt_loss=8.5821 dPT=+4.5552 ||dtheta||=36.103 (10s)
  lr=0.00179: ft_loss=5.8273 pt_loss=9.4580 dPT=+5.4311 ||dtheta||=57.172 (10s)
  lr=0.003: ft_loss=5.9950 pt_loss=9.4776 dPT=+5.4507 ||dtheta||=95.908 (10s)
wandb: [wandb.login()] Loaded credentials for https://api.wandb.ai from /home/anant/.netrc.
wandb: Currently logged in as: anant-jain (dcll-iiitd) to https://api.wandb.ai. Use `wandb login --relogin` to force relogin
wandb: setting up run 32fhhdqo
wandb: Tracking run with wandb version 0.29.0
wandb: Run data is saved locally in /home/anant/atlas_opt/wandb/run-20260929_050632-32fhhdqo
wandb: Run `wandb offline` to turn off syncing.
wandb: Syncing run sam_codeparrot
wandb: ⭐️ View project at https://wandb.ai/dcll-iiitd/Forgetting-Pythia70M
wandb: 🚀 View run at https://wandb.ai/dcll-iiitd/Forgetting-Pythia70M/runs/32fhhdqo
wandb: updating run metadata; uploading artifact run-32fhhdqo-sweep_table; uploading artifact run-32fhhdqo-train_loss_curves_table
wandb: uploading artifact run-32fhhdqo-sweep_table; uploading artifact run-32fhhdqo-train_loss_curves_table
wandb: uploading artifact run-32fhhdqo-sweep_table; uploading artifact run-32fhhdqo-train_loss_curves_table; uploading wandb-metadata.json; uploading requirements.txt; uploading media/table/sweep_table_12_62f7118c5a60f7082e0a.table.json (+ 3 more)
wandb: uploading artifact run-32fhhdqo-sweep_table; uploading artifact run-32fhhdqo-train_loss_curves_table
wandb: uploading artifact run-32fhhdqo-train_loss_curves_table
wandb: uploading history steps 0-12, summary
wandb: 
wandb: Run history:
wandb: sweep/delta_norm ▁▁▁▁▁▁▂▂▂▄▅█
wandb: sweep/forgetting ▁▁▂▂▂▃▄▆▄▇██
wandb:    sweep/ft_loss ▁▁▁▁▁▁▁▂▂▆██
wandb:   sweep/log10_lr ▁▂▂▃▄▄▅▅▆▇▇█
wandb:         sweep/lr ▁▁▁▁▁▁▂▂▂▃▅█
wandb:      sweep/point ▁▂▂▃▄▄▅▅▆▇▇█
wandb:    sweep/pt_loss ▁▁▂▂▂▃▄▆▄▇██
wandb: 
wandb: Run summary:
wandb:     base/ft_loss 2.85099
wandb:  base/param_norm 1745.35816
wandb:     base/pt_loss 4.02687
wandb: sweep/delta_norm 95.90772
wandb: sweep/forgetting 5.45075
wandb:    sweep/ft_loss 5.99499
wandb:   sweep/log10_lr -2.52288
wandb:         sweep/lr 0.003
wandb:      sweep/point 11
wandb:    sweep/pt_loss 9.47761
wandb: 
wandb: 🚀 View run sam_codeparrot at: https://wandb.ai/dcll-iiitd/Forgetting-Pythia70M/runs/32fhhdqo
wandb: ⭐️ View project at: https://wandb.ai/dcll-iiitd/Forgetting-Pythia70M
wandb: Synced 4 W&B file(s), 2 media file(s), 4 artifact file(s) and 0 other file(s)
wandb: Find logs at: ./wandb/run-20260929_050632-32fhhdqo/logs
