  Loading CPT model architecture: EleutherAI/pythia-70m in bfloat16...
[pythia70m|sam|tulu3] base: pt_loss=4.0269 ft_loss=3.2014
  lr=1e-05: ft_loss=3.3093 pt_loss=4.6901 dPT=+0.6632 ||dtheta||=0.904 (11s)
  lr=1.68e-05: ft_loss=3.3566 pt_loss=4.8445 dPT=+0.8176 ||dtheta||=1.372 (10s)
  lr=2.82e-05: ft_loss=3.3568 pt_loss=4.9610 dPT=+0.9342 ||dtheta||=1.976 (10s)
  lr=4.74e-05: ft_loss=3.3328 pt_loss=5.0210 dPT=+0.9942 ||dtheta||=2.658 (10s)
  lr=7.96e-05: ft_loss=3.2876 pt_loss=5.0576 dPT=+1.0307 ||dtheta||=3.791 (10s)
  lr=0.000134: ft_loss=3.2779 pt_loss=5.1482 dPT=+1.1214 ||dtheta||=5.730 (10s)
  lr=0.000224: ft_loss=3.3988 pt_loss=5.5061 dPT=+1.4792 ||dtheta||=8.539 (11s)
  lr=0.000377: ft_loss=3.7290 pt_loss=5.9949 dPT=+1.9680 ||dtheta||=12.982 (10s)
  lr=0.000633: ft_loss=4.3852 pt_loss=5.9393 dPT=+1.9124 ||dtheta||=23.280 (10s)
  lr=0.00106: ft_loss=4.9039 pt_loss=6.5527 dPT=+2.5258 ||dtheta||=37.798 (10s)
  lr=0.00179: ft_loss=6.1665 pt_loss=7.7047 dPT=+3.6779 ||dtheta||=61.792 (11s)
  lr=0.003: ft_loss=6.7281 pt_loss=8.1192 dPT=+4.0923 ||dtheta||=105.183 (10s)
wandb: [wandb.login()] Loaded credentials for https://api.wandb.ai from /home/anant/.netrc.
wandb: Currently logged in as: anant-jain (dcll-iiitd) to https://api.wandb.ai. Use `wandb login --relogin` to force relogin
wandb: setting up run 0n0bmusv
wandb: Tracking run with wandb version 0.29.0
wandb: Run data is saved locally in /home/anant/atlas_opt/wandb/run-20260929_051149-0n0bmusv
wandb: Run `wandb offline` to turn off syncing.
wandb: Syncing run sam_tulu3
wandb: ⭐️ View project at https://wandb.ai/dcll-iiitd/Forgetting-Pythia70M
wandb: 🚀 View run at https://wandb.ai/dcll-iiitd/Forgetting-Pythia70M/runs/0n0bmusv
wandb: updating run metadata; uploading artifact run-0n0bmusv-sweep_table; uploading artifact run-0n0bmusv-train_loss_curves_table
wandb: uploading artifact run-0n0bmusv-sweep_table; uploading artifact run-0n0bmusv-train_loss_curves_table
wandb: uploading artifact run-0n0bmusv-sweep_table; uploading artifact run-0n0bmusv-train_loss_curves_table; uploading wandb-metadata.json; uploading requirements.txt; uploading media/table/sweep_table_12_5f53201127a974cef2f5.table.json (+ 3 more)
wandb: uploading artifact run-0n0bmusv-train_loss_curves_table; uploading wandb-metadata.json; uploading requirements.txt; uploading media/table/sweep_table_12_5f53201127a974cef2f5.table.json; uploading media/table/train_loss_curves_table_12_8e5ff3bc533b8a03a52e.table.json (+ 2 more)
wandb: uploading artifact run-0n0bmusv-train_loss_curves_table; uploading requirements.txt; uploading media/table/sweep_table_12_5f53201127a974cef2f5.table.json; uploading media/table/train_loss_curves_table_12_8e5ff3bc533b8a03a52e.table.json; uploading wandb-summary.json (+ 1 more)
wandb: uploading artifact run-0n0bmusv-train_loss_curves_table
wandb: 
wandb: Run history:
wandb: sweep/delta_norm ▁▁▁▁▁▁▂▂▃▃▅█
wandb: sweep/forgetting ▁▁▂▂▂▂▃▄▄▅▇█
wandb:    sweep/ft_loss ▁▁▁▁▁▁▁▂▃▄▇█
wandb:   sweep/log10_lr ▁▂▂▃▄▄▅▅▆▇▇█
wandb:         sweep/lr ▁▁▁▁▁▁▂▂▂▃▅█
wandb:      sweep/point ▁▂▂▃▄▄▅▅▆▇▇█
wandb:    sweep/pt_loss ▁▁▂▂▂▂▃▄▄▅▇█
wandb: 
wandb: Run summary:
wandb:     base/ft_loss 3.20143
wandb:  base/param_norm 1745.35816
wandb:     base/pt_loss 4.02687
wandb: sweep/delta_norm 105.18336
wandb: sweep/forgetting 4.09233
wandb:    sweep/ft_loss 6.72806
wandb:   sweep/log10_lr -2.52288
wandb:         sweep/lr 0.003
wandb:      sweep/point 11
wandb:    sweep/pt_loss 8.1192
wandb: 
wandb: 🚀 View run sam_tulu3 at: https://wandb.ai/dcll-iiitd/Forgetting-Pythia70M/runs/0n0bmusv
wandb: ⭐️ View project at: https://wandb.ai/dcll-iiitd/Forgetting-Pythia70M
wandb: Synced 4 W&B file(s), 2 media file(s), 4 artifact file(s) and 0 other file(s)
wandb: Find logs at: ./wandb/run-20260929_051149-0n0bmusv/logs
