  Loading CPT model architecture: EleutherAI/pythia-70m in bfloat16...
[pythia70m|fsam_ortho|tulu3] base: pt_loss=7.4357 ft_loss=8.7714
  lr=1e-05: ft_loss=8.3264 pt_loss=7.5052 dPT=+0.0695 ||dtheta||=1.462 (11s)
  lr=1.68e-05: ft_loss=8.1756 pt_loss=7.4937 dPT=+0.0580 ||dtheta||=2.344 (11s)
  lr=2.82e-05: ft_loss=7.9681 pt_loss=7.4757 dPT=+0.0400 ||dtheta||=3.795 (11s)
  lr=4.74e-05: ft_loss=7.6912 pt_loss=7.4644 dPT=+0.0287 ||dtheta||=6.216 (11s)
  lr=7.96e-05: ft_loss=7.3399 pt_loss=7.4447 dPT=+0.0090 ||dtheta||=10.230 (10s)
  lr=0.000134: ft_loss=6.9071 pt_loss=7.4238 dPT=-0.0119 ||dtheta||=16.804 (10s)
  lr=0.000224: ft_loss=6.4752 pt_loss=7.3835 dPT=-0.0522 ||dtheta||=26.581 (10s)
  lr=0.000377: ft_loss=6.0763 pt_loss=7.3107 dPT=-0.1250 ||dtheta||=40.177 (10s)
  lr=0.000633: ft_loss=5.7836 pt_loss=7.2176 dPT=-0.2182 ||dtheta||=58.357 (10s)
  lr=0.00106: ft_loss=5.5939 pt_loss=7.1533 dPT=-0.2824 ||dtheta||=82.239 (10s)
  lr=0.00179: ft_loss=5.5945 pt_loss=7.1930 dPT=-0.2427 ||dtheta||=113.078 (10s)
  lr=0.003: ft_loss=5.9361 pt_loss=7.4301 dPT=-0.0056 ||dtheta||=153.372 (10s)
wandb: [wandb.login()] Loaded credentials for https://api.wandb.ai from /home/anant/.netrc.
wandb: Currently logged in as: anant-jain (dcll-iiitd) to https://api.wandb.ai. Use `wandb login --relogin` to force relogin
wandb: setting up run kol3t02n
wandb: Tracking run with wandb version 0.29.0
wandb: Run data is saved locally in /home/anant/atlas_opt/wandb/run-20260930_170218-kol3t02n
wandb: Run `wandb offline` to turn off syncing.
wandb: Syncing run fsam_ortho_tulu3
wandb: ⭐️ View project at https://wandb.ai/dcll-iiitd/Forgetting-Pythia70M
wandb: 🚀 View run at https://wandb.ai/dcll-iiitd/Forgetting-Pythia70M/runs/kol3t02n
wandb: updating run metadata; uploading artifact run-kol3t02n-sweep_table; uploading artifact run-kol3t02n-train_loss_curves_table
wandb: uploading artifact run-kol3t02n-sweep_table; uploading artifact run-kol3t02n-train_loss_curves_table
wandb: uploading artifact run-kol3t02n-train_loss_curves_table
wandb: uploading artifact run-kol3t02n-train_loss_curves_table; uploading wandb-metadata.json; uploading requirements.txt; uploading media/table/sweep_table_12_46b7de087c3988f6e456.table.json; uploading media/table/train_loss_curves_table_12_488be8b445539cd35b56.table.json (+ 2 more)
wandb: uploading wandb-metadata.json; uploading requirements.txt; uploading media/table/sweep_table_12_46b7de087c3988f6e456.table.json; uploading media/table/train_loss_curves_table_12_488be8b445539cd35b56.table.json; uploading wandb-summary.json (+ 1 more)
wandb: uploading media/table/train_loss_curves_table_12_488be8b445539cd35b56.table.json; uploading config.yaml
wandb: uploading history steps 0-12, summary
wandb: 
wandb: Run history:
wandb: sweep/delta_norm ▁▁▁▁▁▂▂▃▄▅▆█
wandb: sweep/forgetting ██▇▇▇▆▆▄▂▁▂▇
wandb:    sweep/ft_loss ██▇▆▅▄▃▂▁▁▁▂
wandb:   sweep/log10_lr ▁▂▂▃▄▄▅▅▆▇▇█
wandb:         sweep/lr ▁▁▁▁▁▁▂▂▂▃▅█
wandb:      sweep/point ▁▂▂▃▄▄▅▅▆▇▇█
wandb:    sweep/pt_loss ██▇▇▇▆▆▄▂▁▂▇
wandb: 
wandb: Run summary:
wandb:     base/ft_loss 8.77142
wandb:  base/param_norm 186.70055
wandb:     base/pt_loss 7.43572
wandb: sweep/delta_norm 153.37242
wandb: sweep/forgetting -0.00562
wandb:    sweep/ft_loss 5.93607
wandb:   sweep/log10_lr -2.52288
wandb:         sweep/lr 0.003
wandb:      sweep/point 11
wandb:    sweep/pt_loss 7.4301
wandb: 
wandb: 🚀 View run fsam_ortho_tulu3 at: https://wandb.ai/dcll-iiitd/Forgetting-Pythia70M/runs/kol3t02n
wandb: ⭐️ View project at: https://wandb.ai/dcll-iiitd/Forgetting-Pythia70M
wandb: Synced 4 W&B file(s), 2 media file(s), 4 artifact file(s) and 0 other file(s)
wandb: Find logs at: ./wandb/run-20260930_170218-kol3t02n/logs
