  Loading CPT model architecture: EleutherAI/pythia-70m in bfloat16...
[pythia70m|fsam_ortho_muon_stale|codeparrot] base: pt_loss=4.0468 ft_loss=6.0335
  lr=1e-05: ft_loss=5.4885 pt_loss=4.1796 dPT=+0.1328 ||dtheta||=1.145 (11s)
  lr=1.68e-05: ft_loss=5.2834 pt_loss=4.2298 dPT=+0.1830 ||dtheta||=1.800 (10s)
  lr=2.82e-05: ft_loss=5.0439 pt_loss=4.3167 dPT=+0.2699 ||dtheta||=2.850 (10s)
  lr=4.74e-05: ft_loss=4.7488 pt_loss=4.4330 dPT=+0.3862 ||dtheta||=4.473 (10s)
  lr=7.96e-05: ft_loss=4.4230 pt_loss=4.4550 dPT=+0.4082 ||dtheta||=7.123 (10s)
  lr=0.000134: ft_loss=4.1424 pt_loss=4.4942 dPT=+0.4474 ||dtheta||=11.122 (10s)
  lr=0.000224: ft_loss=3.9094 pt_loss=4.5774 dPT=+0.5306 ||dtheta||=17.013 (10s)
  lr=0.000377: ft_loss=3.7379 pt_loss=4.6963 dPT=+0.6495 ||dtheta||=25.202 (11s)
  lr=0.000633: ft_loss=3.6340 pt_loss=4.8131 dPT=+0.7663 ||dtheta||=34.128 (10s)
  lr=0.00106: ft_loss=3.5538 pt_loss=4.9389 dPT=+0.8921 ||dtheta||=45.751 (10s)
  lr=0.00179: ft_loss=3.5488 pt_loss=5.1474 dPT=+1.1006 ||dtheta||=65.737 (10s)
  lr=0.003: ft_loss=3.7705 pt_loss=5.8687 dPT=+1.8219 ||dtheta||=96.743 (10s)
wandb: [wandb.login()] Loaded credentials for https://api.wandb.ai from /home/anant/.netrc.
wandb: Currently logged in as: anant-jain (dcll-iiitd) to https://api.wandb.ai. Use `wandb login --relogin` to force relogin
wandb: setting up run b5wu2gtw
wandb: Tracking run with wandb version 0.29.0
wandb: Run data is saved locally in /home/anant/atlas_opt/wandb/run-20260929_050633-b5wu2gtw
wandb: Run `wandb offline` to turn off syncing.
wandb: Syncing run fsam_ortho_muon_stale_codeparrot
wandb: ⭐️ View project at https://wandb.ai/dcll-iiitd/Forgetting-Pythia70M
wandb: 🚀 View run at https://wandb.ai/dcll-iiitd/Forgetting-Pythia70M/runs/b5wu2gtw
wandb: updating run metadata; uploading artifact run-b5wu2gtw-sweep_table; uploading artifact run-b5wu2gtw-train_loss_curves_table
wandb: uploading artifact run-b5wu2gtw-sweep_table; uploading artifact run-b5wu2gtw-train_loss_curves_table; uploading wandb-metadata.json; uploading requirements.txt; uploading media/table/sweep_table_12_2914b8d49af67e56079e.table.json (+ 1 more)
wandb: uploading artifact run-b5wu2gtw-sweep_table; uploading artifact run-b5wu2gtw-train_loss_curves_table
wandb: uploading artifact run-b5wu2gtw-train_loss_curves_table
wandb: uploading config.yaml; uploading media/table/train_loss_curves_table_12_7352ca7b899b46f4c1d8.table.json; uploading wandb-summary.json
wandb: uploading media/table/train_loss_curves_table_12_7352ca7b899b46f4c1d8.table.json; uploading wandb-summary.json
wandb: 
wandb: Run history:
wandb: sweep/delta_norm ▁▁▁▁▁▂▂▃▃▄▆█
wandb: sweep/forgetting ▁▁▂▂▂▂▃▃▄▄▅█
wandb:    sweep/ft_loss █▇▆▅▄▃▂▂▁▁▁▂
wandb:   sweep/log10_lr ▁▂▂▃▄▄▅▅▆▇▇█
wandb:         sweep/lr ▁▁▁▁▁▁▂▂▂▃▅█
wandb:      sweep/point ▁▂▂▃▄▄▅▅▆▇▇█
wandb:    sweep/pt_loss ▁▁▂▂▂▂▃▃▄▄▅█
wandb: 
wandb: Run summary:
wandb:     base/ft_loss 6.03352
wandb:  base/param_norm 1922.33547
wandb:     base/pt_loss 4.0468
wandb: sweep/delta_norm 96.74285
wandb: sweep/forgetting 1.82189
wandb:    sweep/ft_loss 3.77051
wandb:   sweep/log10_lr -2.52288
wandb:         sweep/lr 0.003
wandb:      sweep/point 11
wandb:    sweep/pt_loss 5.86869
wandb: 
wandb: 🚀 View run fsam_ortho_muon_stale_codeparrot at: https://wandb.ai/dcll-iiitd/Forgetting-Pythia70M/runs/b5wu2gtw
wandb: ⭐️ View project at: https://wandb.ai/dcll-iiitd/Forgetting-Pythia70M
wandb: Synced 4 W&B file(s), 2 media file(s), 4 artifact file(s) and 0 other file(s)
wandb: Find logs at: ./wandb/run-20260929_050633-b5wu2gtw/logs
