  Loading CPT model architecture: EleutherAI/pythia-70m in bfloat16...
[pythia70m|muon_sam_frob|stackmathqa] base: pt_loss=3.7104 ft_loss=5.6049
  lr=1e-05: ft_loss=4.8697 pt_loss=3.8113 dPT=+0.1009 ||dtheta||=1.541 (10s)
  lr=1.68e-05: ft_loss=4.6620 pt_loss=3.8558 dPT=+0.1454 ||dtheta||=2.432 (10s)
  lr=2.82e-05: ft_loss=4.4549 pt_loss=3.8930 dPT=+0.1826 ||dtheta||=3.819 (10s)
  lr=4.74e-05: ft_loss=4.2403 pt_loss=3.9297 dPT=+0.2193 ||dtheta||=6.056 (10s)
  lr=7.96e-05: ft_loss=3.9990 pt_loss=3.9718 dPT=+0.2614 ||dtheta||=9.658 (10s)
  lr=0.000134: ft_loss=3.7536 pt_loss=4.0135 dPT=+0.3031 ||dtheta||=15.312 (10s)
  lr=0.000224: ft_loss=3.5122 pt_loss=4.0410 dPT=+0.3306 ||dtheta||=24.198 (10s)
  lr=0.000377: ft_loss=3.3155 pt_loss=4.0691 dPT=+0.3587 ||dtheta||=37.315 (11s)
  lr=0.000633: ft_loss=3.1749 pt_loss=4.1268 dPT=+0.4164 ||dtheta||=55.912 (11s)
  lr=0.00106: ft_loss=3.0789 pt_loss=4.2227 dPT=+0.5122 ||dtheta||=77.864 (11s)
  lr=0.00179: ft_loss=3.0145 pt_loss=4.4181 dPT=+0.7076 ||dtheta||=116.094 (11s)
  lr=0.003: ft_loss=3.1649 pt_loss=5.0312 dPT=+1.3208 ||dtheta||=147.834 (11s)
wandb: [wandb.login()] Loaded credentials for https://api.wandb.ai from /home/anant/.netrc.
wandb: Currently logged in as: anant-jain (dcll-iiitd) to https://api.wandb.ai. Use `wandb login --relogin` to force relogin
wandb: setting up run y846evvs
wandb: Tracking run with wandb version 0.29.0
wandb: Run data is saved locally in /home/anant/atlas_opt/wandb/run-20260930_165830-y846evvs
wandb: Run `wandb offline` to turn off syncing.
wandb: Syncing run muon_sam_frob_stackmathqa
wandb: ⭐️ View project at https://wandb.ai/dcll-iiitd/Forgetting-Pythia70M
wandb: 🚀 View run at https://wandb.ai/dcll-iiitd/Forgetting-Pythia70M/runs/y846evvs
wandb: updating run metadata; uploading artifact run-y846evvs-sweep_table; uploading artifact run-y846evvs-train_loss_curves_table
wandb: uploading artifact run-y846evvs-sweep_table; uploading artifact run-y846evvs-train_loss_curves_table
wandb: uploading artifact run-y846evvs-sweep_table; uploading artifact run-y846evvs-train_loss_curves_table; uploading media/table/train_loss_curves_table_12_be26e35eba4559352a08.table.json; uploading wandb-summary.json; uploading config.yaml (+ 3 more)
wandb: uploading artifact run-y846evvs-train_loss_curves_table; uploading media/table/train_loss_curves_table_12_be26e35eba4559352a08.table.json; uploading wandb-summary.json; uploading config.yaml; uploading wandb-metadata.json (+ 2 more)
wandb: uploading artifact run-y846evvs-train_loss_curves_table
wandb: 
wandb: Run history:
wandb: sweep/delta_norm ▁▁▁▁▁▂▂▃▄▅▆█
wandb: sweep/forgetting ▁▁▁▂▂▂▂▂▃▃▄█
wandb:    sweep/ft_loss █▇▆▆▅▄▃▂▂▁▁▂
wandb:   sweep/log10_lr ▁▂▂▃▄▄▅▅▆▇▇█
wandb:         sweep/lr ▁▁▁▁▁▁▂▂▂▃▅█
wandb:      sweep/point ▁▂▂▃▄▄▅▅▆▇▇█
wandb:    sweep/pt_loss ▁▁▁▂▂▂▂▂▃▃▄█
wandb: 
wandb: Run summary:
wandb:     base/ft_loss 5.6049
wandb:  base/param_norm 790.41812
wandb:     base/pt_loss 3.71041
wandb: sweep/delta_norm 147.83353
wandb: sweep/forgetting 1.32079
wandb:    sweep/ft_loss 3.16486
wandb:   sweep/log10_lr -2.52288
wandb:         sweep/lr 0.003
wandb:      sweep/point 11
wandb:    sweep/pt_loss 5.03119
wandb: 
wandb: 🚀 View run muon_sam_frob_stackmathqa at: https://wandb.ai/dcll-iiitd/Forgetting-Pythia70M/runs/y846evvs
wandb: ⭐️ View project at: https://wandb.ai/dcll-iiitd/Forgetting-Pythia70M
wandb: Synced 4 W&B file(s), 2 media file(s), 4 artifact file(s) and 0 other file(s)
wandb: Find logs at: ./wandb/run-20260930_165830-y846evvs/logs
