  Loading CPT model architecture: EleutherAI/pythia-70m in bfloat16...
[pythia70m|fsam_muon|musicpile] base: pt_loss=3.8964 ft_loss=4.8635
  lr=1e-05: ft_loss=4.7648 pt_loss=3.9587 dPT=+0.0623 ||dtheta||=0.963 (11s)
  lr=1.68e-05: ft_loss=4.7228 pt_loss=3.9536 dPT=+0.0572 ||dtheta||=1.544 (11s)
  lr=2.82e-05: ft_loss=4.6627 pt_loss=3.9495 dPT=+0.0531 ||dtheta||=2.557 (11s)
  lr=4.74e-05: ft_loss=4.5997 pt_loss=3.9487 dPT=+0.0523 ||dtheta||=4.101 (11s)
  lr=7.96e-05: ft_loss=4.5196 pt_loss=3.9586 dPT=+0.0623 ||dtheta||=6.600 (11s)
  lr=0.000134: ft_loss=4.4435 pt_loss=3.9756 dPT=+0.0793 ||dtheta||=10.359 (10s)
  lr=0.000224: ft_loss=4.3491 pt_loss=4.0023 dPT=+0.1059 ||dtheta||=15.959 (10s)
  lr=0.000377: ft_loss=4.2682 pt_loss=4.0367 dPT=+0.1403 ||dtheta||=24.182 (10s)
  lr=0.000633: ft_loss=4.2111 pt_loss=4.0768 dPT=+0.1804 ||dtheta||=34.613 (10s)
  lr=0.00106: ft_loss=4.1759 pt_loss=4.1320 dPT=+0.2357 ||dtheta||=49.680 (10s)
  lr=0.00179: ft_loss=4.2132 pt_loss=4.2414 dPT=+0.3450 ||dtheta||=71.319 (10s)
  lr=0.003: ft_loss=4.3595 pt_loss=4.4956 dPT=+0.5992 ||dtheta||=109.871 (10s)
wandb: [wandb.login()] Loaded credentials for https://api.wandb.ai from /home/anant/.netrc.
wandb: Currently logged in as: anant-jain (dcll-iiitd) to https://api.wandb.ai. Use `wandb login --relogin` to force relogin
wandb: setting up run r9p2jlk0
wandb: Tracking run with wandb version 0.29.0
wandb: Run data is saved locally in /home/anant/atlas_opt/wandb/run-20260929_164805-r9p2jlk0
wandb: Run `wandb offline` to turn off syncing.
wandb: Syncing run fsam_muon_musicpile
wandb: ⭐️ View project at https://wandb.ai/dcll-iiitd/Forgetting-Pythia70M
wandb: 🚀 View run at https://wandb.ai/dcll-iiitd/Forgetting-Pythia70M/runs/r9p2jlk0
wandb: updating run metadata; uploading artifact run-r9p2jlk0-sweep_table; uploading artifact run-r9p2jlk0-train_loss_curves_table
wandb: uploading artifact run-r9p2jlk0-sweep_table; uploading artifact run-r9p2jlk0-train_loss_curves_table
wandb: uploading artifact run-r9p2jlk0-sweep_table; uploading artifact run-r9p2jlk0-train_loss_curves_table; uploading media/table/sweep_table_12_f08c1c25f4095464d453.table.json; uploading media/table/train_loss_curves_table_12_2e2223a087ee375c1b13.table.json; uploading wandb-summary.json (+ 2 more)
wandb: uploading artifact run-r9p2jlk0-sweep_table; uploading artifact run-r9p2jlk0-train_loss_curves_table
wandb: uploading history steps 0-12, summary
wandb: 
wandb: Run history:
wandb: sweep/delta_norm ▁▁▁▁▁▂▂▂▃▄▆█
wandb: sweep/forgetting ▁▁▁▁▁▁▂▂▃▃▅█
wandb:    sweep/ft_loss ██▇▆▅▄▃▂▁▁▁▃
wandb:   sweep/log10_lr ▁▂▂▃▄▄▅▅▆▇▇█
wandb:         sweep/lr ▁▁▁▁▁▁▂▂▂▃▅█
wandb:      sweep/point ▁▂▂▃▄▄▅▅▆▇▇█
wandb:    sweep/pt_loss ▁▁▁▁▁▁▂▂▃▃▅█
wandb: 
wandb: Run summary:
wandb:     base/ft_loss 4.86351
wandb:  base/param_norm 1924.22621
wandb:     base/pt_loss 3.89636
wandb: sweep/delta_norm 109.87141
wandb: sweep/forgetting 0.59924
wandb:    sweep/ft_loss 4.35954
wandb:   sweep/log10_lr -2.52288
wandb:         sweep/lr 0.003
wandb:      sweep/point 11
wandb:    sweep/pt_loss 4.4956
wandb: 
wandb: 🚀 View run fsam_muon_musicpile at: https://wandb.ai/dcll-iiitd/Forgetting-Pythia70M/runs/r9p2jlk0
wandb: ⭐️ View project at: https://wandb.ai/dcll-iiitd/Forgetting-Pythia70M
wandb: Synced 4 W&B file(s), 2 media file(s), 4 artifact file(s) and 0 other file(s)
wandb: Find logs at: ./wandb/run-20260929_164805-r9p2jlk0/logs
