  Loading CPT model architecture: EleutherAI/pythia-70m in bfloat16...
[pythia70m|muon_sam|stackmathqa] base: pt_loss=3.8392 ft_loss=5.6516
  lr=1e-05: ft_loss=5.0915 pt_loss=3.9781 dPT=+0.1389 ||dtheta||=1.206 (11s)
  lr=1.68e-05: ft_loss=4.8704 pt_loss=4.0609 dPT=+0.2218 ||dtheta||=1.905 (10s)
  lr=2.82e-05: ft_loss=4.5919 pt_loss=4.1686 dPT=+0.3295 ||dtheta||=2.975 (10s)
  lr=4.74e-05: ft_loss=4.2150 pt_loss=4.3360 dPT=+0.4969 ||dtheta||=4.640 (10s)
  lr=7.96e-05: ft_loss=3.8536 pt_loss=4.3951 dPT=+0.5560 ||dtheta||=7.122 (10s)
  lr=0.000134: ft_loss=3.5634 pt_loss=4.3885 dPT=+0.5493 ||dtheta||=10.960 (10s)
  lr=0.000224: ft_loss=3.3923 pt_loss=4.4236 dPT=+0.5844 ||dtheta||=16.363 (10s)
  lr=0.000377: ft_loss=3.2852 pt_loss=4.5062 dPT=+0.6670 ||dtheta||=22.746 (10s)
  lr=0.000633: ft_loss=3.2115 pt_loss=4.5931 dPT=+0.7539 ||dtheta||=30.730 (10s)
  lr=0.00106: ft_loss=3.1724 pt_loss=4.6981 dPT=+0.8589 ||dtheta||=41.800 (10s)
  lr=0.00179: ft_loss=3.1823 pt_loss=4.9936 dPT=+1.1545 ||dtheta||=59.857 (10s)
  lr=0.003: ft_loss=3.4894 pt_loss=5.9783 dPT=+2.1391 ||dtheta||=89.830 (10s)
wandb: [wandb.login()] Loaded credentials for https://api.wandb.ai from /home/anant/.netrc.
wandb: Currently logged in as: anant-jain (dcll-iiitd) to https://api.wandb.ai. Use `wandb login --relogin` to force relogin
wandb: setting up run f0ga2dkk
wandb: Tracking run with wandb version 0.29.0
wandb: Run data is saved locally in /home/anant/atlas_opt/wandb/run-20260929_164419-f0ga2dkk
wandb: Run `wandb offline` to turn off syncing.
wandb: Syncing run muon_sam_stackmathqa
wandb: ⭐️ View project at https://wandb.ai/dcll-iiitd/Forgetting-Pythia70M
wandb: 🚀 View run at https://wandb.ai/dcll-iiitd/Forgetting-Pythia70M/runs/f0ga2dkk
wandb: updating run metadata; uploading artifact run-f0ga2dkk-sweep_table; uploading artifact run-f0ga2dkk-train_loss_curves_table
wandb: uploading artifact run-f0ga2dkk-sweep_table; uploading artifact run-f0ga2dkk-train_loss_curves_table
wandb: uploading artifact run-f0ga2dkk-train_loss_curves_table; uploading media/table/train_loss_curves_table_12_523c743b24057dc98f61.table.json; uploading wandb-summary.json; uploading config.yaml; uploading wandb-metadata.json (+ 2 more)
wandb: uploading artifact run-f0ga2dkk-train_loss_curves_table; uploading wandb-summary.json; uploading config.yaml; uploading wandb-metadata.json; uploading requirements.txt (+ 1 more)
wandb: uploading artifact run-f0ga2dkk-train_loss_curves_table
wandb: uploading history steps 0-12, summary
wandb: 
wandb: Run history:
wandb: sweep/delta_norm ▁▁▁▁▁▂▂▃▃▄▆█
wandb: sweep/forgetting ▁▁▂▂▂▂▃▃▃▄▅█
wandb:    sweep/ft_loss █▇▆▅▃▂▂▁▁▁▁▂
wandb:   sweep/log10_lr ▁▂▂▃▄▄▅▅▆▇▇█
wandb:         sweep/lr ▁▁▁▁▁▁▂▂▂▃▅█
wandb:      sweep/point ▁▂▂▃▄▄▅▅▆▇▇█
wandb:    sweep/pt_loss ▁▁▂▂▂▂▃▃▃▄▅█
wandb: 
wandb: Run summary:
wandb:     base/ft_loss 5.65165
wandb:  base/param_norm 1901.0514
wandb:     base/pt_loss 3.83918
wandb: sweep/delta_norm 89.83047
wandb: sweep/forgetting 2.13909
wandb:    sweep/ft_loss 3.4894
wandb:   sweep/log10_lr -2.52288
wandb:         sweep/lr 0.003
wandb:      sweep/point 11
wandb:    sweep/pt_loss 5.97827
wandb: 
wandb: 🚀 View run muon_sam_stackmathqa at: https://wandb.ai/dcll-iiitd/Forgetting-Pythia70M/runs/f0ga2dkk
wandb: ⭐️ View project at: https://wandb.ai/dcll-iiitd/Forgetting-Pythia70M
wandb: Synced 4 W&B file(s), 2 media file(s), 4 artifact file(s) and 0 other file(s)
wandb: Find logs at: ./wandb/run-20260929_164419-f0ga2dkk/logs
