  Loading CPT model architecture: EleutherAI/pythia-70m in bfloat16...
[pythia70m|fsam_ortho_muon_stale_momentum|musicpile] base: pt_loss=4.1546 ft_loss=5.1292
  lr=1e-05: ft_loss=5.0380 pt_loss=4.2051 dPT=+0.0505 ||dtheta||=0.926 (11s)
  lr=1.68e-05: ft_loss=4.9988 pt_loss=4.2030 dPT=+0.0485 ||dtheta||=1.497 (10s)
  lr=2.82e-05: ft_loss=4.9520 pt_loss=4.2001 dPT=+0.0455 ||dtheta||=2.431 (10s)
  lr=4.74e-05: ft_loss=4.8837 pt_loss=4.1991 dPT=+0.0445 ||dtheta||=4.023 (10s)
  lr=7.96e-05: ft_loss=4.8123 pt_loss=4.2042 dPT=+0.0496 ||dtheta||=6.494 (10s)
  lr=0.000134: ft_loss=4.7249 pt_loss=4.2212 dPT=+0.0667 ||dtheta||=10.407 (10s)
  lr=0.000224: ft_loss=4.6419 pt_loss=4.2545 dPT=+0.0999 ||dtheta||=16.007 (10s)
  lr=0.000377: ft_loss=4.5729 pt_loss=4.2987 dPT=+0.1441 ||dtheta||=24.246 (10s)
  lr=0.000633: ft_loss=4.5239 pt_loss=4.3607 dPT=+0.2061 ||dtheta||=35.319 (10s)
  lr=0.00106: ft_loss=4.4702 pt_loss=4.4291 dPT=+0.2745 ||dtheta||=50.662 (10s)
  lr=0.00179: ft_loss=4.5248 pt_loss=4.5964 dPT=+0.4418 ||dtheta||=73.541 (11s)
  lr=0.003: ft_loss=4.5799 pt_loss=4.7462 dPT=+0.5917 ||dtheta||=112.209 (10s)
wandb: [wandb.login()] Loaded credentials for https://api.wandb.ai from /home/anant/.netrc.
wandb: Currently logged in as: anant-jain (dcll-iiitd) to https://api.wandb.ai. Use `wandb login --relogin` to force relogin
wandb: setting up run r7j1nw0j
wandb: Tracking run with wandb version 0.29.0
wandb: Run data is saved locally in /home/anant/atlas_opt/wandb/run-20260929_051149-r7j1nw0j
wandb: Run `wandb offline` to turn off syncing.
wandb: Syncing run fsam_ortho_muon_stale_momentum_musicpile
wandb: ⭐️ View project at https://wandb.ai/dcll-iiitd/Forgetting-Pythia70M
wandb: 🚀 View run at https://wandb.ai/dcll-iiitd/Forgetting-Pythia70M/runs/r7j1nw0j
wandb: updating run metadata; uploading artifact run-r7j1nw0j-sweep_table; uploading artifact run-r7j1nw0j-train_loss_curves_table
wandb: uploading artifact run-r7j1nw0j-sweep_table; uploading artifact run-r7j1nw0j-train_loss_curves_table
wandb: uploading artifact run-r7j1nw0j-sweep_table; uploading artifact run-r7j1nw0j-train_loss_curves_table; uploading requirements.txt; uploading media/table/sweep_table_12_8f80928f23a4870933cb.table.json; uploading media/table/train_loss_curves_table_12_4761aeff006450beeeb9.table.json (+ 3 more)
wandb: uploading artifact run-r7j1nw0j-sweep_table; uploading artifact run-r7j1nw0j-train_loss_curves_table; uploading requirements.txt; uploading media/table/sweep_table_12_8f80928f23a4870933cb.table.json; uploading media/table/train_loss_curves_table_12_4761aeff006450beeeb9.table.json (+ 2 more)
wandb: uploading artifact run-r7j1nw0j-sweep_table; uploading artifact run-r7j1nw0j-train_loss_curves_table; uploading media/table/train_loss_curves_table_12_4761aeff006450beeeb9.table.json
wandb: uploading artifact run-r7j1nw0j-train_loss_curves_table
wandb: uploading history steps 0-12, summary
wandb: 
wandb: Run history:
wandb: sweep/delta_norm ▁▁▁▁▁▂▂▂▃▄▆█
wandb: sweep/forgetting ▁▁▁▁▁▁▂▂▃▄▆█
wandb:    sweep/ft_loss ██▇▆▅▄▃▂▂▁▂▂
wandb:   sweep/log10_lr ▁▂▂▃▄▄▅▅▆▇▇█
wandb:         sweep/lr ▁▁▁▁▁▁▂▂▂▃▅█
wandb:      sweep/point ▁▂▂▃▄▄▅▅▆▇▇█
wandb:    sweep/pt_loss ▁▁▁▁▁▁▂▂▃▄▆█
wandb: 
wandb: Run summary:
wandb:     base/ft_loss 5.12916
wandb:  base/param_norm 1923.28762
wandb:     base/pt_loss 4.15458
wandb: sweep/delta_norm 112.20936
wandb: sweep/forgetting 0.59165
wandb:    sweep/ft_loss 4.57993
wandb:   sweep/log10_lr -2.52288
wandb:         sweep/lr 0.003
wandb:      sweep/point 11
wandb:    sweep/pt_loss 4.74623
wandb: 
wandb: 🚀 View run fsam_ortho_muon_stale_momentum_musicpile at: https://wandb.ai/dcll-iiitd/Forgetting-Pythia70M/runs/r7j1nw0j
wandb: ⭐️ View project at: https://wandb.ai/dcll-iiitd/Forgetting-Pythia70M
wandb: Synced 4 W&B file(s), 2 media file(s), 4 artifact file(s) and 0 other file(s)
wandb: Find logs at: ./wandb/run-20260929_051149-r7j1nw0j/logs
