  Loading CPT model architecture: EleutherAI/pythia-70m in bfloat16...
[pythia70m|randsam_muon|codeparrot] base: pt_loss=3.7062 ft_loss=5.5183
  lr=1e-05: ft_loss=4.9374 pt_loss=3.7826 dPT=+0.0765 ||dtheta||=1.445 (10s)
  lr=1.68e-05: ft_loss=4.7599 pt_loss=3.8057 dPT=+0.0995 ||dtheta||=2.283 (10s)
  lr=2.82e-05: ft_loss=4.5764 pt_loss=3.8328 dPT=+0.1266 ||dtheta||=3.620 (10s)
  lr=4.74e-05: ft_loss=4.3694 pt_loss=3.8674 dPT=+0.1612 ||dtheta||=5.815 (10s)
  lr=7.96e-05: ft_loss=4.1021 pt_loss=3.9156 dPT=+0.2094 ||dtheta||=9.440 (10s)
  lr=0.000134: ft_loss=3.8314 pt_loss=3.9653 dPT=+0.2592 ||dtheta||=15.181 (10s)
  lr=0.000224: ft_loss=3.5909 pt_loss=4.0188 dPT=+0.3127 ||dtheta||=23.960 (10s)
  lr=0.000377: ft_loss=3.3562 pt_loss=4.1008 dPT=+0.3947 ||dtheta||=37.633 (10s)
  lr=0.000633: ft_loss=3.2151 pt_loss=4.2161 dPT=+0.5100 ||dtheta||=56.355 (10s)
  lr=0.00106: ft_loss=3.0844 pt_loss=4.3274 dPT=+0.6213 ||dtheta||=83.034 (10s)
  lr=0.00179: ft_loss=3.0803 pt_loss=4.6588 dPT=+0.9527 ||dtheta||=114.964 (10s)
  lr=0.003: ft_loss=3.2232 pt_loss=5.3750 dPT=+1.6689 ||dtheta||=149.262 (10s)
wandb: [wandb.login()] Loaded credentials for https://api.wandb.ai from /home/anant/.netrc.
wandb: Currently logged in as: anant-jain (dcll-iiitd) to https://api.wandb.ai. Use `wandb login --relogin` to force relogin
wandb: setting up run x49u79it
wandb: Tracking run with wandb version 0.29.0
wandb: Run data is saved locally in /home/anant/atlas_opt/wandb/run-20261001_202917-x49u79it
wandb: Run `wandb offline` to turn off syncing.
wandb: Syncing run randsam_muon_codeparrot
wandb: ⭐️ View project at https://wandb.ai/dcll-iiitd/Forgetting-Pythia70M
wandb: 🚀 View run at https://wandb.ai/dcll-iiitd/Forgetting-Pythia70M/runs/x49u79it
wandb: updating run metadata; uploading artifact run-x49u79it-sweep_table; uploading artifact run-x49u79it-train_loss_curves_table
wandb: uploading artifact run-x49u79it-sweep_table; uploading artifact run-x49u79it-train_loss_curves_table
wandb: uploading artifact run-x49u79it-sweep_table; uploading artifact run-x49u79it-train_loss_curves_table; uploading media/table/train_loss_curves_table_12_3149a947110a612ad898.table.json; uploading wandb-summary.json; uploading config.yaml (+ 3 more)
wandb: uploading artifact run-x49u79it-sweep_table; uploading artifact run-x49u79it-train_loss_curves_table; uploading media/table/train_loss_curves_table_12_3149a947110a612ad898.table.json; uploading wandb-summary.json; uploading config.yaml (+ 2 more)
wandb: uploading artifact run-x49u79it-sweep_table; uploading artifact run-x49u79it-train_loss_curves_table
wandb: uploading history steps 0-12, summary
wandb: 
wandb: Run history:
wandb: sweep/delta_norm ▁▁▁▁▁▂▂▃▄▅▆█
wandb: sweep/forgetting ▁▁▁▁▂▂▂▂▃▃▅█
wandb:    sweep/ft_loss █▇▇▆▅▄▃▂▂▁▁▂
wandb:   sweep/log10_lr ▁▂▂▃▄▄▅▅▆▇▇█
wandb:         sweep/lr ▁▁▁▁▁▁▂▂▂▃▅█
wandb:      sweep/point ▁▂▂▃▄▄▅▅▆▇▇█
wandb:    sweep/pt_loss ▁▁▁▁▂▂▂▂▃▃▅█
wandb: 
wandb: Run summary:
wandb:     base/ft_loss 5.51835
wandb:  base/param_norm 790.66167
wandb:     base/pt_loss 3.70615
wandb: sweep/delta_norm 149.26215
wandb: sweep/forgetting 1.66888
wandb:    sweep/ft_loss 3.22319
wandb:   sweep/log10_lr -2.52288
wandb:         sweep/lr 0.003
wandb:      sweep/point 11
wandb:    sweep/pt_loss 5.37504
wandb: 
wandb: 🚀 View run randsam_muon_codeparrot at: https://wandb.ai/dcll-iiitd/Forgetting-Pythia70M/runs/x49u79it
wandb: ⭐️ View project at: https://wandb.ai/dcll-iiitd/Forgetting-Pythia70M
wandb: Synced 4 W&B file(s), 2 media file(s), 4 artifact file(s) and 0 other file(s)
wandb: Find logs at: ./wandb/run-20261001_202917-x49u79it/logs
