  Loading CPT model architecture: EleutherAI/pythia-70m in bfloat16...
[pythia70m|muon_sam_gfrob|musicpile] base: pt_loss=3.7075 ft_loss=4.7453
  lr=1e-05: ft_loss=4.6380 pt_loss=3.7485 dPT=+0.0409 ||dtheta||=1.072 (10s)
  lr=1.68e-05: ft_loss=4.5892 pt_loss=3.7442 dPT=+0.0366 ||dtheta||=1.717 (10s)
  lr=2.82e-05: ft_loss=4.5299 pt_loss=3.7448 dPT=+0.0373 ||dtheta||=2.767 (10s)
  lr=4.74e-05: ft_loss=4.4596 pt_loss=3.7496 dPT=+0.0421 ||dtheta||=4.466 (10s)
  lr=7.96e-05: ft_loss=4.3750 pt_loss=3.7581 dPT=+0.0506 ||dtheta||=7.227 (10s)
  lr=0.000134: ft_loss=4.2851 pt_loss=3.7694 dPT=+0.0619 ||dtheta||=11.617 (10s)
  lr=0.000224: ft_loss=4.1967 pt_loss=3.7842 dPT=+0.0767 ||dtheta||=18.357 (10s)
  lr=0.000377: ft_loss=4.1049 pt_loss=3.8075 dPT=+0.0999 ||dtheta||=29.159 (10s)
  lr=0.000633: ft_loss=4.0371 pt_loss=3.8345 dPT=+0.1270 ||dtheta||=44.328 (10s)
  lr=0.00106: ft_loss=3.9877 pt_loss=3.8808 dPT=+0.1732 ||dtheta||=65.453 (10s)
  lr=0.00179: ft_loss=3.9860 pt_loss=3.9795 dPT=+0.2720 ||dtheta||=95.121 (10s)
  lr=0.003: ft_loss=4.1176 pt_loss=4.2542 dPT=+0.5467 ||dtheta||=136.723 (10s)
wandb: [wandb.login()] Loaded credentials for https://api.wandb.ai from /home/anant/.netrc.
wandb: Currently logged in as: anant-jain (dcll-iiitd) to https://api.wandb.ai. Use `wandb login --relogin` to force relogin
wandb: setting up run 0vd3a659
wandb: Tracking run with wandb version 0.29.0
wandb: Run data is saved locally in /home/anant/atlas_opt/wandb/run-20261001_141404-0vd3a659
wandb: Run `wandb offline` to turn off syncing.
wandb: Syncing run muon_sam_gfrob_musicpile
wandb: ⭐️ View project at https://wandb.ai/dcll-iiitd/Forgetting-Pythia70M
wandb: 🚀 View run at https://wandb.ai/dcll-iiitd/Forgetting-Pythia70M/runs/0vd3a659
wandb: updating run metadata; uploading artifact run-0vd3a659-sweep_table; uploading artifact run-0vd3a659-train_loss_curves_table
wandb: uploading artifact run-0vd3a659-sweep_table; uploading artifact run-0vd3a659-train_loss_curves_table
wandb: uploading artifact run-0vd3a659-train_loss_curves_table
wandb: uploading history steps 0-12, summary
wandb: 
wandb: Run history:
wandb: sweep/delta_norm ▁▁▁▁▁▂▂▂▃▄▆█
wandb: sweep/forgetting ▁▁▁▁▁▁▂▂▂▃▄█
wandb:    sweep/ft_loss █▇▇▆▅▄▃▂▂▁▁▂
wandb:   sweep/log10_lr ▁▂▂▃▄▄▅▅▆▇▇█
wandb:         sweep/lr ▁▁▁▁▁▁▂▂▂▃▅█
wandb:      sweep/point ▁▂▂▃▄▄▅▅▆▇▇█
wandb:    sweep/pt_loss ▁▁▁▁▁▁▂▂▂▃▄█
wandb: 
wandb: Run summary:
wandb:     base/ft_loss 4.74525
wandb:  base/param_norm 790.159
wandb:     base/pt_loss 3.70754
wandb: sweep/delta_norm 136.72259
wandb: sweep/forgetting 0.54669
wandb:    sweep/ft_loss 4.11763
wandb:   sweep/log10_lr -2.52288
wandb:         sweep/lr 0.003
wandb:      sweep/point 11
wandb:    sweep/pt_loss 4.25423
wandb: 
wandb: 🚀 View run muon_sam_gfrob_musicpile at: https://wandb.ai/dcll-iiitd/Forgetting-Pythia70M/runs/0vd3a659
wandb: ⭐️ View project at: https://wandb.ai/dcll-iiitd/Forgetting-Pythia70M
wandb: Synced 4 W&B file(s), 2 media file(s), 4 artifact file(s) and 0 other file(s)
wandb: Find logs at: ./wandb/run-20261001_141404-0vd3a659/logs
