  Loading CPT model architecture: EleutherAI/pythia-70m in bfloat16...
[pythia70m|fsam_ortho|codeparrot] base: pt_loss=7.4357 ft_loss=9.2793
  lr=1e-05: ft_loss=8.4249 pt_loss=7.6592 dPT=+0.2235 ||dtheta||=1.575 (10s)
  lr=1.68e-05: ft_loss=8.1873 pt_loss=7.7051 dPT=+0.2694 ||dtheta||=2.515 (11s)
  lr=2.82e-05: ft_loss=7.9237 pt_loss=7.7645 dPT=+0.3288 ||dtheta||=4.037 (10s)
  lr=4.74e-05: ft_loss=7.5931 pt_loss=7.8290 dPT=+0.3933 ||dtheta||=6.601 (10s)
  lr=7.96e-05: ft_loss=7.1332 pt_loss=7.8970 dPT=+0.4613 ||dtheta||=11.015 (10s)
  lr=0.000134: ft_loss=6.5664 pt_loss=7.9670 dPT=+0.5313 ||dtheta||=18.365 (10s)
  lr=0.000224: ft_loss=6.0295 pt_loss=8.0463 dPT=+0.6106 ||dtheta||=29.262 (10s)
  lr=0.000377: ft_loss=5.6375 pt_loss=8.0351 dPT=+0.5994 ||dtheta||=44.270 (10s)
  lr=0.000633: ft_loss=5.4407 pt_loss=7.9916 dPT=+0.5559 ||dtheta||=63.697 (10s)
  lr=0.00106: ft_loss=5.3643 pt_loss=7.9880 dPT=+0.5522 ||dtheta||=88.646 (10s)
  lr=0.00179: ft_loss=5.5326 pt_loss=8.3347 dPT=+0.8990 ||dtheta||=118.319 (10s)
  lr=0.003: ft_loss=5.6150 pt_loss=8.5983 dPT=+1.1626 ||dtheta||=161.650 (10s)
wandb: [wandb.login()] Loaded credentials for https://api.wandb.ai from /home/anant/.netrc.
wandb: Currently logged in as: anant-jain (dcll-iiitd) to https://api.wandb.ai. Use `wandb login --relogin` to force relogin
wandb: setting up run 62gmmccj
wandb: Tracking run with wandb version 0.29.0
wandb: Run data is saved locally in /home/anant/atlas_opt/wandb/run-20260930_165327-62gmmccj
wandb: Run `wandb offline` to turn off syncing.
wandb: Syncing run fsam_ortho_codeparrot
wandb: ⭐️ View project at https://wandb.ai/dcll-iiitd/Forgetting-Pythia70M
wandb: 🚀 View run at https://wandb.ai/dcll-iiitd/Forgetting-Pythia70M/runs/62gmmccj
wandb: updating run metadata; uploading artifact run-62gmmccj-sweep_table; uploading artifact run-62gmmccj-train_loss_curves_table
wandb: uploading artifact run-62gmmccj-sweep_table; uploading artifact run-62gmmccj-train_loss_curves_table
wandb: uploading artifact run-62gmmccj-train_loss_curves_table
wandb: uploading artifact run-62gmmccj-train_loss_curves_table; uploading media/table/train_loss_curves_table_12_6d39f2c357c15c6e92f8.table.json; uploading wandb-summary.json; uploading config.yaml; uploading wandb-metadata.json (+ 2 more)
wandb: uploading artifact run-62gmmccj-train_loss_curves_table; uploading wandb-summary.json; uploading config.yaml; uploading wandb-metadata.json; uploading requirements.txt (+ 1 more)
wandb: uploading artifact run-62gmmccj-train_loss_curves_table
wandb: uploading history steps 0-12, summary
wandb: 
wandb: Run history:
wandb: sweep/delta_norm ▁▁▁▁▁▂▂▃▄▅▆█
wandb: sweep/forgetting ▁▁▂▂▃▃▄▄▃▃▆█
wandb:    sweep/ft_loss █▇▇▆▅▄▃▂▁▁▁▂
wandb:   sweep/log10_lr ▁▂▂▃▄▄▅▅▆▇▇█
wandb:         sweep/lr ▁▁▁▁▁▁▂▂▂▃▅█
wandb:      sweep/point ▁▂▂▃▄▄▅▅▆▇▇█
wandb:    sweep/pt_loss ▁▁▂▂▃▃▄▄▃▃▆█
wandb: 
wandb: Run summary:
wandb:     base/ft_loss 9.27928
wandb:  base/param_norm 186.70055
wandb:     base/pt_loss 7.43572
wandb: sweep/delta_norm 161.6496
wandb: sweep/forgetting 1.16259
wandb:    sweep/ft_loss 5.615
wandb:   sweep/log10_lr -2.52288
wandb:         sweep/lr 0.003
wandb:      sweep/point 11
wandb:    sweep/pt_loss 8.59832
wandb: 
wandb: 🚀 View run fsam_ortho_codeparrot at: https://wandb.ai/dcll-iiitd/Forgetting-Pythia70M/runs/62gmmccj
wandb: ⭐️ View project at: https://wandb.ai/dcll-iiitd/Forgetting-Pythia70M
wandb: Synced 4 W&B file(s), 2 media file(s), 4 artifact file(s) and 0 other file(s)
wandb: Find logs at: ./wandb/run-20260930_165327-62gmmccj/logs
