  Loading CPT model architecture: EleutherAI/pythia-70m in bfloat16...
[pythia70m|muon_sam_frob|musicpile] base: pt_loss=3.7104 ft_loss=4.7429
  lr=1e-05: ft_loss=4.6349 pt_loss=3.7452 dPT=+0.0348 ||dtheta||=1.075 (10s)
  lr=1.68e-05: ft_loss=4.5859 pt_loss=3.7433 dPT=+0.0329 ||dtheta||=1.723 (10s)
  lr=2.82e-05: ft_loss=4.5277 pt_loss=3.7451 dPT=+0.0347 ||dtheta||=2.777 (10s)
  lr=4.74e-05: ft_loss=4.4571 pt_loss=3.7490 dPT=+0.0386 ||dtheta||=4.484 (10s)
  lr=7.96e-05: ft_loss=4.3732 pt_loss=3.7570 dPT=+0.0466 ||dtheta||=7.256 (10s)
  lr=0.000134: ft_loss=4.2845 pt_loss=3.7689 dPT=+0.0585 ||dtheta||=11.659 (10s)
  lr=0.000224: ft_loss=4.1954 pt_loss=3.7844 dPT=+0.0740 ||dtheta||=18.445 (10s)
  lr=0.000377: ft_loss=4.1039 pt_loss=3.8079 dPT=+0.0975 ||dtheta||=29.203 (11s)
  lr=0.000633: ft_loss=4.0328 pt_loss=3.8388 dPT=+0.1284 ||dtheta||=44.461 (11s)
  lr=0.00106: ft_loss=3.9862 pt_loss=3.8839 dPT=+0.1735 ||dtheta||=65.939 (11s)
  lr=0.00179: ft_loss=3.9902 pt_loss=3.9835 dPT=+0.2731 ||dtheta||=94.166 (11s)
  lr=0.003: ft_loss=4.1033 pt_loss=4.2384 dPT=+0.5280 ||dtheta||=135.892 (11s)
wandb: [wandb.login()] Loaded credentials for https://api.wandb.ai from /home/anant/.netrc.
wandb: Currently logged in as: anant-jain (dcll-iiitd) to https://api.wandb.ai. Use `wandb login --relogin` to force relogin
wandb: setting up run q407nnj5
wandb: Tracking run with wandb version 0.29.0
wandb: Run data is saved locally in /home/anant/atlas_opt/wandb/run-20260930_170107-q407nnj5
wandb: Run `wandb offline` to turn off syncing.
wandb: Syncing run muon_sam_frob_musicpile
wandb: ⭐️ View project at https://wandb.ai/dcll-iiitd/Forgetting-Pythia70M
wandb: 🚀 View run at https://wandb.ai/dcll-iiitd/Forgetting-Pythia70M/runs/q407nnj5
wandb: updating run metadata; uploading artifact run-q407nnj5-sweep_table; uploading artifact run-q407nnj5-train_loss_curves_table
wandb: uploading artifact run-q407nnj5-sweep_table; uploading artifact run-q407nnj5-train_loss_curves_table
wandb: uploading artifact run-q407nnj5-sweep_table; uploading artifact run-q407nnj5-train_loss_curves_table; uploading requirements.txt
wandb: uploading history steps 0-12, summary
wandb: 
wandb: Run history:
wandb: sweep/delta_norm ▁▁▁▁▁▂▂▂▃▄▆█
wandb: sweep/forgetting ▁▁▁▁▁▁▂▂▂▃▄█
wandb:    sweep/ft_loss █▇▇▆▅▄▃▂▂▁▁▂
wandb:   sweep/log10_lr ▁▂▂▃▄▄▅▅▆▇▇█
wandb:         sweep/lr ▁▁▁▁▁▁▂▂▂▃▅█
wandb:      sweep/point ▁▂▂▃▄▄▅▅▆▇▇█
wandb:    sweep/pt_loss ▁▁▁▁▁▁▂▂▂▃▄█
wandb: 
wandb: Run summary:
wandb:     base/ft_loss 4.7429
wandb:  base/param_norm 790.41812
wandb:     base/pt_loss 3.71041
wandb: sweep/delta_norm 135.89185
wandb: sweep/forgetting 0.52796
wandb:    sweep/ft_loss 4.10327
wandb:   sweep/log10_lr -2.52288
wandb:         sweep/lr 0.003
wandb:      sweep/point 11
wandb:    sweep/pt_loss 4.23836
wandb: 
wandb: 🚀 View run muon_sam_frob_musicpile at: https://wandb.ai/dcll-iiitd/Forgetting-Pythia70M/runs/q407nnj5
wandb: ⭐️ View project at: https://wandb.ai/dcll-iiitd/Forgetting-Pythia70M
wandb: Synced 4 W&B file(s), 2 media file(s), 4 artifact file(s) and 0 other file(s)
wandb: Find logs at: ./wandb/run-20260930_170107-q407nnj5/logs
