  Loading CPT model architecture: EleutherAI/pythia-70m in bfloat16...
[pythia70m|fsam_ortho_muon|codeparrot] base: pt_loss=3.7395 ft_loss=5.5351
  lr=1e-05: ft_loss=5.0196 pt_loss=3.7937 dPT=+0.0542 ||dtheta||=1.499 (11s)
  lr=1.68e-05: ft_loss=4.8431 pt_loss=3.8239 dPT=+0.0844 ||dtheta||=2.384 (10s)
  lr=2.82e-05: ft_loss=4.6577 pt_loss=3.8482 dPT=+0.1087 ||dtheta||=3.725 (10s)
  lr=4.74e-05: ft_loss=4.4462 pt_loss=3.8855 dPT=+0.1460 ||dtheta||=5.933 (10s)
  lr=7.96e-05: ft_loss=4.1880 pt_loss=3.9397 dPT=+0.2002 ||dtheta||=9.573 (10s)
  lr=0.000134: ft_loss=3.9208 pt_loss=4.0005 dPT=+0.2610 ||dtheta||=15.391 (10s)
  lr=0.000224: ft_loss=3.6601 pt_loss=4.0603 dPT=+0.3208 ||dtheta||=24.387 (10s)
  lr=0.000377: ft_loss=3.4195 pt_loss=4.1395 dPT=+0.3999 ||dtheta||=38.145 (10s)
  lr=0.000633: ft_loss=3.2457 pt_loss=4.2260 dPT=+0.4865 ||dtheta||=57.061 (10s)
  lr=0.00106: ft_loss=3.1308 pt_loss=4.3433 dPT=+0.6038 ||dtheta||=83.090 (10s)
  lr=0.00179: ft_loss=3.0320 pt_loss=4.5025 dPT=+0.7630 ||dtheta||=120.426 (10s)
  lr=0.003: ft_loss=3.1090 pt_loss=4.9672 dPT=+1.2277 ||dtheta||=164.075 (10s)
wandb: [wandb.login()] Loaded credentials for https://api.wandb.ai from /home/anant/.netrc.
wandb: Currently logged in as: anant-jain (dcll-iiitd) to https://api.wandb.ai. Use `wandb login --relogin` to force relogin
wandb: setting up run tqyoj1al
wandb: Tracking run with wandb version 0.29.0
wandb: Run data is saved locally in /home/anant/atlas_opt/wandb/run-20260930_165336-tqyoj1al
wandb: Run `wandb offline` to turn off syncing.
wandb: Syncing run fsam_ortho_muon_codeparrot
wandb: ⭐️ View project at https://wandb.ai/dcll-iiitd/Forgetting-Pythia70M
wandb: 🚀 View run at https://wandb.ai/dcll-iiitd/Forgetting-Pythia70M/runs/tqyoj1al
wandb: uploading artifact run-tqyoj1al-sweep_table; updating run metadata; uploading artifact run-tqyoj1al-train_loss_curves_table
wandb: updating run metadata; uploading artifact run-tqyoj1al-train_loss_curves_table
wandb: uploading artifact run-tqyoj1al-train_loss_curves_table
wandb: uploading wandb-summary.json; uploading config.yaml; uploading media/table/train_loss_curves_table_12_a329896bbb48bf605859.table.json
wandb: uploading config.yaml; uploading media/table/train_loss_curves_table_12_a329896bbb48bf605859.table.json
wandb: uploading history steps 0-12, summary
wandb: 
wandb: Run history:
wandb: sweep/delta_norm ▁▁▁▁▁▂▂▃▃▅▆█
wandb: sweep/forgetting ▁▁▁▂▂▂▃▃▄▄▅█
wandb:    sweep/ft_loss █▇▇▆▅▄▃▂▂▁▁▁
wandb:   sweep/log10_lr ▁▂▂▃▄▄▅▅▆▇▇█
wandb:         sweep/lr ▁▁▁▁▁▁▂▂▂▃▅█
wandb:      sweep/point ▁▂▂▃▄▄▅▅▆▇▇█
wandb:    sweep/pt_loss ▁▁▁▂▂▂▃▃▄▄▅█
wandb: 
wandb: Run summary:
wandb:     base/ft_loss 5.53515
wandb:  base/param_norm 848.39765
wandb:     base/pt_loss 3.73951
wandb: sweep/delta_norm 164.07502
wandb: sweep/forgetting 1.22773
wandb:    sweep/ft_loss 3.10899
wandb:   sweep/log10_lr -2.52288
wandb:         sweep/lr 0.003
wandb:      sweep/point 11
wandb:    sweep/pt_loss 4.96724
wandb: 
wandb: 🚀 View run fsam_ortho_muon_codeparrot at: https://wandb.ai/dcll-iiitd/Forgetting-Pythia70M/runs/tqyoj1al
wandb: ⭐️ View project at: https://wandb.ai/dcll-iiitd/Forgetting-Pythia70M
wandb: Synced 4 W&B file(s), 2 media file(s), 4 artifact file(s) and 0 other file(s)
wandb: Find logs at: ./wandb/run-20260930_165336-tqyoj1al/logs
