  Loading CPT model architecture: EleutherAI/pythia-70m in bfloat16...
[pythia70m|randsam_muon|tulu3] base: pt_loss=3.7062 ft_loss=4.7076
  lr=1e-05: ft_loss=4.3451 pt_loss=3.7759 dPT=+0.0698 ||dtheta||=1.266 (10s)
  lr=1.68e-05: ft_loss=4.2247 pt_loss=3.7739 dPT=+0.0678 ||dtheta||=1.977 (10s)
  lr=2.82e-05: ft_loss=4.1010 pt_loss=3.7765 dPT=+0.0703 ||dtheta||=3.120 (10s)
  lr=4.74e-05: ft_loss=3.9690 pt_loss=3.7859 dPT=+0.0797 ||dtheta||=4.972 (10s)
  lr=7.96e-05: ft_loss=3.8262 pt_loss=3.8012 dPT=+0.0951 ||dtheta||=7.941 (10s)
  lr=0.000134: ft_loss=3.6709 pt_loss=3.8249 dPT=+0.1187 ||dtheta||=12.620 (10s)
  lr=0.000224: ft_loss=3.5177 pt_loss=3.8525 dPT=+0.1463 ||dtheta||=19.877 (10s)
  lr=0.000377: ft_loss=3.3690 pt_loss=3.8873 dPT=+0.1811 ||dtheta||=31.296 (10s)
  lr=0.000633: ft_loss=3.2727 pt_loss=3.9240 dPT=+0.2179 ||dtheta||=47.875 (10s)
  lr=0.00106: ft_loss=3.1968 pt_loss=3.9828 dPT=+0.2766 ||dtheta||=70.900 (10s)
  lr=0.00179: ft_loss=3.1811 pt_loss=4.1010 dPT=+0.3949 ||dtheta||=102.874 (10s)
  lr=0.003: ft_loss=3.3419 pt_loss=4.4505 dPT=+0.7443 ||dtheta||=145.107 (10s)
wandb: [wandb.login()] Loaded credentials for https://api.wandb.ai from /home/anant/.netrc.
wandb: Currently logged in as: anant-jain (dcll-iiitd) to https://api.wandb.ai. Use `wandb login --relogin` to force relogin
wandb: setting up run nmb3dhv4
wandb: Tracking run with wandb version 0.29.0
wandb: Run data is saved locally in /home/anant/atlas_opt/wandb/run-20261001_203146-nmb3dhv4
wandb: Run `wandb offline` to turn off syncing.
wandb: Syncing run randsam_muon_tulu3
wandb: ⭐️ View project at https://wandb.ai/dcll-iiitd/Forgetting-Pythia70M
wandb: 🚀 View run at https://wandb.ai/dcll-iiitd/Forgetting-Pythia70M/runs/nmb3dhv4
wandb: updating run metadata; uploading artifact run-nmb3dhv4-sweep_table; uploading artifact run-nmb3dhv4-train_loss_curves_table
wandb: uploading artifact run-nmb3dhv4-sweep_table; uploading artifact run-nmb3dhv4-train_loss_curves_table
wandb: uploading artifact run-nmb3dhv4-train_loss_curves_table
wandb: uploading artifact run-nmb3dhv4-train_loss_curves_table; uploading media/table/train_loss_curves_table_12_3dc0d175d082e84f9c76.table.json; uploading wandb-summary.json; uploading config.yaml; uploading wandb-metadata.json (+ 2 more)
wandb: uploading media/table/train_loss_curves_table_12_3dc0d175d082e84f9c76.table.json; uploading wandb-summary.json; uploading config.yaml; uploading wandb-metadata.json; uploading requirements.txt (+ 1 more)
wandb: uploading wandb-summary.json; uploading config.yaml; uploading wandb-metadata.json; uploading requirements.txt; uploading media/table/sweep_table_12_b18ba95125d0b4966ab4.table.json
wandb: 
wandb: Run history:
wandb: sweep/delta_norm ▁▁▁▁▁▂▂▂▃▄▆█
wandb: sweep/forgetting ▁▁▁▁▁▂▂▂▃▃▄█
wandb:    sweep/ft_loss █▇▇▆▅▄▃▂▂▁▁▂
wandb:   sweep/log10_lr ▁▂▂▃▄▄▅▅▆▇▇█
wandb:         sweep/lr ▁▁▁▁▁▁▂▂▂▃▅█
wandb:      sweep/point ▁▂▂▃▄▄▅▅▆▇▇█
wandb:    sweep/pt_loss ▁▁▁▁▁▂▂▂▃▃▄█
wandb: 
wandb: Run summary:
wandb:     base/ft_loss 4.70763
wandb:  base/param_norm 790.66167
wandb:     base/pt_loss 3.70615
wandb: sweep/delta_norm 145.10733
wandb: sweep/forgetting 0.74433
wandb:    sweep/ft_loss 3.34186
wandb:   sweep/log10_lr -2.52288
wandb:         sweep/lr 0.003
wandb:      sweep/point 11
wandb:    sweep/pt_loss 4.45048
wandb: 
wandb: 🚀 View run randsam_muon_tulu3 at: https://wandb.ai/dcll-iiitd/Forgetting-Pythia70M/runs/nmb3dhv4
wandb: ⭐️ View project at: https://wandb.ai/dcll-iiitd/Forgetting-Pythia70M
wandb: Synced 4 W&B file(s), 2 media file(s), 4 artifact file(s) and 0 other file(s)
wandb: Find logs at: ./wandb/run-20261001_203146-nmb3dhv4/logs
