  Loading CPT model architecture: EleutherAI/pythia-70m in bfloat16...
[pythia70m|fsam_ortho_muon_stale_momentum|stackmathqa] base: pt_loss=4.1546 ft_loss=5.9814
  lr=1e-05: ft_loss=5.5235 pt_loss=4.2922 dPT=+0.1376 ||dtheta||=1.204 (11s)
  lr=1.68e-05: ft_loss=5.3276 pt_loss=4.3700 dPT=+0.2154 ||dtheta||=1.917 (10s)
  lr=2.82e-05: ft_loss=5.0867 pt_loss=4.4664 dPT=+0.3118 ||dtheta||=3.040 (10s)
  lr=4.74e-05: ft_loss=4.7813 pt_loss=4.6036 dPT=+0.4490 ||dtheta||=4.822 (10s)
  lr=7.96e-05: ft_loss=4.3648 pt_loss=4.8158 dPT=+0.6612 ||dtheta||=7.517 (10s)
  lr=0.000134: ft_loss=3.9695 pt_loss=4.8362 dPT=+0.6817 ||dtheta||=11.570 (10s)
  lr=0.000224: ft_loss=3.7603 pt_loss=4.7930 dPT=+0.6384 ||dtheta||=16.759 (10s)
  lr=0.000377: ft_loss=3.6071 pt_loss=4.8256 dPT=+0.6711 ||dtheta||=24.936 (10s)
  lr=0.000633: ft_loss=3.4972 pt_loss=4.8838 dPT=+0.7292 ||dtheta||=33.182 (10s)
  lr=0.00106: ft_loss=3.4386 pt_loss=4.9944 dPT=+0.8398 ||dtheta||=44.747 (10s)
  lr=0.00179: ft_loss=3.4352 pt_loss=5.2540 dPT=+1.0994 ||dtheta||=60.539 (10s)
  lr=0.003: ft_loss=3.6017 pt_loss=5.8741 dPT=+1.7195 ||dtheta||=90.516 (10s)
wandb: [wandb.login()] Loaded credentials for https://api.wandb.ai from /home/anant/.netrc.
wandb: Currently logged in as: anant-jain (dcll-iiitd) to https://api.wandb.ai. Use `wandb login --relogin` to force relogin
wandb: setting up run oc8aetu4
wandb: Tracking run with wandb version 0.29.0
wandb: Run data is saved locally in /home/anant/atlas_opt/wandb/run-20260929_050910-oc8aetu4
wandb: Run `wandb offline` to turn off syncing.
wandb: Syncing run fsam_ortho_muon_stale_momentum_stackmathqa
wandb: ⭐️ View project at https://wandb.ai/dcll-iiitd/Forgetting-Pythia70M
wandb: 🚀 View run at https://wandb.ai/dcll-iiitd/Forgetting-Pythia70M/runs/oc8aetu4
wandb: updating run metadata; uploading artifact run-oc8aetu4-sweep_table; uploading artifact run-oc8aetu4-train_loss_curves_table
wandb: uploading artifact run-oc8aetu4-sweep_table; uploading artifact run-oc8aetu4-train_loss_curves_table
wandb: uploading artifact run-oc8aetu4-sweep_table; uploading artifact run-oc8aetu4-train_loss_curves_table; uploading media/table/sweep_table_12_d4de4636b8940a531600.table.json; uploading media/table/train_loss_curves_table_12_5334f80222af24a53190.table.json; uploading wandb-summary.json (+ 2 more)
wandb: uploading artifact run-oc8aetu4-sweep_table; uploading artifact run-oc8aetu4-train_loss_curves_table
wandb: uploading artifact run-oc8aetu4-train_loss_curves_table
wandb: 
wandb: Run history:
wandb: sweep/delta_norm ▁▁▁▁▁▂▂▃▄▄▆█
wandb: sweep/forgetting ▁▁▂▂▃▃▃▃▄▄▅█
wandb:    sweep/ft_loss █▇▇▆▄▃▂▂▁▁▁▂
wandb:   sweep/log10_lr ▁▂▂▃▄▄▅▅▆▇▇█
wandb:         sweep/lr ▁▁▁▁▁▁▂▂▂▃▅█
wandb:      sweep/point ▁▂▂▃▄▄▅▅▆▇▇█
wandb:    sweep/pt_loss ▁▁▂▂▃▃▃▃▄▄▅█
wandb: 
wandb: Run summary:
wandb:     base/ft_loss 5.98141
wandb:  base/param_norm 1923.28762
wandb:     base/pt_loss 4.15458
wandb: sweep/delta_norm 90.51576
wandb: sweep/forgetting 1.71955
wandb:    sweep/ft_loss 3.60169
wandb:   sweep/log10_lr -2.52288
wandb:         sweep/lr 0.003
wandb:      sweep/point 11
wandb:    sweep/pt_loss 5.87413
wandb: 
wandb: 🚀 View run fsam_ortho_muon_stale_momentum_stackmathqa at: https://wandb.ai/dcll-iiitd/Forgetting-Pythia70M/runs/oc8aetu4
wandb: ⭐️ View project at: https://wandb.ai/dcll-iiitd/Forgetting-Pythia70M
wandb: Synced 4 W&B file(s), 2 media file(s), 4 artifact file(s) and 0 other file(s)
wandb: Find logs at: ./wandb/run-20260929_050910-oc8aetu4/logs
