  Loading CPT model architecture: EleutherAI/pythia-70m in bfloat16...
[pythia70m|fsam_frob_muon_stale|stackmathqa] base: pt_loss=3.7206 ft_loss=5.5619
  lr=1e-05: ft_loss=4.8974 pt_loss=3.8699 dPT=+0.1493 ||dtheta||=1.565 (11s)
  lr=1.68e-05: ft_loss=4.7042 pt_loss=3.9234 dPT=+0.2028 ||dtheta||=2.452 (10s)
  lr=2.82e-05: ft_loss=4.5010 pt_loss=3.9436 dPT=+0.2230 ||dtheta||=3.795 (10s)
  lr=4.74e-05: ft_loss=4.2858 pt_loss=3.9728 dPT=+0.2522 ||dtheta||=6.019 (10s)
  lr=7.96e-05: ft_loss=4.0468 pt_loss=4.0086 dPT=+0.2880 ||dtheta||=9.593 (10s)
  lr=0.000134: ft_loss=3.8038 pt_loss=4.0518 dPT=+0.3312 ||dtheta||=15.179 (11s)
  lr=0.000224: ft_loss=3.5675 pt_loss=4.0937 dPT=+0.3732 ||dtheta||=23.827 (11s)
  lr=0.000377: ft_loss=3.3553 pt_loss=4.1218 dPT=+0.4012 ||dtheta||=36.963 (11s)
  lr=0.000633: ft_loss=3.2172 pt_loss=4.1706 dPT=+0.4500 ||dtheta||=55.496 (11s)
  lr=0.00106: ft_loss=3.1209 pt_loss=4.2771 dPT=+0.5565 ||dtheta||=78.838 (11s)
  lr=0.00179: ft_loss=3.0576 pt_loss=4.4363 dPT=+0.7157 ||dtheta||=113.280 (10s)
  lr=0.003: ft_loss=3.1652 pt_loss=5.0579 dPT=+1.3373 ||dtheta||=148.849 (10s)
wandb: [wandb.login()] Loaded credentials for https://api.wandb.ai from /home/anant/.netrc.
wandb: Currently logged in as: anant-jain (dcll-iiitd) to https://api.wandb.ai. Use `wandb login --relogin` to force relogin
wandb: setting up run sbrzle5k
wandb: Tracking run with wandb version 0.29.0
wandb: Run data is saved locally in /home/anant/atlas_opt/wandb/run-20260930_165850-sbrzle5k
wandb: Run `wandb offline` to turn off syncing.
wandb: Syncing run fsam_frob_muon_stale_stackmathqa
wandb: ⭐️ View project at https://wandb.ai/dcll-iiitd/Forgetting-Pythia70M
wandb: 🚀 View run at https://wandb.ai/dcll-iiitd/Forgetting-Pythia70M/runs/sbrzle5k
wandb: updating run metadata; uploading artifact run-sbrzle5k-sweep_table; uploading artifact run-sbrzle5k-train_loss_curves_table
wandb: uploading artifact run-sbrzle5k-sweep_table; uploading artifact run-sbrzle5k-train_loss_curves_table
wandb: uploading artifact run-sbrzle5k-train_loss_curves_table; uploading media/table/sweep_table_12_2c0fab8bb99ee7dee6ec.table.json; uploading media/table/train_loss_curves_table_12_0976f55813aee75a921b.table.json; uploading wandb-summary.json; uploading config.yaml (+ 2 more)
wandb: uploading artifact run-sbrzle5k-train_loss_curves_table
wandb: uploading history steps 0-12, summary
wandb: 
wandb: Run history:
wandb: sweep/delta_norm ▁▁▁▁▁▂▂▃▄▅▆█
wandb: sweep/forgetting ▁▁▁▂▂▂▂▂▃▃▄█
wandb:    sweep/ft_loss █▇▆▆▅▄▃▂▂▁▁▁
wandb:   sweep/log10_lr ▁▂▂▃▄▄▅▅▆▇▇█
wandb:         sweep/lr ▁▁▁▁▁▁▂▂▂▃▅█
wandb:      sweep/point ▁▂▂▃▄▄▅▅▆▇▇█
wandb:    sweep/pt_loss ▁▁▁▂▂▂▂▂▃▃▄█
wandb: 
wandb: Run summary:
wandb:     base/ft_loss 5.56191
wandb:  base/param_norm 840.94364
wandb:     base/pt_loss 3.7206
wandb: sweep/delta_norm 148.84947
wandb: sweep/forgetting 1.33731
wandb:    sweep/ft_loss 3.16516
wandb:   sweep/log10_lr -2.52288
wandb:         sweep/lr 0.003
wandb:      sweep/point 11
wandb:    sweep/pt_loss 5.05791
wandb: 
wandb: 🚀 View run fsam_frob_muon_stale_stackmathqa at: https://wandb.ai/dcll-iiitd/Forgetting-Pythia70M/runs/sbrzle5k
wandb: ⭐️ View project at: https://wandb.ai/dcll-iiitd/Forgetting-Pythia70M
wandb: Synced 4 W&B file(s), 2 media file(s), 4 artifact file(s) and 0 other file(s)
wandb: Find logs at: ./wandb/run-20260930_165850-sbrzle5k/logs
