  Loading CPT model architecture: EleutherAI/pythia-70m in bfloat16...
[pythia70m|muon|codeparrot] base: pt_loss=4.0079 ft_loss=6.1621
  lr=1e-05: ft_loss=5.5097 pt_loss=4.1882 dPT=+0.1802 ||dtheta||=1.061 (10s)
  lr=1.68e-05: ft_loss=5.3195 pt_loss=4.2458 dPT=+0.2379 ||dtheta||=1.685 (10s)
  lr=2.82e-05: ft_loss=5.0943 pt_loss=4.3357 dPT=+0.3278 ||dtheta||=2.689 (10s)
  lr=4.74e-05: ft_loss=4.7803 pt_loss=4.4675 dPT=+0.4596 ||dtheta||=4.284 (10s)
  lr=7.96e-05: ft_loss=4.4379 pt_loss=4.4940 dPT=+0.4861 ||dtheta||=6.790 (10s)
  lr=0.000134: ft_loss=4.1237 pt_loss=4.5578 dPT=+0.5499 ||dtheta||=10.746 (10s)
  lr=0.000224: ft_loss=3.9041 pt_loss=4.6530 dPT=+0.6451 ||dtheta||=15.883 (10s)
  lr=0.000377: ft_loss=3.7267 pt_loss=4.7886 dPT=+0.7807 ||dtheta||=22.971 (10s)
  lr=0.000633: ft_loss=3.5960 pt_loss=4.9224 dPT=+0.9145 ||dtheta||=31.390 (10s)
  lr=0.00106: ft_loss=3.5840 pt_loss=5.1178 dPT=+1.1099 ||dtheta||=41.393 (10s)
  lr=0.00179: ft_loss=3.7002 pt_loss=5.6458 dPT=+1.6379 ||dtheta||=59.980 (10s)
  lr=0.003: ft_loss=4.7808 pt_loss=7.6581 dPT=+3.6502 ||dtheta||=95.982 (10s)
wandb: [wandb.login()] Loaded credentials for https://api.wandb.ai from /home/anant/.netrc.
wandb: Currently logged in as: anant-jain (dcll-iiitd) to https://api.wandb.ai. Use `wandb login --relogin` to force relogin
wandb: setting up run bln6fqxk
wandb: Tracking run with wandb version 0.29.0
wandb: Run data is saved locally in /home/anant/atlas_opt/wandb/run-20260929_050631-bln6fqxk
wandb: Run `wandb offline` to turn off syncing.
wandb: Syncing run muon_codeparrot
wandb: ⭐️ View project at https://wandb.ai/dcll-iiitd/Forgetting-Pythia70M
wandb: 🚀 View run at https://wandb.ai/dcll-iiitd/Forgetting-Pythia70M/runs/bln6fqxk
wandb: updating run metadata; uploading artifact run-bln6fqxk-sweep_table; uploading artifact run-bln6fqxk-train_loss_curves_table
wandb: uploading artifact run-bln6fqxk-sweep_table; uploading artifact run-bln6fqxk-train_loss_curves_table
wandb: uploading artifact run-bln6fqxk-train_loss_curves_table
wandb: uploading artifact run-bln6fqxk-train_loss_curves_table; uploading wandb-summary.json; uploading config.yaml; uploading wandb-metadata.json; uploading requirements.txt (+ 2 more)
wandb: uploading artifact run-bln6fqxk-train_loss_curves_table; uploading wandb-summary.json; uploading config.yaml; uploading requirements.txt; uploading media/table/sweep_table_12_e31eb025c5d266171905.table.json (+ 1 more)
wandb: uploading artifact run-bln6fqxk-train_loss_curves_table; uploading media/table/train_loss_curves_table_12_21f9a8c39bee0b608cdc.table.json
wandb: uploading history steps 0-12, summary
wandb: 
wandb: Run history:
wandb: sweep/delta_norm ▁▁▁▁▁▂▂▃▃▄▅█
wandb: sweep/forgetting ▁▁▁▂▂▂▂▂▂▃▄█
wandb:    sweep/ft_loss █▇▆▅▄▃▂▂▁▁▁▅
wandb:   sweep/log10_lr ▁▂▂▃▄▄▅▅▆▇▇█
wandb:         sweep/lr ▁▁▁▁▁▁▂▂▂▃▅█
wandb:      sweep/point ▁▂▂▃▄▄▅▅▆▇▇█
wandb:    sweep/pt_loss ▁▁▁▂▂▂▂▂▂▃▄█
wandb: 
wandb: Run summary:
wandb:     base/ft_loss 6.16208
wandb:  base/param_norm 1895.47602
wandb:     base/pt_loss 4.00792
wandb: sweep/delta_norm 95.98208
wandb: sweep/forgetting 3.65021
wandb:    sweep/ft_loss 4.78076
wandb:   sweep/log10_lr -2.52288
wandb:         sweep/lr 0.003
wandb:      sweep/point 11
wandb:    sweep/pt_loss 7.65813
wandb: 
wandb: 🚀 View run muon_codeparrot at: https://wandb.ai/dcll-iiitd/Forgetting-Pythia70M/runs/bln6fqxk
wandb: ⭐️ View project at: https://wandb.ai/dcll-iiitd/Forgetting-Pythia70M
wandb: Synced 4 W&B file(s), 2 media file(s), 4 artifact file(s) and 0 other file(s)
wandb: Find logs at: ./wandb/run-20260929_050631-bln6fqxk/logs
