  Loading CPT model architecture: EleutherAI/pythia-70m in bfloat16...
[pythia70m|fsam_frob_muon_stale|musicpile] base: pt_loss=3.7206 ft_loss=4.7613
  lr=1e-05: ft_loss=4.6663 pt_loss=3.7692 dPT=+0.0486 ||dtheta||=1.085 (10s)
  lr=1.68e-05: ft_loss=4.6174 pt_loss=3.7633 dPT=+0.0427 ||dtheta||=1.738 (10s)
  lr=2.82e-05: ft_loss=4.5598 pt_loss=3.7628 dPT=+0.0422 ||dtheta||=2.796 (10s)
  lr=4.74e-05: ft_loss=4.4911 pt_loss=3.7652 dPT=+0.0446 ||dtheta||=4.503 (10s)
  lr=7.96e-05: ft_loss=4.4081 pt_loss=3.7722 dPT=+0.0517 ||dtheta||=7.282 (10s)
  lr=0.000134: ft_loss=4.3210 pt_loss=3.7823 dPT=+0.0617 ||dtheta||=11.666 (10s)
  lr=0.000224: ft_loss=4.2318 pt_loss=3.7961 dPT=+0.0755 ||dtheta||=18.441 (10s)
  lr=0.000377: ft_loss=4.1374 pt_loss=3.8176 dPT=+0.0970 ||dtheta||=29.229 (11s)
  lr=0.000633: ft_loss=4.0670 pt_loss=3.8410 dPT=+0.1204 ||dtheta||=44.461 (11s)
  lr=0.00106: ft_loss=4.0162 pt_loss=3.8842 dPT=+0.1636 ||dtheta||=65.778 (11s)
  lr=0.00179: ft_loss=4.0168 pt_loss=3.9812 dPT=+0.2606 ||dtheta||=94.650 (10s)
  lr=0.003: ft_loss=4.1401 pt_loss=4.2524 dPT=+0.5318 ||dtheta||=136.954 (11s)
wandb: [wandb.login()] Loaded credentials for https://api.wandb.ai from /home/anant/.netrc.
wandb: Currently logged in as: anant-jain (dcll-iiitd) to https://api.wandb.ai. Use `wandb login --relogin` to force relogin
wandb: setting up run lsdox9m1
wandb: Tracking run with wandb version 0.29.0
wandb: Run data is saved locally in /home/anant/atlas_opt/wandb/run-20260930_170108-lsdox9m1
wandb: Run `wandb offline` to turn off syncing.
wandb: Syncing run fsam_frob_muon_stale_musicpile
wandb: ⭐️ View project at https://wandb.ai/dcll-iiitd/Forgetting-Pythia70M
wandb: 🚀 View run at https://wandb.ai/dcll-iiitd/Forgetting-Pythia70M/runs/lsdox9m1
wandb: updating run metadata; uploading artifact run-lsdox9m1-sweep_table; uploading artifact run-lsdox9m1-train_loss_curves_table
wandb: uploading artifact run-lsdox9m1-sweep_table; uploading artifact run-lsdox9m1-train_loss_curves_table
wandb: uploading artifact run-lsdox9m1-sweep_table; uploading artifact run-lsdox9m1-train_loss_curves_table; uploading wandb-metadata.json; uploading requirements.txt; uploading media/table/sweep_table_12_8e4a6c4845296d0209e4.table.json (+ 3 more)
wandb: uploading artifact run-lsdox9m1-train_loss_curves_table; uploading wandb-metadata.json; uploading requirements.txt; uploading media/table/sweep_table_12_8e4a6c4845296d0209e4.table.json; uploading media/table/train_loss_curves_table_12_88bad987469c08b49ca0.table.json (+ 2 more)
wandb: uploading artifact run-lsdox9m1-train_loss_curves_table; uploading requirements.txt; uploading media/table/sweep_table_12_8e4a6c4845296d0209e4.table.json; uploading media/table/train_loss_curves_table_12_88bad987469c08b49ca0.table.json; uploading wandb-summary.json (+ 1 more)
wandb: uploading history steps 0-12, summary
wandb: 
wandb: Run history:
wandb: sweep/delta_norm ▁▁▁▁▁▂▂▂▃▄▆█
wandb: sweep/forgetting ▁▁▁▁▁▁▁▂▂▃▄█
wandb:    sweep/ft_loss █▇▇▆▅▄▃▂▂▁▁▂
wandb:   sweep/log10_lr ▁▂▂▃▄▄▅▅▆▇▇█
wandb:         sweep/lr ▁▁▁▁▁▁▂▂▂▃▅█
wandb:      sweep/point ▁▂▂▃▄▄▅▅▆▇▇█
wandb:    sweep/pt_loss ▁▁▁▁▁▁▁▂▂▃▄█
wandb: 
wandb: Run summary:
wandb:     base/ft_loss 4.76131
wandb:  base/param_norm 840.94364
wandb:     base/pt_loss 3.7206
wandb: sweep/delta_norm 136.95412
wandb: sweep/forgetting 0.53179
wandb:    sweep/ft_loss 4.14008
wandb:   sweep/log10_lr -2.52288
wandb:         sweep/lr 0.003
wandb:      sweep/point 11
wandb:    sweep/pt_loss 4.25239
wandb: 
wandb: 🚀 View run fsam_frob_muon_stale_musicpile at: https://wandb.ai/dcll-iiitd/Forgetting-Pythia70M/runs/lsdox9m1
wandb: ⭐️ View project at: https://wandb.ai/dcll-iiitd/Forgetting-Pythia70M
wandb: Synced 4 W&B file(s), 2 media file(s), 4 artifact file(s) and 0 other file(s)
wandb: Find logs at: ./wandb/run-20260930_170108-lsdox9m1/logs
