  Loading CPT model architecture: EleutherAI/pythia-70m in bfloat16...
[pythia70m|fsam_frob_muon_stale|tulu3] base: pt_loss=3.7206 ft_loss=4.6951
  lr=1e-05: ft_loss=4.3747 pt_loss=3.8099 dPT=+0.0893 ||dtheta||=1.284 (10s)
  lr=1.68e-05: ft_loss=4.2614 pt_loss=3.8092 dPT=+0.0886 ||dtheta||=2.010 (10s)
  lr=2.82e-05: ft_loss=4.1377 pt_loss=3.8030 dPT=+0.0824 ||dtheta||=3.154 (10s)
  lr=4.74e-05: ft_loss=4.0074 pt_loss=3.8099 dPT=+0.0893 ||dtheta||=4.992 (10s)
  lr=7.96e-05: ft_loss=3.8624 pt_loss=3.8225 dPT=+0.1019 ||dtheta||=7.970 (10s)
  lr=0.000134: ft_loss=3.7113 pt_loss=3.8424 dPT=+0.1218 ||dtheta||=12.638 (10s)
  lr=0.000224: ft_loss=3.5530 pt_loss=3.8639 dPT=+0.1433 ||dtheta||=19.973 (10s)
  lr=0.000377: ft_loss=3.4068 pt_loss=3.8932 dPT=+0.1726 ||dtheta||=31.428 (10s)
  lr=0.000633: ft_loss=3.3000 pt_loss=3.9302 dPT=+0.2096 ||dtheta||=48.087 (10s)
  lr=0.00106: ft_loss=3.2253 pt_loss=3.9882 dPT=+0.2676 ||dtheta||=70.692 (10s)
  lr=0.00179: ft_loss=3.2012 pt_loss=4.0940 dPT=+0.3734 ||dtheta||=101.909 (10s)
  lr=0.003: ft_loss=3.3329 pt_loss=4.4273 dPT=+0.7067 ||dtheta||=150.201 (10s)
wandb: [wandb.login()] Loaded credentials for https://api.wandb.ai from /home/anant/.netrc.
wandb: Currently logged in as: anant-jain (dcll-iiitd) to https://api.wandb.ai. Use `wandb login --relogin` to force relogin
wandb: setting up run ne6t1jc5
wandb: Tracking run with wandb version 0.29.0
wandb: Run data is saved locally in /home/anant/atlas_opt/wandb/run-20260930_170333-ne6t1jc5
wandb: Run `wandb offline` to turn off syncing.
wandb: Syncing run fsam_frob_muon_stale_tulu3
wandb: ⭐️ View project at https://wandb.ai/dcll-iiitd/Forgetting-Pythia70M
wandb: 🚀 View run at https://wandb.ai/dcll-iiitd/Forgetting-Pythia70M/runs/ne6t1jc5
wandb: updating run metadata; uploading artifact run-ne6t1jc5-sweep_table; uploading artifact run-ne6t1jc5-train_loss_curves_table
wandb: uploading artifact run-ne6t1jc5-sweep_table; uploading artifact run-ne6t1jc5-train_loss_curves_table
wandb: uploading artifact run-ne6t1jc5-train_loss_curves_table; uploading media/table/train_loss_curves_table_12_30e400bedf22efd727be.table.json; uploading wandb-summary.json; uploading config.yaml; uploading wandb-metadata.json (+ 2 more)
wandb: uploading artifact run-ne6t1jc5-train_loss_curves_table; uploading wandb-summary.json; uploading config.yaml; uploading wandb-metadata.json; uploading requirements.txt (+ 1 more)
wandb: uploading artifact run-ne6t1jc5-train_loss_curves_table
wandb: uploading history steps 0-12, summary
wandb: 
wandb: Run history:
wandb: sweep/delta_norm ▁▁▁▁▁▂▂▂▃▄▆█
wandb: sweep/forgetting ▁▁▁▁▁▁▂▂▂▃▄█
wandb:    sweep/ft_loss █▇▇▆▅▄▃▂▂▁▁▂
wandb:   sweep/log10_lr ▁▂▂▃▄▄▅▅▆▇▇█
wandb:         sweep/lr ▁▁▁▁▁▁▂▂▂▃▅█
wandb:      sweep/point ▁▂▂▃▄▄▅▅▆▇▇█
wandb:    sweep/pt_loss ▁▁▁▁▁▁▂▂▂▃▄█
wandb: 
wandb: Run summary:
wandb:     base/ft_loss 4.69507
wandb:  base/param_norm 840.94364
wandb:     base/pt_loss 3.7206
wandb: sweep/delta_norm 150.2009
wandb: sweep/forgetting 0.70674
wandb:    sweep/ft_loss 3.3329
wandb:   sweep/log10_lr -2.52288
wandb:         sweep/lr 0.003
wandb:      sweep/point 11
wandb:    sweep/pt_loss 4.42734
wandb: 
wandb: 🚀 View run fsam_frob_muon_stale_tulu3 at: https://wandb.ai/dcll-iiitd/Forgetting-Pythia70M/runs/ne6t1jc5
wandb: ⭐️ View project at: https://wandb.ai/dcll-iiitd/Forgetting-Pythia70M
wandb: Synced 4 W&B file(s), 2 media file(s), 4 artifact file(s) and 0 other file(s)
wandb: Find logs at: ./wandb/run-20260930_170333-ne6t1jc5/logs
