  Loading CPT model architecture: EleutherAI/pythia-70m in bfloat16...
[pythia70m|sgd|codeparrot] base: pt_loss=6.9703 ft_loss=8.8984
  lr=1e-05: ft_loss=8.7687 pt_loss=6.9774 dPT=+0.0071 ||dtheta||=0.717 (10s)
  lr=1.68e-05: ft_loss=8.7033 pt_loss=6.9916 dPT=+0.0212 ||dtheta||=1.232 (10s)
  lr=2.82e-05: ft_loss=8.6176 pt_loss=7.0279 dPT=+0.0576 ||dtheta||=1.860 (10s)
  lr=4.74e-05: ft_loss=8.5142 pt_loss=7.1031 dPT=+0.1328 ||dtheta||=2.700 (10s)
  lr=7.96e-05: ft_loss=8.3984 pt_loss=7.1170 dPT=+0.1467 ||dtheta||=3.622 (10s)
  lr=0.000134: ft_loss=8.2342 pt_loss=7.1459 dPT=+0.1756 ||dtheta||=6.540 (10s)
  lr=0.000224: ft_loss=7.9954 pt_loss=7.2169 dPT=+0.2465 ||dtheta||=12.849 (10s)
  lr=0.000377: ft_loss=7.6328 pt_loss=7.3368 dPT=+0.3664 ||dtheta||=25.713 (10s)
  lr=0.000633: ft_loss=7.1159 pt_loss=7.5282 dPT=+0.5579 ||dtheta||=49.014 (10s)
  lr=0.00106: ft_loss=6.5572 pt_loss=7.8843 dPT=+0.9139 ||dtheta||=86.006 (10s)
  lr=0.00179: ft_loss=6.1443 pt_loss=8.1039 dPT=+1.1336 ||dtheta||=144.082 (10s)
  lr=0.003: ft_loss=5.9165 pt_loss=8.2024 dPT=+1.2321 ||dtheta||=224.590 (10s)
wandb: [wandb.login()] Loaded credentials for https://api.wandb.ai from /home/anant/.netrc.
wandb: Currently logged in as: anant-jain (dcll-iiitd) to https://api.wandb.ai. Use `wandb login --relogin` to force relogin
wandb: setting up run b9jkk8er
wandb: Tracking run with wandb version 0.29.0
wandb: Run data is saved locally in /home/anant/atlas_opt/wandb/run-20260929_152403-b9jkk8er
wandb: Run `wandb offline` to turn off syncing.
wandb: Syncing run sgd_codeparrot
wandb: ⭐️ View project at https://wandb.ai/dcll-iiitd/Forgetting-Pythia70M
wandb: 🚀 View run at https://wandb.ai/dcll-iiitd/Forgetting-Pythia70M/runs/b9jkk8er
wandb: updating run metadata; uploading artifact run-b9jkk8er-sweep_table; uploading artifact run-b9jkk8er-train_loss_curves_table
wandb: uploading artifact run-b9jkk8er-sweep_table; uploading artifact run-b9jkk8er-train_loss_curves_table
wandb: uploading artifact run-b9jkk8er-sweep_table; uploading artifact run-b9jkk8er-train_loss_curves_table; uploading wandb-metadata.json; uploading requirements.txt; uploading media/table/sweep_table_12_731fb2d0e475640303ba.table.json (+ 3 more)
wandb: uploading artifact run-b9jkk8er-sweep_table; uploading artifact run-b9jkk8er-train_loss_curves_table; uploading media/table/train_loss_curves_table_12_7e5e95b183843b4e5762.table.json
wandb: uploading artifact run-b9jkk8er-train_loss_curves_table
wandb: 
wandb: Run history:
wandb: sweep/delta_norm ▁▁▁▁▁▁▁▂▃▄▅█
wandb: sweep/forgetting ▁▁▁▂▂▂▂▃▄▆▇█
wandb:    sweep/ft_loss ███▇▇▇▆▅▄▃▂▁
wandb:   sweep/log10_lr ▁▂▂▃▄▄▅▅▆▇▇█
wandb:         sweep/lr ▁▁▁▁▁▁▂▂▂▃▅█
wandb:      sweep/point ▁▂▂▃▄▄▅▅▆▇▇█
wandb:    sweep/pt_loss ▁▁▁▂▂▂▂▃▄▆▇█
wandb: 
wandb: Run summary:
wandb:     base/ft_loss 8.89838
wandb:  base/param_norm 6.36103
wandb:     base/pt_loss 6.97034
wandb: sweep/delta_norm 224.58955
wandb: sweep/forgetting 1.23208
wandb:    sweep/ft_loss 5.91646
wandb:   sweep/log10_lr -2.52288
wandb:         sweep/lr 0.003
wandb:      sweep/point 11
wandb:    sweep/pt_loss 8.20242
wandb: 
wandb: 🚀 View run sgd_codeparrot at: https://wandb.ai/dcll-iiitd/Forgetting-Pythia70M/runs/b9jkk8er
wandb: ⭐️ View project at: https://wandb.ai/dcll-iiitd/Forgetting-Pythia70M
wandb: Synced 4 W&B file(s), 2 media file(s), 4 artifact file(s) and 0 other file(s)
wandb: Find logs at: ./wandb/run-20260929_152403-b9jkk8er/logs
