  Loading CPT model architecture: EleutherAI/pythia-70m in bfloat16...
[pythia70m|sam|musicpile] base: pt_loss=4.0269 ft_loss=4.0928
  lr=1e-05: ft_loss=4.1917 pt_loss=4.4418 dPT=+0.4149 ||dtheta||=0.895 (11s)
  lr=1.68e-05: ft_loss=4.2654 pt_loss=4.6233 dPT=+0.5965 ||dtheta||=1.333 (10s)
  lr=2.82e-05: ft_loss=4.2672 pt_loss=4.7140 dPT=+0.6872 ||dtheta||=1.933 (10s)
  lr=4.74e-05: ft_loss=4.2197 pt_loss=4.7465 dPT=+0.7196 ||dtheta||=2.668 (10s)
  lr=7.96e-05: ft_loss=4.2230 pt_loss=4.7795 dPT=+0.7527 ||dtheta||=3.767 (10s)
  lr=0.000134: ft_loss=4.1951 pt_loss=4.8244 dPT=+0.7976 ||dtheta||=5.657 (10s)
  lr=0.000224: ft_loss=4.2374 pt_loss=4.9921 dPT=+0.9652 ||dtheta||=8.287 (10s)
  lr=0.000377: ft_loss=4.6106 pt_loss=5.4248 dPT=+1.3979 ||dtheta||=12.681 (10s)
  lr=0.000633: ft_loss=5.0726 pt_loss=5.4167 dPT=+1.3898 ||dtheta||=23.392 (10s)
  lr=0.00106: ft_loss=5.9812 pt_loss=6.6341 dPT=+2.6073 ||dtheta||=39.918 (10s)
  lr=0.00179: ft_loss=6.5949 pt_loss=7.3257 dPT=+3.2988 ||dtheta||=64.142 (11s)
  lr=0.003: ft_loss=7.7656 pt_loss=8.3407 dPT=+4.3138 ||dtheta||=112.984 (10s)
wandb: [wandb.login()] Loaded credentials for https://api.wandb.ai from /home/anant/.netrc.
wandb: Currently logged in as: anant-jain (dcll-iiitd) to https://api.wandb.ai. Use `wandb login --relogin` to force relogin
wandb: setting up run 5c4djfyv
wandb: Tracking run with wandb version 0.29.0
wandb: Run data is saved locally in /home/anant/atlas_opt/wandb/run-20260929_050911-5c4djfyv
wandb: Run `wandb offline` to turn off syncing.
wandb: Syncing run sam_musicpile
wandb: ⭐️ View project at https://wandb.ai/dcll-iiitd/Forgetting-Pythia70M
wandb: 🚀 View run at https://wandb.ai/dcll-iiitd/Forgetting-Pythia70M/runs/5c4djfyv
wandb: updating run metadata; uploading artifact run-5c4djfyv-sweep_table; uploading artifact run-5c4djfyv-train_loss_curves_table
wandb: uploading artifact run-5c4djfyv-sweep_table; uploading artifact run-5c4djfyv-train_loss_curves_table
wandb: uploading artifact run-5c4djfyv-sweep_table; uploading artifact run-5c4djfyv-train_loss_curves_table; uploading requirements.txt; uploading media/table/sweep_table_12_696a9f414a823b8b488f.table.json; uploading media/table/train_loss_curves_table_12_5b7efb458cf0e45446bb.table.json
wandb: uploading artifact run-5c4djfyv-sweep_table; uploading artifact run-5c4djfyv-train_loss_curves_table; uploading requirements.txt; uploading media/table/sweep_table_12_696a9f414a823b8b488f.table.json; uploading media/table/train_loss_curves_table_12_5b7efb458cf0e45446bb.table.json (+ 3 more)
wandb: uploading artifact run-5c4djfyv-train_loss_curves_table; uploading requirements.txt; uploading media/table/sweep_table_12_696a9f414a823b8b488f.table.json; uploading media/table/train_loss_curves_table_12_5b7efb458cf0e45446bb.table.json; uploading wandb-summary.json (+ 2 more)
wandb: uploading artifact run-5c4djfyv-train_loss_curves_table; uploading media/table/sweep_table_12_696a9f414a823b8b488f.table.json; uploading media/table/train_loss_curves_table_12_5b7efb458cf0e45446bb.table.json; uploading wandb-summary.json; uploading config.yaml (+ 1 more)
wandb: uploading artifact run-5c4djfyv-train_loss_curves_table
wandb: 
wandb: Run history:
wandb: sweep/delta_norm ▁▁▁▁▁▁▁▂▂▃▅█
wandb: sweep/forgetting ▁▁▁▂▂▂▂▃▃▅▆█
wandb:    sweep/ft_loss ▁▁▁▁▁▁▁▂▃▅▆█
wandb:   sweep/log10_lr ▁▂▂▃▄▄▅▅▆▇▇█
wandb:         sweep/lr ▁▁▁▁▁▁▂▂▂▃▅█
wandb:      sweep/point ▁▂▂▃▄▄▅▅▆▇▇█
wandb:    sweep/pt_loss ▁▁▁▂▂▂▂▃▃▅▆█
wandb: 
wandb: Run summary:
wandb:     base/ft_loss 4.09285
wandb:  base/param_norm 1745.35816
wandb:     base/pt_loss 4.02687
wandb: sweep/delta_norm 112.98437
wandb: sweep/forgetting 4.3138
wandb:    sweep/ft_loss 7.76556
wandb:   sweep/log10_lr -2.52288
wandb:         sweep/lr 0.003
wandb:      sweep/point 11
wandb:    sweep/pt_loss 8.34067
wandb: 
wandb: 🚀 View run sam_musicpile at: https://wandb.ai/dcll-iiitd/Forgetting-Pythia70M/runs/5c4djfyv
wandb: ⭐️ View project at: https://wandb.ai/dcll-iiitd/Forgetting-Pythia70M
wandb: Synced 4 W&B file(s), 2 media file(s), 4 artifact file(s) and 0 other file(s)
wandb: Find logs at: ./wandb/run-20260929_050911-5c4djfyv/logs
