  Loading CPT model architecture: EleutherAI/pythia-70m in bfloat16...
[pythia70m|adam|tulu3] base: pt_loss=4.3522 ft_loss=5.2489
  lr=1e-05: ft_loss=4.9002 pt_loss=4.3798 dPT=+0.0276 ||dtheta||=1.051 (10s)
  lr=1.68e-05: ft_loss=4.7514 pt_loss=4.3949 dPT=+0.0427 ||dtheta||=1.716 (10s)
  lr=2.82e-05: ft_loss=4.5778 pt_loss=4.4150 dPT=+0.0628 ||dtheta||=2.776 (10s)
  lr=4.74e-05: ft_loss=4.3944 pt_loss=4.4378 dPT=+0.0856 ||dtheta||=4.397 (10s)
  lr=7.96e-05: ft_loss=4.2059 pt_loss=4.4684 dPT=+0.1163 ||dtheta||=7.002 (10s)
  lr=0.000134: ft_loss=4.0404 pt_loss=4.5138 dPT=+0.1616 ||dtheta||=10.988 (10s)
  lr=0.000224: ft_loss=3.9012 pt_loss=4.5660 dPT=+0.2139 ||dtheta||=16.838 (10s)
  lr=0.000377: ft_loss=3.7770 pt_loss=4.6351 dPT=+0.2829 ||dtheta||=25.465 (10s)
  lr=0.000633: ft_loss=3.6981 pt_loss=4.7093 dPT=+0.3571 ||dtheta||=37.251 (10s)
  lr=0.00106: ft_loss=3.6651 pt_loss=4.8424 dPT=+0.4902 ||dtheta||=54.462 (10s)
  lr=0.00179: ft_loss=3.7200 pt_loss=5.0913 dPT=+0.7391 ||dtheta||=79.226 (10s)
  lr=0.003: ft_loss=3.9084 pt_loss=5.4687 dPT=+1.1165 ||dtheta||=114.993 (10s)
wandb: [wandb.login()] Loaded credentials for https://api.wandb.ai from /home/anant/.netrc.
wandb: Currently logged in as: anant-jain (dcll-iiitd) to https://api.wandb.ai. Use `wandb login --relogin` to force relogin
wandb: setting up run ow99vwan
wandb: Tracking run with wandb version 0.29.0
wandb: Run data is saved locally in /home/anant/atlas_opt/wandb/run-20260929_154101-ow99vwan
wandb: Run `wandb offline` to turn off syncing.
wandb: Syncing run adam_tulu3
wandb: ⭐️ View project at https://wandb.ai/dcll-iiitd/Forgetting-Pythia70M
wandb: 🚀 View run at https://wandb.ai/dcll-iiitd/Forgetting-Pythia70M/runs/ow99vwan
wandb: updating run metadata; uploading artifact run-ow99vwan-sweep_table; uploading artifact run-ow99vwan-train_loss_curves_table
wandb: uploading artifact run-ow99vwan-sweep_table; uploading artifact run-ow99vwan-train_loss_curves_table
wandb: uploading artifact run-ow99vwan-sweep_table; uploading artifact run-ow99vwan-train_loss_curves_table; uploading media/table/sweep_table_12_d77e4fe59a792f0fa3fa.table.json; uploading media/table/train_loss_curves_table_12_363af367630c92230c77.table.json; uploading wandb-summary.json (+ 3 more)
wandb: uploading artifact run-ow99vwan-sweep_table; uploading artifact run-ow99vwan-train_loss_curves_table; uploading media/table/sweep_table_12_d77e4fe59a792f0fa3fa.table.json; uploading media/table/train_loss_curves_table_12_363af367630c92230c77.table.json; uploading config.yaml (+ 2 more)
wandb: uploading artifact run-ow99vwan-sweep_table; uploading artifact run-ow99vwan-train_loss_curves_table
wandb: uploading artifact run-ow99vwan-train_loss_curves_table
wandb: uploading history steps 0-12, summary
wandb: 
wandb: Run history:
wandb: sweep/delta_norm ▁▁▁▁▁▂▂▂▃▄▆█
wandb: sweep/forgetting ▁▁▁▁▂▂▂▃▃▄▆█
wandb:    sweep/ft_loss █▇▆▅▄▃▂▂▁▁▁▂
wandb:   sweep/log10_lr ▁▂▂▃▄▄▅▅▆▇▇█
wandb:         sweep/lr ▁▁▁▁▁▁▂▂▂▃▅█
wandb:      sweep/point ▁▂▂▃▄▄▅▅▆▇▇█
wandb:    sweep/pt_loss ▁▁▁▁▂▂▂▃▃▄▆█
wandb: 
wandb: Run summary:
wandb:     base/ft_loss 5.24889
wandb:  base/param_norm 1781.91173
wandb:     base/pt_loss 4.35218
wandb: sweep/delta_norm 114.99282
wandb: sweep/forgetting 1.11649
wandb:    sweep/ft_loss 3.90845
wandb:   sweep/log10_lr -2.52288
wandb:         sweep/lr 0.003
wandb:      sweep/point 11
wandb:    sweep/pt_loss 5.46867
wandb: 
wandb: 🚀 View run adam_tulu3 at: https://wandb.ai/dcll-iiitd/Forgetting-Pythia70M/runs/ow99vwan
wandb: ⭐️ View project at: https://wandb.ai/dcll-iiitd/Forgetting-Pythia70M
wandb: Synced 4 W&B file(s), 2 media file(s), 4 artifact file(s) and 0 other file(s)
wandb: Find logs at: ./wandb/run-20260929_154101-ow99vwan/logs
