  Loading CPT model architecture: EleutherAI/pythia-70m in bfloat16...
[pythia70m|fsam_frob_muon_stale_momentum|stackmathqa] base: pt_loss=3.7208 ft_loss=5.5952
  lr=1e-05: ft_loss=4.9298 pt_loss=3.8701 dPT=+0.1492 ||dtheta||=1.562 (11s)
  lr=1.68e-05: ft_loss=4.7190 pt_loss=3.9229 dPT=+0.2021 ||dtheta||=2.461 (10s)
  lr=2.82e-05: ft_loss=4.5135 pt_loss=3.9550 dPT=+0.2342 ||dtheta||=3.823 (10s)
  lr=4.74e-05: ft_loss=4.3007 pt_loss=3.9923 dPT=+0.2715 ||dtheta||=6.035 (10s)
  lr=7.96e-05: ft_loss=4.0616 pt_loss=4.0220 dPT=+0.3012 ||dtheta||=9.634 (10s)
  lr=0.000134: ft_loss=3.8201 pt_loss=4.0551 dPT=+0.3343 ||dtheta||=15.209 (11s)
  lr=0.000224: ft_loss=3.5739 pt_loss=4.0946 dPT=+0.3738 ||dtheta||=24.027 (11s)
  lr=0.000377: ft_loss=3.3684 pt_loss=4.1197 dPT=+0.3988 ||dtheta||=37.108 (11s)
  lr=0.000633: ft_loss=3.2268 pt_loss=4.1616 dPT=+0.4408 ||dtheta||=55.678 (11s)
  lr=0.00106: ft_loss=3.1374 pt_loss=4.2865 dPT=+0.5656 ||dtheta||=77.311 (11s)
  lr=0.00179: ft_loss=3.0711 pt_loss=4.4286 dPT=+0.7077 ||dtheta||=113.141 (10s)
  lr=0.003: ft_loss=3.2014 pt_loss=5.2161 dPT=+1.4953 ||dtheta||=144.441 (10s)
wandb: [wandb.login()] Loaded credentials for https://api.wandb.ai from /home/anant/.netrc.
wandb: Currently logged in as: anant-jain (dcll-iiitd) to https://api.wandb.ai. Use `wandb login --relogin` to force relogin
wandb: setting up run u37rsp03
wandb: Tracking run with wandb version 0.29.0
wandb: Run data is saved locally in /home/anant/atlas_opt/wandb/run-20260930_165850-u37rsp03
wandb: Run `wandb offline` to turn off syncing.
wandb: Syncing run fsam_frob_muon_stale_momentum_stackmathqa
wandb: ⭐️ View project at https://wandb.ai/dcll-iiitd/Forgetting-Pythia70M
wandb: 🚀 View run at https://wandb.ai/dcll-iiitd/Forgetting-Pythia70M/runs/u37rsp03
wandb: updating run metadata; uploading artifact run-u37rsp03-sweep_table; uploading artifact run-u37rsp03-train_loss_curves_table
wandb: uploading artifact run-u37rsp03-sweep_table; uploading artifact run-u37rsp03-train_loss_curves_table
wandb: uploading artifact run-u37rsp03-train_loss_curves_table
wandb: uploading artifact run-u37rsp03-train_loss_curves_table; uploading wandb-metadata.json; uploading requirements.txt; uploading media/table/sweep_table_12_e2b4a2e250471ced5076.table.json; uploading media/table/train_loss_curves_table_12_fa8915f05424f2d9707d.table.json (+ 2 more)
wandb: uploading history steps 0-12, summary
wandb: 
wandb: Run history:
wandb: sweep/delta_norm ▁▁▁▁▁▂▂▃▄▅▆█
wandb: sweep/forgetting ▁▁▁▂▂▂▂▂▃▃▄█
wandb:    sweep/ft_loss █▇▆▆▅▄▃▂▂▁▁▁
wandb:   sweep/log10_lr ▁▂▂▃▄▄▅▅▆▇▇█
wandb:         sweep/lr ▁▁▁▁▁▁▂▂▂▃▅█
wandb:      sweep/point ▁▂▂▃▄▄▅▅▆▇▇█
wandb:    sweep/pt_loss ▁▁▁▂▂▂▂▂▃▃▄█
wandb: 
wandb: Run summary:
wandb:     base/ft_loss 5.59518
wandb:  base/param_norm 841.63802
wandb:     base/pt_loss 3.72084
wandb: sweep/delta_norm 144.44109
wandb: sweep/forgetting 1.49527
wandb:    sweep/ft_loss 3.20141
wandb:   sweep/log10_lr -2.52288
wandb:         sweep/lr 0.003
wandb:      sweep/point 11
wandb:    sweep/pt_loss 5.21611
wandb: 
wandb: 🚀 View run fsam_frob_muon_stale_momentum_stackmathqa at: https://wandb.ai/dcll-iiitd/Forgetting-Pythia70M/runs/u37rsp03
wandb: ⭐️ View project at: https://wandb.ai/dcll-iiitd/Forgetting-Pythia70M
wandb: Synced 4 W&B file(s), 2 media file(s), 4 artifact file(s) and 0 other file(s)
wandb: Find logs at: ./wandb/run-20260930_165850-u37rsp03/logs
