  Loading CPT model architecture: EleutherAI/pythia-70m in bfloat16...
[pythia70m|muon_sam_gfrob|tulu3] base: pt_loss=3.7075 ft_loss=4.7017
  lr=1e-05: ft_loss=4.3433 pt_loss=3.7784 dPT=+0.0709 ||dtheta||=1.264 (11s)
  lr=1.68e-05: ft_loss=4.2228 pt_loss=3.7780 dPT=+0.0704 ||dtheta||=1.978 (10s)
  lr=2.82e-05: ft_loss=4.0977 pt_loss=3.7789 dPT=+0.0713 ||dtheta||=3.121 (10s)
  lr=4.74e-05: ft_loss=3.9639 pt_loss=3.7873 dPT=+0.0798 ||dtheta||=4.956 (10s)
  lr=7.96e-05: ft_loss=3.8174 pt_loss=3.8030 dPT=+0.0954 ||dtheta||=7.909 (10s)
  lr=0.000134: ft_loss=3.6631 pt_loss=3.8247 dPT=+0.1172 ||dtheta||=12.575 (10s)
  lr=0.000224: ft_loss=3.5108 pt_loss=3.8480 dPT=+0.1404 ||dtheta||=19.779 (10s)
  lr=0.000377: ft_loss=3.3604 pt_loss=3.8839 dPT=+0.1763 ||dtheta||=31.143 (10s)
  lr=0.000633: ft_loss=3.2672 pt_loss=3.9225 dPT=+0.2149 ||dtheta||=47.697 (10s)
  lr=0.00106: ft_loss=3.1892 pt_loss=3.9865 dPT=+0.2790 ||dtheta||=70.685 (10s)
  lr=0.00179: ft_loss=3.1779 pt_loss=4.1002 dPT=+0.3927 ||dtheta||=102.584 (10s)
  lr=0.003: ft_loss=3.2771 pt_loss=4.3885 dPT=+0.6810 ||dtheta||=146.146 (10s)
wandb: [wandb.login()] Loaded credentials for https://api.wandb.ai from /home/anant/.netrc.
wandb: Currently logged in as: anant-jain (dcll-iiitd) to https://api.wandb.ai. Use `wandb login --relogin` to force relogin
wandb: setting up run 605h8y7f
wandb: Tracking run with wandb version 0.29.0
wandb: Run data is saved locally in /home/anant/atlas_opt/wandb/run-20261001_141454-605h8y7f
wandb: Run `wandb offline` to turn off syncing.
wandb: Syncing run muon_sam_gfrob_tulu3
wandb: ⭐️ View project at https://wandb.ai/dcll-iiitd/Forgetting-Pythia70M
wandb: 🚀 View run at https://wandb.ai/dcll-iiitd/Forgetting-Pythia70M/runs/605h8y7f
wandb: updating run metadata; uploading artifact run-605h8y7f-sweep_table; uploading artifact run-605h8y7f-train_loss_curves_table
wandb: uploading artifact run-605h8y7f-sweep_table; uploading artifact run-605h8y7f-train_loss_curves_table
wandb: uploading artifact run-605h8y7f-sweep_table; uploading artifact run-605h8y7f-train_loss_curves_table; uploading wandb-summary.json; uploading config.yaml; uploading wandb-metadata.json (+ 3 more)
wandb: uploading artifact run-605h8y7f-train_loss_curves_table; uploading wandb-summary.json; uploading config.yaml; uploading wandb-metadata.json; uploading requirements.txt (+ 2 more)
wandb: uploading artifact run-605h8y7f-train_loss_curves_table; uploading config.yaml; uploading requirements.txt; uploading media/table/sweep_table_12_2b85162933b78dd814d3.table.json; uploading media/table/train_loss_curves_table_12_112450844c0369282f35.table.json
wandb: uploading history steps 0-12, summary
wandb: 
wandb: Run history:
wandb: sweep/delta_norm ▁▁▁▁▁▂▂▂▃▄▆█
wandb: sweep/forgetting ▁▁▁▁▁▂▂▂▃▃▅█
wandb:    sweep/ft_loss █▇▇▆▅▄▃▂▂▁▁▂
wandb:   sweep/log10_lr ▁▂▂▃▄▄▅▅▆▇▇█
wandb:         sweep/lr ▁▁▁▁▁▁▂▂▂▃▅█
wandb:      sweep/point ▁▂▂▃▄▄▅▅▆▇▇█
wandb:    sweep/pt_loss ▁▁▁▁▁▂▂▂▃▃▅█
wandb: 
wandb: Run summary:
wandb:     base/ft_loss 4.70175
wandb:  base/param_norm 790.159
wandb:     base/pt_loss 3.70754
wandb: sweep/delta_norm 146.14556
wandb: sweep/forgetting 0.68097
wandb:    sweep/ft_loss 3.27707
wandb:   sweep/log10_lr -2.52288
wandb:         sweep/lr 0.003
wandb:      sweep/point 11
wandb:    sweep/pt_loss 4.38851
wandb: 
wandb: 🚀 View run muon_sam_gfrob_tulu3 at: https://wandb.ai/dcll-iiitd/Forgetting-Pythia70M/runs/605h8y7f
wandb: ⭐️ View project at: https://wandb.ai/dcll-iiitd/Forgetting-Pythia70M
wandb: Synced 4 W&B file(s), 2 media file(s), 4 artifact file(s) and 0 other file(s)
wandb: Find logs at: ./wandb/run-20261001_141454-605h8y7f/logs
