  Loading CPT model architecture: EleutherAI/pythia-70m in bfloat16...
[pythia70m|fsam_ortho_muon_stale|tulu3] base: pt_loss=4.0468 ft_loss=5.0048
  lr=1e-05: ft_loss=4.7505 pt_loss=4.1287 dPT=+0.0819 ||dtheta||=1.052 (11s)
  lr=1.68e-05: ft_loss=4.6532 pt_loss=4.1409 dPT=+0.0941 ||dtheta||=1.671 (10s)
  lr=2.82e-05: ft_loss=4.5329 pt_loss=4.1557 dPT=+0.1089 ||dtheta||=2.723 (10s)
  lr=4.74e-05: ft_loss=4.4029 pt_loss=4.1653 dPT=+0.1185 ||dtheta||=4.354 (10s)
  lr=7.96e-05: ft_loss=4.2342 pt_loss=4.1784 dPT=+0.1316 ||dtheta||=7.014 (10s)
  lr=0.000134: ft_loss=4.0392 pt_loss=4.2065 dPT=+0.1597 ||dtheta||=11.101 (10s)
  lr=0.000224: ft_loss=3.8726 pt_loss=4.2432 dPT=+0.1964 ||dtheta||=16.866 (10s)
  lr=0.000377: ft_loss=3.7160 pt_loss=4.2903 dPT=+0.2435 ||dtheta||=25.566 (10s)
  lr=0.000633: ft_loss=3.6345 pt_loss=4.3513 dPT=+0.3045 ||dtheta||=36.977 (10s)
  lr=0.00106: ft_loss=3.5712 pt_loss=4.4183 dPT=+0.3715 ||dtheta||=51.295 (10s)
  lr=0.00179: ft_loss=3.5762 pt_loss=4.5364 dPT=+0.4896 ||dtheta||=71.315 (10s)
  lr=0.003: ft_loss=3.6686 pt_loss=4.8080 dPT=+0.7612 ||dtheta||=107.686 (10s)
wandb: [wandb.login()] Loaded credentials for https://api.wandb.ai from /home/anant/.netrc.
wandb: Currently logged in as: anant-jain (dcll-iiitd) to https://api.wandb.ai. Use `wandb login --relogin` to force relogin
wandb: setting up run 1cj7atpd
wandb: Tracking run with wandb version 0.29.0
wandb: Run data is saved locally in /home/anant/atlas_opt/wandb/run-20260929_051149-1cj7atpd
wandb: Run `wandb offline` to turn off syncing.
wandb: Syncing run fsam_ortho_muon_stale_tulu3
wandb: ⭐️ View project at https://wandb.ai/dcll-iiitd/Forgetting-Pythia70M
wandb: 🚀 View run at https://wandb.ai/dcll-iiitd/Forgetting-Pythia70M/runs/1cj7atpd
wandb: updating run metadata; uploading artifact run-1cj7atpd-sweep_table; uploading artifact run-1cj7atpd-train_loss_curves_table
wandb: uploading artifact run-1cj7atpd-sweep_table; uploading artifact run-1cj7atpd-train_loss_curves_table
wandb: uploading artifact run-1cj7atpd-train_loss_curves_table
wandb: uploading artifact run-1cj7atpd-train_loss_curves_table; uploading media/table/train_loss_curves_table_12_712c335d60c22c20cdf3.table.json
wandb: uploading history steps 0-12, summary
wandb: 
wandb: Run history:
wandb: sweep/delta_norm ▁▁▁▁▁▂▂▃▃▄▆█
wandb: sweep/forgetting ▁▁▁▁▂▂▂▃▃▄▅█
wandb:    sweep/ft_loss █▇▇▆▅▄▃▂▁▁▁▂
wandb:   sweep/log10_lr ▁▂▂▃▄▄▅▅▆▇▇█
wandb:         sweep/lr ▁▁▁▁▁▁▂▂▂▃▅█
wandb:      sweep/point ▁▂▂▃▄▄▅▅▆▇▇█
wandb:    sweep/pt_loss ▁▁▁▁▂▂▂▃▃▄▅█
wandb: 
wandb: Run summary:
wandb:     base/ft_loss 5.00481
wandb:  base/param_norm 1922.33547
wandb:     base/pt_loss 4.0468
wandb: sweep/delta_norm 107.68558
wandb: sweep/forgetting 0.76118
wandb:    sweep/ft_loss 3.66862
wandb:   sweep/log10_lr -2.52288
wandb:         sweep/lr 0.003
wandb:      sweep/point 11
wandb:    sweep/pt_loss 4.80798
wandb: 
wandb: 🚀 View run fsam_ortho_muon_stale_tulu3 at: https://wandb.ai/dcll-iiitd/Forgetting-Pythia70M/runs/1cj7atpd
wandb: ⭐️ View project at: https://wandb.ai/dcll-iiitd/Forgetting-Pythia70M
wandb: Synced 4 W&B file(s), 2 media file(s), 4 artifact file(s) and 0 other file(s)
wandb: Find logs at: ./wandb/run-20260929_051149-1cj7atpd/logs
