  Loading CPT model architecture: EleutherAI/pythia-70m in bfloat16...
[pythia70m|sam_ortho|tulu3] base: pt_loss=7.4386 ft_loss=8.7937
  lr=1e-05: ft_loss=8.3457 pt_loss=7.5274 dPT=+0.0888 ||dtheta||=1.461 (11s)
  lr=1.68e-05: ft_loss=8.1934 pt_loss=7.5142 dPT=+0.0756 ||dtheta||=2.337 (10s)
  lr=2.82e-05: ft_loss=7.9847 pt_loss=7.4866 dPT=+0.0480 ||dtheta||=3.784 (10s)
  lr=4.74e-05: ft_loss=7.7093 pt_loss=7.4739 dPT=+0.0353 ||dtheta||=6.187 (10s)
  lr=7.96e-05: ft_loss=7.3561 pt_loss=7.4545 dPT=+0.0159 ||dtheta||=10.187 (10s)
  lr=0.000134: ft_loss=6.9212 pt_loss=7.4354 dPT=-0.0032 ||dtheta||=16.764 (11s)
  lr=0.000224: ft_loss=6.4892 pt_loss=7.3977 dPT=-0.0409 ||dtheta||=26.554 (10s)
  lr=0.000377: ft_loss=6.0902 pt_loss=7.3226 dPT=-0.1161 ||dtheta||=40.313 (10s)
  lr=0.000633: ft_loss=5.8324 pt_loss=7.2379 dPT=-0.2007 ||dtheta||=58.002 (10s)
  lr=0.00106: ft_loss=5.6403 pt_loss=7.1748 dPT=-0.2638 ||dtheta||=80.447 (11s)
  lr=0.00179: ft_loss=5.7451 pt_loss=7.2631 dPT=-0.1755 ||dtheta||=111.612 (10s)
  lr=0.003: ft_loss=5.7676 pt_loss=7.3264 dPT=-0.1122 ||dtheta||=154.876 (10s)
wandb: [wandb.login()] Loaded credentials for https://api.wandb.ai from /home/anant/.netrc.
wandb: Currently logged in as: anant-jain (dcll-iiitd) to https://api.wandb.ai. Use `wandb login --relogin` to force relogin
wandb: setting up run ethadbai
wandb: Tracking run with wandb version 0.29.0
wandb: Run data is saved locally in /home/anant/atlas_opt/wandb/run-20260930_170126-ethadbai
wandb: Run `wandb offline` to turn off syncing.
wandb: Syncing run sam_ortho_tulu3
wandb: ⭐️ View project at https://wandb.ai/dcll-iiitd/Forgetting-Pythia70M
wandb: 🚀 View run at https://wandb.ai/dcll-iiitd/Forgetting-Pythia70M/runs/ethadbai
wandb: updating run metadata; uploading artifact run-ethadbai-sweep_table; uploading artifact run-ethadbai-train_loss_curves_table
wandb: uploading artifact run-ethadbai-sweep_table; uploading artifact run-ethadbai-train_loss_curves_table
wandb: uploading artifact run-ethadbai-train_loss_curves_table
wandb: uploading artifact run-ethadbai-train_loss_curves_table; uploading media/table/sweep_table_12_1650c3c1255b981a35e4.table.json; uploading media/table/train_loss_curves_table_12_5be56da4413a2bf00218.table.json; uploading wandb-summary.json; uploading config.yaml (+ 1 more)
wandb: uploading artifact run-ethadbai-train_loss_curves_table
wandb: uploading history steps 0-12, summary
wandb: 
wandb: Run history:
wandb: sweep/delta_norm ▁▁▁▁▁▂▂▃▄▅▆█
wandb: sweep/forgetting ██▇▇▇▆▅▄▂▁▃▄
wandb:    sweep/ft_loss ██▇▆▅▄▃▂▁▁▁▁
wandb:   sweep/log10_lr ▁▂▂▃▄▄▅▅▆▇▇█
wandb:         sweep/lr ▁▁▁▁▁▁▂▂▂▃▅█
wandb:      sweep/point ▁▂▂▃▄▄▅▅▆▇▇█
wandb:    sweep/pt_loss ██▇▇▇▆▅▄▂▁▃▄
wandb: 
wandb: Run summary:
wandb:     base/ft_loss 8.79372
wandb:  base/param_norm 186.70124
wandb:     base/pt_loss 7.4386
wandb: sweep/delta_norm 154.87555
wandb: sweep/forgetting -0.11218
wandb:    sweep/ft_loss 5.76765
wandb:   sweep/log10_lr -2.52288
wandb:         sweep/lr 0.003
wandb:      sweep/point 11
wandb:    sweep/pt_loss 7.32643
wandb: 
wandb: 🚀 View run sam_ortho_tulu3 at: https://wandb.ai/dcll-iiitd/Forgetting-Pythia70M/runs/ethadbai
wandb: ⭐️ View project at: https://wandb.ai/dcll-iiitd/Forgetting-Pythia70M
wandb: Synced 4 W&B file(s), 2 media file(s), 4 artifact file(s) and 0 other file(s)
wandb: Find logs at: ./wandb/run-20260930_170126-ethadbai/logs
