  Loading CPT model architecture: EleutherAI/pythia-70m in bfloat16...
[pythia70m|fsam_gfrob_muon_stale_momentum|stackmathqa] base: pt_loss=3.7186 ft_loss=5.5652
  lr=1e-05: ft_loss=4.8958 pt_loss=3.8813 dPT=+0.1627 ||dtheta||=1.559 (10s)
  lr=1.68e-05: ft_loss=4.6893 pt_loss=3.9431 dPT=+0.2245 ||dtheta||=2.449 (10s)
  lr=2.82e-05: ft_loss=4.4826 pt_loss=3.9556 dPT=+0.2370 ||dtheta||=3.783 (10s)
  lr=4.74e-05: ft_loss=4.2742 pt_loss=3.9836 dPT=+0.2650 ||dtheta||=5.970 (10s)
  lr=7.96e-05: ft_loss=4.0377 pt_loss=4.0137 dPT=+0.2951 ||dtheta||=9.505 (10s)
  lr=0.000134: ft_loss=3.8012 pt_loss=4.0570 dPT=+0.3384 ||dtheta||=15.009 (10s)
  lr=0.000224: ft_loss=3.5631 pt_loss=4.0824 dPT=+0.3639 ||dtheta||=23.616 (10s)
  lr=0.000377: ft_loss=3.3514 pt_loss=4.1054 dPT=+0.3868 ||dtheta||=36.598 (10s)
  lr=0.000633: ft_loss=3.2114 pt_loss=4.1429 dPT=+0.4243 ||dtheta||=55.311 (10s)
  lr=0.00106: ft_loss=3.1327 pt_loss=4.2654 dPT=+0.5468 ||dtheta||=75.829 (10s)
  lr=0.00179: ft_loss=3.0729 pt_loss=4.4412 dPT=+0.7227 ||dtheta||=112.180 (10s)
  lr=0.003: ft_loss=3.1995 pt_loss=5.1536 dPT=+1.4350 ||dtheta||=143.062 (10s)
wandb: [wandb.login()] Loaded credentials for https://api.wandb.ai from /home/anant/.netrc.
wandb: Currently logged in as: anant-jain (dcll-iiitd) to https://api.wandb.ai. Use `wandb login --relogin` to force relogin
wandb: setting up run 7t4m4a5a
wandb: Tracking run with wandb version 0.29.0
wandb: Run data is saved locally in /home/anant/atlas_opt/wandb/run-20261001_141404-7t4m4a5a
wandb: Run `wandb offline` to turn off syncing.
wandb: Syncing run fsam_gfrob_muon_stale_momentum_stackmathqa
wandb: ⭐️ View project at https://wandb.ai/dcll-iiitd/Forgetting-Pythia70M
wandb: 🚀 View run at https://wandb.ai/dcll-iiitd/Forgetting-Pythia70M/runs/7t4m4a5a
wandb: updating run metadata; uploading artifact run-7t4m4a5a-sweep_table; uploading artifact run-7t4m4a5a-train_loss_curves_table
wandb: uploading artifact run-7t4m4a5a-sweep_table; uploading artifact run-7t4m4a5a-train_loss_curves_table
wandb: uploading artifact run-7t4m4a5a-sweep_table; uploading artifact run-7t4m4a5a-train_loss_curves_table; uploading wandb-metadata.json; uploading requirements.txt; uploading media/table/sweep_table_12_b86d2bdadeb0980756c5.table.json (+ 3 more)
wandb: uploading artifact run-7t4m4a5a-train_loss_curves_table
wandb: uploading history steps 0-12, summary
wandb: 
wandb: Run history:
wandb: sweep/delta_norm ▁▁▁▁▁▂▂▃▄▅▆█
wandb: sweep/forgetting ▁▁▁▂▂▂▂▂▂▃▄█
wandb:    sweep/ft_loss █▇▆▆▅▄▃▂▂▁▁▁
wandb:   sweep/log10_lr ▁▂▂▃▄▄▅▅▆▇▇█
wandb:         sweep/lr ▁▁▁▁▁▁▂▂▂▃▅█
wandb:      sweep/point ▁▂▂▃▄▄▅▅▆▇▇█
wandb:    sweep/pt_loss ▁▁▁▂▂▂▂▂▂▃▄█
wandb: 
wandb: Run summary:
wandb:     base/ft_loss 5.56518
wandb:  base/param_norm 840.03862
wandb:     base/pt_loss 3.71859
wandb: sweep/delta_norm 143.06204
wandb: sweep/forgetting 1.43505
wandb:    sweep/ft_loss 3.19945
wandb:   sweep/log10_lr -2.52288
wandb:         sweep/lr 0.003
wandb:      sweep/point 11
wandb:    sweep/pt_loss 5.15364
wandb: 
wandb: 🚀 View run fsam_gfrob_muon_stale_momentum_stackmathqa at: https://wandb.ai/dcll-iiitd/Forgetting-Pythia70M/runs/7t4m4a5a
wandb: ⭐️ View project at: https://wandb.ai/dcll-iiitd/Forgetting-Pythia70M
wandb: Synced 4 W&B file(s), 2 media file(s), 4 artifact file(s) and 0 other file(s)
wandb: Find logs at: ./wandb/run-20261001_141404-7t4m4a5a/logs
