  Loading CPT model architecture: EleutherAI/pythia-70m in bfloat16...
[pythia70m|sam_ortho|codeparrot] base: pt_loss=7.4386 ft_loss=9.3049
  lr=1e-05: ft_loss=8.4377 pt_loss=7.6907 dPT=+0.2521 ||dtheta||=1.584 (10s)
  lr=1.68e-05: ft_loss=8.1946 pt_loss=7.7310 dPT=+0.2924 ||dtheta||=2.526 (11s)
  lr=2.82e-05: ft_loss=7.9297 pt_loss=7.7907 dPT=+0.3521 ||dtheta||=4.039 (10s)
  lr=4.74e-05: ft_loss=7.5982 pt_loss=7.8525 dPT=+0.4139 ||dtheta||=6.588 (10s)
  lr=7.96e-05: ft_loss=7.1420 pt_loss=7.9296 dPT=+0.4910 ||dtheta||=10.970 (10s)
  lr=0.000134: ft_loss=6.5765 pt_loss=7.9938 dPT=+0.5552 ||dtheta||=18.293 (10s)
  lr=0.000224: ft_loss=6.0397 pt_loss=8.0650 dPT=+0.6264 ||dtheta||=29.186 (10s)
  lr=0.000377: ft_loss=5.6432 pt_loss=8.0442 dPT=+0.6055 ||dtheta||=44.149 (10s)
  lr=0.000633: ft_loss=5.4508 pt_loss=7.9986 dPT=+0.5600 ||dtheta||=63.713 (10s)
  lr=0.00106: ft_loss=5.3733 pt_loss=7.9966 dPT=+0.5579 ||dtheta||=88.432 (10s)
  lr=0.00179: ft_loss=5.4833 pt_loss=8.1771 dPT=+0.7385 ||dtheta||=119.237 (10s)
  lr=0.003: ft_loss=5.6240 pt_loss=8.6151 dPT=+1.1765 ||dtheta||=164.164 (10s)
wandb: [wandb.login()] Loaded credentials for https://api.wandb.ai from /home/anant/.netrc.
wandb: Currently logged in as: anant-jain (dcll-iiitd) to https://api.wandb.ai. Use `wandb login --relogin` to force relogin
wandb: setting up run 5wa3c4uy
wandb: Tracking run with wandb version 0.29.0
wandb: Run data is saved locally in /home/anant/atlas_opt/wandb/run-20260930_165326-5wa3c4uy
wandb: Run `wandb offline` to turn off syncing.
wandb: Syncing run sam_ortho_codeparrot
wandb: ⭐️ View project at https://wandb.ai/dcll-iiitd/Forgetting-Pythia70M
wandb: 🚀 View run at https://wandb.ai/dcll-iiitd/Forgetting-Pythia70M/runs/5wa3c4uy
wandb: updating run metadata; uploading artifact run-5wa3c4uy-sweep_table; uploading artifact run-5wa3c4uy-train_loss_curves_table
wandb: uploading artifact run-5wa3c4uy-sweep_table; uploading artifact run-5wa3c4uy-train_loss_curves_table
wandb: uploading artifact run-5wa3c4uy-sweep_table; uploading artifact run-5wa3c4uy-train_loss_curves_table; uploading wandb-metadata.json; uploading requirements.txt; uploading media/table/sweep_table_12_ea82150f20d0e08e894c.table.json (+ 3 more)
wandb: uploading artifact run-5wa3c4uy-train_loss_curves_table; uploading wandb-metadata.json; uploading requirements.txt; uploading media/table/sweep_table_12_ea82150f20d0e08e894c.table.json; uploading media/table/train_loss_curves_table_12_a1061d7d1920f8c48826.table.json (+ 2 more)
wandb: uploading artifact run-5wa3c4uy-train_loss_curves_table
wandb: 
wandb: Run history:
wandb: sweep/delta_norm ▁▁▁▁▁▂▂▃▄▅▆█
wandb: sweep/forgetting ▁▁▂▂▃▃▄▄▃▃▅█
wandb:    sweep/ft_loss █▇▇▆▅▄▃▂▁▁▁▂
wandb:   sweep/log10_lr ▁▂▂▃▄▄▅▅▆▇▇█
wandb:         sweep/lr ▁▁▁▁▁▁▂▂▂▃▅█
wandb:      sweep/point ▁▂▂▃▄▄▅▅▆▇▇█
wandb:    sweep/pt_loss ▁▁▂▂▃▃▄▄▃▃▅█
wandb: 
wandb: Run summary:
wandb:     base/ft_loss 9.30492
wandb:  base/param_norm 186.70124
wandb:     base/pt_loss 7.4386
wandb: sweep/delta_norm 164.16394
wandb: sweep/forgetting 1.17648
wandb:    sweep/ft_loss 5.62399
wandb:   sweep/log10_lr -2.52288
wandb:         sweep/lr 0.003
wandb:      sweep/point 11
wandb:    sweep/pt_loss 8.61508
wandb: 
wandb: 🚀 View run sam_ortho_codeparrot at: https://wandb.ai/dcll-iiitd/Forgetting-Pythia70M/runs/5wa3c4uy
wandb: ⭐️ View project at: https://wandb.ai/dcll-iiitd/Forgetting-Pythia70M
wandb: Synced 4 W&B file(s), 2 media file(s), 4 artifact file(s) and 0 other file(s)
wandb: Find logs at: ./wandb/run-20260930_165326-5wa3c4uy/logs
