  Loading CPT model architecture: EleutherAI/pythia-70m in bfloat16...
[pythia70m|fsam_ortho|musicpile] base: pt_loss=7.4357 ft_loss=8.9559
  lr=1e-05: ft_loss=8.6375 pt_loss=7.4868 dPT=+0.0511 ||dtheta||=1.385 (12s)
  lr=1.68e-05: ft_loss=8.5128 pt_loss=7.4663 dPT=+0.0306 ||dtheta||=2.253 (11s)
  lr=2.82e-05: ft_loss=8.3486 pt_loss=7.4478 dPT=+0.0121 ||dtheta||=3.662 (11s)
  lr=4.74e-05: ft_loss=8.1238 pt_loss=7.4295 dPT=-0.0063 ||dtheta||=6.006 (11s)
  lr=7.96e-05: ft_loss=7.8242 pt_loss=7.3973 dPT=-0.0384 ||dtheta||=9.870 (11s)
  lr=0.000134: ft_loss=7.4524 pt_loss=7.3474 dPT=-0.0883 ||dtheta||=16.084 (10s)
  lr=0.000224: ft_loss=7.0890 pt_loss=7.2783 dPT=-0.1574 ||dtheta||=25.223 (10s)
  lr=0.000377: ft_loss=6.7594 pt_loss=7.1807 dPT=-0.2550 ||dtheta||=37.270 (10s)
  lr=0.000633: ft_loss=6.4970 pt_loss=7.0900 dPT=-0.3457 ||dtheta||=53.697 (10s)
  lr=0.00106: ft_loss=6.3438 pt_loss=7.0445 dPT=-0.3913 ||dtheta||=75.525 (10s)
  lr=0.00179: ft_loss=6.4209 pt_loss=7.1038 dPT=-0.3319 ||dtheta||=102.026 (10s)
  lr=0.003: ft_loss=6.4222 pt_loss=7.1765 dPT=-0.2592 ||dtheta||=148.440 (10s)
wandb: [wandb.login()] Loaded credentials for https://api.wandb.ai from /home/anant/.netrc.
wandb: Currently logged in as: anant-jain (dcll-iiitd) to https://api.wandb.ai. Use `wandb login --relogin` to force relogin
wandb: setting up run uzz1d5c6
wandb: Tracking run with wandb version 0.29.0
wandb: Run data is saved locally in /home/anant/atlas_opt/wandb/run-20260930_165941-uzz1d5c6
wandb: Run `wandb offline` to turn off syncing.
wandb: Syncing run fsam_ortho_musicpile
wandb: ⭐️ View project at https://wandb.ai/dcll-iiitd/Forgetting-Pythia70M
wandb: 🚀 View run at https://wandb.ai/dcll-iiitd/Forgetting-Pythia70M/runs/uzz1d5c6
wandb: updating run metadata; uploading artifact run-uzz1d5c6-sweep_table; uploading artifact run-uzz1d5c6-train_loss_curves_table
wandb: uploading artifact run-uzz1d5c6-sweep_table; uploading artifact run-uzz1d5c6-train_loss_curves_table; uploading media/table/train_loss_curves_table_12_cb0b2a2f2cd18086a425.table.json; uploading wandb-summary.json; uploading wandb-metadata.json (+ 2 more)
wandb: uploading artifact run-uzz1d5c6-sweep_table; uploading artifact run-uzz1d5c6-train_loss_curves_table; uploading wandb-summary.json; uploading wandb-metadata.json; uploading requirements.txt (+ 1 more)
wandb: uploading artifact run-uzz1d5c6-sweep_table; uploading artifact run-uzz1d5c6-train_loss_curves_table
wandb: uploading artifact run-uzz1d5c6-train_loss_curves_table
wandb: uploading history steps 0-12, summary
wandb: 
wandb: Run history:
wandb: sweep/delta_norm ▁▁▁▁▁▂▂▃▃▅▆█
wandb: sweep/forgetting ██▇▇▇▆▅▃▂▁▂▃
wandb:    sweep/ft_loss ██▇▆▆▄▃▂▁▁▁▁
wandb:   sweep/log10_lr ▁▂▂▃▄▄▅▅▆▇▇█
wandb:         sweep/lr ▁▁▁▁▁▁▂▂▂▃▅█
wandb:      sweep/point ▁▂▂▃▄▄▅▅▆▇▇█
wandb:    sweep/pt_loss ██▇▇▇▆▅▃▂▁▂▃
wandb: 
wandb: Run summary:
wandb:     base/ft_loss 8.95586
wandb:  base/param_norm 186.70055
wandb:     base/pt_loss 7.43572
wandb: sweep/delta_norm 148.44021
wandb: sweep/forgetting -0.25924
wandb:    sweep/ft_loss 6.42218
wandb:   sweep/log10_lr -2.52288
wandb:         sweep/lr 0.003
wandb:      sweep/point 11
wandb:    sweep/pt_loss 7.17648
wandb: 
wandb: 🚀 View run fsam_ortho_musicpile at: https://wandb.ai/dcll-iiitd/Forgetting-Pythia70M/runs/uzz1d5c6
wandb: ⭐️ View project at: https://wandb.ai/dcll-iiitd/Forgetting-Pythia70M
wandb: Synced 4 W&B file(s), 2 media file(s), 4 artifact file(s) and 0 other file(s)
wandb: Find logs at: ./wandb/run-20260930_165941-uzz1d5c6/logs
