  Loading CPT model architecture: EleutherAI/pythia-70m in bfloat16...
[pythia70m|fsam_muon|stackmathqa] base: pt_loss=3.8964 ft_loss=5.6938
  lr=1e-05: ft_loss=5.1346 pt_loss=4.0937 dPT=+0.1974 ||dtheta||=1.222 (10s)
  lr=1.68e-05: ft_loss=4.9078 pt_loss=4.1662 dPT=+0.2699 ||dtheta||=1.918 (10s)
  lr=2.82e-05: ft_loss=4.6285 pt_loss=4.2811 dPT=+0.3847 ||dtheta||=2.998 (10s)
  lr=4.74e-05: ft_loss=4.2367 pt_loss=4.4635 dPT=+0.5672 ||dtheta||=4.729 (10s)
  lr=7.96e-05: ft_loss=3.8944 pt_loss=4.5137 dPT=+0.6173 ||dtheta||=7.255 (10s)
  lr=0.000134: ft_loss=3.6167 pt_loss=4.4830 dPT=+0.5866 ||dtheta||=11.212 (10s)
  lr=0.000224: ft_loss=3.4710 pt_loss=4.4745 dPT=+0.5782 ||dtheta||=16.433 (10s)
  lr=0.000377: ft_loss=3.3271 pt_loss=4.5278 dPT=+0.6315 ||dtheta||=23.403 (10s)
  lr=0.000633: ft_loss=3.2888 pt_loss=4.6036 dPT=+0.7073 ||dtheta||=29.981 (11s)
  lr=0.00106: ft_loss=3.2657 pt_loss=4.7336 dPT=+0.8373 ||dtheta||=39.995 (11s)
  lr=0.00179: ft_loss=3.3164 pt_loss=5.0812 dPT=+1.1849 ||dtheta||=57.917 (11s)
  lr=0.003: ft_loss=3.7312 pt_loss=6.4680 dPT=+2.5716 ||dtheta||=89.935 (11s)
wandb: [wandb.login()] Loaded credentials for https://api.wandb.ai from /home/anant/.netrc.
wandb: Currently logged in as: anant-jain (dcll-iiitd) to https://api.wandb.ai. Use `wandb login --relogin` to force relogin
wandb: setting up run vvfyqrv1
wandb: Tracking run with wandb version 0.29.0
wandb: Run data is saved locally in /home/anant/atlas_opt/wandb/run-20260929_164653-vvfyqrv1
wandb: Run `wandb offline` to turn off syncing.
wandb: Syncing run fsam_muon_stackmathqa
wandb: ⭐️ View project at https://wandb.ai/dcll-iiitd/Forgetting-Pythia70M
wandb: 🚀 View run at https://wandb.ai/dcll-iiitd/Forgetting-Pythia70M/runs/vvfyqrv1
wandb: updating run metadata; uploading artifact run-vvfyqrv1-sweep_table; uploading artifact run-vvfyqrv1-train_loss_curves_table
wandb: uploading artifact run-vvfyqrv1-sweep_table; uploading artifact run-vvfyqrv1-train_loss_curves_table
wandb: uploading artifact run-vvfyqrv1-sweep_table; uploading artifact run-vvfyqrv1-train_loss_curves_table; uploading media/table/sweep_table_12_9a4646c74d01305ab6d3.table.json; uploading media/table/train_loss_curves_table_12_5867ee55f28ec6960dfa.table.json; uploading wandb-summary.json (+ 3 more)
wandb: uploading artifact run-vvfyqrv1-sweep_table; uploading artifact run-vvfyqrv1-train_loss_curves_table; uploading media/table/sweep_table_12_9a4646c74d01305ab6d3.table.json; uploading wandb-summary.json; uploading config.yaml (+ 2 more)
wandb: uploading artifact run-vvfyqrv1-sweep_table; uploading artifact run-vvfyqrv1-train_loss_curves_table
wandb: uploading artifact run-vvfyqrv1-train_loss_curves_table
wandb: uploading history steps 0-12, summary
wandb: 
wandb: Run history:
wandb: sweep/delta_norm ▁▁▁▁▁▂▂▃▃▄▅█
wandb: sweep/forgetting ▁▁▂▂▂▂▂▂▃▃▄█
wandb:    sweep/ft_loss █▇▆▅▃▂▂▁▁▁▁▃
wandb:   sweep/log10_lr ▁▂▂▃▄▄▅▅▆▇▇█
wandb:         sweep/lr ▁▁▁▁▁▁▂▂▂▃▅█
wandb:      sweep/point ▁▂▂▃▄▄▅▅▆▇▇█
wandb:    sweep/pt_loss ▁▁▂▂▂▂▂▂▃▃▄█
wandb: 
wandb: Run summary:
wandb:     base/ft_loss 5.69379
wandb:  base/param_norm 1924.22621
wandb:     base/pt_loss 3.89636
wandb: sweep/delta_norm 89.9353
wandb: sweep/forgetting 2.5716
wandb:    sweep/ft_loss 3.73119
wandb:   sweep/log10_lr -2.52288
wandb:         sweep/lr 0.003
wandb:      sweep/point 11
wandb:    sweep/pt_loss 6.46796
wandb: 
wandb: 🚀 View run fsam_muon_stackmathqa at: https://wandb.ai/dcll-iiitd/Forgetting-Pythia70M/runs/vvfyqrv1
wandb: ⭐️ View project at: https://wandb.ai/dcll-iiitd/Forgetting-Pythia70M
wandb: Synced 4 W&B file(s), 2 media file(s), 4 artifact file(s) and 0 other file(s)
wandb: Find logs at: ./wandb/run-20260929_164653-vvfyqrv1/logs
