  Loading CPT model architecture: EleutherAI/pythia-70m in bfloat16...
[pythia70m|fsam_muon|codeparrot] base: pt_loss=3.8964 ft_loss=5.8967
  lr=1e-05: ft_loss=5.2566 pt_loss=4.0807 dPT=+0.1843 ||dtheta||=1.186 (10s)
  lr=1.68e-05: ft_loss=5.0282 pt_loss=4.1486 dPT=+0.2523 ||dtheta||=1.850 (10s)
  lr=2.82e-05: ft_loss=4.7302 pt_loss=4.2632 dPT=+0.3668 ||dtheta||=2.940 (10s)
  lr=4.74e-05: ft_loss=4.4275 pt_loss=4.3284 dPT=+0.4320 ||dtheta||=4.546 (10s)
  lr=7.96e-05: ft_loss=4.1074 pt_loss=4.3267 dPT=+0.4303 ||dtheta||=7.238 (10s)
  lr=0.000134: ft_loss=3.8458 pt_loss=4.3375 dPT=+0.4411 ||dtheta||=11.224 (10s)
  lr=0.000224: ft_loss=3.6347 pt_loss=4.4059 dPT=+0.5095 ||dtheta||=17.182 (10s)
  lr=0.000377: ft_loss=3.4978 pt_loss=4.4961 dPT=+0.5998 ||dtheta||=25.137 (10s)
  lr=0.000633: ft_loss=3.3935 pt_loss=4.5985 dPT=+0.7022 ||dtheta||=34.361 (10s)
  lr=0.00106: ft_loss=3.3456 pt_loss=4.6770 dPT=+0.7806 ||dtheta||=44.812 (10s)
  lr=0.00179: ft_loss=3.3920 pt_loss=4.9836 dPT=+1.0873 ||dtheta||=63.483 (10s)
  lr=0.003: ft_loss=3.9754 pt_loss=6.2705 dPT=+2.3741 ||dtheta||=97.070 (10s)
wandb: [wandb.login()] Loaded credentials for https://api.wandb.ai from /home/anant/.netrc.
wandb: Currently logged in as: anant-jain (dcll-iiitd) to https://api.wandb.ai. Use `wandb login --relogin` to force relogin
wandb: setting up run 5k943hzr
wandb: Tracking run with wandb version 0.29.0
wandb: Run data is saved locally in /home/anant/atlas_opt/wandb/run-20260929_164152-5k943hzr
wandb: Run `wandb offline` to turn off syncing.
wandb: Syncing run fsam_muon_codeparrot
wandb: ⭐️ View project at https://wandb.ai/dcll-iiitd/Forgetting-Pythia70M
wandb: 🚀 View run at https://wandb.ai/dcll-iiitd/Forgetting-Pythia70M/runs/5k943hzr
wandb: updating run metadata; uploading artifact run-5k943hzr-sweep_table; uploading artifact run-5k943hzr-train_loss_curves_table
wandb: uploading artifact run-5k943hzr-sweep_table; uploading artifact run-5k943hzr-train_loss_curves_table
wandb: uploading artifact run-5k943hzr-sweep_table; uploading artifact run-5k943hzr-train_loss_curves_table; uploading media/table/train_loss_curves_table_12_6b44a6f9c2cf0fb25fc4.table.json; uploading wandb-summary.json; uploading config.yaml (+ 3 more)
wandb: uploading artifact run-5k943hzr-sweep_table; uploading artifact run-5k943hzr-train_loss_curves_table; uploading wandb-summary.json; uploading config.yaml; uploading wandb-metadata.json (+ 1 more)
wandb: uploading artifact run-5k943hzr-sweep_table; uploading artifact run-5k943hzr-train_loss_curves_table
wandb: uploading history steps 0-12, summary
wandb: 
wandb: Run history:
wandb: sweep/delta_norm ▁▁▁▁▁▂▂▃▃▄▆█
wandb: sweep/forgetting ▁▁▂▂▂▂▂▂▃▃▄█
wandb:    sweep/ft_loss █▇▆▅▄▃▂▂▁▁▁▃
wandb:   sweep/log10_lr ▁▂▂▃▄▄▅▅▆▇▇█
wandb:         sweep/lr ▁▁▁▁▁▁▂▂▂▃▅█
wandb:      sweep/point ▁▂▂▃▄▄▅▅▆▇▇█
wandb:    sweep/pt_loss ▁▁▂▂▂▂▂▂▃▃▄█
wandb: 
wandb: Run summary:
wandb:     base/ft_loss 5.89671
wandb:  base/param_norm 1924.22621
wandb:     base/pt_loss 3.89636
wandb: sweep/delta_norm 97.06953
wandb: sweep/forgetting 2.37411
wandb:    sweep/ft_loss 3.97536
wandb:   sweep/log10_lr -2.52288
wandb:         sweep/lr 0.003
wandb:      sweep/point 11
wandb:    sweep/pt_loss 6.27047
wandb: 
wandb: 🚀 View run fsam_muon_codeparrot at: https://wandb.ai/dcll-iiitd/Forgetting-Pythia70M/runs/5k943hzr
wandb: ⭐️ View project at: https://wandb.ai/dcll-iiitd/Forgetting-Pythia70M
wandb: Synced 4 W&B file(s), 2 media file(s), 4 artifact file(s) and 0 other file(s)
wandb: Find logs at: ./wandb/run-20260929_164152-5k943hzr/logs
