  Loading CPT model architecture: EleutherAI/pythia-70m in bfloat16...
[pythia70m|muon_sam|codeparrot] base: pt_loss=3.8392 ft_loss=5.8325
  lr=1e-05: ft_loss=5.1712 pt_loss=3.9557 dPT=+0.1165 ||dtheta||=1.144 (10s)
  lr=1.68e-05: ft_loss=4.9567 pt_loss=4.0088 dPT=+0.1697 ||dtheta||=1.788 (10s)
  lr=2.82e-05: ft_loss=4.6829 pt_loss=4.0994 dPT=+0.2602 ||dtheta||=2.786 (10s)
  lr=4.74e-05: ft_loss=4.3690 pt_loss=4.1878 dPT=+0.3486 ||dtheta||=4.360 (10s)
  lr=7.96e-05: ft_loss=4.0842 pt_loss=4.2045 dPT=+0.3653 ||dtheta||=6.902 (10s)
  lr=0.000134: ft_loss=3.8168 pt_loss=4.2628 dPT=+0.4236 ||dtheta||=10.705 (10s)
  lr=0.000224: ft_loss=3.6118 pt_loss=4.3507 dPT=+0.5115 ||dtheta||=16.454 (10s)
  lr=0.000377: ft_loss=3.4368 pt_loss=4.4910 dPT=+0.6518 ||dtheta||=24.502 (10s)
  lr=0.000633: ft_loss=3.3301 pt_loss=4.5855 dPT=+0.7464 ||dtheta||=33.535 (10s)
  lr=0.00106: ft_loss=3.2868 pt_loss=4.7400 dPT=+0.9008 ||dtheta||=45.092 (10s)
  lr=0.00179: ft_loss=3.2885 pt_loss=4.9970 dPT=+1.1578 ||dtheta||=63.778 (10s)
  lr=0.003: ft_loss=3.5539 pt_loss=5.7619 dPT=+1.9227 ||dtheta||=97.707 (10s)
wandb: [wandb.login()] Loaded credentials for https://api.wandb.ai from /home/anant/.netrc.
wandb: Currently logged in as: anant-jain (dcll-iiitd) to https://api.wandb.ai. Use `wandb login --relogin` to force relogin
wandb: setting up run h8te2fb3
wandb: Tracking run with wandb version 0.29.0
wandb: Run data is saved locally in /home/anant/atlas_opt/wandb/run-20260929_164151-h8te2fb3
wandb: Run `wandb offline` to turn off syncing.
wandb: Syncing run muon_sam_codeparrot
wandb: ⭐️ View project at https://wandb.ai/dcll-iiitd/Forgetting-Pythia70M
wandb: 🚀 View run at https://wandb.ai/dcll-iiitd/Forgetting-Pythia70M/runs/h8te2fb3
wandb: updating run metadata; uploading artifact run-h8te2fb3-sweep_table; uploading artifact run-h8te2fb3-train_loss_curves_table
wandb: uploading artifact run-h8te2fb3-sweep_table; uploading artifact run-h8te2fb3-train_loss_curves_table
wandb: uploading artifact run-h8te2fb3-sweep_table; uploading artifact run-h8te2fb3-train_loss_curves_table; uploading config.yaml; uploading wandb-metadata.json; uploading requirements.txt (+ 3 more)
wandb: uploading artifact run-h8te2fb3-sweep_table; uploading artifact run-h8te2fb3-train_loss_curves_table; uploading wandb-metadata.json; uploading requirements.txt; uploading media/table/sweep_table_12_77eae1e64f0802cc1287.table.json (+ 2 more)
wandb: uploading artifact run-h8te2fb3-sweep_table; uploading artifact run-h8te2fb3-train_loss_curves_table
wandb: uploading artifact run-h8te2fb3-train_loss_curves_table
wandb: uploading history steps 0-12, summary
wandb: 
wandb: Run history:
wandb: sweep/delta_norm ▁▁▁▁▁▂▂▃▃▄▆█
wandb: sweep/forgetting ▁▁▂▂▂▂▃▃▃▄▅█
wandb:    sweep/ft_loss █▇▆▅▄▃▂▂▁▁▁▂
wandb:   sweep/log10_lr ▁▂▂▃▄▄▅▅▆▇▇█
wandb:         sweep/lr ▁▁▁▁▁▁▂▂▂▃▅█
wandb:      sweep/point ▁▂▂▃▄▄▅▅▆▇▇█
wandb:    sweep/pt_loss ▁▁▂▂▂▂▃▃▃▄▅█
wandb: 
wandb: Run summary:
wandb:     base/ft_loss 5.8325
wandb:  base/param_norm 1901.0514
wandb:     base/pt_loss 3.83918
wandb: sweep/delta_norm 97.70731
wandb: sweep/forgetting 1.92268
wandb:    sweep/ft_loss 3.55387
wandb:   sweep/log10_lr -2.52288
wandb:         sweep/lr 0.003
wandb:      sweep/point 11
wandb:    sweep/pt_loss 5.76186
wandb: 
wandb: 🚀 View run muon_sam_codeparrot at: https://wandb.ai/dcll-iiitd/Forgetting-Pythia70M/runs/h8te2fb3
wandb: ⭐️ View project at: https://wandb.ai/dcll-iiitd/Forgetting-Pythia70M
wandb: Synced 4 W&B file(s), 2 media file(s), 4 artifact file(s) and 0 other file(s)
wandb: Find logs at: ./wandb/run-20260929_164151-h8te2fb3/logs
