  Loading CPT model architecture: EleutherAI/pythia-70m in bfloat16...
[pythia70m|adam|stackmathqa] base: pt_loss=4.3522 ft_loss=5.6624
  lr=1e-05: ft_loss=5.1242 pt_loss=4.4040 dPT=+0.0518 ||dtheta||=1.226 (10s)
  lr=1.68e-05: ft_loss=4.8995 pt_loss=4.4367 dPT=+0.0845 ||dtheta||=1.984 (10s)
  lr=2.82e-05: ft_loss=4.5957 pt_loss=4.4910 dPT=+0.1389 ||dtheta||=3.167 (10s)
  lr=4.74e-05: ft_loss=4.2388 pt_loss=4.5681 dPT=+0.2159 ||dtheta||=4.996 (10s)
  lr=7.96e-05: ft_loss=3.9344 pt_loss=4.6493 dPT=+0.2971 ||dtheta||=7.802 (10s)
  lr=0.000134: ft_loss=3.7218 pt_loss=4.7502 dPT=+0.3981 ||dtheta||=12.012 (10s)
  lr=0.000224: ft_loss=3.5571 pt_loss=4.8779 dPT=+0.5258 ||dtheta||=18.337 (10s)
  lr=0.000377: ft_loss=3.4291 pt_loss=4.9873 dPT=+0.6352 ||dtheta||=27.000 (10s)
  lr=0.000633: ft_loss=3.3547 pt_loss=5.0965 dPT=+0.7443 ||dtheta||=38.226 (10s)
  lr=0.00106: ft_loss=3.2941 pt_loss=5.2462 dPT=+0.8940 ||dtheta||=54.089 (10s)
  lr=0.00179: ft_loss=3.3317 pt_loss=5.6920 dPT=+1.3398 ||dtheta||=73.437 (10s)
  lr=0.003: ft_loss=3.4142 pt_loss=6.2402 dPT=+1.8880 ||dtheta||=104.265 (10s)
wandb: [wandb.login()] Loaded credentials for https://api.wandb.ai from /home/anant/.netrc.
wandb: Currently logged in as: anant-jain (dcll-iiitd) to https://api.wandb.ai. Use `wandb login --relogin` to force relogin
wandb: setting up run x6bnpre8
wandb: Tracking run with wandb version 0.29.0
wandb: Run data is saved locally in /home/anant/atlas_opt/wandb/run-20260929_153122-x6bnpre8
wandb: Run `wandb offline` to turn off syncing.
wandb: Syncing run adam_stackmathqa
wandb: ⭐️ View project at https://wandb.ai/dcll-iiitd/Forgetting-Pythia70M
wandb: 🚀 View run at https://wandb.ai/dcll-iiitd/Forgetting-Pythia70M/runs/x6bnpre8
wandb: updating run metadata; uploading artifact run-x6bnpre8-sweep_table; uploading artifact run-x6bnpre8-train_loss_curves_table
wandb: uploading artifact run-x6bnpre8-sweep_table; uploading artifact run-x6bnpre8-train_loss_curves_table
wandb: uploading artifact run-x6bnpre8-sweep_table; uploading artifact run-x6bnpre8-train_loss_curves_table; uploading wandb-metadata.json; uploading requirements.txt; uploading media/table/sweep_table_12_e860369ce451e34eb8be.table.json (+ 3 more)
wandb: uploading artifact run-x6bnpre8-sweep_table; uploading artifact run-x6bnpre8-train_loss_curves_table; uploading wandb-metadata.json; uploading requirements.txt; uploading media/table/train_loss_curves_table_12_823d85fbfa0790d32b11.table.json (+ 2 more)
wandb: uploading artifact run-x6bnpre8-sweep_table; uploading artifact run-x6bnpre8-train_loss_curves_table
wandb: uploading history steps 0-12, summary
wandb: 
wandb: Run history:
wandb: sweep/delta_norm ▁▁▁▁▁▂▂▃▄▅▆█
wandb: sweep/forgetting ▁▁▁▂▂▂▃▃▄▄▆█
wandb:    sweep/ft_loss █▇▆▅▃▃▂▂▁▁▁▁
wandb:   sweep/log10_lr ▁▂▂▃▄▄▅▅▆▇▇█
wandb:         sweep/lr ▁▁▁▁▁▁▂▂▂▃▅█
wandb:      sweep/point ▁▂▂▃▄▄▅▅▆▇▇█
wandb:    sweep/pt_loss ▁▁▁▂▂▂▃▃▄▄▆█
wandb: 
wandb: Run summary:
wandb:     base/ft_loss 5.66236
wandb:  base/param_norm 1781.91173
wandb:     base/pt_loss 4.35218
wandb: sweep/delta_norm 104.26509
wandb: sweep/forgetting 1.888
wandb:    sweep/ft_loss 3.4142
wandb:   sweep/log10_lr -2.52288
wandb:         sweep/lr 0.003
wandb:      sweep/point 11
wandb:    sweep/pt_loss 6.24018
wandb: 
wandb: 🚀 View run adam_stackmathqa at: https://wandb.ai/dcll-iiitd/Forgetting-Pythia70M/runs/x6bnpre8
wandb: ⭐️ View project at: https://wandb.ai/dcll-iiitd/Forgetting-Pythia70M
wandb: Synced 4 W&B file(s), 2 media file(s), 4 artifact file(s) and 0 other file(s)
wandb: Find logs at: ./wandb/run-20260929_153122-x6bnpre8/logs
