  Loading CPT model architecture: EleutherAI/pythia-70m in bfloat16...
[pythia70m|muon_sam_gfrob|codeparrot] base: pt_loss=3.7075 ft_loss=5.5363
  lr=1e-05: ft_loss=4.9340 pt_loss=3.7916 dPT=+0.0840 ||dtheta||=1.445 (10s)
  lr=1.68e-05: ft_loss=4.7465 pt_loss=3.8170 dPT=+0.1095 ||dtheta||=2.282 (10s)
  lr=2.82e-05: ft_loss=4.5562 pt_loss=3.8396 dPT=+0.1320 ||dtheta||=3.613 (10s)
  lr=4.74e-05: ft_loss=4.3418 pt_loss=3.8742 dPT=+0.1667 ||dtheta||=5.816 (10s)
  lr=7.96e-05: ft_loss=4.0803 pt_loss=3.9337 dPT=+0.2262 ||dtheta||=9.435 (11s)
  lr=0.000134: ft_loss=3.8167 pt_loss=3.9882 dPT=+0.2807 ||dtheta||=15.181 (10s)
  lr=0.000224: ft_loss=3.5744 pt_loss=4.0562 dPT=+0.3487 ||dtheta||=24.065 (10s)
  lr=0.000377: ft_loss=3.3507 pt_loss=4.1331 dPT=+0.4256 ||dtheta||=37.681 (10s)
  lr=0.000633: ft_loss=3.1971 pt_loss=4.2323 dPT=+0.5247 ||dtheta||=56.719 (11s)
  lr=0.00106: ft_loss=3.0892 pt_loss=4.3698 dPT=+0.6623 ||dtheta||=82.348 (11s)
  lr=0.00179: ft_loss=3.0692 pt_loss=4.6441 dPT=+0.9366 ||dtheta||=115.335 (10s)
  lr=0.003: ft_loss=3.2628 pt_loss=5.4027 dPT=+1.6952 ||dtheta||=143.382 (10s)
wandb: [wandb.login()] Loaded credentials for https://api.wandb.ai from /home/anant/.netrc.
wandb: Currently logged in as: anant-jain (dcll-iiitd) to https://api.wandb.ai. Use `wandb login --relogin` to force relogin
wandb: setting up run xjuag9us
wandb: Tracking run with wandb version 0.29.0
wandb: Run data is saved locally in /home/anant/atlas_opt/wandb/run-20261001_141136-xjuag9us
wandb: Run `wandb offline` to turn off syncing.
wandb: Syncing run muon_sam_gfrob_codeparrot
wandb: ⭐️ View project at https://wandb.ai/dcll-iiitd/Forgetting-Pythia70M
wandb: 🚀 View run at https://wandb.ai/dcll-iiitd/Forgetting-Pythia70M/runs/xjuag9us
wandb: updating run metadata; uploading artifact run-xjuag9us-sweep_table; uploading artifact run-xjuag9us-train_loss_curves_table
wandb: uploading artifact run-xjuag9us-sweep_table; uploading artifact run-xjuag9us-train_loss_curves_table
wandb: uploading artifact run-xjuag9us-sweep_table; uploading artifact run-xjuag9us-train_loss_curves_table; uploading wandb-metadata.json; uploading requirements.txt; uploading media/table/sweep_table_12_a3bdb62069f6ea5d62f2.table.json (+ 3 more)
wandb: uploading artifact run-xjuag9us-train_loss_curves_table; uploading wandb-metadata.json; uploading requirements.txt; uploading media/table/sweep_table_12_a3bdb62069f6ea5d62f2.table.json; uploading media/table/train_loss_curves_table_12_aedbc7dbaa1d598620aa.table.json (+ 2 more)
wandb: uploading artifact run-xjuag9us-train_loss_curves_table; uploading requirements.txt; uploading media/table/sweep_table_12_a3bdb62069f6ea5d62f2.table.json; uploading media/table/train_loss_curves_table_12_aedbc7dbaa1d598620aa.table.json; uploading wandb-summary.json (+ 1 more)
wandb: uploading history steps 0-12, summary
wandb: 
wandb: Run history:
wandb: sweep/delta_norm ▁▁▁▁▁▂▂▃▄▅▇█
wandb: sweep/forgetting ▁▁▁▁▂▂▂▂▃▄▅█
wandb:    sweep/ft_loss █▇▇▆▅▄▃▂▁▁▁▂
wandb:   sweep/log10_lr ▁▂▂▃▄▄▅▅▆▇▇█
wandb:         sweep/lr ▁▁▁▁▁▁▂▂▂▃▅█
wandb:      sweep/point ▁▂▂▃▄▄▅▅▆▇▇█
wandb:    sweep/pt_loss ▁▁▁▁▂▂▂▂▃▄▅█
wandb: 
wandb: Run summary:
wandb:     base/ft_loss 5.5363
wandb:  base/param_norm 790.159
wandb:     base/pt_loss 3.70754
wandb: sweep/delta_norm 143.38228
wandb: sweep/forgetting 1.69519
wandb:    sweep/ft_loss 3.26276
wandb:   sweep/log10_lr -2.52288
wandb:         sweep/lr 0.003
wandb:      sweep/point 11
wandb:    sweep/pt_loss 5.40273
wandb: 
wandb: 🚀 View run muon_sam_gfrob_codeparrot at: https://wandb.ai/dcll-iiitd/Forgetting-Pythia70M/runs/xjuag9us
wandb: ⭐️ View project at: https://wandb.ai/dcll-iiitd/Forgetting-Pythia70M
wandb: Synced 4 W&B file(s), 2 media file(s), 4 artifact file(s) and 0 other file(s)
wandb: Find logs at: ./wandb/run-20261001_141136-xjuag9us/logs
