  Loading CPT model architecture: EleutherAI/pythia-70m in bfloat16...
[pythia70m|muon_sam|tulu3] base: pt_loss=3.8392 ft_loss=4.8123
  lr=1e-05: ft_loss=4.4950 pt_loss=3.9229 dPT=+0.0838 ||dtheta||=1.055 (12s)
  lr=1.68e-05: ft_loss=4.3750 pt_loss=3.9477 dPT=+0.1086 ||dtheta||=1.708 (11s)
  lr=2.82e-05: ft_loss=4.2470 pt_loss=3.9622 dPT=+0.1230 ||dtheta||=2.715 (11s)
  lr=4.74e-05: ft_loss=4.0966 pt_loss=3.9659 dPT=+0.1267 ||dtheta||=4.319 (11s)
  lr=7.96e-05: ft_loss=3.9076 pt_loss=3.9813 dPT=+0.1421 ||dtheta||=6.897 (10s)
  lr=0.000134: ft_loss=3.7178 pt_loss=4.0007 dPT=+0.1615 ||dtheta||=10.869 (10s)
  lr=0.000224: ft_loss=3.5689 pt_loss=4.0344 dPT=+0.1952 ||dtheta||=16.660 (10s)
  lr=0.000377: ft_loss=3.4511 pt_loss=4.0879 dPT=+0.2488 ||dtheta||=25.201 (10s)
  lr=0.000633: ft_loss=3.3905 pt_loss=4.1347 dPT=+0.2955 ||dtheta||=35.427 (10s)
  lr=0.00106: ft_loss=3.3542 pt_loss=4.2113 dPT=+0.3721 ||dtheta||=50.220 (10s)
  lr=0.00179: ft_loss=3.3762 pt_loss=4.3783 dPT=+0.5391 ||dtheta||=71.883 (10s)
  lr=0.003: ft_loss=3.5196 pt_loss=4.6676 dPT=+0.8284 ||dtheta||=108.928 (10s)
wandb: [wandb.login()] Loaded credentials for https://api.wandb.ai from /home/anant/.netrc.
wandb: Currently logged in as: anant-jain (dcll-iiitd) to https://api.wandb.ai. Use `wandb login --relogin` to force relogin
wandb: setting up run uetuqoru
wandb: Tracking run with wandb version 0.29.0
wandb: Run data is saved locally in /home/anant/atlas_opt/wandb/run-20260929_164813-uetuqoru
wandb: Run `wandb offline` to turn off syncing.
wandb: Syncing run muon_sam_tulu3
wandb: ⭐️ View project at https://wandb.ai/dcll-iiitd/Forgetting-Pythia70M
wandb: 🚀 View run at https://wandb.ai/dcll-iiitd/Forgetting-Pythia70M/runs/uetuqoru
wandb: updating run metadata; uploading artifact run-uetuqoru-sweep_table; uploading artifact run-uetuqoru-train_loss_curves_table
wandb: uploading artifact run-uetuqoru-sweep_table; uploading artifact run-uetuqoru-train_loss_curves_table; uploading config.yaml; uploading wandb-metadata.json; uploading requirements.txt (+ 3 more)
wandb: uploading artifact run-uetuqoru-sweep_table; uploading artifact run-uetuqoru-train_loss_curves_table; uploading wandb-metadata.json; uploading requirements.txt; uploading media/table/sweep_table_12_98ab0a21e82a6a9f6af8.table.json (+ 2 more)
wandb: uploading artifact run-uetuqoru-sweep_table; uploading artifact run-uetuqoru-train_loss_curves_table; uploading media/table/train_loss_curves_table_12_0c8ae67e4351916a31a8.table.json
wandb: uploading artifact run-uetuqoru-sweep_table; uploading artifact run-uetuqoru-train_loss_curves_table
wandb: uploading artifact run-uetuqoru-train_loss_curves_table
wandb: uploading history steps 0-12, summary
wandb: 
wandb: Run history:
wandb: sweep/delta_norm ▁▁▁▁▁▂▂▃▃▄▆█
wandb: sweep/forgetting ▁▁▁▁▂▂▂▃▃▄▅█
wandb:    sweep/ft_loss █▇▆▆▄▃▂▂▁▁▁▂
wandb:   sweep/log10_lr ▁▂▂▃▄▄▅▅▆▇▇█
wandb:         sweep/lr ▁▁▁▁▁▁▂▂▂▃▅█
wandb:      sweep/point ▁▂▂▃▄▄▅▅▆▇▇█
wandb:    sweep/pt_loss ▁▁▁▁▂▂▂▃▃▄▅█
wandb: 
wandb: Run summary:
wandb:     base/ft_loss 4.81225
wandb:  base/param_norm 1901.0514
wandb:     base/pt_loss 3.83918
wandb: sweep/delta_norm 108.92836
wandb: sweep/forgetting 0.82837
wandb:    sweep/ft_loss 3.51964
wandb:   sweep/log10_lr -2.52288
wandb:         sweep/lr 0.003
wandb:      sweep/point 11
wandb:    sweep/pt_loss 4.66755
wandb: 
wandb: 🚀 View run muon_sam_tulu3 at: https://wandb.ai/dcll-iiitd/Forgetting-Pythia70M/runs/uetuqoru
wandb: ⭐️ View project at: https://wandb.ai/dcll-iiitd/Forgetting-Pythia70M
wandb: Synced 4 W&B file(s), 2 media file(s), 4 artifact file(s) and 0 other file(s)
wandb: Find logs at: ./wandb/run-20260929_164813-uetuqoru/logs
