  Loading CPT model architecture: EleutherAI/pythia-70m in bfloat16...
[pythia70m|fsam_ortho_muon|tulu3] base: pt_loss=3.7395 ft_loss=4.7025
  lr=1e-05: ft_loss=4.4081 pt_loss=3.7900 dPT=+0.0505 ||dtheta||=1.292 (11s)
  lr=1.68e-05: ft_loss=4.3089 pt_loss=3.8031 dPT=+0.0636 ||dtheta||=2.033 (11s)
  lr=2.82e-05: ft_loss=4.1892 pt_loss=3.8013 dPT=+0.0618 ||dtheta||=3.193 (11s)
  lr=4.74e-05: ft_loss=4.0586 pt_loss=3.8074 dPT=+0.0679 ||dtheta||=5.075 (10s)
  lr=7.96e-05: ft_loss=3.9092 pt_loss=3.8219 dPT=+0.0824 ||dtheta||=8.102 (10s)
  lr=0.000134: ft_loss=3.7490 pt_loss=3.8418 dPT=+0.1023 ||dtheta||=12.899 (10s)
  lr=0.000224: ft_loss=3.5764 pt_loss=3.8705 dPT=+0.1310 ||dtheta||=20.380 (10s)
  lr=0.000377: ft_loss=3.4172 pt_loss=3.9037 dPT=+0.1642 ||dtheta||=31.963 (10s)
  lr=0.000633: ft_loss=3.2994 pt_loss=3.9403 dPT=+0.2008 ||dtheta||=48.774 (10s)
  lr=0.00106: ft_loss=3.2194 pt_loss=3.9906 dPT=+0.2511 ||dtheta||=71.475 (10s)
  lr=0.00179: ft_loss=3.1712 pt_loss=4.0771 dPT=+0.3376 ||dtheta||=105.867 (10s)
  lr=0.003: ft_loss=3.2067 pt_loss=4.2676 dPT=+0.5281 ||dtheta||=153.040 (10s)
wandb: [wandb.login()] Loaded credentials for https://api.wandb.ai from /home/anant/.netrc.
wandb: Currently logged in as: anant-jain (dcll-iiitd) to https://api.wandb.ai. Use `wandb login --relogin` to force relogin
wandb: setting up run as3uedz6
wandb: Tracking run with wandb version 0.29.0
wandb: Run data is saved locally in /home/anant/atlas_opt/wandb/run-20260930_170215-as3uedz6
wandb: Run `wandb offline` to turn off syncing.
wandb: Syncing run fsam_ortho_muon_tulu3
wandb: ⭐️ View project at https://wandb.ai/dcll-iiitd/Forgetting-Pythia70M
wandb: 🚀 View run at https://wandb.ai/dcll-iiitd/Forgetting-Pythia70M/runs/as3uedz6
wandb: updating run metadata; uploading artifact run-as3uedz6-sweep_table; uploading artifact run-as3uedz6-train_loss_curves_table
wandb: uploading artifact run-as3uedz6-sweep_table; uploading artifact run-as3uedz6-train_loss_curves_table; uploading wandb-metadata.json; uploading requirements.txt; uploading media/table/sweep_table_12_1756f46c0168781362c8.table.json (+ 2 more)
wandb: uploading artifact run-as3uedz6-sweep_table; uploading artifact run-as3uedz6-train_loss_curves_table
wandb: uploading artifact run-as3uedz6-train_loss_curves_table
wandb: uploading config.yaml
wandb: 
wandb: Run history:
wandb: sweep/delta_norm ▁▁▁▁▁▂▂▂▃▄▆█
wandb: sweep/forgetting ▁▁▁▁▁▂▂▃▃▄▅█
wandb:    sweep/ft_loss █▇▇▆▅▄▃▂▂▁▁▁
wandb:   sweep/log10_lr ▁▂▂▃▄▄▅▅▆▇▇█
wandb:         sweep/lr ▁▁▁▁▁▁▂▂▂▃▅█
wandb:      sweep/point ▁▂▂▃▄▄▅▅▆▇▇█
wandb:    sweep/pt_loss ▁▁▁▁▁▂▂▃▃▄▅█
wandb: 
wandb: Run summary:
wandb:     base/ft_loss 4.70245
wandb:  base/param_norm 848.39765
wandb:     base/pt_loss 3.73951
wandb: sweep/delta_norm 153.0402
wandb: sweep/forgetting 0.5281
wandb:    sweep/ft_loss 3.20669
wandb:   sweep/log10_lr -2.52288
wandb:         sweep/lr 0.003
wandb:      sweep/point 11
wandb:    sweep/pt_loss 4.26761
wandb: 
wandb: 🚀 View run fsam_ortho_muon_tulu3 at: https://wandb.ai/dcll-iiitd/Forgetting-Pythia70M/runs/as3uedz6
wandb: ⭐️ View project at: https://wandb.ai/dcll-iiitd/Forgetting-Pythia70M
wandb: Synced 4 W&B file(s), 2 media file(s), 4 artifact file(s) and 0 other file(s)
wandb: Find logs at: ./wandb/run-20260930_170215-as3uedz6/logs
