  Loading CPT model architecture: EleutherAI/pythia-70m in bfloat16...
[pythia70m|sgd|tulu3] base: pt_loss=6.9703 ft_loss=8.3242
  lr=1e-05: ft_loss=8.2448 pt_loss=6.9728 dPT=+0.0025 ||dtheta||=0.672 (10s)
  lr=1.68e-05: ft_loss=8.2061 pt_loss=6.9769 dPT=+0.0065 ||dtheta||=1.014 (9s)
  lr=2.82e-05: ft_loss=8.1559 pt_loss=6.9825 dPT=+0.0122 ||dtheta||=1.576 (10s)
  lr=4.74e-05: ft_loss=8.0910 pt_loss=6.9912 dPT=+0.0209 ||dtheta||=2.545 (10s)
  lr=7.96e-05: ft_loss=8.0066 pt_loss=7.0003 dPT=+0.0300 ||dtheta||=3.921 (10s)
  lr=0.000134: ft_loss=7.8934 pt_loss=7.0141 dPT=+0.0437 ||dtheta||=6.808 (10s)
  lr=0.000224: ft_loss=7.7357 pt_loss=7.0421 dPT=+0.0718 ||dtheta||=13.214 (10s)
  lr=0.000377: ft_loss=7.5062 pt_loss=7.0932 dPT=+0.1229 ||dtheta||=25.376 (10s)
  lr=0.000633: ft_loss=7.1953 pt_loss=7.1767 dPT=+0.2063 ||dtheta||=47.028 (10s)
  lr=0.00106: ft_loss=6.8363 pt_loss=7.3069 dPT=+0.3366 ||dtheta||=81.471 (10s)
  lr=0.00179: ft_loss=6.4929 pt_loss=7.3548 dPT=+0.3845 ||dtheta||=136.310 (10s)
  lr=0.003: ft_loss=6.2750 pt_loss=7.3731 dPT=+0.4028 ||dtheta||=219.405 (10s)
wandb: [wandb.login()] Loaded credentials for https://api.wandb.ai from /home/anant/.netrc.
wandb: Currently logged in as: anant-jain (dcll-iiitd) to https://api.wandb.ai. Use `wandb login --relogin` to force relogin
wandb: setting up run 7c8wpkcd
wandb: Tracking run with wandb version 0.29.0
wandb: Run data is saved locally in /home/anant/atlas_opt/wandb/run-20260929_153831-7c8wpkcd
wandb: Run `wandb offline` to turn off syncing.
wandb: Syncing run sgd_tulu3
wandb: ⭐️ View project at https://wandb.ai/dcll-iiitd/Forgetting-Pythia70M
wandb: 🚀 View run at https://wandb.ai/dcll-iiitd/Forgetting-Pythia70M/runs/7c8wpkcd
wandb: updating run metadata; uploading artifact run-7c8wpkcd-sweep_table; uploading wandb-metadata.json; uploading requirements.txt; uploading media/table/sweep_table_12_1ab17e98202757b5c6ae.table.json (+ 1 more)
wandb: uploading artifact run-7c8wpkcd-sweep_table; uploading wandb-metadata.json; uploading media/table/sweep_table_12_1ab17e98202757b5c6ae.table.json; uploading artifact run-7c8wpkcd-train_loss_curves_table; updating run metadata
wandb: uploading artifact run-7c8wpkcd-sweep_table; uploading wandb-metadata.json; uploading media/table/sweep_table_12_1ab17e98202757b5c6ae.table.json; uploading artifact run-7c8wpkcd-train_loss_curves_table
wandb: uploading artifact run-7c8wpkcd-sweep_table; uploading artifact run-7c8wpkcd-train_loss_curves_table
wandb: uploading artifact run-7c8wpkcd-train_loss_curves_table
wandb: uploading media/table/train_loss_curves_table_12_1f3ea300fbc41400f8db.table.json; uploading wandb-summary.json; uploading config.yaml
wandb: uploading media/table/train_loss_curves_table_12_1f3ea300fbc41400f8db.table.json; uploading config.yaml
wandb: uploading history steps 0-12, summary
wandb: 
wandb: Run history:
wandb: sweep/delta_norm ▁▁▁▁▁▁▁▂▂▄▅█
wandb: sweep/forgetting ▁▁▁▁▁▂▂▃▅▇██
wandb:    sweep/ft_loss ███▇▇▇▆▅▄▃▂▁
wandb:   sweep/log10_lr ▁▂▂▃▄▄▅▅▆▇▇█
wandb:         sweep/lr ▁▁▁▁▁▁▂▂▂▃▅█
wandb:      sweep/point ▁▂▂▃▄▄▅▅▆▇▇█
wandb:    sweep/pt_loss ▁▁▁▁▁▂▂▃▅▇██
wandb: 
wandb: Run summary:
wandb:     base/ft_loss 8.32416
wandb:  base/param_norm 6.36103
wandb:     base/pt_loss 6.97034
wandb: sweep/delta_norm 219.40465
wandb: sweep/forgetting 0.40279
wandb:    sweep/ft_loss 6.27503
wandb:   sweep/log10_lr -2.52288
wandb:         sweep/lr 0.003
wandb:      sweep/point 11
wandb:    sweep/pt_loss 7.37313
wandb: 
wandb: 🚀 View run sgd_tulu3 at: https://wandb.ai/dcll-iiitd/Forgetting-Pythia70M/runs/7c8wpkcd
wandb: ⭐️ View project at: https://wandb.ai/dcll-iiitd/Forgetting-Pythia70M
wandb: Synced 4 W&B file(s), 2 media file(s), 4 artifact file(s) and 0 other file(s)
wandb: Find logs at: ./wandb/run-20260929_153831-7c8wpkcd/logs
