  Loading CPT model architecture: EleutherAI/pythia-70m in bfloat16...
[pythia70m|fsam_muon|tulu3] base: pt_loss=3.8964 ft_loss=4.8807
  lr=1e-05: ft_loss=4.5649 pt_loss=4.0051 dPT=+0.1087 ||dtheta||=1.078 (12s)
  lr=1.68e-05: ft_loss=4.4529 pt_loss=4.0153 dPT=+0.1189 ||dtheta||=1.716 (11s)
  lr=2.82e-05: ft_loss=4.3219 pt_loss=4.0258 dPT=+0.1294 ||dtheta||=2.733 (11s)
  lr=4.74e-05: ft_loss=4.1648 pt_loss=4.0267 dPT=+0.1303 ||dtheta||=4.380 (11s)
  lr=7.96e-05: ft_loss=3.9668 pt_loss=4.0467 dPT=+0.1503 ||dtheta||=7.013 (10s)
  lr=0.000134: ft_loss=3.7805 pt_loss=4.0802 dPT=+0.1838 ||dtheta||=10.853 (10s)
  lr=0.000224: ft_loss=3.6153 pt_loss=4.1004 dPT=+0.2041 ||dtheta||=16.552 (10s)
  lr=0.000377: ft_loss=3.4987 pt_loss=4.1349 dPT=+0.2386 ||dtheta||=24.649 (10s)
  lr=0.000633: ft_loss=3.4345 pt_loss=4.1773 dPT=+0.2809 ||dtheta||=34.545 (10s)
  lr=0.00106: ft_loss=3.4629 pt_loss=4.2889 dPT=+0.3925 ||dtheta||=47.351 (10s)
  lr=0.00179: ft_loss=3.4322 pt_loss=4.3652 dPT=+0.4688 ||dtheta||=68.892 (10s)
  lr=0.003: ft_loss=3.6045 pt_loss=4.7116 dPT=+0.8152 ||dtheta||=106.557 (10s)
wandb: [wandb.login()] Loaded credentials for https://api.wandb.ai from /home/anant/.netrc.
wandb: Currently logged in as: anant-jain (dcll-iiitd) to https://api.wandb.ai. Use `wandb login --relogin` to force relogin
wandb: setting up run 0gtwcec9
wandb: Tracking run with wandb version 0.29.0
wandb: Run data is saved locally in /home/anant/atlas_opt/wandb/run-20260929_164814-0gtwcec9
wandb: Run `wandb offline` to turn off syncing.
wandb: Syncing run fsam_muon_tulu3
wandb: ⭐️ View project at https://wandb.ai/dcll-iiitd/Forgetting-Pythia70M
wandb: 🚀 View run at https://wandb.ai/dcll-iiitd/Forgetting-Pythia70M/runs/0gtwcec9
wandb: updating run metadata; uploading artifact run-0gtwcec9-sweep_table; uploading artifact run-0gtwcec9-train_loss_curves_table
wandb: uploading artifact run-0gtwcec9-sweep_table; uploading artifact run-0gtwcec9-train_loss_curves_table
wandb: uploading artifact run-0gtwcec9-sweep_table; uploading artifact run-0gtwcec9-train_loss_curves_table; uploading requirements.txt; uploading media/table/sweep_table_12_00663681da3d2c4aa337.table.json; uploading media/table/train_loss_curves_table_12_e19de6e939f14ce086bc.table.json (+ 3 more)
wandb: uploading artifact run-0gtwcec9-train_loss_curves_table; uploading media/table/sweep_table_12_00663681da3d2c4aa337.table.json; uploading media/table/train_loss_curves_table_12_e19de6e939f14ce086bc.table.json; uploading wandb-summary.json; uploading config.yaml (+ 1 more)
wandb: uploading artifact run-0gtwcec9-train_loss_curves_table
wandb: 
wandb: Run history:
wandb: sweep/delta_norm ▁▁▁▁▁▂▂▃▃▄▆█
wandb: sweep/forgetting ▁▁▁▁▁▂▂▂▃▄▅█
wandb:    sweep/ft_loss █▇▆▆▄▃▂▁▁▁▁▂
wandb:   sweep/log10_lr ▁▂▂▃▄▄▅▅▆▇▇█
wandb:         sweep/lr ▁▁▁▁▁▁▂▂▂▃▅█
wandb:      sweep/point ▁▂▂▃▄▄▅▅▆▇▇█
wandb:    sweep/pt_loss ▁▁▁▁▁▂▂▂▃▄▅█
wandb: 
wandb: Run summary:
wandb:     base/ft_loss 4.88069
wandb:  base/param_norm 1924.22621
wandb:     base/pt_loss 3.89636
wandb: sweep/delta_norm 106.55738
wandb: sweep/forgetting 0.8152
wandb:    sweep/ft_loss 3.60451
wandb:   sweep/log10_lr -2.52288
wandb:         sweep/lr 0.003
wandb:      sweep/point 11
wandb:    sweep/pt_loss 4.71156
wandb: 
wandb: 🚀 View run fsam_muon_tulu3 at: https://wandb.ai/dcll-iiitd/Forgetting-Pythia70M/runs/0gtwcec9
wandb: ⭐️ View project at: https://wandb.ai/dcll-iiitd/Forgetting-Pythia70M
wandb: Synced 4 W&B file(s), 2 media file(s), 4 artifact file(s) and 0 other file(s)
wandb: Find logs at: ./wandb/run-20260929_164814-0gtwcec9/logs
