  Loading CPT model architecture: EleutherAI/pythia-70m in bfloat16...
[pythia70m|fsam_gfrob_muon_stale|tulu3] base: pt_loss=3.7188 ft_loss=4.7174
  lr=1e-05: ft_loss=4.3929 pt_loss=3.8035 dPT=+0.0847 ||dtheta||=1.284 (10s)
  lr=1.68e-05: ft_loss=4.2719 pt_loss=3.7979 dPT=+0.0791 ||dtheta||=2.012 (10s)
  lr=2.82e-05: ft_loss=4.1456 pt_loss=3.7966 dPT=+0.0778 ||dtheta||=3.165 (10s)
  lr=4.74e-05: ft_loss=4.0120 pt_loss=3.8049 dPT=+0.0861 ||dtheta||=5.018 (10s)
  lr=7.96e-05: ft_loss=3.8657 pt_loss=3.8205 dPT=+0.1017 ||dtheta||=8.006 (10s)
  lr=0.000134: ft_loss=3.7111 pt_loss=3.8416 dPT=+0.1228 ||dtheta||=12.699 (10s)
  lr=0.000224: ft_loss=3.5548 pt_loss=3.8655 dPT=+0.1467 ||dtheta||=19.943 (10s)
  lr=0.000377: ft_loss=3.4062 pt_loss=3.8974 dPT=+0.1787 ||dtheta||=31.406 (10s)
  lr=0.000633: ft_loss=3.3006 pt_loss=3.9318 dPT=+0.2130 ||dtheta||=47.969 (10s)
  lr=0.00106: ft_loss=3.2248 pt_loss=3.9879 dPT=+0.2692 ||dtheta||=70.614 (10s)
  lr=0.00179: ft_loss=3.2096 pt_loss=4.0945 dPT=+0.3757 ||dtheta||=102.073 (10s)
  lr=0.003: ft_loss=3.3400 pt_loss=4.4299 dPT=+0.7111 ||dtheta||=148.700 (10s)
wandb: [wandb.login()] Loaded credentials for https://api.wandb.ai from /home/anant/.netrc.
wandb: Currently logged in as: anant-jain (dcll-iiitd) to https://api.wandb.ai. Use `wandb login --relogin` to force relogin
wandb: setting up run gu035tq9
wandb: Tracking run with wandb version 0.29.0
wandb: Run data is saved locally in /home/anant/atlas_opt/wandb/run-20261001_141631-gu035tq9
wandb: Run `wandb offline` to turn off syncing.
wandb: Syncing run fsam_gfrob_muon_stale_tulu3
wandb: ⭐️ View project at https://wandb.ai/dcll-iiitd/Forgetting-Pythia70M
wandb: 🚀 View run at https://wandb.ai/dcll-iiitd/Forgetting-Pythia70M/runs/gu035tq9
wandb: updating run metadata; uploading artifact run-gu035tq9-sweep_table; uploading artifact run-gu035tq9-train_loss_curves_table
wandb: uploading artifact run-gu035tq9-train_loss_curves_table; uploading wandb-metadata.json; uploading requirements.txt; uploading media/table/sweep_table_12_c6e468b9fbdef966a4b7.table.json; uploading media/table/train_loss_curves_table_12_81be0f31bd0c11bbe589.table.json (+ 1 more)
wandb: uploading artifact run-gu035tq9-train_loss_curves_table; uploading requirements.txt; uploading media/table/sweep_table_12_c6e468b9fbdef966a4b7.table.json; uploading media/table/train_loss_curves_table_12_81be0f31bd0c11bbe589.table.json; uploading wandb-summary.json
wandb: uploading artifact run-gu035tq9-train_loss_curves_table; uploading media/table/train_loss_curves_table_12_81be0f31bd0c11bbe589.table.json
wandb: uploading artifact run-gu035tq9-train_loss_curves_table
wandb: uploading config.yaml
wandb: 
wandb: Run history:
wandb: sweep/delta_norm ▁▁▁▁▁▂▂▂▃▄▆█
wandb: sweep/forgetting ▁▁▁▁▁▁▂▂▂▃▄█
wandb:    sweep/ft_loss █▇▇▆▅▄▃▂▂▁▁▂
wandb:   sweep/log10_lr ▁▂▂▃▄▄▅▅▆▇▇█
wandb:         sweep/lr ▁▁▁▁▁▁▂▂▂▃▅█
wandb:      sweep/point ▁▂▂▃▄▄▅▅▆▇▇█
wandb:    sweep/pt_loss ▁▁▁▁▁▁▂▂▂▃▄█
wandb: 
wandb: Run summary:
wandb:     base/ft_loss 4.71742
wandb:  base/param_norm 839.84835
wandb:     base/pt_loss 3.71877
wandb: sweep/delta_norm 148.70022
wandb: sweep/forgetting 0.71113
wandb:    sweep/ft_loss 3.33998
wandb:   sweep/log10_lr -2.52288
wandb:         sweep/lr 0.003
wandb:      sweep/point 11
wandb:    sweep/pt_loss 4.42991
wandb: 
wandb: 🚀 View run fsam_gfrob_muon_stale_tulu3 at: https://wandb.ai/dcll-iiitd/Forgetting-Pythia70M/runs/gu035tq9
wandb: ⭐️ View project at: https://wandb.ai/dcll-iiitd/Forgetting-Pythia70M
wandb: Synced 4 W&B file(s), 2 media file(s), 4 artifact file(s) and 0 other file(s)
wandb: Find logs at: ./wandb/run-20261001_141631-gu035tq9/logs
