  Loading CPT model architecture: EleutherAI/pythia-70m in bfloat16...
[pythia70m|fsam|codeparrot] base: pt_loss=4.0510 ft_loss=2.9316
  lr=1e-05: ft_loss=2.9497 pt_loss=4.5885 dPT=+0.5375 ||dtheta||=0.903 (10s)
  lr=1.68e-05: ft_loss=3.0154 pt_loss=4.8296 dPT=+0.7786 ||dtheta||=1.335 (10s)
  lr=2.82e-05: ft_loss=3.0450 pt_loss=5.1307 dPT=+1.0796 ||dtheta||=1.951 (10s)
  lr=4.74e-05: ft_loss=3.0491 pt_loss=5.2547 dPT=+1.2036 ||dtheta||=2.656 (10s)
  lr=7.96e-05: ft_loss=3.0232 pt_loss=5.5228 dPT=+1.4718 ||dtheta||=3.884 (10s)
  lr=0.000134: ft_loss=3.2595 pt_loss=6.1405 dPT=+2.0895 ||dtheta||=5.508 (10s)
  lr=0.000224: ft_loss=3.3248 pt_loss=6.9604 dPT=+2.9094 ||dtheta||=8.026 (10s)
  lr=0.000377: ft_loss=3.4472 pt_loss=8.4785 dPT=+4.4274 ||dtheta||=12.145 (10s)
  lr=0.000633: ft_loss=4.1510 pt_loss=7.3317 dPT=+3.2807 ||dtheta||=20.345 (10s)
  lr=0.00106: ft_loss=5.6697 pt_loss=9.2793 dPT=+5.2283 ||dtheta||=35.314 (10s)
  lr=0.00179: ft_loss=5.9484 pt_loss=9.5513 dPT=+5.5003 ||dtheta||=56.843 (10s)
  lr=0.003: ft_loss=7.1284 pt_loss=11.6088 dPT=+7.5578 ||dtheta||=96.801 (10s)
wandb: [wandb.login()] Loaded credentials for https://api.wandb.ai from /home/anant/.netrc.
wandb: Currently logged in as: anant-jain (dcll-iiitd) to https://api.wandb.ai. Use `wandb login --relogin` to force relogin
wandb: setting up run 5dwa8w18
wandb: Tracking run with wandb version 0.29.0
wandb: Run data is saved locally in /home/anant/atlas_opt/wandb/run-20260929_164417-5dwa8w18
wandb: Run `wandb offline` to turn off syncing.
wandb: Syncing run fsam_codeparrot
wandb: ⭐️ View project at https://wandb.ai/dcll-iiitd/Forgetting-Pythia70M
wandb: 🚀 View run at https://wandb.ai/dcll-iiitd/Forgetting-Pythia70M/runs/5dwa8w18
wandb: updating run metadata; uploading artifact run-5dwa8w18-sweep_table; uploading artifact run-5dwa8w18-train_loss_curves_table
wandb: uploading artifact run-5dwa8w18-sweep_table; uploading artifact run-5dwa8w18-train_loss_curves_table; uploading wandb-metadata.json; uploading requirements.txt; uploading media/table/sweep_table_12_503bbed8942700010acc.table.json (+ 1 more)
wandb: uploading artifact run-5dwa8w18-sweep_table; uploading artifact run-5dwa8w18-train_loss_curves_table
wandb: uploading artifact run-5dwa8w18-train_loss_curves_table
wandb: uploading config.yaml; uploading media/table/train_loss_curves_table_12_acfda8cced8f7e505f9f.table.json; uploading wandb-summary.json
wandb: uploading history steps 0-12, summary
wandb: 
wandb: Run history:
wandb: sweep/delta_norm ▁▁▁▁▁▁▂▂▂▄▅█
wandb: sweep/forgetting ▁▁▂▂▂▃▃▅▄▆▆█
wandb:    sweep/ft_loss ▁▁▁▁▁▂▂▂▃▆▆█
wandb:   sweep/log10_lr ▁▂▂▃▄▄▅▅▆▇▇█
wandb:         sweep/lr ▁▁▁▁▁▁▂▂▂▃▅█
wandb:      sweep/point ▁▂▂▃▄▄▅▅▆▇▇█
wandb:    sweep/pt_loss ▁▁▂▂▂▃▃▅▄▆▆█
wandb: 
wandb: Run summary:
wandb:     base/ft_loss 2.93159
wandb:  base/param_norm 1745.35806
wandb:     base/pt_loss 4.05104
wandb: sweep/delta_norm 96.8011
wandb: sweep/forgetting 7.55779
wandb:    sweep/ft_loss 7.12839
wandb:   sweep/log10_lr -2.52288
wandb:         sweep/lr 0.003
wandb:      sweep/point 11
wandb:    sweep/pt_loss 11.60882
wandb: 
wandb: 🚀 View run fsam_codeparrot at: https://wandb.ai/dcll-iiitd/Forgetting-Pythia70M/runs/5dwa8w18
wandb: ⭐️ View project at: https://wandb.ai/dcll-iiitd/Forgetting-Pythia70M
wandb: Synced 4 W&B file(s), 2 media file(s), 4 artifact file(s) and 0 other file(s)
wandb: Find logs at: ./wandb/run-20260929_164417-5dwa8w18/logs
