  Loading CPT model architecture: EleutherAI/pythia-70m in bfloat16...
[pythia70m|fsam_gfrob_muon_stale_momentum|codeparrot] base: pt_loss=3.7186 ft_loss=5.5750
  lr=1e-05: ft_loss=5.0288 pt_loss=3.8258 dPT=+0.1072 ||dtheta||=1.472 (11s)
  lr=1.68e-05: ft_loss=4.8255 pt_loss=3.8536 dPT=+0.1350 ||dtheta||=2.330 (10s)
  lr=2.82e-05: ft_loss=4.6239 pt_loss=3.8708 dPT=+0.1522 ||dtheta||=3.670 (11s)
  lr=4.74e-05: ft_loss=4.4103 pt_loss=3.9077 dPT=+0.1892 ||dtheta||=5.867 (10s)
  lr=7.96e-05: ft_loss=4.1552 pt_loss=3.9562 dPT=+0.2376 ||dtheta||=9.456 (10s)
  lr=0.000134: ft_loss=3.8837 pt_loss=4.0137 dPT=+0.2951 ||dtheta||=15.195 (10s)
  lr=0.000224: ft_loss=3.6289 pt_loss=4.0869 dPT=+0.3683 ||dtheta||=24.105 (11s)
  lr=0.000377: ft_loss=3.4056 pt_loss=4.1706 dPT=+0.4520 ||dtheta||=37.584 (11s)
  lr=0.000633: ft_loss=3.2496 pt_loss=4.2458 dPT=+0.5272 ||dtheta||=56.275 (10s)
  lr=0.00106: ft_loss=3.1234 pt_loss=4.3635 dPT=+0.6449 ||dtheta||=82.701 (10s)
  lr=0.00179: ft_loss=3.0789 pt_loss=4.5998 dPT=+0.8812 ||dtheta||=117.516 (10s)
  lr=0.003: ft_loss=3.2593 pt_loss=5.3489 dPT=+1.6303 ||dtheta||=153.851 (10s)
wandb: [wandb.login()] Loaded credentials for https://api.wandb.ai from /home/anant/.netrc.
wandb: Currently logged in as: anant-jain (dcll-iiitd) to https://api.wandb.ai. Use `wandb login --relogin` to force relogin
wandb: setting up run klgjaoq2
wandb: Tracking run with wandb version 0.29.0
wandb: Run data is saved locally in /home/anant/atlas_opt/wandb/run-20261001_141156-klgjaoq2
wandb: Run `wandb offline` to turn off syncing.
wandb: Syncing run fsam_gfrob_muon_stale_momentum_codeparrot
wandb: ⭐️ View project at https://wandb.ai/dcll-iiitd/Forgetting-Pythia70M
wandb: 🚀 View run at https://wandb.ai/dcll-iiitd/Forgetting-Pythia70M/runs/klgjaoq2
wandb: updating run metadata; uploading artifact run-klgjaoq2-sweep_table; uploading artifact run-klgjaoq2-train_loss_curves_table
wandb: uploading artifact run-klgjaoq2-sweep_table; uploading artifact run-klgjaoq2-train_loss_curves_table
wandb: uploading artifact run-klgjaoq2-train_loss_curves_table
wandb: uploading artifact run-klgjaoq2-train_loss_curves_table; uploading requirements.txt; uploading media/table/sweep_table_12_7ef571837dbbc1324b4d.table.json; uploading media/table/train_loss_curves_table_12_98f71c1242052024e10d.table.json; uploading wandb-summary.json (+ 2 more)
wandb: uploading artifact run-klgjaoq2-train_loss_curves_table; uploading media/table/train_loss_curves_table_12_98f71c1242052024e10d.table.json
wandb: uploading artifact run-klgjaoq2-train_loss_curves_table
wandb: 
wandb: Run history:
wandb: sweep/delta_norm ▁▁▁▁▁▂▂▃▄▅▆█
wandb: sweep/forgetting ▁▁▁▁▂▂▂▃▃▃▅█
wandb:    sweep/ft_loss █▇▇▆▅▄▃▂▂▁▁▂
wandb:   sweep/log10_lr ▁▂▂▃▄▄▅▅▆▇▇█
wandb:         sweep/lr ▁▁▁▁▁▁▂▂▂▃▅█
wandb:      sweep/point ▁▂▂▃▄▄▅▅▆▇▇█
wandb:    sweep/pt_loss ▁▁▁▁▂▂▂▃▃▃▅█
wandb: 
wandb: Run summary:
wandb:     base/ft_loss 5.57497
wandb:  base/param_norm 840.03862
wandb:     base/pt_loss 3.71859
wandb: sweep/delta_norm 153.85058
wandb: sweep/forgetting 1.6303
wandb:    sweep/ft_loss 3.2593
wandb:   sweep/log10_lr -2.52288
wandb:         sweep/lr 0.003
wandb:      sweep/point 11
wandb:    sweep/pt_loss 5.34889
wandb: 
wandb: 🚀 View run fsam_gfrob_muon_stale_momentum_codeparrot at: https://wandb.ai/dcll-iiitd/Forgetting-Pythia70M/runs/klgjaoq2
wandb: ⭐️ View project at: https://wandb.ai/dcll-iiitd/Forgetting-Pythia70M
wandb: Synced 4 W&B file(s), 2 media file(s), 4 artifact file(s) and 0 other file(s)
wandb: Find logs at: ./wandb/run-20261001_141156-klgjaoq2/logs
