  Loading CPT model architecture: EleutherAI/pythia-70m in bfloat16...
[pythia70m|fsam_ortho|stackmathqa] base: pt_loss=7.4357 ft_loss=8.6380
  lr=1e-05: ft_loss=8.0342 pt_loss=7.5441 dPT=+0.1084 ||dtheta||=1.615 (10s)
  lr=1.68e-05: ft_loss=7.8047 pt_loss=7.5441 dPT=+0.1084 ||dtheta||=2.597 (10s)
  lr=2.82e-05: ft_loss=7.4780 pt_loss=7.5539 dPT=+0.1182 ||dtheta||=4.232 (10s)
  lr=4.74e-05: ft_loss=7.0603 pt_loss=7.5684 dPT=+0.1327 ||dtheta||=6.966 (10s)
  lr=7.96e-05: ft_loss=6.5545 pt_loss=7.5952 dPT=+0.1595 ||dtheta||=11.577 (10s)
  lr=0.000134: ft_loss=5.9316 pt_loss=7.6781 dPT=+0.2424 ||dtheta||=19.326 (10s)
  lr=0.000224: ft_loss=5.3126 pt_loss=7.8060 dPT=+0.3703 ||dtheta||=31.026 (10s)
  lr=0.000377: ft_loss=4.8628 pt_loss=7.8320 dPT=+0.3962 ||dtheta||=47.159 (10s)
  lr=0.000633: ft_loss=4.6462 pt_loss=7.7969 dPT=+0.3612 ||dtheta||=66.317 (10s)
  lr=0.00106: ft_loss=4.5411 pt_loss=7.7731 dPT=+0.3373 ||dtheta||=90.286 (10s)
  lr=0.00179: ft_loss=4.5766 pt_loss=7.8356 dPT=+0.3998 ||dtheta||=122.078 (10s)
  lr=0.003: ft_loss=4.8523 pt_loss=8.2441 dPT=+0.8084 ||dtheta||=154.108 (10s)
wandb: [wandb.login()] Loaded credentials for https://api.wandb.ai from /home/anant/.netrc.
wandb: Currently logged in as: anant-jain (dcll-iiitd) to https://api.wandb.ai. Use `wandb login --relogin` to force relogin
wandb: setting up run xcyo9wbu
wandb: Tracking run with wandb version 0.29.0
wandb: Run data is saved locally in /home/anant/atlas_opt/wandb/run-20260930_165616-xcyo9wbu
wandb: Run `wandb offline` to turn off syncing.
wandb: Syncing run fsam_ortho_stackmathqa
wandb: ⭐️ View project at https://wandb.ai/dcll-iiitd/Forgetting-Pythia70M
wandb: 🚀 View run at https://wandb.ai/dcll-iiitd/Forgetting-Pythia70M/runs/xcyo9wbu
wandb: updating run metadata; uploading artifact run-xcyo9wbu-sweep_table; uploading artifact run-xcyo9wbu-train_loss_curves_table
wandb: uploading artifact run-xcyo9wbu-sweep_table; uploading artifact run-xcyo9wbu-train_loss_curves_table
wandb: uploading artifact run-xcyo9wbu-sweep_table; uploading artifact run-xcyo9wbu-train_loss_curves_table; uploading wandb-metadata.json
wandb: uploading artifact run-xcyo9wbu-sweep_table; uploading artifact run-xcyo9wbu-train_loss_curves_table; uploading requirements.txt; uploading media/table/sweep_table_12_e4b44441a6a36a959d4f.table.json; uploading media/table/train_loss_curves_table_12_af358cd7e5bd754dc260.table.json (+ 2 more)
wandb: uploading artifact run-xcyo9wbu-sweep_table; uploading artifact run-xcyo9wbu-train_loss_curves_table; uploading media/table/sweep_table_12_e4b44441a6a36a959d4f.table.json; uploading media/table/train_loss_curves_table_12_af358cd7e5bd754dc260.table.json; uploading wandb-summary.json (+ 1 more)
wandb: uploading artifact run-xcyo9wbu-sweep_table; uploading artifact run-xcyo9wbu-train_loss_curves_table
wandb: uploading history steps 0-12, summary
wandb: 
wandb: Run history:
wandb: sweep/delta_norm ▁▁▁▁▁▂▂▃▄▅▇█
wandb: sweep/forgetting ▁▁▁▁▂▂▄▄▄▃▄█
wandb:    sweep/ft_loss ██▇▆▅▄▃▂▁▁▁▂
wandb:   sweep/log10_lr ▁▂▂▃▄▄▅▅▆▇▇█
wandb:         sweep/lr ▁▁▁▁▁▁▂▂▂▃▅█
wandb:      sweep/point ▁▂▂▃▄▄▅▅▆▇▇█
wandb:    sweep/pt_loss ▁▁▁▁▂▂▄▄▄▃▄█
wandb: 
wandb: Run summary:
wandb:     base/ft_loss 8.638
wandb:  base/param_norm 186.70055
wandb:     base/pt_loss 7.43572
wandb: sweep/delta_norm 154.10774
wandb: sweep/forgetting 0.80837
wandb:    sweep/ft_loss 4.85233
wandb:   sweep/log10_lr -2.52288
wandb:         sweep/lr 0.003
wandb:      sweep/point 11
wandb:    sweep/pt_loss 8.24409
wandb: 
wandb: 🚀 View run fsam_ortho_stackmathqa at: https://wandb.ai/dcll-iiitd/Forgetting-Pythia70M/runs/xcyo9wbu
wandb: ⭐️ View project at: https://wandb.ai/dcll-iiitd/Forgetting-Pythia70M
wandb: Synced 4 W&B file(s), 2 media file(s), 4 artifact file(s) and 0 other file(s)
wandb: Find logs at: ./wandb/run-20260930_165616-xcyo9wbu/logs
