  Loading CPT model architecture: EleutherAI/pythia-70m in bfloat16...
[pythia70m|fsam_gfrob_muon_stale|musicpile] base: pt_loss=3.7188 ft_loss=4.7625
  lr=1e-05: ft_loss=4.6671 pt_loss=3.7689 dPT=+0.0501 ||dtheta||=1.081 (11s)
  lr=1.68e-05: ft_loss=4.6180 pt_loss=3.7628 dPT=+0.0440 ||dtheta||=1.731 (10s)
  lr=2.82e-05: ft_loss=4.5615 pt_loss=3.7630 dPT=+0.0442 ||dtheta||=2.783 (10s)
  lr=4.74e-05: ft_loss=4.4922 pt_loss=3.7639 dPT=+0.0451 ||dtheta||=4.480 (10s)
  lr=7.96e-05: ft_loss=4.4091 pt_loss=3.7705 dPT=+0.0517 ||dtheta||=7.250 (10s)
  lr=0.000134: ft_loss=4.3198 pt_loss=3.7819 dPT=+0.0631 ||dtheta||=11.642 (10s)
  lr=0.000224: ft_loss=4.2285 pt_loss=3.7956 dPT=+0.0768 ||dtheta||=18.428 (10s)
  lr=0.000377: ft_loss=4.1337 pt_loss=3.8165 dPT=+0.0977 ||dtheta||=29.249 (10s)
  lr=0.000633: ft_loss=4.0687 pt_loss=3.8396 dPT=+0.1209 ||dtheta||=44.116 (10s)
  lr=0.00106: ft_loss=4.0084 pt_loss=3.8835 dPT=+0.1647 ||dtheta||=65.680 (10s)
  lr=0.00179: ft_loss=4.0056 pt_loss=3.9785 dPT=+0.2598 ||dtheta||=95.014 (10s)
  lr=0.003: ft_loss=4.1174 pt_loss=4.2322 dPT=+0.5134 ||dtheta||=136.844 (10s)
wandb: [wandb.login()] Loaded credentials for https://api.wandb.ai from /home/anant/.netrc.
wandb: Currently logged in as: anant-jain (dcll-iiitd) to https://api.wandb.ai. Use `wandb login --relogin` to force relogin
wandb: setting up run zl1ej7ux
wandb: Tracking run with wandb version 0.29.0
wandb: Run data is saved locally in /home/anant/atlas_opt/wandb/run-20261001_141434-zl1ej7ux
wandb: Run `wandb offline` to turn off syncing.
wandb: Syncing run fsam_gfrob_muon_stale_musicpile
wandb: ⭐️ View project at https://wandb.ai/dcll-iiitd/Forgetting-Pythia70M
wandb: 🚀 View run at https://wandb.ai/dcll-iiitd/Forgetting-Pythia70M/runs/zl1ej7ux
wandb: updating run metadata; uploading artifact run-zl1ej7ux-sweep_table; uploading artifact run-zl1ej7ux-train_loss_curves_table
wandb: uploading artifact run-zl1ej7ux-sweep_table; uploading artifact run-zl1ej7ux-train_loss_curves_table
wandb: uploading artifact run-zl1ej7ux-train_loss_curves_table
wandb: uploading artifact run-zl1ej7ux-train_loss_curves_table; uploading config.yaml; uploading wandb-metadata.json; uploading requirements.txt; uploading media/table/sweep_table_12_1599622762118ead3f3f.table.json (+ 2 more)
wandb: uploading config.yaml; uploading wandb-metadata.json; uploading requirements.txt; uploading media/table/sweep_table_12_1599622762118ead3f3f.table.json; uploading media/table/train_loss_curves_table_12_3a31652e150e70bb98b0.table.json (+ 1 more)
wandb: uploading history steps 0-12, summary
wandb: 
wandb: Run history:
wandb: sweep/delta_norm ▁▁▁▁▁▂▂▂▃▄▆█
wandb: sweep/forgetting ▁▁▁▁▁▁▁▂▂▃▄█
wandb:    sweep/ft_loss █▇▇▆▅▄▃▂▂▁▁▂
wandb:   sweep/log10_lr ▁▂▂▃▄▄▅▅▆▇▇█
wandb:         sweep/lr ▁▁▁▁▁▁▂▂▂▃▅█
wandb:      sweep/point ▁▂▂▃▄▄▅▅▆▇▇█
wandb:    sweep/pt_loss ▁▁▁▁▁▁▁▂▂▃▄█
wandb: 
wandb: Run summary:
wandb:     base/ft_loss 4.7625
wandb:  base/param_norm 839.84835
wandb:     base/pt_loss 3.71877
wandb: sweep/delta_norm 136.84445
wandb: sweep/forgetting 0.51341
wandb:    sweep/ft_loss 4.11739
wandb:   sweep/log10_lr -2.52288
wandb:         sweep/lr 0.003
wandb:      sweep/point 11
wandb:    sweep/pt_loss 4.23219
wandb: 
wandb: 🚀 View run fsam_gfrob_muon_stale_musicpile at: https://wandb.ai/dcll-iiitd/Forgetting-Pythia70M/runs/zl1ej7ux
wandb: ⭐️ View project at: https://wandb.ai/dcll-iiitd/Forgetting-Pythia70M
wandb: Synced 4 W&B file(s), 2 media file(s), 4 artifact file(s) and 0 other file(s)
wandb: Find logs at: ./wandb/run-20261001_141434-zl1ej7ux/logs
