  Loading CPT model architecture: EleutherAI/pythia-70m in bfloat16...
[pythia70m|fsam_ortho_muon_stale|musicpile] base: pt_loss=4.0468 ft_loss=5.0083
  lr=1e-05: ft_loss=4.9241 pt_loss=4.0956 dPT=+0.0488 ||dtheta||=0.941 (10s)
  lr=1.68e-05: ft_loss=4.8820 pt_loss=4.0917 dPT=+0.0449 ||dtheta||=1.525 (10s)
  lr=2.82e-05: ft_loss=4.8363 pt_loss=4.0918 dPT=+0.0450 ||dtheta||=2.460 (10s)
  lr=4.74e-05: ft_loss=4.7661 pt_loss=4.0924 dPT=+0.0456 ||dtheta||=4.077 (10s)
  lr=7.96e-05: ft_loss=4.6894 pt_loss=4.1011 dPT=+0.0543 ||dtheta||=6.633 (10s)
  lr=0.000134: ft_loss=4.5984 pt_loss=4.1193 dPT=+0.0725 ||dtheta||=10.581 (10s)
  lr=0.000224: ft_loss=4.5287 pt_loss=4.1473 dPT=+0.1005 ||dtheta||=16.231 (10s)
  lr=0.000377: ft_loss=4.4437 pt_loss=4.1894 dPT=+0.1426 ||dtheta||=24.484 (10s)
  lr=0.000633: ft_loss=4.3937 pt_loss=4.2373 dPT=+0.1905 ||dtheta||=35.470 (10s)
  lr=0.00106: ft_loss=4.3459 pt_loss=4.3049 dPT=+0.2581 ||dtheta||=50.674 (10s)
  lr=0.00179: ft_loss=4.3631 pt_loss=4.4084 dPT=+0.3616 ||dtheta||=72.911 (10s)
  lr=0.003: ft_loss=4.4524 pt_loss=4.6208 dPT=+0.5740 ||dtheta||=111.614 (10s)
wandb: [wandb.login()] Loaded credentials for https://api.wandb.ai from /home/anant/.netrc.
wandb: Currently logged in as: anant-jain (dcll-iiitd) to https://api.wandb.ai. Use `wandb login --relogin` to force relogin
wandb: setting up run v7ret1em
wandb: Tracking run with wandb version 0.29.0
wandb: Run data is saved locally in /home/anant/atlas_opt/wandb/run-20260929_051138-v7ret1em
wandb: Run `wandb offline` to turn off syncing.
wandb: Syncing run fsam_ortho_muon_stale_musicpile
wandb: ⭐️ View project at https://wandb.ai/dcll-iiitd/Forgetting-Pythia70M
wandb: 🚀 View run at https://wandb.ai/dcll-iiitd/Forgetting-Pythia70M/runs/v7ret1em
wandb: updating run metadata; uploading artifact run-v7ret1em-sweep_table; uploading artifact run-v7ret1em-train_loss_curves_table
wandb: uploading artifact run-v7ret1em-sweep_table; uploading artifact run-v7ret1em-train_loss_curves_table; uploading wandb-metadata.json; uploading requirements.txt; uploading media/table/sweep_table_12_91b06420a5b536b0e126.table.json (+ 2 more)
wandb: uploading artifact run-v7ret1em-train_loss_curves_table; uploading wandb-metadata.json; uploading requirements.txt; uploading media/table/sweep_table_12_91b06420a5b536b0e126.table.json; uploading media/table/train_loss_curves_table_12_2ec760ae97b52c72c28f.table.json (+ 1 more)
wandb: uploading artifact run-v7ret1em-train_loss_curves_table
wandb: uploading config.yaml
wandb: uploading history steps 0-12, summary
wandb: 
wandb: Run history:
wandb: sweep/delta_norm ▁▁▁▁▁▂▂▂▃▄▆█
wandb: sweep/forgetting ▁▁▁▁▁▁▂▂▃▄▅█
wandb:    sweep/ft_loss █▇▇▆▅▄▃▂▂▁▁▂
wandb:   sweep/log10_lr ▁▂▂▃▄▄▅▅▆▇▇█
wandb:         sweep/lr ▁▁▁▁▁▁▂▂▂▃▅█
wandb:      sweep/point ▁▂▂▃▄▄▅▅▆▇▇█
wandb:    sweep/pt_loss ▁▁▁▁▁▁▂▂▃▄▅█
wandb: 
wandb: Run summary:
wandb:     base/ft_loss 5.00833
wandb:  base/param_norm 1922.33547
wandb:     base/pt_loss 4.0468
wandb: sweep/delta_norm 111.6144
wandb: sweep/forgetting 0.57397
wandb:    sweep/ft_loss 4.45241
wandb:   sweep/log10_lr -2.52288
wandb:         sweep/lr 0.003
wandb:      sweep/point 11
wandb:    sweep/pt_loss 4.62077
wandb: 
wandb: 🚀 View run fsam_ortho_muon_stale_musicpile at: https://wandb.ai/dcll-iiitd/Forgetting-Pythia70M/runs/v7ret1em
wandb: ⭐️ View project at: https://wandb.ai/dcll-iiitd/Forgetting-Pythia70M
wandb: Synced 4 W&B file(s), 2 media file(s), 4 artifact file(s) and 0 other file(s)
wandb: Find logs at: ./wandb/run-20260929_051138-v7ret1em/logs
