  Loading CPT model architecture: EleutherAI/pythia-70m in bfloat16...
[pythia70m|muon_sam_frob|tulu3] base: pt_loss=3.7104 ft_loss=4.7104
  lr=1e-05: ft_loss=4.3551 pt_loss=3.7704 dPT=+0.0600 ||dtheta||=1.272 (11s)
  lr=1.68e-05: ft_loss=4.2398 pt_loss=3.7687 dPT=+0.0583 ||dtheta||=1.989 (10s)
  lr=2.82e-05: ft_loss=4.1137 pt_loss=3.7715 dPT=+0.0611 ||dtheta||=3.148 (10s)
  lr=4.74e-05: ft_loss=3.9757 pt_loss=3.7832 dPT=+0.0728 ||dtheta||=5.012 (10s)
  lr=7.96e-05: ft_loss=3.8282 pt_loss=3.7999 dPT=+0.0895 ||dtheta||=8.011 (10s)
  lr=0.000134: ft_loss=3.6695 pt_loss=3.8216 dPT=+0.1112 ||dtheta||=12.726 (10s)
  lr=0.000224: ft_loss=3.5110 pt_loss=3.8496 dPT=+0.1392 ||dtheta||=20.051 (10s)
  lr=0.000377: ft_loss=3.3660 pt_loss=3.8840 dPT=+0.1736 ||dtheta||=31.443 (10s)
  lr=0.000633: ft_loss=3.2641 pt_loss=3.9237 dPT=+0.2133 ||dtheta||=47.977 (10s)
  lr=0.00106: ft_loss=3.1932 pt_loss=3.9881 dPT=+0.2777 ||dtheta||=70.757 (10s)
  lr=0.00179: ft_loss=3.1762 pt_loss=4.1041 dPT=+0.3937 ||dtheta||=102.457 (10s)
  lr=0.003: ft_loss=3.2847 pt_loss=4.3799 dPT=+0.6695 ||dtheta||=145.378 (10s)
wandb: [wandb.login()] Loaded credentials for https://api.wandb.ai from /home/anant/.netrc.
wandb: Currently logged in as: anant-jain (dcll-iiitd) to https://api.wandb.ai. Use `wandb login --relogin` to force relogin
wandb: setting up run 6s17jyu1
wandb: Tracking run with wandb version 0.29.0
wandb: Run data is saved locally in /home/anant/atlas_opt/wandb/run-20260930_170213-6s17jyu1
wandb: Run `wandb offline` to turn off syncing.
wandb: Syncing run muon_sam_frob_tulu3
wandb: ⭐️ View project at https://wandb.ai/dcll-iiitd/Forgetting-Pythia70M
wandb: 🚀 View run at https://wandb.ai/dcll-iiitd/Forgetting-Pythia70M/runs/6s17jyu1
wandb: updating run metadata; uploading artifact run-6s17jyu1-sweep_table; uploading artifact run-6s17jyu1-train_loss_curves_table
wandb: uploading artifact run-6s17jyu1-sweep_table; uploading artifact run-6s17jyu1-train_loss_curves_table
wandb: uploading artifact run-6s17jyu1-sweep_table; uploading artifact run-6s17jyu1-train_loss_curves_table; uploading media/table/train_loss_curves_table_12_c31810be48d1b565d8a7.table.json; uploading wandb-summary.json; uploading config.yaml (+ 3 more)
wandb: uploading artifact run-6s17jyu1-sweep_table; uploading artifact run-6s17jyu1-train_loss_curves_table; uploading wandb-summary.json; uploading config.yaml; uploading wandb-metadata.json (+ 2 more)
wandb: uploading artifact run-6s17jyu1-sweep_table; uploading artifact run-6s17jyu1-train_loss_curves_table
wandb: uploading artifact run-6s17jyu1-train_loss_curves_table
wandb: 
wandb: Run history:
wandb: sweep/delta_norm ▁▁▁▁▁▂▂▂▃▄▆█
wandb: sweep/forgetting ▁▁▁▁▁▂▂▂▃▄▅█
wandb:    sweep/ft_loss █▇▇▆▅▄▃▂▂▁▁▂
wandb:   sweep/log10_lr ▁▂▂▃▄▄▅▅▆▇▇█
wandb:         sweep/lr ▁▁▁▁▁▁▂▂▂▃▅█
wandb:      sweep/point ▁▂▂▃▄▄▅▅▆▇▇█
wandb:    sweep/pt_loss ▁▁▁▁▁▂▂▂▃▄▅█
wandb: 
wandb: Run summary:
wandb:     base/ft_loss 4.71037
wandb:  base/param_norm 790.41812
wandb:     base/pt_loss 3.71041
wandb: sweep/delta_norm 145.37758
wandb: sweep/forgetting 0.66952
wandb:    sweep/ft_loss 3.28474
wandb:   sweep/log10_lr -2.52288
wandb:         sweep/lr 0.003
wandb:      sweep/point 11
wandb:    sweep/pt_loss 4.37992
wandb: 
wandb: 🚀 View run muon_sam_frob_tulu3 at: https://wandb.ai/dcll-iiitd/Forgetting-Pythia70M/runs/6s17jyu1
wandb: ⭐️ View project at: https://wandb.ai/dcll-iiitd/Forgetting-Pythia70M
wandb: Synced 4 W&B file(s), 2 media file(s), 4 artifact file(s) and 0 other file(s)
wandb: Find logs at: ./wandb/run-20260930_170213-6s17jyu1/logs
