  Loading CPT model architecture: EleutherAI/pythia-70m in bfloat16...
[pythia70m|sam_ortho|stackmathqa] base: pt_loss=7.4386 ft_loss=8.6594
  lr=1e-05: ft_loss=8.0648 pt_loss=7.5620 dPT=+0.1234 ||dtheta||=1.610 (10s)
  lr=1.68e-05: ft_loss=7.8381 pt_loss=7.5619 dPT=+0.1233 ||dtheta||=2.591 (10s)
  lr=2.82e-05: ft_loss=7.5137 pt_loss=7.5609 dPT=+0.1223 ||dtheta||=4.218 (10s)
  lr=4.74e-05: ft_loss=7.0885 pt_loss=7.5728 dPT=+0.1342 ||dtheta||=6.947 (10s)
  lr=7.96e-05: ft_loss=6.5737 pt_loss=7.6009 dPT=+0.1623 ||dtheta||=11.552 (10s)
  lr=0.000134: ft_loss=5.9486 pt_loss=7.6862 dPT=+0.2476 ||dtheta||=19.278 (10s)
  lr=0.000224: ft_loss=5.3290 pt_loss=7.8168 dPT=+0.3782 ||dtheta||=30.977 (10s)
  lr=0.000377: ft_loss=4.8733 pt_loss=7.8376 dPT=+0.3990 ||dtheta||=47.137 (10s)
  lr=0.000633: ft_loss=4.6625 pt_loss=7.8206 dPT=+0.3820 ||dtheta||=66.543 (10s)
  lr=0.00106: ft_loss=4.5831 pt_loss=7.8033 dPT=+0.3647 ||dtheta||=90.292 (10s)
  lr=0.00179: ft_loss=4.6008 pt_loss=7.9016 dPT=+0.4630 ||dtheta||=117.284 (10s)
  lr=0.003: ft_loss=4.7557 pt_loss=8.1550 dPT=+0.7164 ||dtheta||=158.985 (10s)
wandb: [wandb.login()] Loaded credentials for https://api.wandb.ai from /home/anant/.netrc.
wandb: Currently logged in as: anant-jain (dcll-iiitd) to https://api.wandb.ai. Use `wandb login --relogin` to force relogin
wandb: setting up run 5107nr3v
wandb: Tracking run with wandb version 0.29.0
wandb: Run data is saved locally in /home/anant/atlas_opt/wandb/run-20260930_165616-5107nr3v
wandb: Run `wandb offline` to turn off syncing.
wandb: Syncing run sam_ortho_stackmathqa
wandb: ⭐️ View project at https://wandb.ai/dcll-iiitd/Forgetting-Pythia70M
wandb: 🚀 View run at https://wandb.ai/dcll-iiitd/Forgetting-Pythia70M/runs/5107nr3v
wandb: updating run metadata; uploading artifact run-5107nr3v-sweep_table; uploading artifact run-5107nr3v-train_loss_curves_table
wandb: uploading artifact run-5107nr3v-sweep_table; uploading artifact run-5107nr3v-train_loss_curves_table
wandb: uploading artifact run-5107nr3v-sweep_table; uploading artifact run-5107nr3v-train_loss_curves_table; uploading wandb-metadata.json; uploading requirements.txt; uploading media/table/sweep_table_12_cc50678b7c41c05537f6.table.json (+ 3 more)
wandb: uploading artifact run-5107nr3v-sweep_table; uploading artifact run-5107nr3v-train_loss_curves_table; uploading wandb-metadata.json; uploading requirements.txt; uploading media/table/train_loss_curves_table_12_a271b3a0832bc59b072d.table.json (+ 2 more)
wandb: uploading artifact run-5107nr3v-sweep_table; uploading artifact run-5107nr3v-train_loss_curves_table; uploading media/table/train_loss_curves_table_12_a271b3a0832bc59b072d.table.json; uploading config.yaml
wandb: uploading artifact run-5107nr3v-sweep_table
wandb: uploading history steps 0-12, summary
wandb: 
wandb: Run history:
wandb: sweep/delta_norm ▁▁▁▁▁▂▂▃▄▅▆█
wandb: sweep/forgetting ▁▁▁▁▁▂▄▄▄▄▅█
wandb:    sweep/ft_loss ██▇▆▅▄▂▂▁▁▁▁
wandb:   sweep/log10_lr ▁▂▂▃▄▄▅▅▆▇▇█
wandb:         sweep/lr ▁▁▁▁▁▁▂▂▂▃▅█
wandb:      sweep/point ▁▂▂▃▄▄▅▅▆▇▇█
wandb:    sweep/pt_loss ▁▁▁▁▁▂▄▄▄▄▅█
wandb: 
wandb: Run summary:
wandb:     base/ft_loss 8.65937
wandb:  base/param_norm 186.70124
wandb:     base/pt_loss 7.4386
wandb: sweep/delta_norm 158.98537
wandb: sweep/forgetting 0.71639
wandb:    sweep/ft_loss 4.75569
wandb:   sweep/log10_lr -2.52288
wandb:         sweep/lr 0.003
wandb:      sweep/point 11
wandb:    sweep/pt_loss 8.15499
wandb: 
wandb: 🚀 View run sam_ortho_stackmathqa at: https://wandb.ai/dcll-iiitd/Forgetting-Pythia70M/runs/5107nr3v
wandb: ⭐️ View project at: https://wandb.ai/dcll-iiitd/Forgetting-Pythia70M
wandb: Synced 4 W&B file(s), 2 media file(s), 4 artifact file(s) and 0 other file(s)
wandb: Find logs at: ./wandb/run-20260930_165616-5107nr3v/logs
