  Loading CPT model architecture: EleutherAI/pythia-70m in bfloat16...
[pythia70m|muon_sam_frob|codeparrot] base: pt_loss=3.7104 ft_loss=5.5633
  lr=1e-05: ft_loss=4.9773 pt_loss=3.7857 dPT=+0.0753 ||dtheta||=1.457 (11s)
  lr=1.68e-05: ft_loss=4.7815 pt_loss=3.8121 dPT=+0.1017 ||dtheta||=2.297 (10s)
  lr=2.82e-05: ft_loss=4.5894 pt_loss=3.8372 dPT=+0.1268 ||dtheta||=3.624 (10s)
  lr=4.74e-05: ft_loss=4.3711 pt_loss=3.8742 dPT=+0.1638 ||dtheta||=5.804 (10s)
  lr=7.96e-05: ft_loss=4.1052 pt_loss=3.9311 dPT=+0.2207 ||dtheta||=9.391 (10s)
  lr=0.000134: ft_loss=3.8364 pt_loss=3.9909 dPT=+0.2805 ||dtheta||=15.106 (10s)
  lr=0.000224: ft_loss=3.5902 pt_loss=4.0487 dPT=+0.3383 ||dtheta||=23.925 (10s)
  lr=0.000377: ft_loss=3.3581 pt_loss=4.1285 dPT=+0.4180 ||dtheta||=37.549 (10s)
  lr=0.000633: ft_loss=3.1912 pt_loss=4.2324 dPT=+0.5220 ||dtheta||=56.240 (10s)
  lr=0.00106: ft_loss=3.0953 pt_loss=4.3685 dPT=+0.6581 ||dtheta||=80.290 (10s)
  lr=0.00179: ft_loss=3.0411 pt_loss=4.5812 dPT=+0.8708 ||dtheta||=117.314 (10s)
  lr=0.003: ft_loss=3.2158 pt_loss=5.3341 dPT=+1.6237 ||dtheta||=147.580 (10s)
wandb: [wandb.login()] Loaded credentials for https://api.wandb.ai from /home/anant/.netrc.
wandb: Currently logged in as: anant-jain (dcll-iiitd) to https://api.wandb.ai. Use `wandb login --relogin` to force relogin
wandb: setting up run b194x6dg
wandb: Tracking run with wandb version 0.29.0
wandb: Run data is saved locally in /home/anant/atlas_opt/wandb/run-20260930_165336-b194x6dg
wandb: Run `wandb offline` to turn off syncing.
wandb: Syncing run muon_sam_frob_codeparrot
wandb: ⭐️ View project at https://wandb.ai/dcll-iiitd/Forgetting-Pythia70M
wandb: 🚀 View run at https://wandb.ai/dcll-iiitd/Forgetting-Pythia70M/runs/b194x6dg
wandb: updating run metadata; uploading artifact run-b194x6dg-sweep_table; uploading artifact run-b194x6dg-train_loss_curves_table
wandb: updating run metadata; uploading artifact run-b194x6dg-sweep_table; uploading artifact run-b194x6dg-train_loss_curves_table; uploading requirements.txt; uploading media/table/sweep_table_12_d11c7609b29d277783a5.table.json (+ 2 more)
wandb: uploading artifact run-b194x6dg-sweep_table; uploading artifact run-b194x6dg-train_loss_curves_table; uploading requirements.txt; uploading media/table/sweep_table_12_d11c7609b29d277783a5.table.json; uploading wandb-summary.json (+ 1 more)
wandb: uploading artifact run-b194x6dg-sweep_table; uploading artifact run-b194x6dg-train_loss_curves_table
wandb: uploading artifact run-b194x6dg-train_loss_curves_table
wandb: uploading config.yaml
wandb: uploading history steps 0-12, summary
wandb: 
wandb: Run history:
wandb: sweep/delta_norm ▁▁▁▁▁▂▂▃▄▅▇█
wandb: sweep/forgetting ▁▁▁▁▂▂▂▃▃▄▅█
wandb:    sweep/ft_loss █▇▇▆▅▄▃▂▂▁▁▂
wandb:   sweep/log10_lr ▁▂▂▃▄▄▅▅▆▇▇█
wandb:         sweep/lr ▁▁▁▁▁▁▂▂▂▃▅█
wandb:      sweep/point ▁▂▂▃▄▄▅▅▆▇▇█
wandb:    sweep/pt_loss ▁▁▁▁▂▂▂▃▃▄▅█
wandb: 
wandb: Run summary:
wandb:     base/ft_loss 5.56326
wandb:  base/param_norm 790.41812
wandb:     base/pt_loss 3.71041
wandb: sweep/delta_norm 147.58021
wandb: sweep/forgetting 1.62365
wandb:    sweep/ft_loss 3.21583
wandb:   sweep/log10_lr -2.52288
wandb:         sweep/lr 0.003
wandb:      sweep/point 11
wandb:    sweep/pt_loss 5.33406
wandb: 
wandb: 🚀 View run muon_sam_frob_codeparrot at: https://wandb.ai/dcll-iiitd/Forgetting-Pythia70M/runs/b194x6dg
wandb: ⭐️ View project at: https://wandb.ai/dcll-iiitd/Forgetting-Pythia70M
wandb: Synced 4 W&B file(s), 2 media file(s), 4 artifact file(s) and 0 other file(s)
wandb: Find logs at: ./wandb/run-20260930_165336-b194x6dg/logs
