  Loading CPT model architecture: EleutherAI/pythia-70m in bfloat16...
[pythia70m|fsam_gfrob_muon_stale_momentum|tulu3] base: pt_loss=3.7186 ft_loss=4.6784
  lr=1e-05: ft_loss=4.3705 pt_loss=3.8103 dPT=+0.0917 ||dtheta||=1.274 (10s)
  lr=1.68e-05: ft_loss=4.2497 pt_loss=3.7993 dPT=+0.0807 ||dtheta||=1.991 (10s)
  lr=2.82e-05: ft_loss=4.1266 pt_loss=3.7954 dPT=+0.0768 ||dtheta||=3.138 (10s)
  lr=4.74e-05: ft_loss=4.0003 pt_loss=3.8055 dPT=+0.0869 ||dtheta||=4.979 (10s)
  lr=7.96e-05: ft_loss=3.8598 pt_loss=3.8180 dPT=+0.0994 ||dtheta||=7.937 (10s)
  lr=0.000134: ft_loss=3.7049 pt_loss=3.8368 dPT=+0.1182 ||dtheta||=12.615 (10s)
  lr=0.000224: ft_loss=3.5477 pt_loss=3.8609 dPT=+0.1424 ||dtheta||=19.909 (10s)
  lr=0.000377: ft_loss=3.4051 pt_loss=3.8885 dPT=+0.1699 ||dtheta||=31.292 (10s)
  lr=0.000633: ft_loss=3.2970 pt_loss=3.9252 dPT=+0.2066 ||dtheta||=47.962 (10s)
  lr=0.00106: ft_loss=3.2221 pt_loss=3.9853 dPT=+0.2667 ||dtheta||=70.966 (10s)
  lr=0.00179: ft_loss=3.1977 pt_loss=4.0907 dPT=+0.3721 ||dtheta||=103.913 (10s)
  lr=0.003: ft_loss=3.3335 pt_loss=4.4176 dPT=+0.6990 ||dtheta||=146.676 (10s)
wandb: [wandb.login()] Loaded credentials for https://api.wandb.ai from /home/anant/.netrc.
wandb: Currently logged in as: anant-jain (dcll-iiitd) to https://api.wandb.ai. Use `wandb login --relogin` to force relogin
wandb: setting up run zwmcnxwu
wandb: Tracking run with wandb version 0.29.0
wandb: Run data is saved locally in /home/anant/atlas_opt/wandb/run-20261001_141631-zwmcnxwu
wandb: Run `wandb offline` to turn off syncing.
wandb: Syncing run fsam_gfrob_muon_stale_momentum_tulu3
wandb: ⭐️ View project at https://wandb.ai/dcll-iiitd/Forgetting-Pythia70M
wandb: 🚀 View run at https://wandb.ai/dcll-iiitd/Forgetting-Pythia70M/runs/zwmcnxwu
wandb: updating run metadata; uploading artifact run-zwmcnxwu-sweep_table; uploading artifact run-zwmcnxwu-train_loss_curves_table
wandb: uploading artifact run-zwmcnxwu-sweep_table; uploading artifact run-zwmcnxwu-train_loss_curves_table
wandb: uploading artifact run-zwmcnxwu-sweep_table; uploading artifact run-zwmcnxwu-train_loss_curves_table; uploading media/table/train_loss_curves_table_12_bb7e076f90401871a962.table.json; uploading wandb-summary.json; uploading config.yaml (+ 3 more)
wandb: uploading artifact run-zwmcnxwu-train_loss_curves_table; uploading media/table/train_loss_curves_table_12_bb7e076f90401871a962.table.json; uploading wandb-summary.json; uploading config.yaml; uploading wandb-metadata.json (+ 2 more)
wandb: uploading artifact run-zwmcnxwu-train_loss_curves_table; uploading media/table/train_loss_curves_table_12_bb7e076f90401871a962.table.json
wandb: uploading artifact run-zwmcnxwu-train_loss_curves_table
wandb: 
wandb: Run history:
wandb: sweep/delta_norm ▁▁▁▁▁▂▂▂▃▄▆█
wandb: sweep/forgetting ▁▁▁▁▁▁▂▂▂▃▄█
wandb:    sweep/ft_loss █▇▇▆▅▄▃▂▂▁▁▂
wandb:   sweep/log10_lr ▁▂▂▃▄▄▅▅▆▇▇█
wandb:         sweep/lr ▁▁▁▁▁▁▂▂▂▃▅█
wandb:      sweep/point ▁▂▂▃▄▄▅▅▆▇▇█
wandb:    sweep/pt_loss ▁▁▁▁▁▁▂▂▂▃▄█
wandb: 
wandb: Run summary:
wandb:     base/ft_loss 4.67843
wandb:  base/param_norm 840.03862
wandb:     base/pt_loss 3.71859
wandb: sweep/delta_norm 146.67615
wandb: sweep/forgetting 0.69896
wandb:    sweep/ft_loss 3.33354
wandb:   sweep/log10_lr -2.52288
wandb:         sweep/lr 0.003
wandb:      sweep/point 11
wandb:    sweep/pt_loss 4.41755
wandb: 
wandb: 🚀 View run fsam_gfrob_muon_stale_momentum_tulu3 at: https://wandb.ai/dcll-iiitd/Forgetting-Pythia70M/runs/zwmcnxwu
wandb: ⭐️ View project at: https://wandb.ai/dcll-iiitd/Forgetting-Pythia70M
wandb: Synced 4 W&B file(s), 2 media file(s), 4 artifact file(s) and 0 other file(s)
wandb: Find logs at: ./wandb/run-20261001_141631-zwmcnxwu/logs
