  Loading CPT model architecture: EleutherAI/pythia-70m in bfloat16...
[pythia70m|sgd|stackmathqa] base: pt_loss=6.9703 ft_loss=8.1714
  lr=1e-05: ft_loss=8.0422 pt_loss=6.9744 dPT=+0.0041 ||dtheta||=0.648 (10s)
  lr=1.68e-05: ft_loss=7.9880 pt_loss=6.9798 dPT=+0.0095 ||dtheta||=0.949 (10s)
  lr=2.82e-05: ft_loss=7.9229 pt_loss=6.9856 dPT=+0.0152 ||dtheta||=1.272 (10s)
  lr=4.74e-05: ft_loss=7.8411 pt_loss=6.9970 dPT=+0.0267 ||dtheta||=2.007 (10s)
  lr=7.96e-05: ft_loss=7.7297 pt_loss=7.0099 dPT=+0.0396 ||dtheta||=3.242 (10s)
  lr=0.000134: ft_loss=7.5703 pt_loss=7.0335 dPT=+0.0632 ||dtheta||=6.101 (10s)
  lr=0.000224: ft_loss=7.3335 pt_loss=7.0734 dPT=+0.1030 ||dtheta||=12.429 (10s)
  lr=0.000377: ft_loss=6.9729 pt_loss=7.1593 dPT=+0.1889 ||dtheta||=25.619 (10s)
  lr=0.000633: ft_loss=6.4781 pt_loss=7.3157 dPT=+0.3453 ||dtheta||=49.837 (10s)
  lr=0.00106: ft_loss=5.9036 pt_loss=7.5720 dPT=+0.6017 ||dtheta||=89.931 (10s)
  lr=0.00179: ft_loss=5.3828 pt_loss=7.8635 dPT=+0.8931 ||dtheta||=151.673 (10s)
  lr=0.003: ft_loss=5.1348 pt_loss=7.9547 dPT=+0.9843 ||dtheta||=241.355 (10s)
wandb: [wandb.login()] Loaded credentials for https://api.wandb.ai from /home/anant/.netrc.
wandb: Currently logged in as: anant-jain (dcll-iiitd) to https://api.wandb.ai. Use `wandb login --relogin` to force relogin
wandb: setting up run zeit3bqt
wandb: Tracking run with wandb version 0.29.0
wandb: Run data is saved locally in /home/anant/atlas_opt/wandb/run-20260929_152851-zeit3bqt
wandb: Run `wandb offline` to turn off syncing.
wandb: Syncing run sgd_stackmathqa
wandb: ⭐️ View project at https://wandb.ai/dcll-iiitd/Forgetting-Pythia70M
wandb: 🚀 View run at https://wandb.ai/dcll-iiitd/Forgetting-Pythia70M/runs/zeit3bqt
wandb: updating run metadata; uploading artifact run-zeit3bqt-sweep_table; uploading artifact run-zeit3bqt-train_loss_curves_table
wandb: uploading artifact run-zeit3bqt-sweep_table; uploading artifact run-zeit3bqt-train_loss_curves_table; uploading wandb-metadata.json; uploading requirements.txt; uploading media/table/sweep_table_12_87031f9ec438c3ff6870.table.json (+ 2 more)
wandb: uploading artifact run-zeit3bqt-sweep_table; uploading artifact run-zeit3bqt-train_loss_curves_table; uploading wandb-metadata.json; uploading requirements.txt; uploading media/table/sweep_table_12_87031f9ec438c3ff6870.table.json (+ 1 more)
wandb: uploading artifact run-zeit3bqt-sweep_table; uploading artifact run-zeit3bqt-train_loss_curves_table
wandb: uploading artifact run-zeit3bqt-train_loss_curves_table
wandb: uploading config.yaml
wandb: 
wandb: Run history:
wandb: sweep/delta_norm ▁▁▁▁▁▁▁▂▂▄▅█
wandb: sweep/forgetting ▁▁▁▁▁▁▂▂▃▅▇█
wandb:    sweep/ft_loss ████▇▇▆▅▄▃▂▁
wandb:   sweep/log10_lr ▁▂▂▃▄▄▅▅▆▇▇█
wandb:         sweep/lr ▁▁▁▁▁▁▂▂▂▃▅█
wandb:      sweep/point ▁▂▂▃▄▄▅▅▆▇▇█
wandb:    sweep/pt_loss ▁▁▁▁▁▁▂▂▃▅▇█
wandb: 
wandb: Run summary:
wandb:     base/ft_loss 8.17143
wandb:  base/param_norm 6.36103
wandb:     base/pt_loss 6.97034
wandb: sweep/delta_norm 241.35462
wandb: sweep/forgetting 0.98434
wandb:    sweep/ft_loss 5.13485
wandb:   sweep/log10_lr -2.52288
wandb:         sweep/lr 0.003
wandb:      sweep/point 11
wandb:    sweep/pt_loss 7.95468
wandb: 
wandb: 🚀 View run sgd_stackmathqa at: https://wandb.ai/dcll-iiitd/Forgetting-Pythia70M/runs/zeit3bqt
wandb: ⭐️ View project at: https://wandb.ai/dcll-iiitd/Forgetting-Pythia70M
wandb: Synced 4 W&B file(s), 2 media file(s), 4 artifact file(s) and 0 other file(s)
wandb: Find logs at: ./wandb/run-20260929_152851-zeit3bqt/logs
